Godot Engine v4.7.2.stable.official.ed1daf0bf - https://godotengine.org
Vulkan 1.4.325 - Forward Mobile - Using Device #0: NVIDIA - NVIDIA GeForce RTX 3060 Ti

HALL_MAGICIAN_POSES|OK|found magician config
HALL_MAGICIAN_POSES|OK|OperaAct.start
HALL_MAGICIAN_POSES|OK|live magician world
HALL_MAGICIAN_POSES|OK|task open phase 0
HALL_MAGICIAN_POSES|OK|capture magician_00_vanish_t000.png
HALL_MAGICIAN_POSES|OK|capture magician_00_vanish_t250.png
HALL_MAGICIAN_POSES|OK|capture magician_00_vanish_t500.png
HALL_MAGICIAN_POSES|OK|task open phase 1
HALL_MAGICIAN_POSES|OK|capture magician_01_track_t000.png
HALL_MAGICIAN_POSES|OK|capture magician_01_track_t250.png
HALL_MAGICIAN_POSES|OK|capture magician_01_track_t500.png
HALL_MAGICIAN_POSES|OK|task open phase 2
HALL_MAGICIAN_POSES|OK|capture magician_02_rope_t000.png
HALL_MAGICIAN_POSES|OK|capture magician_02_rope_t250.png
HALL_MAGICIAN_POSES|OK|capture magician_02_rope_t500.png
HALL_MAGICIAN_POSES|OK|task open phase 3
HALL_MAGICIAN_POSES|OK|capture magician_03_vanish_t000.png
HALL_MAGICIAN_POSES|OK|capture magician_03_vanish_t250.png
HALL_MAGICIAN_POSES|OK|capture magician_03_vanish_t500.png
HALL_MAGICIAN_POSES|OK|task open phase 4
HALL_MAGICIAN_POSES|OK|capture magician_04_track_t000.png
HALL_MAGICIAN_POSES|OK|capture magician_04_track_t250.png
HALL_MAGICIAN_POSES|OK|capture magician_04_track_t500.png
HALL_MAGICIAN_POSES|OK|task open phase 5
HALL_MAGICIAN_POSES|OK|capture magician_05_rope_t000.png
HALL_MAGICIAN_POSES|OK|capture magician_05_rope_t250.png
HALL_MAGICIAN_POSES|OK|capture magician_05_rope_t500.png
HALL_MAGICIAN_POSES|OK|task open phase 6
HALL_MAGICIAN_POSES|OK|capture magician_06_cabinet_t000.png
HALL_MAGICIAN_POSES|OK|capture magician_06_cabinet_t250.png
HALL_MAGICIAN_POSES|OK|capture magician_06_cabinet_t500.png
HALL_MAGICIAN_POSES|OK|task open phase 7
HALL_MAGICIAN_POSES|OK|capture magician_07_portal_t000.png
HALL_MAGICIAN_POSES|OK|capture magician_07_portal_t250.png
HALL_MAGICIAN_POSES|OK|capture magician_07_portal_t500.png
HALL_MAGICIAN_POSES|OK|manifest opened
HALL_MAGICIAN_POSES|RESULT|PASS|captures=24
