Godot Engine v4.7.2.stable.official.ed1daf0bf - https://godotengine.org

DAY_ONE_POOL|seahorse stem stays in mouth through restored/slow/rapid/stopped tugs (208.75, 241.25): OK
DAY_ONE_POOL|socket animation preserves partial progress without completing: OK
DAY_ONE_POOL|seahorse stem stays in mouth through restored/slow/rapid/stopped tugs (400.0, 160.0): OK
DAY_ONE_POOL|socket animation preserves partial progress without completing: OK
DAY_ONE_POOL|seahorse stem stays in mouth through restored/slow/rapid/stopped tugs (120.0, 360.0): OK
DAY_ONE_POOL|socket animation preserves partial progress without completing: OK
DAY_ONE_POOL|off-target seahorse taps never earn rescue (208.75, 241.25): OK
DAY_ONE_POOL|held/secondary seahorse presses preserve the first owner (208.75, 241.25): OK
DAY_ONE_POOL|canceled press earns nothing and releases its owner (208.75, 241.25): OK
DAY_ONE_POOL|eight deliberate seahorse taps start one rescue (208.75, 241.25): OK
DAY_ONE_POOL|off-target seahorse taps never earn rescue (400.0, 160.0): OK
DAY_ONE_POOL|held/secondary seahorse presses preserve the first owner (400.0, 160.0): OK
DAY_ONE_POOL|canceled press earns nothing and releases its owner (400.0, 160.0): OK
DAY_ONE_POOL|eight deliberate seahorse taps start one rescue (400.0, 160.0): OK
DAY_ONE_POOL|off-target seahorse taps never earn rescue (120.0, 360.0): OK
DAY_ONE_POOL|held/secondary seahorse presses preserve the first owner (120.0, 360.0): OK
DAY_ONE_POOL|canceled press earns nothing and releases its owner (120.0, 360.0): OK
DAY_ONE_POOL|eight deliberate seahorse taps start one rescue (120.0, 360.0): OK
DAY_ONE_POOL|contact action accepts one deliberate job: OK
DAY_ONE_POOL|a second job cannot steal the active approach: OK
DAY_ONE_POOL|travel and waiting never award before hand contact: OK
DAY_ONE_POOL|arrival and local work complete exactly once: OK
DAY_ONE_POOL|focus interruption cancels unearned local work: OK
DAY_ONE_POOL|seahorse tap requests work without instant credit: OK
DAY_ONE_POOL|seahorse earns one tug after real contact: OK
DAY_ONE_POOL|waterfall tap waits for contact and rejects a second job: OK
DAY_ONE_POOL|canceled waterfall work earns no progress: OK
DAY_ONE_POOL|waterfall earns one local scrub after arrival: OK
DAY_ONE_POOL|quick waterfall swipe waits for contact without remote credit: OK
DAY_ONE_POOL|released quick stroke completes locally and frees its owner: OK
DAY_ONE_POOL|waterfall accepts the next gesture after a quick stroke: OK
DAY_ONE_POOL|trash 0 sampled region contains the complete measured subject: OK
DAY_ONE_POOL|trash 0 live texture has transparent sampled edges without neighbor pixels: OK
DAY_ONE_POOL|trash 1 sampled region contains the complete measured subject: OK
DAY_ONE_POOL|trash 1 live texture has transparent sampled edges without neighbor pixels: OK
DAY_ONE_POOL|both wrapper and can live textures were checked: OK
DAY_ONE_POOL|three bespoke ordered activities: OK
DAY_ONE_POOL|dirty arrival starts skimmer only: OK
DAY_ONE_POOL|dirty arrival hides pristine rainbow and flow: OK
DAY_ONE_POOL|canvas no-fail contract: OK
DAY_ONE_POOL|pool has exact pickup and lane cue wiring: FAIL
DAY_ONE_POOL|pool has monotonic seahorse milestones and finale cues: OK
DAY_ONE_POOL|pool activity has no generic voice fallback: OK
DAY_ONE_POOL|one visible Roshan owns the held skimmer: OK
DAY_ONE_POOL|far touch cannot collect remotely: OK
DAY_ONE_POOL|Roshan travels at bounded speed before collection: OK
DAY_ONE_POOL|second finger cannot steal cleaning target: OK
DAY_ONE_POOL|canceled touch cannot finish later: OK
DAY_ONE_POOL|scoop keeps hand attached before awarding progress: OK
DAY_ONE_POOL|scoop keeps hand attached before awarding progress: OK
DAY_ONE_POOL|scoop keeps hand attached before awarding progress: OK
DAY_ONE_POOL|scoop keeps hand attached before awarding progress: OK
DAY_ONE_POOL|scoop keeps hand attached before awarding progress: OK
DAY_ONE_POOL|scoop keeps hand attached before awarding progress: OK
DAY_ONE_POOL|scoop keeps hand attached before awarding progress: OK
DAY_ONE_POOL|scoop keeps hand attached before awarding progress: OK
DAY_ONE_POOL|scoop keeps hand attached before awarding progress: OK
DAY_ONE_POOL|scoop keeps hand attached before awarding progress: OK
DAY_ONE_POOL|scoop keeps hand attached before awarding progress: OK
DAY_ONE_POOL|scoop keeps hand attached before awarding progress: OK
DAY_ONE_POOL|scoop keeps hand attached before awarding progress: OK
DAY_ONE_POOL|scoop keeps hand attached before awarding progress: OK
DAY_ONE_POOL|scoop keeps hand attached before awarding progress: OK
DAY_ONE_POOL|scoop keeps hand attached before awarding progress: OK
DAY_ONE_POOL|scoop keeps hand attached before awarding progress: OK
DAY_ONE_POOL|scoop keeps hand attached before awarding progress: OK
DAY_ONE_POOL|scoop keeps hand attached before awarding progress: OK
DAY_ONE_POOL|scoop keeps hand attached before awarding progress: OK
DAY_ONE_POOL|scoop keeps hand attached before awarding progress: OK
DAY_ONE_POOL|scoop keeps hand attached before awarding progress: OK
DAY_ONE_POOL|scoop keeps hand attached before awarding progress: OK
DAY_ONE_POOL|scoop keeps hand attached before awarding progress: OK
DAY_ONE_POOL|scoop keeps hand attached before awarding progress: OK
DAY_ONE_POOL|quick tap travels then visibly scoops exactly one item: OK
DAY_ONE_POOL|stop restores room actor at the action location: OK
DAY_ONE_POOL|re-entry and focus cancellation retain only completed work: OK
DAY_ONE_POOL|drag retarget cancels old work and slow frames never teleport: OK
DAY_ONE_POOL|cleaner retains selected fairy cutout and hand socket: OK
DAY_ONE_POOL|cleaner retains selected huluu cutout and hand socket: OK
DAY_ONE_POOL|restored complete mask never creates a second Roshan: OK
DAY_ONE_POOL|exact pool bunny cast keeps one land and one swimmer: OK
DAY_ONE_POOL|swimmer remains inside central water with a simple 2D loop: OK
DAY_ONE_POOL|runtime asset pool_skimmer.png: OK
DAY_ONE_POOL|runtime asset floating_trash_atlas.png: OK
DAY_ONE_POOL|runtime asset cleanup_basket.png: OK
DAY_ONE_POOL|runtime asset waterfall_clogged_original_match.png: OK
DAY_ONE_POOL|runtime asset waterfall_scrubber.png: OK
DAY_ONE_POOL|runtime asset seahorse_sick_clear_mouth.png: OK
DAY_ONE_POOL|runtime asset seahorse_mouth_trash.png: OK
DAY_ONE_POOL|runtime asset rumi_pool_idle_swim_atlas.png: OK
DAY_ONE_POOL|runtime asset rumi_eight_pose_runtime.png: OK
DAY_ONE_POOL|runtime asset dust_bunny_swimming.png: OK
DAY_ONE_POOL|restored complete pool activities emit once: OK
DAY_ONE_POOL|re-entered complete pool activities stay one-shot: OK
DAY_ONE_POOL|passive demo never advances: OK
DAY_ONE_POOL|skimmer activity accepts six real collections: OK
DAY_ONE_POOL|skimmer completion persists and unlocks waterfall: OK
DAY_ONE_POOL|dirty waterfall is registered to live V4 fixture: OK
DAY_ONE_POOL|clean stripe feedback sits above dirty waterfall lanes: OK
DAY_ONE_POOL|static clean card under scrub lanes but flow remains stopped: OK
DAY_ONE_POOL|waterfall activity clears three independent lanes: OK
DAY_ONE_POOL|waterfall completion persists and unlocks seahorse: OK
DAY_ONE_POOL|sick seahorse uses exact live V4 fixture bounds: OK
DAY_ONE_POOL|rainbow animation still waits for rescue finale: OK
DAY_ONE_POOL|one seahorse tap advances monotonically: OK
DAY_ONE_POOL|partial tug saves without premature finale: OK
DAY_ONE_POOL|remaining rapid taps start causal extraction: OK
DAY_ONE_POOL|seahorse extraction completes legacy step four: OK
DAY_ONE_POOL|finale creates approved Rumi reveal: OK
DAY_ONE_POOL|ambient swimmer yields the finale focal point: OK
DAY_ONE_POOL|Rumi performs authored wave after rising: OK
DAY_ONE_POOL|Rumi settles into authored idle: OK
DAY_ONE_POOL|teardown frees cleanup: OK
DAY_ONE_POOL|teardown restores clean fixtures: OK
DAY_ONE_POOL|RESULT: FAIL checks_failed=1
