Godot Engine v4.7.2.stable.official.ed1daf0bf - https://godotengine.org

POOL_REFINEMENT|PASS|passive actor never collects
POOL_REFINEMENT|PASS|item0 catch waits for local action
POOL_REFINEMENT|PASS|item0 caught mask monotonic
POOL_REFINEMENT|PASS|item0 stays attached/full-sized/opaque during carry
POOL_REFINEMENT|PASS|item0 visible drop ends at exact stored pose
POOL_REFINEMENT|PASS|item1 catch waits for local action
POOL_REFINEMENT|PASS|item1 caught mask monotonic
POOL_REFINEMENT|PASS|item1 stays attached/full-sized/opaque during carry
POOL_REFINEMENT|PASS|item1 visible drop ends at exact stored pose
POOL_REFINEMENT|PASS|item2 catch waits for local action
POOL_REFINEMENT|PASS|item2 caught mask monotonic
POOL_REFINEMENT|PASS|item2 stays attached/full-sized/opaque during carry
POOL_REFINEMENT|PASS|item2 visible drop ends at exact stored pose
POOL_REFINEMENT|PASS|item3 catch waits for local action
POOL_REFINEMENT|PASS|item3 caught mask monotonic
POOL_REFINEMENT|PASS|item3 stays attached/full-sized/opaque during carry
POOL_REFINEMENT|PASS|item3 visible drop ends at exact stored pose
POOL_REFINEMENT|PASS|item4 catch waits for local action
POOL_REFINEMENT|PASS|item4 caught mask monotonic
POOL_REFINEMENT|PASS|item4 stays attached/full-sized/opaque during carry
POOL_REFINEMENT|PASS|item4 visible drop ends at exact stored pose
POOL_REFINEMENT|PASS|item5 catch waits for local action
POOL_REFINEMENT|PASS|item5 caught mask monotonic
POOL_REFINEMENT|PASS|item5 stays attached/full-sized/opaque during carry
POOL_REFINEMENT|PASS|item5 visible drop ends at exact stored pose
POOL_REFINEMENT|PASS|six stored items and one completion
POOL_REFINEMENT|PASS|later-phase basket passive and free pieces hidden
POOL_REFINEMENT|PASS|partial restore shows exact stored count
POOL_REFINEMENT|PASS|interruption fixture caught before landing
POOL_REFINEMENT|PASS|interrupt settles caught item without progress loss
POOL_REFINEMENT|PASS|re-entry restores four caught items
POOL_REFINEMENT|PASS|packed atlas POT1024
POOL_REFINEMENT|PASS|original leaf RGBA bytes preserved
POOL_REFINEMENT|PASS|POT padding retains complete skimmer RGBA
POOL_REFINEMENT|RESULT: PASS checks=34 failures=0
