Godot Engine v4.7.2.stable.official.ed1daf0bf - https://godotengine.org
Vulkan 1.4.325 - Forward Mobile - Using Device #0: NVIDIA - NVIDIA GeForce RTX 3060 Ti

CURRENT_OPERA_ART|SOURCE|res://scripts/opera_teacher_surface.gd|5d52ec189d6990a7c9108d3724ba6a72e5cac45c05a5e3d2c0710c3bee87d667
CURRENT_OPERA_ART|SOURCE|res://scripts/opera_geology_surface.gd|da96f3b7c07b2ecac796cbe21410499c4439937a21d4096fd918a611e02ba8be
CURRENT_OPERA_ART|SOURCE|res://scripts/opera_career_world_2d.gd|2f01fb3d4ea8b517a4de26e1c759f105dcbb19ac7e87613bd99dd0912a145b4d
CURRENT_OPERA_ART|SOURCE|res://scripts/opera_act.gd|ad107c7cd70171969676d2568991ea42035237ce0189389c9eece7aa9809d776
CURRENT_OPERA_ART|SOURCE|res://scripts/opera_roshan_actor.gd|556301bbaeefcc55f7a5c28744170872e488563719aee54856ad4c65c4e9cb6d
CURRENT_OPERA_ART|SOURCE|res://assets/opera/worlds/actors/animation/roshan_teacher_sheet_a.png|2bddeebd6ca4fe0647e1f6deb670bfcab4d1183f36417e0a033e59c4788dd28c
CURRENT_OPERA_ART|SOURCE|res://assets/opera/worlds/actors/animation/roshan_geologist_sheet_a.png|1fd7080933fd49b27a9cbb2b20d9470e4fd654dec58db72e9aa9e081a6e24c37
CURRENT_OPERA_ART|OK|found teacher shipping config
CURRENT_OPERA_ART|OK|teacher configured Canvas career world
CURRENT_OPERA_ART|OK|teacher/pattern opened current live surface
CURRENT_OPERA_ART|OK|teacher/pattern normal surface clock advances
CURRENT_OPERA_ART|CLOCK|career=teacher|phase=pattern|before=0.253896|after=0.370120|paused=false|world_processing=true|surface_processing=true
CURRENT_OPERA_ART|OK|capture teacher_pattern_intro.png
CURRENT_OPERA_ART|CAPTURE|{"capture_origin":"configured_phase_shortcut","career":"teacher","elapsed_msec":8915,"mode":"teacher_pattern","path":"C:\\Users\\Peter\\Documents\\mermaid-roshan-reef\\.worktrees\\minigame-art-dev-reconcile-20260905\\tmp\\current-opera-art-capture\\run01\\captures/teacher_pattern_intro.png","phase":"pattern","phase_index":0,"process_frames":17,"renderer":"mobile","sha256":"ab6f55175c49ed5b6f798cb688f9f695f2dd4cd93b02f747b122a440d98a7c23","state":"intro","surface":{"assisted":false,"can_answer":true,"chosen":-1,"counted":[],"joined":true,"kind":"pattern","sequence":0,"solved":false,"tier":0,"version":1,"wrong_attempts":0},"task_open":true,"ticks_msec":18005,"time_scale":1.0,"viewport":[1280,720]}
CURRENT_OPERA_ART|OK|capture teacher_pattern_partial.png
CURRENT_OPERA_ART|CAPTURE|{"capture_origin":"live_gui_input","career":"teacher","elapsed_msec":10000,"mode":"teacher_pattern","path":"C:\\Users\\Peter\\Documents\\mermaid-roshan-reef\\.worktrees\\minigame-art-dev-reconcile-20260905\\tmp\\current-opera-art-capture\\run01\\captures/teacher_pattern_partial.png","phase":"pattern","phase_index":0,"process_frames":24,"renderer":"mobile","sha256":"7aa5ef29abcc4f6a26e734fb576135825dedb9dab470be8bac0fcbfebb7a27fe","state":"partial","surface":{"assisted":true,"can_answer":true,"chosen":-1,"counted":[],"joined":true,"kind":"pattern","sequence":0,"solved":false,"tier":0,"version":1,"wrong_attempts":1},"task_open":true,"ticks_msec":19090,"time_scale":1.0,"viewport":[1280,720]}
CURRENT_OPERA_ART|OK|teacher/pattern completion still owns current surface
CURRENT_OPERA_ART|OK|capture teacher_pattern_completion.png
CURRENT_OPERA_ART|CAPTURE|{"capture_origin":"live_gui_input","career":"teacher","elapsed_msec":11467,"mode":"teacher_pattern","path":"C:\\Users\\Peter\\Documents\\mermaid-roshan-reef\\.worktrees\\minigame-art-dev-reconcile-20260905\\tmp\\current-opera-art-capture\\run01\\captures/teacher_pattern_completion.png","phase":"pattern","phase_index":0,"process_frames":34,"renderer":"mobile","sha256":"c60e4407cc67b2bbc2d4a24342dc7bf4daff70ac5b5077bb9cbe49deb3d65b9e","state":"completion","surface":{"assisted":true,"can_answer":true,"chosen":0,"counted":[],"joined":true,"kind":"pattern","sequence":0,"solved":true,"tier":0,"version":1,"wrong_attempts":1},"task_open":true,"ticks_msec":20557,"time_scale":1.0,"viewport":[1280,720]}
CURRENT_OPERA_ART|OK|teacher/pattern reached complete surface state
CURRENT_OPERA_ART|OK|teacher/count opened current live surface
CURRENT_OPERA_ART|OK|teacher/count normal surface clock advances
CURRENT_OPERA_ART|CLOCK|career=teacher|phase=count|before=0.150000|after=0.378368|paused=false|world_processing=true|surface_processing=true
CURRENT_OPERA_ART|OK|capture teacher_count_intro.png
CURRENT_OPERA_ART|CAPTURE|{"capture_origin":"configured_phase_shortcut","career":"teacher","elapsed_msec":12584,"mode":"teacher_count","path":"C:\\Users\\Peter\\Documents\\mermaid-roshan-reef\\.worktrees\\minigame-art-dev-reconcile-20260905\\tmp\\current-opera-art-capture\\run01\\captures/teacher_count_intro.png","phase":"count","phase_index":1,"process_frames":43,"renderer":"mobile","sha256":"c125c3e286fb292fe16975d9b0009ebe936b1707d7b35c7624907aa51a35778f","state":"intro","surface":{"assisted":false,"can_answer":false,"chosen":-1,"counted":[false],"joined":true,"kind":"count","sequence":0,"solved":false,"tier":0,"version":1,"wrong_attempts":0},"task_open":true,"ticks_msec":21674,"time_scale":1.0,"viewport":[1280,720]}
CURRENT_OPERA_ART|OK|capture teacher_count_partial.png
CURRENT_OPERA_ART|CAPTURE|{"capture_origin":"live_gui_input","career":"teacher","elapsed_msec":13644,"mode":"teacher_count","path":"C:\\Users\\Peter\\Documents\\mermaid-roshan-reef\\.worktrees\\minigame-art-dev-reconcile-20260905\\tmp\\current-opera-art-capture\\run01\\captures/teacher_count_partial.png","phase":"count","phase_index":1,"process_frames":51,"renderer":"mobile","sha256":"5a5f6ec76890f56f7fd0a533f3db4de53b10a9bd0d5f3102618fc5560862c08b","state":"partial","surface":{"assisted":false,"can_answer":true,"chosen":-1,"counted":[true],"joined":true,"kind":"count","sequence":0,"solved":false,"tier":0,"version":1,"wrong_attempts":0},"task_open":true,"ticks_msec":22734,"time_scale":1.0,"viewport":[1280,720]}
CURRENT_OPERA_ART|OK|teacher/count completion still owns current surface
CURRENT_OPERA_ART|OK|capture teacher_count_completion.png
CURRENT_OPERA_ART|CAPTURE|{"capture_origin":"live_gui_input","career":"teacher","elapsed_msec":15105,"mode":"teacher_count","path":"C:\\Users\\Peter\\Documents\\mermaid-roshan-reef\\.worktrees\\minigame-art-dev-reconcile-20260905\\tmp\\current-opera-art-capture\\run01\\captures/teacher_count_completion.png","phase":"count","phase_index":1,"process_frames":61,"renderer":"mobile","sha256":"20dbe4739c0beedd6a7621b45ef1cef4b70edc990f61097e15152b0a7d2c3941","state":"completion","surface":{"assisted":false,"can_answer":true,"chosen":0,"counted":[true],"joined":true,"kind":"count","sequence":0,"solved":true,"tier":0,"version":1,"wrong_attempts":0},"task_open":true,"ticks_msec":24195,"time_scale":1.0,"viewport":[1280,720]}
CURRENT_OPERA_ART|OK|teacher/count reached complete surface state
CURRENT_OPERA_ART|OK|teacher/add opened current live surface
CURRENT_OPERA_ART|OK|teacher/add normal surface clock advances
CURRENT_OPERA_ART|CLOCK|career=teacher|phase=add|before=0.140043|after=0.369565|paused=false|world_processing=true|surface_processing=true
CURRENT_OPERA_ART|OK|capture teacher_add_intro.png
CURRENT_OPERA_ART|CAPTURE|{"capture_origin":"configured_phase_shortcut","career":"teacher","elapsed_msec":16381,"mode":"teacher_add","path":"C:\\Users\\Peter\\Documents\\mermaid-roshan-reef\\.worktrees\\minigame-art-dev-reconcile-20260905\\tmp\\current-opera-art-capture\\run01\\captures/teacher_add_intro.png","phase":"add","phase_index":2,"process_frames":70,"renderer":"mobile","sha256":"fba168f187729d7e674d2e7d5a7b51790919f45a9b281a9acbfb7028bc14e8ab","state":"intro","surface":{"assisted":false,"can_answer":false,"chosen":-1,"counted":[false,false],"joined":false,"kind":"add","sequence":0,"solved":false,"tier":0,"version":1,"wrong_attempts":0},"task_open":true,"ticks_msec":25471,"time_scale":1.0,"viewport":[1280,720]}
CURRENT_OPERA_ART|OK|capture teacher_add_partial.png
CURRENT_OPERA_ART|CAPTURE|{"capture_origin":"live_gui_input","career":"teacher","elapsed_msec":17986,"mode":"teacher_add","path":"C:\\Users\\Peter\\Documents\\mermaid-roshan-reef\\.worktrees\\minigame-art-dev-reconcile-20260905\\tmp\\current-opera-art-capture\\run01\\captures/teacher_add_partial.png","phase":"add","phase_index":2,"process_frames":81,"renderer":"mobile","sha256":"74f5fd5b37529350aaeec48f6c2bd611274dd586e6f98d8a86e48ce5b59a7327","state":"partial","surface":{"assisted":false,"can_answer":false,"chosen":-1,"counted":[false,false],"joined":true,"kind":"add","sequence":0,"solved":false,"tier":0,"version":1,"wrong_attempts":0},"task_open":true,"ticks_msec":27076,"time_scale":1.0,"viewport":[1280,720]}
CURRENT_OPERA_ART|OK|teacher/add completion still owns current surface
CURRENT_OPERA_ART|OK|capture teacher_add_completion.png
CURRENT_OPERA_ART|CAPTURE|{"capture_origin":"live_gui_input","career":"teacher","elapsed_msec":20647,"mode":"teacher_add","path":"C:\\Users\\Peter\\Documents\\mermaid-roshan-reef\\.worktrees\\minigame-art-dev-reconcile-20260905\\tmp\\current-opera-art-capture\\run01\\captures/teacher_add_completion.png","phase":"add","phase_index":2,"process_frames":101,"renderer":"mobile","sha256":"99281498cf88a1993a9a28df2b43b20ba113a62b1860b6c6b1084de609fc94b2","state":"completion","surface":{"assisted":false,"can_answer":true,"chosen":0,"counted":[true,true],"joined":true,"kind":"add","sequence":0,"solved":true,"tier":0,"version":1,"wrong_attempts":0},"task_open":true,"ticks_msec":29737,"time_scale":1.0,"viewport":[1280,720]}
CURRENT_OPERA_ART|OK|teacher/add reached complete surface state
CURRENT_OPERA_ART|OK|teacher/match opened current live surface
CURRENT_OPERA_ART|OK|teacher/match normal surface clock advances
CURRENT_OPERA_ART|CLOCK|career=teacher|phase=match|before=0.140384|after=0.342198|paused=false|world_processing=true|surface_processing=true
CURRENT_OPERA_ART|OK|capture teacher_match_intro.png
CURRENT_OPERA_ART|CAPTURE|{"capture_origin":"configured_phase_shortcut","career":"teacher","elapsed_msec":21897,"mode":"teacher_match","path":"C:\\Users\\Peter\\Documents\\mermaid-roshan-reef\\.worktrees\\minigame-art-dev-reconcile-20260905\\tmp\\current-opera-art-capture\\run01\\captures/teacher_match_intro.png","phase":"match","phase_index":3,"process_frames":110,"renderer":"mobile","sha256":"f3ba04af584eaa14834e8bc6c89ccdc6ed457c8c75b99364e8f6a9517c2e363c","state":"intro","surface":{"assisted":false,"can_answer":true,"chosen":-1,"counted":[],"joined":true,"kind":"match","sequence":0,"solved":false,"tier":0,"version":1,"wrong_attempts":0},"task_open":true,"ticks_msec":30987,"time_scale":1.0,"viewport":[1280,720]}
CURRENT_OPERA_ART|OK|capture teacher_match_partial.png
CURRENT_OPERA_ART|CAPTURE|{"capture_origin":"live_gui_input","career":"teacher","elapsed_msec":22954,"mode":"teacher_match","path":"C:\\Users\\Peter\\Documents\\mermaid-roshan-reef\\.worktrees\\minigame-art-dev-reconcile-20260905\\tmp\\current-opera-art-capture\\run01\\captures/teacher_match_partial.png","phase":"match","phase_index":3,"process_frames":118,"renderer":"mobile","sha256":"978edb9d09553c3979bb420ce48438ece22eba3199c81469046a139080341e7d","state":"partial","surface":{"assisted":true,"can_answer":true,"chosen":-1,"counted":[],"joined":true,"kind":"match","sequence":0,"solved":false,"tier":0,"version":1,"wrong_attempts":1},"task_open":true,"ticks_msec":32044,"time_scale":1.0,"viewport":[1280,720]}
CURRENT_OPERA_ART|OK|teacher/match completion still owns current surface
CURRENT_OPERA_ART|OK|capture teacher_match_completion.png
CURRENT_OPERA_ART|CAPTURE|{"capture_origin":"live_gui_input","career":"teacher","elapsed_msec":24290,"mode":"teacher_match","path":"C:\\Users\\Peter\\Documents\\mermaid-roshan-reef\\.worktrees\\minigame-art-dev-reconcile-20260905\\tmp\\current-opera-art-capture\\run01\\captures/teacher_match_completion.png","phase":"match","phase_index":3,"process_frames":128,"renderer":"mobile","sha256":"dda53b1665feb7b568e597a7948acef53038de5b01f38c6bef5954c2f6079895","state":"completion","surface":{"assisted":true,"can_answer":true,"chosen":0,"counted":[],"joined":true,"kind":"match","sequence":0,"solved":true,"tier":0,"version":1,"wrong_attempts":1},"task_open":true,"ticks_msec":33380,"time_scale":1.0,"viewport":[1280,720]}
CURRENT_OPERA_ART|OK|teacher/match reached complete surface state
CURRENT_OPERA_ART|OK|found geologist shipping config
CURRENT_OPERA_ART|OK|geologist configured Canvas career world
CURRENT_OPERA_ART|OK|geologist/river opened current live surface
CURRENT_OPERA_ART|OK|geologist/river normal surface clock advances
CURRENT_OPERA_ART|CLOCK|career=geologist|phase=river|before=0.370755|after=0.518900|paused=false|world_processing=true|surface_processing=true
CURRENT_OPERA_ART|OK|capture geologist_river_intro.png
CURRENT_OPERA_ART|CAPTURE|{"capture_origin":"configured_phase_shortcut","career":"geologist","elapsed_msec":26126,"mode":"geology_river","path":"C:\\Users\\Peter\\Documents\\mermaid-roshan-reef\\.worktrees\\minigame-art-dev-reconcile-20260905\\tmp\\current-opera-art-capture\\run01\\captures/geologist_river_intro.png","phase":"river","phase_index":0,"process_frames":142,"renderer":"mobile","sha256":"92d6d6875761b53f87cc786c119dd8f68cfc304414bf664ba9aa13c3d45484c8","state":"intro","surface":{"complete":false,"mode":"geology_river","progress":0.0,"stage":"RIVER","stage_name":"RIVER","version":1,"wet":[]},"task_open":true,"ticks_msec":35216,"time_scale":1.0,"viewport":[1280,720]}
CURRENT_OPERA_ART|OK|capture geologist_river_partial.png
CURRENT_OPERA_ART|CAPTURE|{"capture_origin":"live_gui_input","career":"geologist","elapsed_msec":28919,"mode":"geology_river","path":"C:\\Users\\Peter\\Documents\\mermaid-roshan-reef\\.worktrees\\minigame-art-dev-reconcile-20260905\\tmp\\current-opera-art-capture\\run01\\captures/geologist_river_partial.png","phase":"river","phase_index":0,"process_frames":160,"renderer":"mobile","sha256":"7cc1f5907e3b11da43762c62dcb175d1dcabc10a7b0f430dea416153873fda69","state":"partial","surface":{"complete":false,"mode":"geology_river","progress":0.384615384615385,"stage":"RIVER","stage_name":"RIVER","version":1,"wet":[11,12,18,19,20]},"task_open":true,"ticks_msec":38009,"time_scale":1.0,"viewport":[1280,720]}
CURRENT_OPERA_ART|OK|geologist/river completion still owns current surface
CURRENT_OPERA_ART|OK|capture geologist_river_completion.png
CURRENT_OPERA_ART|CAPTURE|{"capture_origin":"live_gui_input","career":"geologist","elapsed_msec":33293,"mode":"geology_river","path":"C:\\Users\\Peter\\Documents\\mermaid-roshan-reef\\.worktrees\\minigame-art-dev-reconcile-20260905\\tmp\\current-opera-art-capture\\run01\\captures/geologist_river_completion.png","phase":"river","phase_index":0,"process_frames":193,"renderer":"mobile","sha256":"c0ce2be415872f1771b9e2f81ce0782d6fe3a2d245c2189e01954c5dd66f5edf","state":"completion","surface":{"complete":true,"mode":"geology_river","progress":1.0,"stage":"RIVER","stage_name":"RIVER","version":1,"wet":[11,12,13,18,19,20,22,24,25,26,31,32,33]},"task_open":true,"ticks_msec":42383,"time_scale":1.0,"viewport":[1280,720]}
CURRENT_OPERA_ART|OK|geologist/river reached complete surface state
CURRENT_OPERA_ART|OK|geologist/fossil opened current live surface
CURRENT_OPERA_ART|OK|geologist/fossil normal surface clock advances
CURRENT_OPERA_ART|CLOCK|career=geologist|phase=fossil|before=0.146466|after=0.346466|paused=false|world_processing=true|surface_processing=true
CURRENT_OPERA_ART|OK|capture geologist_fossil_intro.png
CURRENT_OPERA_ART|CAPTURE|{"capture_origin":"configured_phase_shortcut","career":"geologist","elapsed_msec":34210,"mode":"geology_fossil","path":"C:\\Users\\Peter\\Documents\\mermaid-roshan-reef\\.worktrees\\minigame-art-dev-reconcile-20260905\\tmp\\current-opera-art-capture\\run01\\captures/geologist_fossil_intro.png","phase":"fossil","phase_index":1,"process_frames":201,"renderer":"mobile","sha256":"5651942ec989c45d3837a2fb60eb17f58c169158c6d9a392c21408ff7ea5a0c2","state":"intro","surface":{"cleared":[],"complete":false,"fossil_stage":0,"mode":"geology_fossil","progress":0.0,"snapped":[false,false,false],"stage":"FOSSIL_BRUSH","stage_name":"FOSSIL_BRUSH","version":1},"task_open":true,"ticks_msec":43300,"time_scale":1.0,"viewport":[1280,720]}
CURRENT_OPERA_ART|OK|capture geologist_fossil_partial.png
CURRENT_OPERA_ART|CAPTURE|{"capture_origin":"live_gui_input","career":"geologist","elapsed_msec":42033,"mode":"geology_fossil","path":"C:\\Users\\Peter\\Documents\\mermaid-roshan-reef\\.worktrees\\minigame-art-dev-reconcile-20260905\\tmp\\current-opera-art-capture\\run01\\captures/geologist_fossil_partial.png","phase":"fossil","phase_index":1,"process_frames":253,"renderer":"mobile","sha256":"0917461a962b3516dda9bc0bafd926cf3b9ee11e8e7bf109880d0bc1feddb351","state":"partial","surface":{"cleared":[0,1,2,3,4,5,6,7,8,9,10,11,12,13,14,15],"complete":false,"fossil_stage":0,"mode":"geology_fossil","progress":0.307692307692308,"snapped":[false,false,false],"stage":"FOSSIL_BRUSH","stage_name":"FOSSIL_BRUSH","version":1},"task_open":true,"ticks_msec":51123,"time_scale":1.0,"viewport":[1280,720]}
CURRENT_OPERA_ART|OK|geologist/fossil completion still owns current surface
CURRENT_OPERA_ART|OK|capture geologist_fossil_completion.png
CURRENT_OPERA_ART|CAPTURE|{"capture_origin":"live_gui_input","career":"geologist","elapsed_msec":62520,"mode":"geology_fossil","path":"C:\\Users\\Peter\\Documents\\mermaid-roshan-reef\\.worktrees\\minigame-art-dev-reconcile-20260905\\tmp\\current-opera-art-capture\\run01\\captures/geologist_fossil_completion.png","phase":"fossil","phase_index":1,"process_frames":395,"renderer":"mobile","sha256":"e078d0b362d8a513374c911a09357bc7e739c5c515ecebc1c8aee6ed6bf013ea","state":"completion","surface":{"cleared":[0,1,2,3,4,5,6,7,8,9,10,11,12,13,14,15,16,17,18,19,20,21,22,23,30,31],"complete":true,"fossil_stage":1,"mode":"geology_fossil","progress":1.0,"snapped":[true,true,true],"stage":"FOSSIL_ASSEMBLE","stage_name":"FOSSIL_ASSEMBLE","version":1},"task_open":true,"ticks_msec":71610,"time_scale":1.0,"viewport":[1280,720]}
CURRENT_OPERA_ART|OK|geologist/fossil reached complete surface state
CURRENT_OPERA_ART|OK|geologist/pan opened current live surface
CURRENT_OPERA_ART|OK|geologist/pan normal surface clock advances
CURRENT_OPERA_ART|CLOCK|career=geologist|phase=pan|before=0.141544|after=0.249733|paused=false|world_processing=true|surface_processing=true
CURRENT_OPERA_ART|OK|capture geologist_pan_intro.png
CURRENT_OPERA_ART|CAPTURE|{"capture_origin":"configured_phase_shortcut","career":"geologist","elapsed_msec":63468,"mode":"geology_pan","path":"C:\\Users\\Peter\\Documents\\mermaid-roshan-reef\\.worktrees\\minigame-art-dev-reconcile-20260905\\tmp\\current-opera-art-capture\\run01\\captures/geologist_pan_intro.png","phase":"pan","phase_index":2,"process_frames":402,"renderer":"mobile","sha256":"4ff9da69fbb4eeda7f4137eab570eebc9be6c1105c51dc39bf6d8ac93a309c8a","state":"intro","surface":{"complete":false,"minerals":0,"mode":"geology_pan","progress":0.0,"reversals":0,"stage":"PAN","stage_name":"PAN","version":1,"wash":0.0},"task_open":true,"ticks_msec":72558,"time_scale":1.0,"viewport":[1280,720]}
CURRENT_OPERA_ART|OK|capture geologist_pan_partial.png
CURRENT_OPERA_ART|CAPTURE|{"capture_origin":"live_gui_input","career":"geologist","elapsed_msec":66040,"mode":"geology_pan","path":"C:\\Users\\Peter\\Documents\\mermaid-roshan-reef\\.worktrees\\minigame-art-dev-reconcile-20260905\\tmp\\current-opera-art-capture\\run01\\captures/geologist_pan_partial.png","phase":"pan","phase_index":2,"process_frames":421,"renderer":"mobile","sha256":"59618cc434a0eee65aaa451920bd6508806187d9a51e0c0dbdc274768ca9b404","state":"partial","surface":{"complete":false,"minerals":1,"mode":"geology_pan","progress":0.333333333333333,"reversals":3,"stage":"PAN","stage_name":"PAN","version":1,"wash":0.333333333333333},"task_open":true,"ticks_msec":75130,"time_scale":1.0,"viewport":[1280,720]}
CURRENT_OPERA_ART|FAIL|geologist/pan completion still owns current surface
CURRENT_OPERA_ART|OK|capture geologist_pan_completion.png
CURRENT_OPERA_ART|CAPTURE|{"capture_origin":"live_gui_input","career":"geologist","elapsed_msec":73793,"mode":"geology_geode","path":"C:\\Users\\Peter\\Documents\\mermaid-roshan-reef\\.worktrees\\minigame-art-dev-reconcile-20260905\\tmp\\current-opera-art-capture\\run01\\captures/geologist_pan_completion.png","phase":"pan","phase_index":3,"process_frames":464,"renderer":"mobile","sha256":"52d212d242ca1886ad71e49a310862740df69c6d9657a457754a8f359608ed83","state":"completion","surface":{"complete":false,"mode":"geology_geode","progress":0.0,"pull":0.0,"seams":[false,false,false,false,false],"stage":"GEODE_SEAM","stage_name":"GEODE_SEAM","version":1},"task_open":false,"ticks_msec":82883,"time_scale":1.0,"viewport":[1280,720]}
CURRENT_OPERA_ART|FAIL|geologist/pan reached complete surface state
CURRENT_OPERA_ART|OK|geologist/geode opened current live surface
CURRENT_OPERA_ART|OK|geologist/geode normal surface clock advances
CURRENT_OPERA_ART|CLOCK|career=geologist|phase=geode|before=0.142003|after=0.300116|paused=false|world_processing=true|surface_processing=true
CURRENT_OPERA_ART|OK|capture geologist_geode_intro.png
CURRENT_OPERA_ART|CAPTURE|{"capture_origin":"configured_phase_shortcut","career":"geologist","elapsed_msec":77515,"mode":"geology_geode","path":"C:\\Users\\Peter\\Documents\\mermaid-roshan-reef\\.worktrees\\minigame-art-dev-reconcile-20260905\\tmp\\current-opera-art-capture\\run01\\captures/geologist_geode_intro.png","phase":"geode","phase_index":3,"process_frames":471,"renderer":"mobile","sha256":"d49974142259a57c62bb191f203a2eba1949363b62dceceea28a6538d3dcea8c","state":"intro","surface":{"complete":false,"mode":"geology_geode","progress":0.0,"pull":0.0,"seams":[false,false,false,false,false],"stage":"GEODE_SEAM","stage_name":"GEODE_SEAM","version":1},"task_open":true,"ticks_msec":86605,"time_scale":1.0,"viewport":[1280,720]}
CURRENT_OPERA_ART|OK|capture geologist_geode_partial.png
CURRENT_OPERA_ART|CAPTURE|{"capture_origin":"live_gui_input","career":"geologist","elapsed_msec":79713,"mode":"geology_geode","path":"C:\\Users\\Peter\\Documents\\mermaid-roshan-reef\\.worktrees\\minigame-art-dev-reconcile-20260905\\tmp\\current-opera-art-capture\\run01\\captures/geologist_geode_partial.png","phase":"geode","phase_index":3,"process_frames":482,"renderer":"mobile","sha256":"fc99fe3f5e8026b9a2090cc9fea9b882c2fc8f6fedffd1d33a06b379fa681354","state":"partial","surface":{"complete":false,"mode":"geology_geode","progress":0.36,"pull":0.0,"seams":[true,true,true,false,false],"stage":"GEODE_SEAM","stage_name":"GEODE_SEAM","version":1},"task_open":true,"ticks_msec":88803,"time_scale":1.0,"viewport":[1280,720]}
CURRENT_OPERA_ART|OK|geologist/geode completion still owns current surface
CURRENT_OPERA_ART|OK|capture geologist_geode_completion.png
CURRENT_OPERA_ART|CAPTURE|{"capture_origin":"live_gui_input","career":"geologist","elapsed_msec":82857,"mode":"geology_geode","path":"C:\\Users\\Peter\\Documents\\mermaid-roshan-reef\\.worktrees\\minigame-art-dev-reconcile-20260905\\tmp\\current-opera-art-capture\\run01\\captures/geologist_geode_completion.png","phase":"geode","phase_index":3,"process_frames":499,"renderer":"mobile","sha256":"86f9aee538c9b20a307a1bc0ea3e45fbbf1d536ee44f118adb9518ef9cc81e26","state":"completion","surface":{"complete":true,"mode":"geology_geode","progress":1.0,"pull":120.0,"seams":[true,true,true,true,true],"stage":"GEODE_OPEN","stage_name":"GEODE_OPEN","version":1},"task_open":true,"ticks_msec":91947,"time_scale":1.0,"viewport":[1280,720]}
CURRENT_OPERA_ART|OK|geologist/geode reached complete surface state
CURRENT_OPERA_ART|OK|manifest opened
CURRENT_OPERA_ART|MANIFEST|C:\Users\Peter\Documents\mermaid-roshan-reef\.worktrees\minigame-art-dev-reconcile-20260905\tmp\current-opera-art-capture\run01\captures/manifest.json|sha256=9532db645be4cccc2e87215e21cc234db19e0b387a5ca3d54b80c0ed6f17d3fc
CURRENT_OPERA_ART|RESULT|FAIL|captures=24|elapsed_ms=82916
