Godot Engine v4.7.2.stable.official.ed1daf0bf - https://godotengine.org
Vulkan 1.4.325 - Forward Mobile - Using Device #0: NVIDIA - NVIDIA GeForce RTX 3060 Ti

ACTOR_CAPTURE|POSE|doctor|FIND|frame=0|visible=true
ACTOR_CAPTURE|CAPTURE|state_configured|doctor/FIND|C:\Users\Peter\Documents\mermaid-roshan-reef\.worktrees\minigame-art-dev-reconcile-20260905\tmp\actor-phase-review\isolated-extended\captures/doctor_find_0p0.png|phase_index=1|task_open=true
ACTOR_CAPTURE|POSE|doctor|FIND|frame=2|visible=true
ACTOR_CAPTURE|CAPTURE|state_configured|doctor/FIND|C:\Users\Peter\Documents\mermaid-roshan-reef\.worktrees\minigame-art-dev-reconcile-20260905\tmp\actor-phase-review\isolated-extended\captures/doctor_find_0p2.png|phase_index=1|task_open=true
ACTOR_CAPTURE|POSE|doctor|FIND|frame=0|visible=true
ACTOR_CAPTURE|CAPTURE|state_configured|doctor/FIND|C:\Users\Peter\Documents\mermaid-roshan-reef\.worktrees\minigame-art-dev-reconcile-20260905\tmp\actor-phase-review\isolated-extended\captures/doctor_find_0p4.png|phase_index=1|task_open=true
ACTOR_CAPTURE|POSE|doctor|X-RAY|frame=0|visible=true
ACTOR_CAPTURE|CAPTURE|state_configured|doctor/X-RAY|C:\Users\Peter\Documents\mermaid-roshan-reef\.worktrees\minigame-art-dev-reconcile-20260905\tmp\actor-phase-review\isolated-extended\captures/doctor_x-ray_0p0.png|phase_index=2|task_open=true
ACTOR_CAPTURE|POSE|doctor|X-RAY|frame=2|visible=true
ACTOR_CAPTURE|CAPTURE|state_configured|doctor/X-RAY|C:\Users\Peter\Documents\mermaid-roshan-reef\.worktrees\minigame-art-dev-reconcile-20260905\tmp\actor-phase-review\isolated-extended\captures/doctor_x-ray_0p2.png|phase_index=2|task_open=true
ACTOR_CAPTURE|POSE|doctor|X-RAY|frame=0|visible=true
ACTOR_CAPTURE|CAPTURE|state_configured|doctor/X-RAY|C:\Users\Peter\Documents\mermaid-roshan-reef\.worktrees\minigame-art-dev-reconcile-20260905\tmp\actor-phase-review\isolated-extended\captures/doctor_x-ray_0p4.png|phase_index=2|task_open=true
ACTOR_CAPTURE|POSE|doctor|CAST|frame=0|visible=true
ACTOR_CAPTURE|CAPTURE|state_configured|doctor/CAST|C:\Users\Peter\Documents\mermaid-roshan-reef\.worktrees\minigame-art-dev-reconcile-20260905\tmp\actor-phase-review\isolated-extended\captures/doctor_cast_0p0.png|phase_index=3|task_open=true
ACTOR_CAPTURE|POSE|doctor|CAST|frame=2|visible=true
ACTOR_CAPTURE|CAPTURE|state_configured|doctor/CAST|C:\Users\Peter\Documents\mermaid-roshan-reef\.worktrees\minigame-art-dev-reconcile-20260905\tmp\actor-phase-review\isolated-extended\captures/doctor_cast_0p2.png|phase_index=3|task_open=true
ACTOR_CAPTURE|POSE|doctor|CAST|frame=0|visible=true
ACTOR_CAPTURE|CAPTURE|state_configured|doctor/CAST|C:\Users\Peter\Documents\mermaid-roshan-reef\.worktrees\minigame-art-dev-reconcile-20260905\tmp\actor-phase-review\isolated-extended\captures/doctor_cast_0p4.png|phase_index=3|task_open=true
ACTOR_CAPTURE|POSE|farmer|HERD|frame=0|visible=true
ACTOR_CAPTURE|CAPTURE|state_configured|farmer/HERD|C:\Users\Peter\Documents\mermaid-roshan-reef\.worktrees\minigame-art-dev-reconcile-20260905\tmp\actor-phase-review\isolated-extended\captures/farmer_herd_0p0.png|phase_index=2|task_open=true
ACTOR_CAPTURE|POSE|farmer|HERD|frame=2|visible=true
ACTOR_CAPTURE|CAPTURE|state_configured|farmer/HERD|C:\Users\Peter\Documents\mermaid-roshan-reef\.worktrees\minigame-art-dev-reconcile-20260905\tmp\actor-phase-review\isolated-extended\captures/farmer_herd_0p2.png|phase_index=2|task_open=true
ACTOR_CAPTURE|POSE|farmer|HERD|frame=0|visible=true
ACTOR_CAPTURE|CAPTURE|state_configured|farmer/HERD|C:\Users\Peter\Documents\mermaid-roshan-reef\.worktrees\minigame-art-dev-reconcile-20260905\tmp\actor-phase-review\isolated-extended\captures/farmer_herd_0p4.png|phase_index=2|task_open=true
ACTOR_CAPTURE|POSE|farmer|PICNIC|frame=0|visible=true
ACTOR_CAPTURE|CAPTURE|state_configured|farmer/PICNIC|C:\Users\Peter\Documents\mermaid-roshan-reef\.worktrees\minigame-art-dev-reconcile-20260905\tmp\actor-phase-review\isolated-extended\captures/farmer_picnic_0p0.png|phase_index=3|task_open=true
ACTOR_CAPTURE|POSE|farmer|PICNIC|frame=2|visible=true
ACTOR_CAPTURE|CAPTURE|state_configured|farmer/PICNIC|C:\Users\Peter\Documents\mermaid-roshan-reef\.worktrees\minigame-art-dev-reconcile-20260905\tmp\actor-phase-review\isolated-extended\captures/farmer_picnic_0p2.png|phase_index=3|task_open=true
ACTOR_CAPTURE|POSE|farmer|PICNIC|frame=0|visible=true
ACTOR_CAPTURE|CAPTURE|state_configured|farmer/PICNIC|C:\Users\Peter\Documents\mermaid-roshan-reef\.worktrees\minigame-art-dev-reconcile-20260905\tmp\actor-phase-review\isolated-extended\captures/farmer_picnic_0p4.png|phase_index=3|task_open=true
