Godot Engine v4.7.2.stable.official.ed1daf0bf - https://godotengine.org
Vulkan 1.4.325 - Forward Mobile - Using Device #0: NVIDIA - NVIDIA GeForce RTX 3060 Ti

ACTOR_CAPTURE|POSE|doctor|WASH|frame=0|visible=true
ACTOR_CAPTURE|CAPTURE|state_configured|doctor/WASH|C:\Users\Peter\Documents\mermaid-roshan-reef\.worktrees\minigame-art-dev-reconcile-20260905\tmp\actor-phase-review\isolated-profile\captures/doctor_wash_0p0.png|phase_index=0|task_open=true
ACTOR_CAPTURE|POSE|doctor|WASH|frame=1|visible=true
ACTOR_CAPTURE|CAPTURE|state_configured|doctor/WASH|C:\Users\Peter\Documents\mermaid-roshan-reef\.worktrees\minigame-art-dev-reconcile-20260905\tmp\actor-phase-review\isolated-profile\captures/doctor_wash_0p2.png|phase_index=0|task_open=true
ACTOR_CAPTURE|POSE|doctor|WASH|frame=3|visible=true
ACTOR_CAPTURE|CAPTURE|state_configured|doctor/WASH|C:\Users\Peter\Documents\mermaid-roshan-reef\.worktrees\minigame-art-dev-reconcile-20260905\tmp\actor-phase-review\isolated-profile\captures/doctor_wash_0p4.png|phase_index=0|task_open=true
ACTOR_CAPTURE|POSE|doctor|BANDAGE|frame=0|visible=true
ACTOR_CAPTURE|CAPTURE|state_configured|doctor/BANDAGE|C:\Users\Peter\Documents\mermaid-roshan-reef\.worktrees\minigame-art-dev-reconcile-20260905\tmp\actor-phase-review\isolated-profile\captures/doctor_bandage_0p0.png|phase_index=4|task_open=true
ACTOR_CAPTURE|POSE|doctor|BANDAGE|frame=2|visible=true
ACTOR_CAPTURE|CAPTURE|state_configured|doctor/BANDAGE|C:\Users\Peter\Documents\mermaid-roshan-reef\.worktrees\minigame-art-dev-reconcile-20260905\tmp\actor-phase-review\isolated-profile\captures/doctor_bandage_0p2.png|phase_index=4|task_open=true
ACTOR_CAPTURE|POSE|doctor|BANDAGE|frame=3|visible=true
ACTOR_CAPTURE|CAPTURE|state_configured|doctor/BANDAGE|C:\Users\Peter\Documents\mermaid-roshan-reef\.worktrees\minigame-art-dev-reconcile-20260905\tmp\actor-phase-review\isolated-profile\captures/doctor_bandage_0p4.png|phase_index=4|task_open=true
ACTOR_CAPTURE|POSE|farmer|PLANT|frame=0|visible=true
ACTOR_CAPTURE|CAPTURE|state_configured|farmer/PLANT|C:\Users\Peter\Documents\mermaid-roshan-reef\.worktrees\minigame-art-dev-reconcile-20260905\tmp\actor-phase-review\isolated-profile\captures/farmer_plant_0p0.png|phase_index=0|task_open=true
ACTOR_CAPTURE|POSE|farmer|PLANT|frame=1|visible=true
ACTOR_CAPTURE|CAPTURE|state_configured|farmer/PLANT|C:\Users\Peter\Documents\mermaid-roshan-reef\.worktrees\minigame-art-dev-reconcile-20260905\tmp\actor-phase-review\isolated-profile\captures/farmer_plant_0p2.png|phase_index=0|task_open=true
ACTOR_CAPTURE|POSE|farmer|PLANT|frame=3|visible=true
ACTOR_CAPTURE|CAPTURE|state_configured|farmer/PLANT|C:\Users\Peter\Documents\mermaid-roshan-reef\.worktrees\minigame-art-dev-reconcile-20260905\tmp\actor-phase-review\isolated-profile\captures/farmer_plant_0p4.png|phase_index=0|task_open=true
ACTOR_CAPTURE|POSE|farmer|TOSS|frame=0|visible=true
ACTOR_CAPTURE|CAPTURE|state_configured|farmer/TOSS|C:\Users\Peter\Documents\mermaid-roshan-reef\.worktrees\minigame-art-dev-reconcile-20260905\tmp\actor-phase-review\isolated-profile\captures/farmer_toss_0p0.png|phase_index=1|task_open=true
ACTOR_CAPTURE|POSE|farmer|TOSS|frame=2|visible=true
ACTOR_CAPTURE|CAPTURE|state_configured|farmer/TOSS|C:\Users\Peter\Documents\mermaid-roshan-reef\.worktrees\minigame-art-dev-reconcile-20260905\tmp\actor-phase-review\isolated-profile\captures/farmer_toss_0p2.png|phase_index=1|task_open=true
ACTOR_CAPTURE|POSE|farmer|TOSS|frame=3|visible=true
ACTOR_CAPTURE|CAPTURE|state_configured|farmer/TOSS|C:\Users\Peter\Documents\mermaid-roshan-reef\.worktrees\minigame-art-dev-reconcile-20260905\tmp\actor-phase-review\isolated-profile\captures/farmer_toss_0p4.png|phase_index=1|task_open=true
ACTOR_CAPTURE|POSE|racer|TUNE|frame=0|visible=true
ACTOR_CAPTURE|CAPTURE|state_configured|racer/TUNE|C:\Users\Peter\Documents\mermaid-roshan-reef\.worktrees\minigame-art-dev-reconcile-20260905\tmp\actor-phase-review\isolated-profile\captures/racer_tune_0p0.png|phase_index=0|task_open=true
ACTOR_CAPTURE|POSE|racer|TUNE|frame=2|visible=true
ACTOR_CAPTURE|CAPTURE|state_configured|racer/TUNE|C:\Users\Peter\Documents\mermaid-roshan-reef\.worktrees\minigame-art-dev-reconcile-20260905\tmp\actor-phase-review\isolated-profile\captures/racer_tune_0p2.png|phase_index=0|task_open=true
ACTOR_CAPTURE|POSE|racer|TUNE|frame=3|visible=true
ACTOR_CAPTURE|CAPTURE|state_configured|racer/TUNE|C:\Users\Peter\Documents\mermaid-roshan-reef\.worktrees\minigame-art-dev-reconcile-20260905\tmp\actor-phase-review\isolated-profile\captures/racer_tune_0p4.png|phase_index=0|task_open=true
ACTOR_CAPTURE|POSE|racer|TO THE LINE|frame=0|visible=true
ACTOR_CAPTURE|CAPTURE|state_configured|racer/TO THE LINE|C:\Users\Peter\Documents\mermaid-roshan-reef\.worktrees\minigame-art-dev-reconcile-20260905\tmp\actor-phase-review\isolated-profile\captures/racer_to_the_line_0p0.png|phase_index=1|task_open=true
ACTOR_CAPTURE|POSE|racer|TO THE LINE|frame=1|visible=true
ACTOR_CAPTURE|CAPTURE|state_configured|racer/TO THE LINE|C:\Users\Peter\Documents\mermaid-roshan-reef\.worktrees\minigame-art-dev-reconcile-20260905\tmp\actor-phase-review\isolated-profile\captures/racer_to_the_line_0p2.png|phase_index=1|task_open=true
ACTOR_CAPTURE|POSE|racer|TO THE LINE|frame=3|visible=true
ACTOR_CAPTURE|CAPTURE|state_configured|racer/TO THE LINE|C:\Users\Peter\Documents\mermaid-roshan-reef\.worktrees\minigame-art-dev-reconcile-20260905\tmp\actor-phase-review\isolated-profile\captures/racer_to_the_line_0p4.png|phase_index=1|task_open=true
