Godot Engine v4.7.2.stable.official.ed1daf0bf - https://godotengine.org
Vulkan 1.4.325 - Forward Mobile - Using Device #0: NVIDIA - NVIDIA GeForce RTX 3060 Ti

ACTOR_CAPTURE|POSE|doctor|WASH|frame=1|visible=true
ACTOR_CAPTURE|CAPTURE|state_configured|doctor/WASH|C:\Users\Peter\Documents\mermaid-roshan-reef\.worktrees\minigame-art-dev-reconcile-20260905\tmp\actor-phase-review\isolated-candidate2\captures/doctor_wash_0p0.png|phase_index=0|task_open=true
ACTOR_CAPTURE|POSE|doctor|WASH|frame=1|visible=true
ACTOR_CAPTURE|CAPTURE|state_configured|doctor/WASH|C:\Users\Peter\Documents\mermaid-roshan-reef\.worktrees\minigame-art-dev-reconcile-20260905\tmp\actor-phase-review\isolated-candidate2\captures/doctor_wash_0p2.png|phase_index=0|task_open=true
ACTOR_CAPTURE|POSE|doctor|WASH|frame=1|visible=true
ACTOR_CAPTURE|CAPTURE|state_configured|doctor/WASH|C:\Users\Peter\Documents\mermaid-roshan-reef\.worktrees\minigame-art-dev-reconcile-20260905\tmp\actor-phase-review\isolated-candidate2\captures/doctor_wash_0p4.png|phase_index=0|task_open=true
ACTOR_CAPTURE|POSE|doctor|FIND|frame=1|visible=true
ACTOR_CAPTURE|CAPTURE|state_configured|doctor/FIND|C:\Users\Peter\Documents\mermaid-roshan-reef\.worktrees\minigame-art-dev-reconcile-20260905\tmp\actor-phase-review\isolated-candidate2\captures/doctor_find_0p0.png|phase_index=1|task_open=true
ACTOR_CAPTURE|POSE|doctor|FIND|frame=1|visible=true
ACTOR_CAPTURE|CAPTURE|state_configured|doctor/FIND|C:\Users\Peter\Documents\mermaid-roshan-reef\.worktrees\minigame-art-dev-reconcile-20260905\tmp\actor-phase-review\isolated-candidate2\captures/doctor_find_0p2.png|phase_index=1|task_open=true
ACTOR_CAPTURE|POSE|doctor|FIND|frame=1|visible=true
ACTOR_CAPTURE|CAPTURE|state_configured|doctor/FIND|C:\Users\Peter\Documents\mermaid-roshan-reef\.worktrees\minigame-art-dev-reconcile-20260905\tmp\actor-phase-review\isolated-candidate2\captures/doctor_find_0p4.png|phase_index=1|task_open=true
ACTOR_CAPTURE|POSE|doctor|X-RAY|frame=1|visible=true
ACTOR_CAPTURE|CAPTURE|state_configured|doctor/X-RAY|C:\Users\Peter\Documents\mermaid-roshan-reef\.worktrees\minigame-art-dev-reconcile-20260905\tmp\actor-phase-review\isolated-candidate2\captures/doctor_x-ray_0p0.png|phase_index=2|task_open=true
ACTOR_CAPTURE|POSE|doctor|X-RAY|frame=1|visible=true
ACTOR_CAPTURE|CAPTURE|state_configured|doctor/X-RAY|C:\Users\Peter\Documents\mermaid-roshan-reef\.worktrees\minigame-art-dev-reconcile-20260905\tmp\actor-phase-review\isolated-candidate2\captures/doctor_x-ray_0p2.png|phase_index=2|task_open=true
ACTOR_CAPTURE|POSE|doctor|X-RAY|frame=1|visible=true
ACTOR_CAPTURE|CAPTURE|state_configured|doctor/X-RAY|C:\Users\Peter\Documents\mermaid-roshan-reef\.worktrees\minigame-art-dev-reconcile-20260905\tmp\actor-phase-review\isolated-candidate2\captures/doctor_x-ray_0p4.png|phase_index=2|task_open=true
ACTOR_CAPTURE|POSE|doctor|CAST|frame=2|visible=true
ACTOR_CAPTURE|CAPTURE|state_configured|doctor/CAST|C:\Users\Peter\Documents\mermaid-roshan-reef\.worktrees\minigame-art-dev-reconcile-20260905\tmp\actor-phase-review\isolated-candidate2\captures/doctor_cast_0p0.png|phase_index=3|task_open=true
ACTOR_CAPTURE|POSE|doctor|CAST|frame=2|visible=true
ACTOR_CAPTURE|CAPTURE|state_configured|doctor/CAST|C:\Users\Peter\Documents\mermaid-roshan-reef\.worktrees\minigame-art-dev-reconcile-20260905\tmp\actor-phase-review\isolated-candidate2\captures/doctor_cast_0p2.png|phase_index=3|task_open=true
ACTOR_CAPTURE|POSE|doctor|CAST|frame=2|visible=true
ACTOR_CAPTURE|CAPTURE|state_configured|doctor/CAST|C:\Users\Peter\Documents\mermaid-roshan-reef\.worktrees\minigame-art-dev-reconcile-20260905\tmp\actor-phase-review\isolated-candidate2\captures/doctor_cast_0p4.png|phase_index=3|task_open=true
ACTOR_CAPTURE|POSE|doctor|BANDAGE|frame=2|visible=true
ACTOR_CAPTURE|CAPTURE|state_configured|doctor/BANDAGE|C:\Users\Peter\Documents\mermaid-roshan-reef\.worktrees\minigame-art-dev-reconcile-20260905\tmp\actor-phase-review\isolated-candidate2\captures/doctor_bandage_0p0.png|phase_index=4|task_open=true
ACTOR_CAPTURE|POSE|doctor|BANDAGE|frame=2|visible=true
ACTOR_CAPTURE|CAPTURE|state_configured|doctor/BANDAGE|C:\Users\Peter\Documents\mermaid-roshan-reef\.worktrees\minigame-art-dev-reconcile-20260905\tmp\actor-phase-review\isolated-candidate2\captures/doctor_bandage_0p2.png|phase_index=4|task_open=true
ACTOR_CAPTURE|POSE|doctor|BANDAGE|frame=2|visible=true
ACTOR_CAPTURE|CAPTURE|state_configured|doctor/BANDAGE|C:\Users\Peter\Documents\mermaid-roshan-reef\.worktrees\minigame-art-dev-reconcile-20260905\tmp\actor-phase-review\isolated-candidate2\captures/doctor_bandage_0p4.png|phase_index=4|task_open=true
ACTOR_CAPTURE|POSE|farmer|PLANT|frame=1|visible=true
ACTOR_CAPTURE|CAPTURE|state_configured|farmer/PLANT|C:\Users\Peter\Documents\mermaid-roshan-reef\.worktrees\minigame-art-dev-reconcile-20260905\tmp\actor-phase-review\isolated-candidate2\captures/farmer_plant_0p0.png|phase_index=0|task_open=true
ACTOR_CAPTURE|POSE|farmer|PLANT|frame=1|visible=true
ACTOR_CAPTURE|CAPTURE|state_configured|farmer/PLANT|C:\Users\Peter\Documents\mermaid-roshan-reef\.worktrees\minigame-art-dev-reconcile-20260905\tmp\actor-phase-review\isolated-candidate2\captures/farmer_plant_0p2.png|phase_index=0|task_open=true
ACTOR_CAPTURE|POSE|farmer|PLANT|frame=1|visible=true
ACTOR_CAPTURE|CAPTURE|state_configured|farmer/PLANT|C:\Users\Peter\Documents\mermaid-roshan-reef\.worktrees\minigame-art-dev-reconcile-20260905\tmp\actor-phase-review\isolated-candidate2\captures/farmer_plant_0p4.png|phase_index=0|task_open=true
ACTOR_CAPTURE|POSE|farmer|TOSS|frame=3|visible=true
ACTOR_CAPTURE|CAPTURE|state_configured|farmer/TOSS|C:\Users\Peter\Documents\mermaid-roshan-reef\.worktrees\minigame-art-dev-reconcile-20260905\tmp\actor-phase-review\isolated-candidate2\captures/farmer_toss_0p0.png|phase_index=1|task_open=true
ACTOR_CAPTURE|POSE|farmer|TOSS|frame=3|visible=true
ACTOR_CAPTURE|CAPTURE|state_configured|farmer/TOSS|C:\Users\Peter\Documents\mermaid-roshan-reef\.worktrees\minigame-art-dev-reconcile-20260905\tmp\actor-phase-review\isolated-candidate2\captures/farmer_toss_0p2.png|phase_index=1|task_open=true
ACTOR_CAPTURE|POSE|farmer|TOSS|frame=3|visible=true
ACTOR_CAPTURE|CAPTURE|state_configured|farmer/TOSS|C:\Users\Peter\Documents\mermaid-roshan-reef\.worktrees\minigame-art-dev-reconcile-20260905\tmp\actor-phase-review\isolated-candidate2\captures/farmer_toss_0p4.png|phase_index=1|task_open=true
ACTOR_CAPTURE|POSE|farmer|HERD|frame=3|visible=true
ACTOR_CAPTURE|CAPTURE|state_configured|farmer/HERD|C:\Users\Peter\Documents\mermaid-roshan-reef\.worktrees\minigame-art-dev-reconcile-20260905\tmp\actor-phase-review\isolated-candidate2\captures/farmer_herd_0p0.png|phase_index=2|task_open=true
ACTOR_CAPTURE|POSE|farmer|HERD|frame=3|visible=true
ACTOR_CAPTURE|CAPTURE|state_configured|farmer/HERD|C:\Users\Peter\Documents\mermaid-roshan-reef\.worktrees\minigame-art-dev-reconcile-20260905\tmp\actor-phase-review\isolated-candidate2\captures/farmer_herd_0p2.png|phase_index=2|task_open=true
ACTOR_CAPTURE|POSE|farmer|HERD|frame=3|visible=true
ACTOR_CAPTURE|CAPTURE|state_configured|farmer/HERD|C:\Users\Peter\Documents\mermaid-roshan-reef\.worktrees\minigame-art-dev-reconcile-20260905\tmp\actor-phase-review\isolated-candidate2\captures/farmer_herd_0p4.png|phase_index=2|task_open=true
ACTOR_CAPTURE|POSE|farmer|PICNIC|frame=2|visible=true
ACTOR_CAPTURE|CAPTURE|state_configured|farmer/PICNIC|C:\Users\Peter\Documents\mermaid-roshan-reef\.worktrees\minigame-art-dev-reconcile-20260905\tmp\actor-phase-review\isolated-candidate2\captures/farmer_picnic_0p0.png|phase_index=3|task_open=true
ACTOR_CAPTURE|POSE|farmer|PICNIC|frame=2|visible=true
ACTOR_CAPTURE|CAPTURE|state_configured|farmer/PICNIC|C:\Users\Peter\Documents\mermaid-roshan-reef\.worktrees\minigame-art-dev-reconcile-20260905\tmp\actor-phase-review\isolated-candidate2\captures/farmer_picnic_0p2.png|phase_index=3|task_open=true
ACTOR_CAPTURE|POSE|farmer|PICNIC|frame=2|visible=true
ACTOR_CAPTURE|CAPTURE|state_configured|farmer/PICNIC|C:\Users\Peter\Documents\mermaid-roshan-reef\.worktrees\minigame-art-dev-reconcile-20260905\tmp\actor-phase-review\isolated-candidate2\captures/farmer_picnic_0p4.png|phase_index=3|task_open=true
ACTOR_CAPTURE|POSE|racer|TUNE|frame=0|visible=true
ACTOR_CAPTURE|CAPTURE|state_configured|racer/TUNE|C:\Users\Peter\Documents\mermaid-roshan-reef\.worktrees\minigame-art-dev-reconcile-20260905\tmp\actor-phase-review\isolated-candidate2\captures/racer_tune_0p0.png|phase_index=0|task_open=true
ACTOR_CAPTURE|POSE|racer|TUNE|frame=0|visible=true
ACTOR_CAPTURE|CAPTURE|state_configured|racer/TUNE|C:\Users\Peter\Documents\mermaid-roshan-reef\.worktrees\minigame-art-dev-reconcile-20260905\tmp\actor-phase-review\isolated-candidate2\captures/racer_tune_0p2.png|phase_index=0|task_open=true
ACTOR_CAPTURE|POSE|racer|TUNE|frame=0|visible=true
ACTOR_CAPTURE|CAPTURE|state_configured|racer/TUNE|C:\Users\Peter\Documents\mermaid-roshan-reef\.worktrees\minigame-art-dev-reconcile-20260905\tmp\actor-phase-review\isolated-candidate2\captures/racer_tune_0p4.png|phase_index=0|task_open=true
ACTOR_CAPTURE|POSE|racer|TO THE LINE|frame=1|visible=true
ACTOR_CAPTURE|CAPTURE|state_configured|racer/TO THE LINE|C:\Users\Peter\Documents\mermaid-roshan-reef\.worktrees\minigame-art-dev-reconcile-20260905\tmp\actor-phase-review\isolated-candidate2\captures/racer_to_the_line_0p0.png|phase_index=1|task_open=true
ACTOR_CAPTURE|POSE|racer|TO THE LINE|frame=1|visible=true
ACTOR_CAPTURE|CAPTURE|state_configured|racer/TO THE LINE|C:\Users\Peter\Documents\mermaid-roshan-reef\.worktrees\minigame-art-dev-reconcile-20260905\tmp\actor-phase-review\isolated-candidate2\captures/racer_to_the_line_0p2.png|phase_index=1|task_open=true
ACTOR_CAPTURE|POSE|racer|TO THE LINE|frame=1|visible=true
ACTOR_CAPTURE|CAPTURE|state_configured|racer/TO THE LINE|C:\Users\Peter\Documents\mermaid-roshan-reef\.worktrees\minigame-art-dev-reconcile-20260905\tmp\actor-phase-review\isolated-candidate2\captures/racer_to_the_line_0p4.png|phase_index=1|task_open=true
