AUDITDEV|BASE|30d82725661044de63b682f5b13ba8f19101892b
AUDITDEV|FAIL|design/audit_impacts/job-game-racer-refinement-20261003.json: invalid validation result
AUDITDEV|FAIL|design/audit_impacts/job-game-racer-refinement-20261003.json: invalid validation result
AUDITDEV|FAIL|design/audit_impacts/job-game-racer-refinement-20261003.json: invalid validation result
AUDITDEV|FAIL|no changed audit-impact record covers ASSET_LICENSES.md
AUDITDEV|FAIL|no changed audit-impact record covers assets/kart/canvas/kart_front.png
AUDITDEV|FAIL|no changed audit-impact record covers assets/kart/canvas/kart_quarter.png
AUDITDEV|FAIL|no changed audit-impact record covers assets/kart/canvas/kart_rear.png
AUDITDEV|FAIL|no changed audit-impact record covers assets/kart/canvas/kart_side.png
AUDITDEV|FAIL|no changed audit-impact record covers assets/kart/canvas/kart_top.png
AUDITDEV|FAIL|no changed audit-impact record covers assets/kart/canvas/moto_front.png
AUDITDEV|FAIL|no changed audit-impact record covers assets/kart/canvas/moto_quarter.png
AUDITDEV|FAIL|no changed audit-impact record covers assets/kart/canvas/moto_rear.png
AUDITDEV|FAIL|no changed audit-impact record covers assets/kart/canvas/moto_side.png
AUDITDEV|FAIL|no changed audit-impact record covers assets/kart/canvas/moto_top.png
AUDITDEV|FAIL|no changed audit-impact record covers assets_src/kart_canvas_2d_20261003/provenance.json
AUDITDEV|FAIL|no changed audit-impact record covers audit/MASTER_AUDIT_2026-08-09.md
AUDITDEV|FAIL|no changed audit-impact record covers audit/findings/ACTIVE_FINDINGS_2026-08-13.md
AUDITDEV|FAIL|no changed audit-impact record covers audit/job_game_refinement_20261003/racer/ARTWORK_HANDOVER_SOURCE_INDEX.json
AUDITDEV|FAIL|no changed audit-impact record covers audit/job_game_refinement_20261003/racer/AUDIT_IMPACT_ORIGINAL_TOKEN.json
AUDITDEV|FAIL|no changed audit-impact record covers audit/job_game_refinement_20261003/racer/DELIVERY_MANIFEST.json
AUDITDEV|FAIL|no changed audit-impact record covers audit/job_game_refinement_20261003/racer/ENGINE_CONVERSION_CONTRACT.json
AUDITDEV|FAIL|no changed audit-impact record covers audit/job_game_refinement_20261003/racer/ENGINE_PORT_SOURCE_INDEX.json
AUDITDEV|FAIL|no changed audit-impact record covers audit/job_game_refinement_20261003/racer/ENGINE_SOURCE_INDEX.json
AUDITDEV|FAIL|no changed audit-impact record covers audit/job_game_refinement_20261003/racer/ORIGINAL_FEEL_PROBE.gd.txt
AUDITDEV|FAIL|no changed audit-impact record covers audit/job_game_refinement_20261003/racer/ORIGINAL_KART_SOURCE.gd.txt
AUDITDEV|FAIL|no changed audit-impact record covers audit/job_game_refinement_20261003/racer/PLAN.json
AUDITDEV|FAIL|no changed audit-impact record covers audit/job_game_refinement_20261003/racer/PORT_PLAN.json
AUDITDEV|FAIL|no changed audit-impact record covers audit/job_game_refinement_20261003/racer/PORT_VERIFICATION.json
AUDITDEV|FAIL|no changed audit-impact record covers audit/job_game_refinement_20261003/racer/SCALAR_PARITY.json
AUDITDEV|FAIL|no changed audit-impact record covers audit/job_game_refinement_20261003/racer/SOURCE_INVENTORY.json
AUDITDEV|FAIL|no changed audit-impact record covers audit/job_game_refinement_20261003/racer/VERIFICATION.json
AUDITDEV|FAIL|no changed audit-impact record covers audit/job_game_refinement_20261003/racer/VERIFICATION_INITIAL_CROSS_CHECKOUT.json
AUDITDEV|FAIL|no changed audit-impact record covers audit/job_game_refinement_20261003/racer/VERIFICATION_INITIAL_GIT_BLOB_COMPARISON.json
AUDITDEV|FAIL|no changed audit-impact record covers audit/job_game_refinement_20261003/racer/analyzer.receipt.json
AUDITDEV|FAIL|no changed audit-impact record covers audit/job_game_refinement_20261003/racer/analyzer_kart.stderr.log
AUDITDEV|FAIL|no changed audit-impact record covers audit/job_game_refinement_20261003/racer/analyzer_kart.stdout.log
AUDITDEV|FAIL|no changed audit-impact record covers audit/job_game_refinement_20261003/racer/analyzer_kart_canvas_2d.stderr.log
AUDITDEV|FAIL|no changed audit-impact record covers audit/job_game_refinement_20261003/racer/analyzer_kart_canvas_2d.stdout.log
AUDITDEV|FAIL|no changed audit-impact record covers audit/job_game_refinement_20261003/racer/analyzer_main.stderr.log
AUDITDEV|FAIL|no changed audit-impact record covers audit/job_game_refinement_20261003/racer/analyzer_main.stdout.log
AUDITDEV|FAIL|no changed audit-impact record covers audit/job_game_refinement_20261003/racer/analyzer_medal_system.stderr.log
AUDITDEV|FAIL|no changed audit-impact record covers audit/job_game_refinement_20261003/racer/analyzer_medal_system.stdout.log
AUDITDEV|FAIL|no changed audit-impact record covers audit/job_game_refinement_20261003/racer/analyzer_probe_kart_canvas_2d.stderr.log
AUDITDEV|FAIL|no changed audit-impact record covers audit/job_game_refinement_20261003/racer/analyzer_probe_kart_canvas_2d.stdout.log
AUDITDEV|FAIL|no changed audit-impact record covers audit/job_game_refinement_20261003/racer/analyzer_probe_kart_feel.stderr.log
AUDITDEV|FAIL|no changed audit-impact record covers audit/job_game_refinement_20261003/racer/analyzer_probe_kart_feel.stdout.log
AUDITDEV|FAIL|no changed audit-impact record covers audit/job_game_refinement_20261003/racer/art_check_initial_tuple_mismatch.log
AUDITDEV|FAIL|no changed audit-impact record covers audit/job_game_refinement_20261003/racer/authority.receipt.json
AUDITDEV|FAIL|no changed audit-impact record covers audit/job_game_refinement_20261003/racer/authority.stderr.log
AUDITDEV|FAIL|no changed audit-impact record covers audit/job_game_refinement_20261003/racer/authority.stdout.log
AUDITDEV|FAIL|no changed audit-impact record covers audit/job_game_refinement_20261003/racer/authority_final.receipt.json
AUDITDEV|FAIL|no changed audit-impact record covers audit/job_game_refinement_20261003/racer/authority_final.stderr.log
AUDITDEV|FAIL|no changed audit-impact record covers audit/job_game_refinement_20261003/racer/authority_final.stdout.log
AUDITDEV|FAIL|no changed audit-impact record covers audit/job_game_refinement_20261003/racer/baseline_runtime/feel.receipt.json
AUDITDEV|FAIL|no changed audit-impact record covers audit/job_game_refinement_20261003/racer/baseline_runtime/feel.stderr.log
AUDITDEV|FAIL|no changed audit-impact record covers audit/job_game_refinement_20261003/racer/baseline_runtime/feel.stdout.log
AUDITDEV|FAIL|no changed audit-impact record covers audit/job_game_refinement_20261003/racer/baseline_runtime/import.receipt.json
AUDITDEV|FAIL|no changed audit-impact record covers audit/job_game_refinement_20261003/racer/baseline_runtime/import.stderr.log
AUDITDEV|FAIL|no changed audit-impact record covers audit/job_game_refinement_20261003/racer/baseline_runtime/import.stdout.log
AUDITDEV|FAIL|no changed audit-impact record covers audit/job_game_refinement_20261003/racer/capture_mobile.stderr.log
AUDITDEV|FAIL|no changed audit-impact record covers audit/job_game_refinement_20261003/racer/capture_mobile.stdout.log
AUDITDEV|FAIL|no changed audit-impact record covers audit/job_game_refinement_20261003/racer/capture_rejected_menu.stderr.log
AUDITDEV|FAIL|no changed audit-impact record covers audit/job_game_refinement_20261003/racer/capture_rejected_menu.stdout.log
AUDITDEV|FAIL|no changed audit-impact record covers audit/job_game_refinement_20261003/racer/captures/01_ride_selection.png
AUDITDEV|FAIL|no changed audit-impact record covers audit/job_game_refinement_20261003/racer/captures/01b_paint_selection.png
AUDITDEV|FAIL|no changed audit-impact record covers audit/job_game_refinement_20261003/racer/captures/01c_tablet_picture_targets.png
AUDITDEV|FAIL|no changed audit-impact record covers audit/job_game_refinement_20261003/racer/captures/02_ramp_apex.png
AUDITDEV|FAIL|no changed audit-impact record covers audit/job_game_refinement_20261003/racer/captures/03_finish_approach.png
AUDITDEV|FAIL|no changed audit-impact record covers audit/job_game_refinement_20261003/racer/captures/04_finish_crossing.png
AUDITDEV|FAIL|no changed audit-impact record covers audit/job_game_refinement_20261003/racer/captures/05_result_settle.png
AUDITDEV|FAIL|no changed audit-impact record covers audit/job_game_refinement_20261003/racer/development.receipt.json
AUDITDEV|FAIL|no changed audit-impact record covers audit/job_game_refinement_20261003/racer/development.staged.receipt.json
AUDITDEV|FAIL|no changed audit-impact record covers audit/job_game_refinement_20261003/racer/development.staged.stderr.log
AUDITDEV|FAIL|no changed audit-impact record covers audit/job_game_refinement_20261003/racer/development.staged.stdout.log
AUDITDEV|FAIL|no changed audit-impact record covers audit/job_game_refinement_20261003/racer/development.stderr.log
AUDITDEV|FAIL|no changed audit-impact record covers audit/job_game_refinement_20261003/racer/development.stdout.log
AUDITDEV|FAIL|no changed audit-impact record covers audit/job_game_refinement_20261003/racer/development_final.receipt.json
AUDITDEV|FAIL|no changed audit-impact record covers audit/job_game_refinement_20261003/racer/development_final.stderr.log
AUDITDEV|FAIL|no changed audit-impact record covers audit/job_game_refinement_20261003/racer/development_final.stdout.log
AUDITDEV|FAIL|no changed audit-impact record covers audit/job_game_refinement_20261003/racer/feature_fixture_initial_failed.log
AUDITDEV|FAIL|no changed audit-impact record covers audit/job_game_refinement_20261003/racer/features.receipt.json
AUDITDEV|FAIL|no changed audit-impact record covers audit/job_game_refinement_20261003/racer/features.stderr.log
AUDITDEV|FAIL|no changed audit-impact record covers audit/job_game_refinement_20261003/racer/features.stdout.log
AUDITDEV|FAIL|no changed audit-impact record covers audit/job_game_refinement_20261003/racer/feel_final.stdout.log
AUDITDEV|FAIL|no changed audit-impact record covers audit/job_game_refinement_20261003/racer/full_suite.receipt.json
AUDITDEV|FAIL|no changed audit-impact record covers audit/job_game_refinement_20261003/racer/full_suite.stderr.log
AUDITDEV|FAIL|no changed audit-impact record covers audit/job_game_refinement_20261003/racer/full_suite.stdout.log
AUDITDEV|FAIL|no changed audit-impact record covers audit/job_game_refinement_20261003/racer/full_suite_initial_label_census_failed.receipt.json
AUDITDEV|FAIL|no changed audit-impact record covers audit/job_game_refinement_20261003/racer/full_suite_initial_label_census_failed.stderr.log
AUDITDEV|FAIL|no changed audit-impact record covers audit/job_game_refinement_20261003/racer/full_suite_initial_label_census_failed.stdout.log
AUDITDEV|FAIL|no changed audit-impact record covers audit/job_game_refinement_20261003/racer/game2d_final.receipt.json
AUDITDEV|FAIL|no changed audit-impact record covers audit/job_game_refinement_20261003/racer/game2d_final.stderr.log
AUDITDEV|FAIL|no changed audit-impact record covers audit/job_game_refinement_20261003/racer/game2d_final.stdout.log
AUDITDEV|FAIL|no changed audit-impact record covers audit/job_game_refinement_20261003/racer/game2d_initial_impact_token_failed.receipt.json
AUDITDEV|FAIL|no changed audit-impact record covers audit/job_game_refinement_20261003/racer/game2d_initial_impact_token_failed.stderr.log
AUDITDEV|FAIL|no changed audit-impact record covers audit/job_game_refinement_20261003/racer/game2d_initial_impact_token_failed.stdout.log
AUDITDEV|FAIL|no changed audit-impact record covers audit/job_game_refinement_20261003/racer/game2d_refresh.stdout.log
AUDITDEV|FAIL|no changed audit-impact record covers audit/job_game_refinement_20261003/racer/impact_description_classification.receipt.json
AUDITDEV|FAIL|no changed audit-impact record covers audit/job_game_refinement_20261003/racer/index.html
AUDITDEV|FAIL|no changed audit-impact record covers audit/job_game_refinement_20261003/racer/port.html
AUDITDEV|FAIL|no changed audit-impact record covers audit/job_game_refinement_20261003/racer/port_import.stdout.log
AUDITDEV|FAIL|no changed audit-impact record covers audit/job_game_refinement_20261003/racer/port_runtime/feel.receipt.json
AUDITDEV|FAIL|no changed audit-impact record covers audit/job_game_refinement_20261003/racer/port_runtime/feel.stderr.log
AUDITDEV|FAIL|no changed audit-impact record covers audit/job_game_refinement_20261003/racer/port_runtime/feel.stdout.log
AUDITDEV|FAIL|no changed audit-impact record covers audit/job_game_refinement_20261003/racer/protected_final.receipt.json
AUDITDEV|FAIL|no changed audit-impact record covers audit/job_game_refinement_20261003/racer/static_0.stderr.log
AUDITDEV|FAIL|no changed audit-impact record covers audit/job_game_refinement_20261003/racer/static_0.stdout.log
AUDITDEV|FAIL|no changed audit-impact record covers audit/job_game_refinement_20261003/racer/static_1.stderr.log
AUDITDEV|FAIL|no changed audit-impact record covers audit/job_game_refinement_20261003/racer/static_1.stdout.log
AUDITDEV|FAIL|no changed audit-impact record covers audit/job_game_refinement_20261003/racer/static_2.stderr.log
AUDITDEV|FAIL|no changed audit-impact record covers audit/job_game_refinement_20261003/racer/static_2.stdout.log
AUDITDEV|FAIL|no changed audit-impact record covers audit/job_game_refinement_20261003/racer/static_final.receipt.json
AUDITDEV|FAIL|no changed audit-impact record covers design/05_DOC_LEDGER.md
AUDITDEV|FAIL|no changed audit-impact record covers design/RACER_EXISTING_ENGINE_2D_PORT_2026-10-03.md
AUDITDEV|FAIL|no changed audit-impact record covers scripts/kart.gd
AUDITDEV|FAIL|no changed audit-impact record covers scripts/kart_canvas_2d.gd
AUDITDEV|FAIL|no changed audit-impact record covers scripts/main.gd
AUDITDEV|FAIL|no changed audit-impact record covers scripts/medal_system.gd
AUDITDEV|FAIL|no changed audit-impact record covers scripts/probe_kart_canvas_2d.gd
AUDITDEV|FAIL|no changed audit-impact record covers scripts/probe_kart_feel.gd
AUDITDEV|FAIL|no changed audit-impact record covers tests/test_audit_typography.py
AUDITDEV|FAIL|no changed audit-impact record covers tools/game_2d_migration_manifest.json
AUDITDEV|FAIL|no changed audit-impact record covers tools/prepare_kart_canvas_art.py
AUDITDEV|RESULT|123 ISSUE(S)
