Godot Engine v4.7.2.stable.official.ed1daf0bf - https://godotengine.org

KART2D|PASS|developed engine root is Node2D
KART2D|PASS|engine subtree has zero spatial nodes
KART2D|PASS|three rides and eight paints retained
KART2D|PASS|handling identities retained
KART2D|PASS|full eight-racer pack retained
KART2D|PASS|all strips/items/ramps/pearls/hazards retained
KART2D|PASS|desktop brake lowers speed
KART2D|PASS|soft wall retains progress
KART2D|PASS|pickup shell immediate boost and cooldown
KART2D|PASS|pickup star immediate boost and cooldown
KART2D|PASS|pickup bubble immediate boost and cooldown
KART2D|PASS|pickup rainbow immediate boost and cooldown
KART2D|PASS|rainbow fills meter
KART2D|PASS|ramp starts full hang time
KART2D|FAIL|ramp apex lifts from its contact shadow
KART2D|PASS|landing pays original free boost
KART2D|PASS|shortcut advances to original exit
KART2D|PASS|shortcut is limited to once per lap
KART2D|PASS|reverse preserves opposite signed curvature
KART2D|PASS|mass-weighted collision and player turbo retained
KART2D|PASS|finish settles in positive podium state
KART2D|FAILURES=1
