...
----------------------------------------------------------------------
Ran 3 tests in 0.007s

OK
........s...............................
----------------------------------------------------------------------
Ran 40 tests in 25.908s

OK (skipped=1)
...
----------------------------------------------------------------------
Ran 3 tests in 0.141s

OK
...........................................................................
----------------------------------------------------------------------
Ran 75 tests in 75.678s

OK
.....
----------------------------------------------------------------------
Ran 5 tests in 0.194s

OK
.........................................
----------------------------------------------------------------------
Ran 41 tests in 0.299s

OK
...........
----------------------------------------------------------------------
Ran 11 tests in 8.392s

OK
........
----------------------------------------------------------------------
Ran 8 tests in 1.497s

OK
.........................
----------------------------------------------------------------------
Ran 25 tests in 0.644s

OK
...............................................................................................
----------------------------------------------------------------------
Ran 95 tests in 370.409s

OK
..
----------------------------------------------------------------------
Ran 2 tests in 0.004s

OK
................................................................
----------------------------------------------------------------------
Ran 64 tests in 7.862s

OK
