...
----------------------------------------------------------------------
Ran 3 tests in 0.007s

OK
........s...............................
----------------------------------------------------------------------
Ran 40 tests in 24.020s

OK (skipped=1)
...
----------------------------------------------------------------------
Ran 3 tests in 0.133s

OK
...........................................................................
----------------------------------------------------------------------
Ran 75 tests in 47.151s

OK
.....
----------------------------------------------------------------------
Ran 5 tests in 0.096s

OK
.........................................
----------------------------------------------------------------------
Ran 41 tests in 0.306s

OK
...........
----------------------------------------------------------------------
Ran 11 tests in 6.851s

OK
