...
----------------------------------------------------------------------
Ran 3 tests in 0.059s

OK
........s...............................
----------------------------------------------------------------------
Ran 40 tests in 30.969s

OK (skipped=1)
...
----------------------------------------------------------------------
Ran 3 tests in 0.158s

OK
...........................................................................
----------------------------------------------------------------------
Ran 75 tests in 232.837s

OK
.....
----------------------------------------------------------------------
Ran 5 tests in 0.106s

OK
.........................................
----------------------------------------------------------------------
Ran 41 tests in 0.438s

OK
...........
----------------------------------------------------------------------
Ran 11 tests in 9.799s

OK
........
----------------------------------------------------------------------
Ran 8 tests in 1.694s

OK
.........................
----------------------------------------------------------------------
Ran 25 tests in 0.655s

OK
...............................................................................................
----------------------------------------------------------------------
Ran 95 tests in 390.870s

OK
..
----------------------------------------------------------------------
Ran 2 tests in 0.003s

OK
................................................................
----------------------------------------------------------------------
Ran 64 tests in 7.660s

OK
