...
----------------------------------------------------------------------
Ran 3 tests in 0.007s

OK
........s...............................
----------------------------------------------------------------------
Ran 40 tests in 23.479s

OK (skipped=1)
...
----------------------------------------------------------------------
Ran 3 tests in 0.120s

OK
...........................................................................
----------------------------------------------------------------------
Ran 75 tests in 46.058s

OK
.....
----------------------------------------------------------------------
Ran 5 tests in 0.077s

OK
.........................................
----------------------------------------------------------------------
Ran 41 tests in 0.198s

OK
...........
----------------------------------------------------------------------
Ran 11 tests in 6.824s

OK
........
----------------------------------------------------------------------
Ran 8 tests in 1.193s

OK
.........................
----------------------------------------------------------------------
Ran 25 tests in 0.531s

OK
...............................................................................................
----------------------------------------------------------------------
Ran 95 tests in 320.135s

OK
..
----------------------------------------------------------------------
Ran 2 tests in 0.004s

OK
................................................................
----------------------------------------------------------------------
Ran 64 tests in 7.160s

OK
