CASTLE_INTERACTION_FRAME_REVIEW|CANDIDATE|path=audit/castle_interaction_frame_review_v4/castle_interaction_frame_candidate_v4.json|sha256=b613a78030fb10efcf6ff799bd85b6d9679faccecea014d3c05303be300e1368
CASTLE_INTERACTION_FRAME_REVIEW|RESULT=OK|assets=12|frames=96|reviewer=Luna visual re-review 2026-09-01
Godot Engine v4.7.2.stable.official.ed1daf0bf - https://godotengine.org

[   0% ] [90m[1mfirst_scan_filesystem[22m | Started Project initialization (5 steps)[39m[0m
[   0% ] [90m[1mfirst_scan_filesystem[22m | Scanning file structure...[39m[0m
[  16% ] [90m[1mfirst_scan_filesystem[22m | Loading global class names...[39m[0m
[  33% ] [90m[1mfirst_scan_filesystem[22m | Verifying GDExtensions...[39m[0m
[  50% ] [90m[1mfirst_scan_filesystem[22m | Creating autoload scripts...[39m[0m
[  66% ] [90m[1mfirst_scan_filesystem[22m | Initializing plugins...[39m[0m
[  83% ] [90m[1mfirst_scan_filesystem[22m | Starting file scan...[39m[0m
[92m[ DONE ][39m [1mfirst_scan_filesystem[22m
[0m
[   0% ] [90m[1mloading_editor_layout[22m | Started Loading editor (5 steps)[39m[0m
[   0% ] [90m[1mloading_editor_layout[22m | Loading editor layout...[39m[0m
[  16% ] [90m[1mloading_editor_layout[22m | Loading docks...[39m[0m
[92m[ DONE ][39m [1mloading_editor_layout[22m
[0m
GAME2D| DEBT| model_files=0| model_scan_coverage_files=0| active_export_model_files=0| model_import_sidecars=0| active_untracked_model_import_sidecars=0| model_archive_files=0| production_3d_files=52| probe_3d_files=61| scene_3d_files=1| configuration_3d_files=1| archive_now_model_files=0
GAME2D| STATUS| UNSATISFIED
GAME2D| RESULT| NO_REGRESSION - exact shrinking baseline; migration debt remains UNSATISFIED
=== probe_reef_districts ===
Godot Engine v4.7.2.stable.official.ed1daf0bf - https://godotengine.org

REEFDISTRICT|six district centers|OK
REEFDISTRICT|authored grove count|OK
REEFDISTRICT|district centers have neutral buffers|OK
REEFDISTRICT|Faron is within a short swim|OK
REEFDISTRICT|friend 0 is reachable|OK
REEFDISTRICT|friend 1 is reachable|OK
REEFDISTRICT|friend 2 is reachable|OK
REEFDISTRICT|friend 3 is reachable|OK
REEFDISTRICT|friend 4 is reachable|OK
REEFDISTRICT|six regional object signatures|OK
REEFDISTRICT|two ocean kingdoms|OK
REEFDISTRICT|pearl has three object families|OK
REEFDISTRICT|kelp has three object families|OK
REEFDISTRICT|wreck has three object families|OK
REEFDISTRICT|moon has three object families|OK
REEFDISTRICT|rainbow has three object families|OK
REEFDISTRICT|ice has three object families|OK
REEFDISTRICT|all grove identities|OK
REEFDISTRICT|pearl region|OK
REEFDISTRICT|kelp region|OK
REEFDISTRICT|wreck region|OK
REEFDISTRICT|moon region|OK
REEFDISTRICT|rainbow region|OK
REEFDISTRICT|ice region|OK
REEFDISTRICT|Caribbean owns warm reef districts|OK
REEFDISTRICT|Norway owns kelp and ice districts|OK
REEFDISTRICT|kelp scatter stays in kelp district|OK
REEFDISTRICT|cold-water flora stays in ice district|OK
REEFDISTRICT|mass warm scatter rejects both Norwegian districts|OK
REEFDISTRICT|Norwegian benthos excludes tropical tokens|OK
REEFDISTRICT|species use compatible districts|OK
REEFDISTRICT|friend and portal gateways stay clear|OK
REEFDISTRICT|hub flattened|OK
REEFDISTRICT|Faron approach flattened|OK
REEFDISTRICT|race flat flattened|OK
REEFDISTRICT|wreck ravine carved|OK
REEFDISTRICT|moon bowl carved|OK
REEFDISTRICT|kelp ridge raised|OK
REEFDISTRICT|every district center has an object signature|OK
REEFDISTRICT|RESULT|PASS
PROBE probe_reef_districts process exit: 0
=== probe_ocean_kingdoms ===
Godot Engine v4.7.2.stable.official.ed1daf0bf - https://godotengine.org

OCEANKINGDOM|main_scene_loads|OK
OCEANKINGDOM|main_is_reef_main|OK
OCEANKINGDOM|display_build_starts_at_castle_gate|OK
OCEANKINGDOM|castle_gate_hub_is_level2|OK
OCEANKINGDOM|castle_gate_hub_flag|OK
OCEANKINGDOM|promenade_screen_one_spawn|OK
OCEANKINGDOM|castle_gate_hub_uses_promenade|OK
OCEANKINGDOM|promenade_interactions_present|OK
OCEANKINGDOM|blocked_water_has_no_active_ocean_gate|OK
OCEANKINGDOM|retired_entry_stays_on_canvas_caribbean|OK
OCEANKINGDOM|retired_entry_stays_on_canvas_norwegian|OK
OCEANKINGDOM|retired_entry_stays_on_canvas_|OK
OCEANKINGDOM|retired_entry_stays_on_canvas_unknown|OK
OCEANKINGDOM|retired_entries_preserve_progress|OK
OCEANKINGDOM|authored_session_recovers_stale_empty_world|OK
OCEANKINGDOM|root_back_opens_menu_without_ocean|OK
OCEANKINGDOM|public_ocean_callback_stays_on_canvas_caribbean|OK
OCEANKINGDOM|public_ocean_callback_stays_on_canvas_norwegian|OK
OCEANKINGDOM|legacy_back_callback_stays_on_canvas|OK
OCEANKINGDOM|castle_completion_preserves_canvas_and_reward|OK
RESULT|PASS
PROBE probe_ocean_kingdoms process exit: 0
=== probe_audit ===
Godot Engine v4.7.2.stable.official.ed1daf0bf - https://godotengine.org

AUDIT|Day One lock and progressive room contract: OK
AUDIT|Storybook UI contract: OK
AUDIT|boot OK, seed=
AUDIT|Slide Canvas|approved panorama master remains exact 6144x2048 source: OK
WARNING: Loaded resource as image file, this will not work on export: 'res://assets/flats/sky_lagoon/main/flat_sky_lagoon_main_panorama_v5_tile_r0_c2.png'. Instead, import the image file as an Image resource and load it normally as a resource.
   at: load_from_file (core/io/image.cpp:2780)
   GDScript backtrace (most recent call first):
       [0] _slide_check_assets (res://scripts/probe_audit.gd:820)
       [1] _audit_slide_canvas (res://scripts/probe_audit.gd:386)
       [2] _init (res://scripts/probe_audit.gd:141)
WARNING: Loaded resource as image file, this will not work on export: 'res://assets/flats/sky_lagoon/main/flat_sky_lagoon_main_panorama_v5_tile_r0_c3.png'. Instead, import the image file as an Image resource and load it normally as a resource.
   at: load_from_file (core/io/image.cpp:2780)
   GDScript backtrace (most recent call first):
       [0] _slide_check_assets (res://scripts/probe_audit.gd:820)
       [1] _audit_slide_canvas (res://scripts/probe_audit.gd:386)
       [2] _init (res://scripts/probe_audit.gd:141)
WARNING: Loaded resource as image file, this will not work on export: 'res://assets/flats/sky_lagoon/main/flat_sky_lagoon_main_panorama_v5_tile_r1_c2.png'. Instead, import the image file as an Image resource and load it normally as a resource.
   at: load_from_file (core/io/image.cpp:2780)
   GDScript backtrace (most recent call first):
       [0] _slide_check_assets (res://scripts/probe_audit.gd:820)
       [1] _audit_slide_canvas (res://scripts/probe_audit.gd:386)
       [2] _init (res://scripts/probe_audit.gd:141)
WARNING: Loaded resource as image file, this will not work on export: 'res://assets/flats/sky_lagoon/main/flat_sky_lagoon_main_panorama_v5_tile_r1_c3.png'. Instead, import the image file as an Image resource and load it normally as a resource.
   at: load_from_file (core/io/image.cpp:2780)
   GDScript backtrace (most recent call first):
       [0] _slide_check_assets (res://scripts/probe_audit.gd:820)
       [1] _audit_slide_canvas (res://scripts/probe_audit.gd:386)
       [2] _init (res://scripts/probe_audit.gd:141)
AUDIT|Slide Canvas|four lossless center tiles pixel-reconstruct one native screen: OK
WARNING: Loaded resource as image file, this will not work on export: 'res://assets/sprites/sky_lagoon/sky_lagoon_slide_v3_compact.png'. Instead, import the image file as an Image resource and load it normally as a resource.
   at: load_from_file (core/io/image.cpp:2780)
   GDScript backtrace (most recent call first):
       [0] _slide_check_assets (res://scripts/probe_audit.gd:835)
       [1] _audit_slide_canvas (res://scripts/probe_audit.gd:386)
       [2] _init (res://scripts/probe_audit.gd:141)
WARNING: Loaded resource as image file, this will not work on export: 'res://assets/characters/friends/two_friends.png'. Instead, import the image file as an Image resource and load it normally as a resource.
   at: load_from_file (core/io/image.cpp:2780)
   GDScript backtrace (most recent call first):
       [0] _slide_check_assets (res://scripts/probe_audit.gd:835)
       [1] _audit_slide_canvas (res://scripts/probe_audit.gd:386)
       [2] _init (res://scripts/probe_audit.gd:141)
WARNING: Loaded resource as image file, this will not work on export: 'res://assets/props/gen2/clownfish_side.png'. Instead, import the image file as an Image resource and load it normally as a resource.
   at: load_from_file (core/io/image.cpp:2780)
   GDScript backtrace (most recent call first):
       [0] _slide_check_assets (res://scripts/probe_audit.gd:835)
       [1] _audit_slide_canvas (res://scripts/probe_audit.gd:386)
       [2] _init (res://scripts/probe_audit.gd:141)
WARNING: Loaded resource as image file, this will not work on export: 'res://assets/sprites/sky_lagoon/roshan_playground/roshan_slide_0.png'. Instead, import the image file as an Image resource and load it normally as a resource.
   at: load_from_file (core/io/image.cpp:2780)
   GDScript backtrace (most recent call first):
       [0] _slide_check_assets (res://scripts/probe_audit.gd:835)
       [1] _audit_slide_canvas (res://scripts/probe_audit.gd:386)
       [2] _init (res://scripts/probe_audit.gd:141)
WARNING: Loaded resource as image file, this will not work on export: 'res://assets/sprites/sky_lagoon/roshan_playground/roshan_slide_1.png'. Instead, import the image file as an Image resource and load it normally as a resource.
   at: load_from_file (core/io/image.cpp:2780)
   GDScript backtrace (most recent call first):
       [0] _slide_check_assets (res://scripts/probe_audit.gd:835)
       [1] _audit_slide_canvas (res://scripts/probe_audit.gd:386)
       [2] _init (res://scripts/probe_audit.gd:141)
WARNING: Loaded resource as image file, this will not work on export: 'res://assets/sprites/sky_lagoon/roshan_playground/roshan_slide_2_v2.png'. Instead, import the image file as an Image resource and load it normally as a resource.
   at: load_from_file (core/io/image.cpp:2780)
   GDScript backtrace (most recent call first):
       [0] _slide_check_assets (res://scripts/probe_audit.gd:835)
       [1] _audit_slide_canvas (res://scripts/probe_audit.gd:386)
       [2] _init (res://scripts/probe_audit.gd:141)
WARNING: Loaded resource as image file, this will not work on export: 'res://assets/sprites/sky_lagoon/roshan_playground/roshan_slide_3_v2.png'. Instead, import the image file as an Image resource and load it normally as a resource.
   at: load_from_file (core/io/image.cpp:2780)
   GDScript backtrace (most recent call first):
       [0] _slide_check_assets (res://scripts/probe_audit.gd:835)
       [1] _audit_slide_canvas (res://scripts/probe_audit.gd:386)
       [2] _init (res://scripts/probe_audit.gd:141)
AUDIT|Slide Canvas|slide, protected friends, fish, and four Roshan frames are immutable: OK
AUDIT|Slide Canvas|controller runtime census names only the approved reused art: OK
AUDIT|Slide Canvas|all reused art families retain repository provenance: OK
AUDIT|Slide Canvas|one Harper/Fiona fish route is present and initially unawarded: OK
AUDIT|Slide Canvas|real nondefault camera peek is live before fish entry: OK
AUDIT|Slide Canvas|neutral fixture starts from an exact nondefault chime context: OK
AUDIT|Slide Canvas|living-world layer is genuinely live before fish entry: OK
AUDIT|Slide Canvas|retired Critter Book corner stays absent before fish entry: OK
AUDIT|Slide Canvas|unmapped axis and d-pad fallback is genuinely live before Canvas entry: OK
AUDIT|Slide Canvas|direct launch synchronously enters only fish Canvas: OK
AUDIT|Slide Canvas|fish entry and real terminal pad events retire every raw fallback: OK
AUDIT|Slide Canvas|entry owns one stable Canvas layer below pause and above HUD: OK
AUDIT|Slide Canvas|entry snapshots the exact nondefault lens and clears viewport ownership: OK
AUDIT|Slide Canvas|entry keeps the retired Critter corner absent with no extra persistent click target: OK
AUDIT|Slide Canvas|entry snapshots and removes the living-world layer from lower drawing: OK
AUDIT|Slide Canvas|stage tree contains only the exact backdrop, actors, fish, pips, and dual steer cues: OK
AUDIT|Slide Canvas|controller route and mercy semantics are exact: OK
AUDIT|Slide Canvas|post-Canvas census maps every touch, mouse, key, pad, and axis terminal exactly: OK
AUDIT|Slide Canvas|opening objective is exact voice plus persistent non-reader steer cues: OK
AUDIT|Slide Canvas|runtime binds exact native tiles through one common transform: OK
AUDIT|Slide Canvas|runtime binds protected friends, slide, Roshan, five fish and five pips: OK
AUDIT|Slide Canvas|live Canvas owns exactly eleven reused texture resources within 24 MiB: OK
AUDIT|Slide Canvas|opening black cover owns the exact 1280x720 viewport above fish Canvas: OK
AUDIT|Slide Canvas|controller exposes the exact completion-reward chime handoff seam: OK
AUDIT|Slide Canvas|live fish Canvas can hold unclaimed real raw RIGHT_X and A fallback: OK
AUDIT|Slide Canvas|entry OS-loss fixture begins before the real fade callback: OK
AUDIT|Slide Canvas|entry focus-out plus app-paused nests both reasons under black: OK
AUDIT|Slide Canvas|entry partial restore cannot override remaining focus loss: OK
AUDIT|Slide Canvas|entry full restore retains a guard while fade still owns input: OK
AUDIT|Slide Canvas|opening black cover swallows a complete touch neutrally: OK
AUDIT|Slide Canvas|first restored frame retires only context guard under black: OK
AUDIT|Slide Canvas|fade reveal restores input only at the real callback boundary: OK
AUDIT|Slide Canvas|opening restore holds ride progress through the fade callback: OK
AUDIT|Slide Canvas|first active boundary after callback is still source-free at the shell: OK
AUDIT|Slide Canvas|bounded first active tick retires the startup release guard: OK
AUDIT|Slide Canvas|startup becomes ready only after the fade callback boundary: OK
AUDIT|Slide Canvas|revealed cover remains full-viewport and input-transparent at 1280x720: OK
AUDIT|Slide Canvas|return poll vocabulary owns Enter, keypad Enter, X, and Y: OK
AUDIT|Slide Canvas|first live fish Canvas frame disables hidden 3D camera rendering: OK
AUDIT|Slide Canvas|1280x720 visible sprite texture coverage 1.473 screens; estimated painter coverage 3.473 screens includes exactly two ColorRects; native Mobile fill/FPS capture remains authoritative: OK
AUDIT|Slide Canvas|actual 1280x720 stage is opaque, readable, and fully contained: OK
AUDIT|Slide Canvas|1280x800 visible sprite texture coverage 1.423 screens; estimated Canvas painter coverage 3.423 screens: OK
AUDIT|Slide Canvas|same live stage reflows safely to 1280x800: OK
AUDIT|Slide Canvas|clear fade cover reflows to the exact 1280x800 viewport without rebuilding: OK
AUDIT|Slide Canvas|restored 1280x720 visible sprite texture coverage 1.469 screens; estimated Canvas painter coverage 3.469 screens: OK
AUDIT|Slide Canvas|1280x720 restore needs no rebuild and retains all semantics: OK
AUDIT|Slide Canvas|clear fade cover restores the exact 1280x720 viewport without rebuilding: OK
AUDIT|Slide Canvas|viewport resize remains gameplay-frozen while nested OS loss owns input: OK
AUDIT|Slide Canvas|full resize restore starts with the source-free controller guard: OK
AUDIT|Slide Canvas|first restored resize boundary is fully laid out at 1280x800 without advancing the course: OK
AUDIT|Slide Canvas|first post-resize neutral poll retains the independent latch: OK
AUDIT|Slide Canvas|second post-resize neutral poll retires the independent latch: OK
AUDIT|Slide Canvas|viewport resize remains gameplay-frozen while nested OS loss owns input: OK
AUDIT|Slide Canvas|full resize restore starts with the source-free controller guard: OK
AUDIT|Slide Canvas|first restored resize boundary is fully laid out at 1280x720 without advancing the course: OK
AUDIT|Slide Canvas|first post-resize neutral poll retains the independent latch: OK
AUDIT|Slide Canvas|second post-resize neutral poll retires the independent latch: OK
AUDIT|Slide Canvas|one rendered frame produces exactly one fish controller tick: OK
AUDIT|Slide Canvas|ranking clock and slide motion consume the same delta once: OK
AUDIT|Slide Canvas|real Viewport presses at each actual outward tip light only that cue: OK
AUDIT|Slide Canvas|tip steering moves the lane in its matching direction and releases neutrally: OK
AUDIT|Slide Canvas|device forget and controller cancel clear active cue pixels immediately: OK
AUDIT|Slide Canvas|real touch, mouse, key, pad, and axis own distinct sources: OK
AUDIT|Slide Canvas|wrong-device releases cannot retire any concrete owner: OK
AUDIT|Slide Canvas|pad disconnect retires only that device's concrete owners: OK
AUDIT|Slide Canvas|matching releases clear every controller and global owner: OK
AUDIT|Slide Canvas|fresh distinct input deliberately steers after census cleanup: OK
AUDIT|Slide Canvas|touch source is live before pause: OK
AUDIT|Slide Canvas|no Pause overlay control competes with global Back: OK
AUDIT|Slide Canvas|internal pause fixture raises the retained Menu sheet: OK
AUDIT|Slide Canvas|pause converts the exact held source to a neutral latch: OK
AUDIT|Slide Canvas|wrong paused release cannot clear another finger: OK
AUDIT|Slide Canvas|matching release clears its latch while the sheet remains open: OK
AUDIT|Slide Canvas|focused real Resume restores the same live stage neutrally: OK
AUDIT|Slide Canvas|fresh mouse gesture steers after real Resume: OK
AUDIT|Slide Canvas|no Pause overlay control competes with global Back: OK
AUDIT|Slide Canvas|internal pause fixture raises the retained Menu sheet: OK
AUDIT|Slide Canvas|pause sheet exposes the visible Sticker doorway: OK
AUDIT|Slide Canvas|higher Sticker sheet opens without closing or steering the slide: OK
AUDIT|Slide Canvas|held release clears neutrally through the higher overlay: OK
AUDIT|Slide Canvas|real Sticker Back returns to the untouched live slide: OK
AUDIT|Slide Canvas|no Pause overlay control competes with global Back: OK
AUDIT|Slide Canvas|internal pause fixture raises the retained Menu sheet: OK
AUDIT|Slide Canvas|context-order fixture reaches the real Sticker doorway: OK
AUDIT|Slide Canvas|Sticker context fixture is source-free with collection UI suppressed: OK
AUDIT|Slide Canvas|Sticker plus nested OS loss arms both reasons in either order: OK
AUDIT|Slide Canvas|nested OS loss leaves the resumed Sticker stage byte-frozen: OK
AUDIT|Slide Canvas|partial OS restore cannot unlock the Sticker-backed ride: OK
AUDIT|Slide Canvas|full OS restore initially retains its source-free guard: OK
AUDIT|Slide Canvas|overlay housekeeping retires the guard without one ride tick: OK
AUDIT|Slide Canvas|two trustworthy neutral polls reopen Sticker controls source-free: OK
AUDIT|Slide Canvas|real Sticker Back remains usable after either OS restore order: OK
AUDIT|Slide Canvas|fresh source works only after the restored overlay closes: OK
AUDIT|Slide Canvas|no Pause overlay control competes with global Back: OK
AUDIT|Slide Canvas|internal pause fixture raises the retained Menu sheet: OK
AUDIT|Slide Canvas|context-order fixture reaches the real Sticker doorway: OK
AUDIT|Slide Canvas|Sticker context fixture is source-free with collection UI suppressed: OK
AUDIT|Slide Canvas|Sticker plus nested OS loss arms both reasons in either order: OK
AUDIT|Slide Canvas|nested OS loss leaves the resumed Sticker stage byte-frozen: OK
AUDIT|Slide Canvas|partial OS restore cannot unlock the Sticker-backed ride: OK
AUDIT|Slide Canvas|full OS restore initially retains its source-free guard: OK
AUDIT|Slide Canvas|overlay housekeeping retires the guard without one ride tick: OK
AUDIT|Slide Canvas|two trustworthy neutral polls reopen Sticker controls source-free: OK
AUDIT|Slide Canvas|real Sticker Back remains usable after either OS restore order: OK
AUDIT|Slide Canvas|fresh source works only after the restored overlay closes: OK
AUDIT|Slide Canvas|no Pause overlay control competes with global Back: OK
AUDIT|Slide Canvas|internal pause fixture raises the retained Menu sheet: OK
AUDIT|Slide Canvas|polled restore fixture owns a real focused Sticker Back control: OK
AUDIT|Slide Canvas|no Pause overlay control competes with global Back: OK
AUDIT|Slide Canvas|internal pause fixture raises the retained Menu sheet: OK
AUDIT|Slide Canvas|claimed terminal axis and D-pad releases neutralize raw overlay state: OK
AUDIT|Slide Canvas|lost-context neutral polling cannot retire the axis latch or revive the cursor: OK
AUDIT|Slide Canvas|partial polling restore cannot close or save the Sticker overlay: OK
AUDIT|Slide Canvas|neutral full restore initially owns both controller and axis guards: OK
AUDIT|Slide Canvas|Sticker-owned first restore frame lays out opaque 1280x800 without ride motion: OK
AUDIT|Slide Canvas|first trustworthy post-guard neutral poll retains the axis latch: OK
AUDIT|Slide Canvas|second trustworthy post-guard neutral poll clears the axis latch: OK
AUDIT|Slide Canvas|second lost frame observes neutral axes and re-arms the latch: OK
AUDIT|Slide Canvas|second partial restore still cannot retire the axis latch: OK
AUDIT|Slide Canvas|held-high polling restore initially keeps both guards: OK
AUDIT|Slide Canvas|first source-free restore frame emits no held poll edge, cursor motion, or save: OK
AUDIT|Slide Canvas|delayed real A press is recorded but cannot activate focused Back during poll wait: OK
AUDIT|Slide Canvas|held restored axis, buttons, and D-pad remain quarantined until explicit neutral: OK
AUDIT|Slide Canvas|first real neutral drain sample keeps the two-frame latch armed: OK
AUDIT|Slide Canvas|fresh overlay shortcut waits through its real grace without ride motion: OK
AUDIT|Slide Canvas|fresh post-neutral D-pad is a real owned steering source: OK
AUDIT|Slide Canvas|neutral then fresh axis, B, and D-pad affect only their intended owners: OK
AUDIT|Slide Canvas|no Pause overlay control competes with global Back: OK
AUDIT|Slide Canvas|internal pause fixture raises the retained Menu sheet: OK
AUDIT|Slide Canvas|paused restore fixture focuses the dangerous real Leave control: OK
AUDIT|Slide Canvas|paused nested OS loss preserves stage and Leave focus in either order: OK
AUDIT|Slide Canvas|paused full restore retains controller and two-poll guards: OK
AUDIT|Slide Canvas|stale A, Enter, and Start cannot activate focused Leave before neutral: OK
AUDIT|Slide Canvas|first trustworthy paused neutral frame keeps the poll latch: OK
AUDIT|Slide Canvas|second trustworthy paused neutral frame releases only the poll latch: OK
AUDIT|Slide Canvas|fresh focused Resume works only after both paused neutral frames: OK
AUDIT|Slide Canvas|no Pause overlay control competes with global Back: OK
AUDIT|Slide Canvas|internal pause fixture raises the retained Menu sheet: OK
AUDIT|Slide Canvas|paused restore fixture focuses the dangerous real Leave control: OK
AUDIT|Slide Canvas|paused nested OS loss preserves stage and Leave focus in either order: OK
AUDIT|Slide Canvas|paused full restore retains controller and two-poll guards: OK
AUDIT|Slide Canvas|stale A, Enter, and Start cannot activate focused Leave before neutral: OK
AUDIT|Slide Canvas|first trustworthy paused neutral frame keeps the poll latch: OK
AUDIT|Slide Canvas|second trustworthy paused neutral frame releases only the poll latch: OK
AUDIT|Slide Canvas|fresh focused Resume works only after both paused neutral frames: OK
AUDIT|Slide Canvas|no Pause overlay control competes with global Back: OK
AUDIT|Slide Canvas|internal pause fixture raises the retained Menu sheet: OK
AUDIT|Slide Canvas|child Menu omits the parent-only Developer doorway: OK
AUDIT|Slide Canvas|focus-out then app-paused nests two loss reasons behind one guard: OK
AUDIT|Slide Canvas|lost-context traffic cannot pause, steer, advance, or enter a census: OK
AUDIT|Slide Canvas|partial app restore cannot override remaining focus loss: OK
AUDIT|Slide Canvas|full restore retains a source-free first-tick guard: OK
AUDIT|Slide Canvas|pre-tick restored traffic is swallowed without a source: OK
AUDIT|Slide Canvas|first restored frame clears only the controller guard and preserves motion: OK
AUDIT|Slide Canvas|first no-overlay neutral poll keeps the restored ride frozen: OK
AUDIT|Slide Canvas|second no-overlay neutral poll releases the ride to normal ticking: OK
AUDIT|Slide Canvas|fresh different source works after missing old releases: OK
AUDIT|Slide Canvas|reverse ordering remains lost until the app reason restores: OK
AUDIT|Slide Canvas|reverse full restore arms the same first-tick guard: OK
AUDIT|Slide Canvas|reverse first frame clears only the guard without stale input: OK
AUDIT|Slide Canvas|reverse first neutral poll remains clock- and source-free: OK
AUDIT|Slide Canvas|reverse second neutral poll clears the independent latch: OK
AUDIT|Slide Canvas|claimed, unclaimed, Pause, overlay, and OS traffic preserve living-world bytes: OK
AUDIT|Slide Canvas|neutral-exit fixture holds unclaimed raw RIGHT_X and A until teardown: OK
AUDIT|Slide Canvas|no Pause overlay control competes with global Back: OK
AUDIT|Slide Canvas|internal pause fixture raises the retained Menu sheet: OK
AUDIT|Slide Canvas|real pause sheet exposes a neutral visible BACK control: OK
AUDIT|Slide Canvas|focused real BACK synchronously restores the exact Reef context: OK
AUDIT|Slide Canvas|neutral BACK changes no reward bytes and preserves held raw levels under guard: OK
AUDIT|Slide Canvas|neutral stage_close exact-restores pre-entry chime volume and pitch: OK
AUDIT|Slide Canvas|neutral Leave return guard freezes world through fade and nested context loss: OK
AUDIT|Slide Canvas|neutral Leave guard terminals retire Melody sources before any context loss: OK
AUDIT|Slide Canvas|neutral Leave neutral frame two remains Player-frozen until deferred retirement: OK
AUDIT|Slide Canvas|neutral Leave only a fresh next-frame gesture moves after quarantine: OK
AUDIT|Slide Canvas|fish Canvas teardown is synchronous, idempotent, and fully freed: OK
AUDIT|Slide Canvas|Hybrid touch and native mouse stick/action releases retire both entry censuses: OK
AUDIT|Slide Canvas|bounded return guard is clear before Classic first-win reentry: OK
AUDIT|Slide Canvas|gold-run unmapped pad fallback is live before exact fish entry: OK
AUDIT|Slide Canvas|direct re-entry enters the same exact fish Canvas route: OK
AUDIT|Slide Canvas|Classic entry hides the exact captured living-world layer: OK
AUDIT|Slide Canvas|gold entry terminal pad events stay Canvas-owned and raw-neutral: OK
AUDIT|Slide Canvas|gold run holds real unclaimed raw fallback until exact teardown: OK
AUDIT|Slide Canvas|fade reveal restores input only at the real callback boundary: OK
AUDIT|Slide Canvas|bounded first active tick retires the startup release guard: OK
AUDIT|Slide Canvas|Sticker freeze fixture begins with deliberate real steering: OK
AUDIT|Slide Canvas|no Pause overlay control competes with global Back: OK
AUDIT|Slide Canvas|internal pause fixture raises the retained Menu sheet: OK
AUDIT|Slide Canvas|freeze fixture uses the visible Pause Sticker doorway: OK
AUDIT|Slide Canvas|resumed higher Sticker sheet retains the exact live slide stage: OK
AUDIT|Slide Canvas|held source releases neutrally through the resumed Sticker sheet: OK
AUDIT|Slide Canvas|Sticker stays open beyond a full ride with time, catch, reward, save, and stage frozen: OK
AUDIT|Slide Canvas|real overlapping Sticker Back returns to the same frozen slide: OK
AUDIT|Slide Canvas|fresh source resumes the same ride after the overlapping Back: OK
AUDIT|Slide Canvas|fade reveal restores input only at the real callback boundary: OK
AUDIT|Slide Canvas|bounded first active tick retires the startup release guard: OK
AUDIT|Slide Canvas|near-finish held RIGHT_X and D-pad cannot outlast the remaining ride: OK
AUDIT|Slide Canvas|release requires one frozen and one retiring neutral poll before resuming: OK
AUDIT|Slide Canvas|5-fish completion return guard freezes world through fade and nested context loss: OK
AUDIT|Slide Canvas|5-fish completion guard terminals retire Melody sources before any context loss: OK
AUDIT|Slide Canvas|5-fish completion neutral frame two remains Player-frozen until deferred retirement: OK
AUDIT|Slide Canvas|5-fish completion only a fresh next-frame gesture moves after quarantine: OK
AUDIT|Slide Canvas|post-overlay deliberate Classic steering collects five and wins gold: OK
AUDIT|Slide Canvas|first win persists medal and friend exactly once per write owner: OK
AUDIT|Slide Canvas|first-win teardown hands chime to the 0.90 fanfare instead of restoring entry tuning: OK
AUDIT|Slide Canvas|first win restores position, pose, environment, and music: OK
AUDIT|Slide Canvas|bounded return guard is clear before three-fish replay reentry: OK
AUDIT|Slide Canvas|already-won replay enters from deliberately nondefault chime tuning: OK
AUDIT|Slide Canvas|fade reveal restores input only at the real callback boundary: OK
AUDIT|Slide Canvas|bounded first active tick retires the startup release guard: OK
AUDIT|Slide Canvas|3-fish completion return guard freezes world through fade and nested context loss: OK
AUDIT|Slide Canvas|3-fish completion guard terminals retire Melody sources before any context loss: OK
AUDIT|Slide Canvas|3-fish completion neutral frame two remains Player-frozen until deferred retirement: OK
AUDIT|Slide Canvas|3-fish completion only a fresh next-frame gesture moves after quarantine: OK
AUDIT|Slide Canvas|deliberate three-fish replay earns silver without downgrading gold: OK
AUDIT|Slide Canvas|silver replay handoff survives synchronous stage_close and its next frame: OK
AUDIT|Slide Canvas|replay writes once, preserves exact save bytes, and restores context: OK
AUDIT|Slide Canvas|silver celebration volume and pitch remain live across following frames: OK
AUDIT|Slide Canvas|bounded return guard is clear before zero-fish mercy reentry: OK
AUDIT|Slide Canvas|zero-fish replay also enters from nondefault chime tuning: OK
AUDIT|Slide Canvas|fade reveal restores input only at the real callback boundary: OK
AUDIT|Slide Canvas|bounded first active tick retires the startup release guard: OK
AUDIT|Slide Canvas|0-fish completion return guard freezes world through fade and nested context loss: OK
AUDIT|Slide Canvas|0-fish completion guard terminals retire Melody sources before any context loss: OK
AUDIT|Slide Canvas|0-fish completion neutral frame two remains Player-frozen until deferred retirement: OK
AUDIT|Slide Canvas|0-fish completion only a fresh next-frame gesture moves after quarantine: OK
AUDIT|Slide Canvas|deliberate zero-fish mercy ride completes successfully for bronze: OK
AUDIT|Slide Canvas|bronze replay handoff survives synchronous stage_close and its next frame: OK
AUDIT|Slide Canvas|zero-fish replay has no fail/timer path and preserves save/context: OK
AUDIT|Slide Canvas|slide medal thresholds remain exact at zero, three, and five fish: OK
AUDIT|Slide Canvas|bounded return guard is clear before Penguin and race regressions: OK
AUDIT|Slide Canvas|Penguin chase remains the non-Canvas shared slide course: OK
AUDIT|Slide Canvas|Penguin chase retains ordinary raw axis and d-pad bookkeeping: OK
AUDIT|Slide Canvas|Penguin cleanup restores its captured world context: OK
AUDIT|Slide Canvas|game equals race still builds only the shared play-place course: OK
AUDIT|Slide Canvas|game=race retains ordinary raw axis and d-pad bookkeeping: OK
AUDIT|Slide Canvas|shared race cleanup leaves no fish Canvas or context drift: OK
AUDIT|Harper/Fiona Canvas trusted suite: OK
AUDIT|Aquatic patrol terrain clearance: OK
AUDIT|Seek Canvas authored atlas and v5 meadow art: OK
AUDIT|Critter Book: OK
AUDIT|Evie and Lamb-a' [seek]: WON cutaway=true wall_s=0.7
AUDIT|Slide Canvas|fade reveal restores input only at the real callback boundary: OK
AUDIT|Slide Canvas|bounded first active tick retires the startup release guard: OK
AUDIT|Slide Canvas|near-finish held RIGHT_X and D-pad cannot outlast the remaining ride: OK
AUDIT|Slide Canvas|release requires one frozen and one retiring neutral poll before resuming: OK
AUDIT|Slide Canvas|5-fish completion return guard freezes world through fade and nested context loss: OK
AUDIT|Slide Canvas|5-fish completion guard terminals retire Melody sources before any context loss: OK
AUDIT|Slide Canvas|5-fish completion neutral frame two remains Player-frozen until deferred retirement: OK
AUDIT|Slide Canvas|5-fish completion only a fresh next-frame gesture moves after quarantine: OK
AUDIT|Harper and Fiona [slide]: WON cutaway=true wall_s=2.4
AUDIT|Faron [dolls]: WON cutaway=false wall_s=2.1
AUDIT|Rainbow Canvas theater: OK
AUDIT|Daddy Mermaid [melody]: WON cutaway=true wall_s=3.0
AUDIT|Wacky and Chuck [fetch]: WON cutaway=true wall_s=2.2
AUDIT|Toy Castle [brawl]: WON co-op
AUDIT|Can of Beans: OK
AUDIT|Tank idle rig: OK sprite=true swimming=true
AUDIT|Animal tanks: OK turtle freed and saved
AUDIT|Level 2 entry: OK
AUDIT|Level 2 three-screen promenade: OK targets=4
AUDIT|Level 2 castle Sprite2D stage: OK game=level2 phase=hall mg_kind= stars_got=0 l2_open=false
AUDIT|retired 3D castle absent: OK
AUDIT|castle physical doors plus single global Back: OK
AUDIT|Royal Hall Crown finish: OK
AUDIT|save file: OK
AUDIT|retired reef finale stays dormant: OK
AUDIT|persisted wins: 5/5
AUDIT|total wall time: 17.1s
PROBE probe_audit process exit: 0
=== probe_passive ===
Godot Engine v4.7.2.stable.official.ed1daf0bf - https://godotengine.org

PASSIVE|boot OK
PASSIVE|Day One snapshot contract: OK serialized fields covered
PASSIVE|Critter Book: OK not collected
PASSIVE|Evie and Lamb-a' [seek]: OK active and unrewarded at 60s
PASSIVE|Harper and Fiona [slide]: OK active and unrewarded at 60s
PASSIVE|Faron [dolls]: OK active and unrewarded at 60s
PASSIVE|Daddy Mermaid [melody]: OK active and unrewarded at 60s
PASSIVE|Wacky and Chuck [fetch]: OK active and unrewarded at 60s
PASSIVE|Pearl Shop agency: OK idle/held safe; fresh press buys once
PASSIVE|Penguin Slide agency: OK passive restarts; exits are neutral
PASSIVE|Fairy agency: OK terminal bloom waits for a fresh verb
PASSIVE|Toy Castle agency: OK Huluu stuns, only Roshan's tap pops
PASSIVE|Stuffie patient care: OK present, unchanged, and optional after 181s
PASSIVE|Water FX: OK ambient channels proc nothing
PASSIVE|result: ALL OK
PROBE probe_passive process exit: 0
=== probe_living_world ===
Godot Engine v4.7.2.stable.official.ed1daf0bf - https://godotengine.org

LIVING|complete_stage_count: OK catalog=100 expected=100
LIVING|exact_stage_inventory: OK
LIVING|retired Opera boss stages are absent from the living-world catalog: OK
LIVING|stage_group_coverage: OK {"castle_room":13,"combat":2,"dance":1,"ember":1,"ember_dungeon":6,"entry":1,"galaxy":2,"ice_dungeon":10,"kart":2,"minigame":12,"north":7,"opera_act":15,"overlay":6,"picture_game":4,"reef":6,"sky_legacy":8,"sky_promenade":3,"stuffie":1}
LIVING|two_ambient_plus_one_idle_contract: OK ambient=200 idle=100
LIVING|dynamic_builder_tables_covered: OK
LIVING|living-world Castle identity follows every real career room: OK
LIVING|living-world Opera fixture uses the room-owned production entry: OK
LIVING|sparse Nursery save slot routes to opera act fifteen: OK
LIVING|living-world Opera route exits through product teardown: OK
LIVING|every_stage_enters_and_idles: OK events=100 expected=100 generations=313
LIVING|passive_idle_never_awards_progress: OK
LIVING|reentry_node_and_tween_bounds: OK tweens=2 baseline=2
LIVING|real_input_resets_idle: OK touch=true key=true axis=true stick=true interaction=true button=true
LIVING|long_idle_bounded_repeats: OK events=7 counts={"canvases":1,"layers":1,"particles":0,"timers":0,"tweens":0}
LIVING|long_idle_stays_passive: OK
LIVING|stage_exit_cleanup: OK
LIVING|setup_idempotent: OK
LIVING|result: ALL OK
PROBE probe_living_world process exit: 0
=== probe_load ===
Godot Engine v4.7.2.stable.official.ed1daf0bf - https://godotengine.org

save debounce cap (>4.0s forced flush): OK
loaded trophies: 0/5  finale_done: false
crafted fish data restored: 1
released tank friend data restored: turtle
Critter Book restored: coral_clownfish
castle logo restored: purple puppy
legacy resting companion recovered intact on first launch
sparse Opera mask restored intact on first launch
legacy Butterfly World access grandfathered on first launch
legacy companion save rewrote only the retired resting flag
legacy resting companion recovered intact on second launch
sparse Opera mask restored intact on second launch
legacy Butterfly World access grandfathered on second launch
Day One Continue lands in a live bathroom (60/60 world frames, no rebuilds)
Day One empty-world watchdog converges once (no per-frame rebuild)
PROBE probe_load process exit: 0
=== probe_rank ===
Godot Engine v4.7.2.stable.official.ed1daf0bf - https://godotengine.org

RANK|boot OK
RANK|fresh state: OK no medals
RANK|tier math: OK 47 threshold cases
RANK|evaluate purity: OK
RANK|legacy friend badge: OK detach + free + idempotent cleanup
RANK|Canvas medal tally: OK exact non-reading glyph counts
RANK|upgrade-only: OK bronze->gold sticks through a worse replay
RANK|award feedback: OK bounded Canvas burst + rapid replacement
RANK|award feedback lifecycle: OK teardown + clean re-entry
RANK|fetch win medal: OK tier 3
RANK|hud tally: OK
RANK|save round trip: OK medals + won intact
RANK|result: ALL OK
PROBE probe_rank process exit: 0
=== probe_save_recovery ===
Godot Engine v4.7.2.stable.official.ed1daf0bf - https://godotengine.org

SAVE_RECOVERY|OK: primary created
SAVE_RECOVERY|OK: backup created on first write
SAVE_RECOVERY|OK: schema version added
SAVE_RECOVERY|OK: unknown dictionary preserved
SAVE_RECOVERY|OK: Classic touch preference serialized
SAVE_RECOVERY|OK: unknown array preserved
SAVE_RECOVERY|OK: dungeon checkpoint serialized
SAVE_RECOVERY|OK: raw sparse Opera mask serialized
SAVE_RECOVERY|OK: Opera progress counts only live bits
SAVE_RECOVERY|OK: new primary installed
SAVE_RECOVERY|OK: backup retains last known-good primary
SAVE_RECOVERY|OK: Hybrid touch preference serialized
SAVE_RECOVERY|OK: touch rollback preference survives in backup
SAVE_RECOVERY|OK: unknown key survives another write
SAVE_RECOVERY|OK: dungeon completion serialized and clamped
SAVE_RECOVERY|OK: retired Opera bits survive a rewrite
SAVE_RECOVERY|OK: complete Opera progress is thirteen live careers
SAVE_RECOVERY|OK: Opera backup retains prior sparse mask semantics
SAVE_RECOVERY|OK: fresh reader reloads dungeon completion
SAVE_RECOVERY|OK: fresh reader reloads effective Opera completion
SAVE_RECOVERY|OK: fresh reader reloads touch preference
SAVE_RECOVERY|OK: old save receives additive Teacher learning defaults
SAVE_RECOVERY|OK: old save receives empty Teacher lesson checkpoint
SAVE_RECOVERY|OK: Teacher learning progress survives JSON disk round-trip
SAVE_RECOVERY|OK: Teacher lesson checkpoint survives JSON disk round-trip
SAVE_RECOVERY|OK: Teacher save normalization preserves unrelated keys
SAVE_RECOVERY|OK: invalid Teacher checkpoint heals without losing unrelated keys
SAVE_RECOVERY|OK: invalid Teacher checkpoint heals without losing unrelated keys
SAVE_RECOVERY|OK: invalid Teacher checkpoint heals without losing unrelated keys
SAVE_RECOVERY|OK: invalid Teacher checkpoint heals without losing unrelated keys
SAVE_RECOVERY|OK: truncated primary found a clean recovery copy
SAVE_RECOVERY|OK: backup selected after truncation
SAVE_RECOVERY|OK: backup progress recovered
SAVE_RECOVERY|OK: backup dungeon checkpoint recovered
SAVE_RECOVERY|OK: primary repaired from backup
SAVE_RECOVERY|OK: repaired primary is readable
SAVE_RECOVERY|OK: wrong known type falls back to clean backup
SAVE_RECOVERY|OK: incomplete primary falls back to complete backup
SAVE_RECOVERY|OK: noncritical damage keeps newer primary
SAVE_RECOVERY|OK: noncritical repair preserves newer progress
SAVE_RECOVERY|OK: invalid touch preference repairs to Hybrid
SAVE_RECOVERY|OK: future schema recognized
WARNING: SaveState: writes disabled — the save on disk uses a newer schema than this build; the newer save is preserved and progress stays in memory
   at: push_warning (core/variant/variant_utility.cpp:1033)
   GDScript backtrace (most recent call first):
       [0] write_save (res://scripts/save_state.gd:236)
       [1] _init (res://scripts/probe_save_recovery.gd:176)
SAVE_RECOVERY|OK: write against a future primary reports failure
SAVE_RECOVERY|OK: fresh writer leaves future schema byte-for-byte untouched
SAVE_RECOVERY|OK: future backup outranks older clean temp
SAVE_RECOVERY|OK: baseline write succeeds
SAVE_RECOVERY|OK: stale future temp does not disable writes
SAVE_RECOVERY|OK: write landed despite stale future temp
SAVE_RECOVERY|OK: stale future temp does not hijack load selection
SAVE_RECOVERY|OK: core-quartet fixture written
SAVE_RECOVERY|OK: save missing a newly-added key is still clean
SAVE_RECOVERY|OK: missing key restored with its default
SAVE_RECOVERY|OK: pre-Critter-Book save defaults critters without demotion
SAVE_RECOVERY|OK: pre-touch-mode save defaults to Hybrid
SAVE_RECOVERY|OK: no demotion: newest progress kept
SAVE_RECOVERY|OK: pre-Geologist save defaults geology checkpoint to empty
SAVE_RECOVERY|OK: Geologist checkpoint fixture written
SAVE_RECOVERY|OK: valid Geologist checkpoint survives JSON disk round-trip
SAVE_RECOVERY|OK: checkpoint and save preserve unrelated keys
SAVE_RECOVERY|OK: invalid Geologist checkpoint schema heals to empty
SAVE_RECOVERY|OK: invalid checkpoint healing retains unrelated key
SAVE_RECOVERY|OK: invalid Geologist checkpoint schema heals to empty
SAVE_RECOVERY|OK: invalid checkpoint healing retains unrelated key
SAVE_RECOVERY|OK: invalid Geologist checkpoint schema heals to empty
SAVE_RECOVERY|OK: invalid checkpoint healing retains unrelated key
SAVE_RECOVERY|OK: invalid Geologist checkpoint schema heals to empty
SAVE_RECOVERY|OK: invalid checkpoint healing retains unrelated key
SAVE_RECOVERY|OK: invalid Geologist checkpoint schema heals to empty
SAVE_RECOVERY|OK: invalid checkpoint healing retains unrelated key
SAVE_RECOVERY|OK: invalid Geologist checkpoint schema heals to empty
SAVE_RECOVERY|OK: invalid checkpoint healing retains unrelated key
SAVE_RECOVERY|OK: invalid Geologist checkpoint schema heals to empty
SAVE_RECOVERY|OK: invalid checkpoint healing retains unrelated key
SAVE_RECOVERY|OK: invalid Geologist checkpoint schema heals to empty
SAVE_RECOVERY|OK: invalid checkpoint healing retains unrelated key
SAVE_RECOVERY|OK: archive fixture baseline write succeeds
SAVE_RECOVERY|OK: New Game installs a fresh save
SAVE_RECOVERY|OK: before-New-Game archive preserves unknown fields
SAVE_RECOVERY|OK: before-New-Game archive keeps the prior generation
SAVE_RECOVERY|OK: fresh New Game backup is newer than the archive
WARNING: SaveState: no clean before-New-Game archive is available to restore
   at: push_warning (core/variant/variant_utility.cpp:1033)
   GDScript backtrace (most recent call first):
       [0] restore_new_game_archive (res://scripts/save_state.gd:380)
       [1] _init (res://scripts/probe_save_recovery.gd:315)
SAVE_RECOVERY|OK: corrupt before-New-Game archive is refused
SAVE_RECOVERY|OK: clean before-New-Game archive restores transactionally
SAVE_RECOVERY|OK: archive restore keeps progress and unknown fields
SAVE_RECOVERY|OK: archive restore generation outranks the fresh backup
SAVE_RECOVERY|RESULT: ALL OK
PROBE probe_save_recovery process exit: 0
=== probe_galaxy_state ===
Godot Engine v4.7.2.stable.official.ed1daf0bf - https://godotengine.org

GALAXY_STATE|garden_paths_reject_plants: OK
GALAXY_STATE|garden_fixtures_rehomed_beside_paths: OK
GALAXY_STATE|first_reward_paid: OK
GALAXY_STATE|completed_reward_not_repeated: OK pearls=46 state=play
GALAXY_STATE|completed_world_has_no_quest_rewards: OK got=7 live=0 grand=<null> active=false
GALAXY_STATE|partial_rescue_restored: OK got=1 live=6
GALAXY_STATE|returns_to_ocean_origin: OK distance=0.00
GALAXY_STATE|ocean_return_state_cleared: OK
GALAXY_STATE|real_lagoon_departure_captures_and_tears_down: OK game=galaxy from=level2 master=4864.0 root=false galaxy=@Node3D@867:<Node3D#174969588747>
GALAXY_STATE|real_completed_galaxy_has_no_quest_rewards: OK
GALAXY_STATE|returns_to_closed_lagoon: OK game=level2 open=false
GALAXY_STATE|lagoon_master_route_restored: OK master_x=4864.0
GALAXY_STATE|partial_stars_preserved: OK [true, false, false]
GALAXY_STATE|lagoon_canvas_restored: OK
GALAXY_STATE|closed_return_state_cleared: OK
GALAXY_STATE|returns_to_open_lagoon: OK open=true master_x=1792.0
GALAXY_STATE|open_return_state_cleared: OK
GALAXY_STATE|RESULT: ALL OK
PROBE probe_galaxy_state process exit: 0
=== probe_collection ===
Godot Engine v4.7.2.stable.official.ed1daf0bf - https://godotengine.org

COLLECTION|OK|catalog has 18 species
COLLECTION|OK|Ocean Reef roster has three native fish
COLLECTION|OK|all species ids are unique
COLLECTION|OK|all species retain 2D-safe definitions
COLLECTION|OK|passive play earns no critters
COLLECTION|OK|nearby CATCH tap records species
COLLECTION|OK|catch count advances exactly once
COLLECTION|OK|catch is written immediately
COLLECTION|OK|Critter Book touch overlay opens
COLLECTION|OK|icon category tabs switch pages
COLLECTION|OK|Sky Lagoon context activates
COLLECTION|OK|Lagoon spawns meadow, river and alpine rosters
COLLECTION|OK|environment-specific habitats are represented
COLLECTION|RESULT|ALL OK
