=== probe_load ===
Godot Engine v4.7.2.stable.official.ed1daf0bf - https://godotengine.org

save debounce cap (>4.0s forced flush): OK
loaded trophies: 0/5  finale_done: false
crafted fish data restored: 1
released tank friend data restored: turtle
Critter Book restored: coral_clownfish
castle logo restored: purple puppy
legacy resting companion recovered intact on first launch
sparse Opera mask restored intact on first launch
legacy Butterfly World access grandfathered on first launch
legacy companion save rewrote only the retired resting flag
legacy resting companion recovered intact on second launch
sparse Opera mask restored intact on second launch
legacy Butterfly World access grandfathered on second launch
Day One Continue lands in a live bathroom (60/60 world frames, no rebuilds)
Day One empty-world watchdog converges once (no per-frame rebuild)
PROBE probe_load process exit: 0
=== probe_collection ===
Godot Engine v4.7.2.stable.official.ed1daf0bf - https://godotengine.org

COLLECTION|OK|catalog has 18 species
COLLECTION|OK|Ocean Reef roster has three native fish
COLLECTION|OK|all species ids are unique
COLLECTION|OK|all species retain 2D-safe definitions
COLLECTION|OK|passive play earns no critters
COLLECTION|OK|nearby CATCH tap records species
COLLECTION|OK|catch count advances exactly once
COLLECTION|OK|catch is written immediately
COLLECTION|OK|Critter Book touch overlay opens
COLLECTION|OK|icon category tabs switch pages
COLLECTION|OK|Sky Lagoon context activates
COLLECTION|OK|Lagoon spawns meadow, river and alpine rosters
COLLECTION|OK|environment-specific habitats are represented
COLLECTION|RESULT|ALL OK
WARNING: 16 ObjectDB instances were leaked at exit (run with `--verbose` for details).
   at: cleanup (core/object/object.cpp:2536)
ERROR: 8 resources still in use at exit (run with --verbose for details).
   at: clear (core/io/resource.cpp:822)
PROBE probe_collection process exit: 0
=== probe_dolls ===
Godot Engine v4.7.2.stable.official.ed1daf0bf - https://godotengine.org

DOLLS|OK|Faron's Dolls friend exists
DOLLS|OK|fresh isolated save has not pre-won Dolls
DOLLS|OK|unowned close preserves another control owner's block
DOLLS|OK|foreign fixture cleanup restores the exact control baseline
DOLLS|OK|entry adds exactly one direct Dolls Canvas child
DOLLS|OK|stage is exactly five nodes with no per-baby scene children
DOLLS|OK|Dolls sits above hidden HUD and below speech and pause
DOLLS|OK|approved 2x2 nursery world tiles are the only backdrop art
DOLLS|OK|known P3 widget placeholders are neither loaded nor displayed
DOLLS|OK|all three approved baby cutouts are active
DOLLS|OK|goal, no-fail and two-second live-input gate are unchanged
DOLLS|OK|picture-first pointer remains while the exact goal clip is missing
DOLLS|OK|cradle focus visibly bobs and pulses without a tween or node
DOLLS|OK|focus and bowl leave Roshan and the falling target unobscured
DOLLS|OK|native nursery panel stays centered, bounded and never upscaled
DOLLS|OK|opaque backing covers the viewport behind the authored panel
DOLLS|OK|selected skin follows the catcher behind every gameplay draw
DOLLS|OK|entry neither mutates game_nodes nor constructs a hidden arena
DOLLS|OK|Dolls exclusively owns and blocks world controls while active
DOLLS|OK|passive fixture uses a center-lane falling baby
DOLLS|OK|center-lane miss rests below every active target and sling
DOLLS|OK|zero input makes two pillow-safe misses and no catch
DOLLS|OK|passive play leaves all persistent progress unchanged
DOLLS|OK|runtime mirrors the exact miss metric and picture pip count
DOLLS|OK|passive dictionaries stay bounded without child growth
DOLLS|OK|a safe miss invokes the exact rate-limited Faron cue
DOLLS|OK|after two misses the next baby is nearer and slower
DOLLS|OK|neutral exit synchronously detaches Dolls only
DOLLS|OK|neutral exit frees the complete five-node subtree
DOLLS|OK|neutral exit is neither a win nor an award
DOLLS|OK|rapid rebuild replaces, rather than duplicates, the Canvas layer
DOLLS|OK|rapidly replaced layer is freed on the next frame
DOLLS|OK|entry adds exactly one direct Dolls Canvas child
DOLLS|OK|stage is exactly five nodes with no per-baby scene children
DOLLS|OK|Dolls sits above hidden HUD and below speech and pause
DOLLS|OK|approved 2x2 nursery world tiles are the only backdrop art
DOLLS|OK|known P3 widget placeholders are neither loaded nor displayed
DOLLS|OK|all three approved baby cutouts are active
DOLLS|OK|goal, no-fail and two-second live-input gate are unchanged
DOLLS|OK|picture-first pointer remains while the exact goal clip is missing
DOLLS|OK|cradle focus visibly bobs and pulses without a tween or node
DOLLS|OK|focus and bowl leave Roshan and the falling target unobscured
DOLLS|OK|native nursery panel stays centered, bounded and never upscaled
DOLLS|OK|opaque backing covers the viewport behind the authored panel
DOLLS|OK|selected skin follows the catcher behind every gameplay draw
DOLLS|OK|entry neither mutates game_nodes nor constructs a hidden arena
DOLLS|OK|Dolls exclusively owns and blocks world controls while active
DOLLS|OK|real press, drag, and release completes the three-doll verb
DOLLS|OK|missed count flows into the exact saved medal tier
DOLLS|OK|first win awards exactly one trophy and persists Faron
DOLLS|OK|win removes Dolls and restores controls without game-node mutation
DOLLS|OK|win teardown frees its layer and surface
DOLLS|OK|post-win re-entry starts one fresh zeroed surface
DOLLS|OK|fresh one-finger replay catches three with no miss
DOLLS|OK|better replay upgrades to gold without duplicating the trophy
DOLLS|OK|replay teardown is clean and leaves no duplicate Dolls layer
DOLLS|result: ALL OK
WARNING: 16 ObjectDB instances were leaked at exit (run with `--verbose` for details).
   at: cleanup (core/object/object.cpp:2536)
ERROR: 8 resources still in use at exit (run with --verbose for details).
   at: clear (core/io/resource.cpp:822)
PROBE probe_dolls process exit: 0
=== probe_l2 ===
Godot Engine v4.7.2.stable.official.ed1daf0bf - https://godotengine.org

LAGOONCANVAS|canonical_layout_manifest_loads|OK
LAGOONCANVAS|promenade_phase|OK
LAGOONCANVAS|canvas_stage_authority|OK
LAGOONCANVAS|lagoon_root_has_zero_spatial_descendants|OK|count=0
LAGOONCANVAS|exact_canvas_holder_contract|OK
LAGOONCANVAS|full_layer_order_-1_0_6_8_9_12_29_30|OK
LAGOONCANVAS|approved_source_assets_resolve|OK
LAGOONCANVAS|native_master_is_6144x2048|OK
LAGOONCANVAS|layout_manifest_binds_exact_v5_plate|OK
LAGOONCANVAS|twelve_native_seamless_canvas_tiles|OK|tiles=12 positions=12
LAGOONCANVAS|castle_authored_pixels_stay_inside_master_frame|OK|bounds=[P: (4676.584, 362.0073), S: (1190.53, 1197.638)]
LAGOONCANVAS|castle_bridge_tip_anchors_to_foreground_stone_landing|OK|actual=(5091.196, 1559.645) expected=(5091.197, 1559.645)
LAGOONCANVAS|castle_bridge_support_edge_bears_on_foreground_stone_landing|OK|samples=6 span=115.103 inside=true
LAGOONCANVAS|castle_facade_rejects_procedural_mesh_grime|OK|landmark_primitive_count=0
LAGOONCANVAS|eight_canvas_holders_have_exact_order_and_audit_ids|OK|ids=["base", "rear_geography", "rear_atmosphere", "landmarks", "interactive", "actors", "foreground_geography", "foreground_lighting"] z=[-500, -400, -400, -300, 0, 100, 300, 300] relative_z=[(0, 0), (0, 0), (0, 0), (0, 0), (-1, 4), (-1, 0), (0, 0), (0, 0)]
LAGOONCANVAS|playground_actor_castle_share_locked_mural_socket|OK|before=[(0.0, 0.0), (0.0, 0.0), (0.0, 0.0), (0.0, 0.0), (0.0, 0.0), (0.0, 0.0)] after=[(0.0, 0.0), (0.0, 0.0), (0.0, 0.0), (0.0, 0.0), (0.0, 0.0), (0.0, 0.0)]
LAGOONCANVAS|unsupported_path_tree_is_absent_and_dressing_is_truthful|OK|rear={ "count": 0, "bounds": [P: (0.0, 0.0), S: (0.0, 0.0)] } rejected={ "enabled": false, "path": "res://assets/sprites/sky_lagoon/sky_lagoon_tree_sticker_tall_v1.png", "sha256": "6c5ea2b3a6ba843e191d88b7a96b81f9cb203813d09f456e1adfa86e5664a98a", "role": "unsupported_new_dressing", "rejection_reason": "No source-object socket exists in the v5 plate; both legacy transforms occlude the scenic mountain path." } foreground={ "count": 1, "bounds": [P: (2240.265, 724.559), S: (146.9692, 219.632)] }/res://assets/sprites/sky_lagoon/sky_lagoon_tree_sticker_slender_v1.png/(5750.0, 1335.0)
LAGOONCANVAS|atmosphere_and_sprite2d_lighting_keep_independent_owners|OK|rear=["SkyLagoonRearCloud"] foreground=[]
LAGOONCANVAS|two_real_parallax_motion_classes|OK|rear=184.320/1 foreground=-61.440/0
LAGOONCANVAS|master_screen_roundtrip_uses_production_camera2d|OK
LAGOONCANVAS|mural_transform_covers_each_phone_screen|OK|1024=1.000/[P: (0.0, 0.0), S: (3840.0, 1280.0)];3072=1.000/[P: (-1280.0, 0.0), S: (3840.0, 1280.0)];5120=1.000/[P: (-2560.0, 0.0), S: (3840.0, 1280.0)]
LAGOONCANVAS|exact_five_target_roster|OK
LAGOONCANVAS|target_canvas_metadata_and_touch_budget|OK
LAGOONCANVAS|target_affordance_categories|OK
LAGOONCANVAS|production_canvas_target_resolver|OK
LAGOONCANVAS|target_actual_display_footprints|OK
LAGOONCANVAS|selected_focus_cues_are_readable_attached_and_contrasting|OK|castle_gate=145.1x166.3 center=0.00 a=0.91;seesaw=134.4x156.8 tip=0.00 center=78.40 a=0.91;slide=132.0x154.0 tip=0.00 center=77.00 a=0.91;swing=132.0x154.0 tip=0.00 center=77.00 a=0.91
LAGOONCANVAS|idle_focus_cues_are_subtle_not_ghost_objects|OK
LAGOONCANVAS|unique_focus_assets_do_not_clone_target_pixels|OK
LAGOONCANVAS|toy_first_touch_focus_second_touch_play|OK
LAGOONCANVAS|route_motion_uses_land_frames_in_both_directions|OK
LAGOONCANVAS|route_contact_anchor_stays_on_painted_ground|OK|max_error=0.0000
LAGOONCANVAS|route_shadow_tracks_semantic_contact_anchor|OK|max_error=0.0000
LAGOONCANVAS|play_actions_verify_visible_actor_equipment_contact|OK|slide=steps163 frames4 contacttrue rot0.000 anchor0.000 step13.672 cleanuptrue,swing=steps169 frames4 contacttrue rot0.200 anchor0.000 step0.000 cleanuptrue,seesaw=steps175 frames4 contacttrue rot0.105 anchor0.000 step0.000 cleanuptrue
LAGOONCANVAS|play_actions_preserve_authored_contact_anchors|OK|slide=steps163 frames4 contacttrue rot0.000 anchor0.000 step13.672 cleanuptrue,swing=steps169 frames4 contacttrue rot0.200 anchor0.000 step0.000 cleanuptrue,seesaw=steps175 frames4 contacttrue rot0.105 anchor0.000 step0.000 cleanuptrue
LAGOONCANVAS|slide_ride_uses_downhill_canvas_rotation|OK
LAGOONCANVAS|slide_phases_preserve_position_continuity|OK|slide=steps163 frames4 contacttrue rot0.000 anchor0.000 step13.672 cleanuptrue,swing=steps169 frames4 contacttrue rot0.200 anchor0.000 step0.000 cleanuptrue,seesaw=steps175 frames4 contacttrue rot0.105 anchor0.000 step0.000 cleanuptrue
LAGOONCANVAS|play_actions_reset_inherited_route_facing|OK
LAGOONCANVAS|play_actions_hide_ground_shadow_immediately_on_start|OK
LAGOONCANVAS|play_actions_hide_false_ground_shadow_and_restore_contact|OK
LAGOONCANVAS|play_actions_run_full_temporal_cycle|OK|slide=steps163 frames4 contacttrue rot0.000 anchor0.000 step13.672 cleanuptrue,swing=steps169 frames4 contacttrue rot0.200 anchor0.000 step0.000 cleanuptrue,seesaw=steps175 frames4 contacttrue rot0.105 anchor0.000 step0.000 cleanuptrue
LAGOONCANVAS|play_actions_naturally_settle_and_restore|OK
LAGOONCANVAS|speedy_play_tick_median_under_1ms|OK|samples_usec=[57.5142857142857, 68.2899408284024, 81.239263803681]
LAGOONCANVAS|play_cleanup_restores_single_canvas_actor|OK
LAGOONCANVAS|invalid_play_equipment_recovers_without_stranding_input|OK
LAGOONCANVAS|unfocused_action_remains_visible_canvas_jump|OK
LAGOONCANVAS|canvas_clip_cannot_crop_phone_frame|OK
LAGOONCANVAS|rendered_mural_fills_phone_frame|OK
LAGOONCANVAS|arrival_plane_save_preserves_noninteractive_scenery|OK
LAGOONCANVAS|teardown_is_synchronous_complete_and_idempotent|OK
LAGOONCANVAS|rebuild_after_teardown_has_one_canvas_stage|OK
LAGOONCANVAS|castle_canvas_target_enters_existing_hall|OK
LAGOONCANVAS|retired_reef_has_no_canvas_target|OK
LAGOONCANVAS|legacy_exit_returns_to_live_canvas|OK
LAGOONCANVAS|ALL OK
PROBE probe_l2 process exit: 0
=== probe_crown ===
Godot Engine v4.7.2.stable.official.ed1daf0bf - https://godotengine.org

CROWN|room_shell_open: OK
CROWN|movement_does_not_award: OK
CROWN|legacy_3d_castle_hall_not_built: OK
CROWN|sprite_castle_is_only_interior_route: OK
CROWN|opera_lives_behind_physical_door_not_3d_courtyard: OK
CROWN|canvas2d_world_root: OK
CROWN|direct_canvas_has_no_room_camera: OK
CROWN|world_has_no_spatial_art: OK
CROWN|backdrop_is_unshaded_sprite2d: OK
CROWN|reference_canvas_scale: OK scale=(1.25, 1.25)
CROWN|backdrop_aspect_preserved: OK
CROWN|clean_background_unique_pixel_manifest: OK
CROWN|manifest_sprite2d_node_contract: OK
CROWN|main_hall_manifest_points_to_current_strict_runtime: OK
CROWN|native_2k_environment_gate: OK native >=2K masters reconstruct through exact <=1024 tiles
CROWN|library_mid_layer: OK
CROWN|library_front_layers: OK
CROWN|library_node_inventory: OK
CROWN|library_depth_bands: OK
CROWN|room_item_inventory_matches_source_owned_design: OK
CROWN|room_touch_inventory_matches_design: OK
CROWN|source_owned_v4_items_match_audited_design: OK
CROWN|native_healed_background_routes_match_design: OK
CROWN|all_room_art_uses_sprite2d_contract: OK
CROWN|objects_have_authored_real_depth: OK
CROWN|speedy_visible_card_budget: OK
CROWN|projected_touch_hit_mapping: OK stage=(1036.875, 315.1172) hit=[P: (941.25, 191.7361), S: (191.25, 240.0)]
CROWN|direct_canvas_depth_order: OK back=0 fixture=100
CROWN|touch_navigation_maps_to_walk_lane: OK
CROWN|toilet_waits_for_floor_arrival: OK
CROWN|toilet_action_starts_at_authored_contact: OK
CROWN|toilet_uses_semantic_flush_atlas: OK
CROWN|toilet_uses_bounded_fixture_water_not_generic_overlay: OK
CROWN|toilet_busy_guard: OK
CROWN|toilet_seat_flap_flush_sequence_completes: OK
CROWN|toilet_animation_keeps_fixture_pivot_fixed: OK
CROWN|toilet_flush_sound: OK
CROWN|decorations_do_not_award: OK
CROWN|sorts_behind_midground: OK
CROWN|sorts_in_front_of_midground: OK
CROWN|royal_hall_route_available: OK
CROWN|royal_hall_waits_for_arrival: OK
CROWN|crown_won_flag: OK
CROWN|win_recorded: OK
CROWN|still_in_castle: OK game=level2 phase=hall
CROWN|not_ejected_to_ocean: OK dist=24
CROWN|no_retrigger_teleport: OK
CROWN|front_door_exits: OK phase=promenade
CROWN|done: OK
PROBE probe_crown process exit: 0
=== probe_train ===
Godot Engine v4.7.2.stable.official.ed1daf0bf - https://godotengine.org

TRAIN|Canvas promenade replaces courtyard train: OK
TRAIN|assisted Canvas route moved 2251.8: OK
TRAIN|Canvas promenade clears on castle entry: OK
TRAIN|Canvas promenade rebuilds: OK
=== TRAIN PROBE ALL OK ===
WARNING: 12 ObjectDB instances were leaked at exit (run with `--verbose` for details).
   at: cleanup (core/object/object.cpp:2536)
ERROR: 6 resources still in use at exit (run with --verbose for details).
   at: clear (core/io/resource.cpp:822)
PROBE probe_train process exit: 0
=== probe_touch_stress ===
Godot Engine v4.7.2.stable.official.ed1daf0bf - https://godotengine.org

TOUCHSTRESS|agreement: OK 120 bay gestures, worst direction agreement 1.0000
TOUCHSTRESS|bay_tap_fallthrough: OK press taps, drag steers, never both
TOUCHSTRESS|hold_travel_reservation: OK bay and navigation reserved; former medallion/world free
TOUCHSTRESS|tap_far_left: OK travelled 89.53 master px left, wrong-way excursion 0.000
TOUCHSTRESS|tap_left_of_anchor: OK travelled 90.37 master px left, wrong-way excursion 0.000
TOUCHSTRESS|tap_left_high: OK travelled 87.22 master px left, wrong-way excursion 0.000
TOUCHSTRESS|tap_right: OK travelled 87.22 master px right, wrong-way excursion 0.000
TOUCHSTRESS|hold_left_in_bay: OK travelled 87.22 master px left, wrong-way excursion 0.000
TOUCHSTRESS|drag_left_in_bay: OK travelled 87.30 master px left, wrong-way excursion 0.000
TOUCHSTRESS|drag_right_in_bay: OK travelled 87.22 master px right, wrong-way excursion 0.000
TOUCHSTRESS|no_hidden_action_hold: OK slow world press remained direct-touch only
TOUCHSTRESS|navigation_cancel: OK manual steer and pause clear goal/focus without resume
TOUCHSTRESS|classic_lagoon: OK real taps focus/play; held stick never autowalks; retired Reef stays closed
TOUCHSTRESS|churn_agreement: OK 240 randomized events, no inverted frame
TOUCHSTRESS|churn_hygiene: OK router returned to rest
TOUCHSTRESS|ALL OK
PROBE probe_touch_stress process exit: 0
=== probe_ui_system ===
Godot Engine v4.7.2.stable.official.ed1daf0bf - https://godotengine.org

UI_SYSTEM|OK|main.gd uses a shared Storybook HUD surface
UI_SYSTEM|OK|combat_arena.gd uses a shared Storybook HUD surface
UI_SYSTEM|OK|stuffie_battle.gd uses a shared Storybook HUD surface
UI_SYSTEM|OK|dungeon_level.gd uses a shared Storybook HUD surface
UI_SYSTEM|OK|dungeon_puzzle_room.gd uses a shared Storybook HUD surface
UI_SYSTEM|OK|galaxy.gd uses a shared Storybook HUD surface
UI_SYSTEM|OK|ember_fortress.gd uses a shared Storybook HUD surface
UI_SYSTEM|OK|medal_system.gd uses a shared Storybook HUD surface
UI_SYSTEM|OK|menu census covers all 15 child-facing systems
UI_SYSTEM|OK|16th interactive system gives parent Developer Mode Storybook styling
UI_SYSTEM|OK|intro menu uses the audited Storybook contract
UI_SYSTEM|OK|pause menu uses the audited Storybook contract
UI_SYSTEM|OK|craft menu uses the audited Storybook contract
UI_SYSTEM|OK|castle_logo menu uses the audited Storybook contract
UI_SYSTEM|OK|wardrobe menu uses the audited Storybook contract
UI_SYSTEM|OK|stickers menu uses the audited Storybook contract
UI_SYSTEM|OK|critters menu uses the audited Storybook contract
UI_SYSTEM|OK|stuffie_care menu uses the audited Storybook contract
UI_SYSTEM|OK|stuffie_picker menu uses the audited Storybook contract
UI_SYSTEM|OK|castle_rooms menu uses the audited Storybook contract
UI_SYSTEM|OK|kitchen menu uses the audited Storybook contract
UI_SYSTEM|OK|picture_games menu uses the audited Storybook contract
UI_SYSTEM|OK|dance menu uses the audited Storybook contract
UI_SYSTEM|OK|kart_garage menu uses the audited Storybook contract
UI_SYSTEM|OK|castle_careers menu uses the audited Storybook contract
UI_SYSTEM|OK|former flat picture choices share physical button states
UI_SYSTEM|OK|wardrobe try-on feedback stays on its storybook stage
UI_SYSTEM|OK|kart garage exposes direct ride and paint choices
UI_SYSTEM|OK|Pause removes obsolete touch choices and retired-world copy
UI_SYSTEM|OK|point-to-interact keeps the movement pad renderer hidden
UI_SYSTEM|OK|retired player-facing Reef copy stays absent: Back to the reef
UI_SYSTEM|OK|retired player-facing Reef copy stays absent: Reef Celebration
UI_SYSTEM|OK|retired player-facing Reef copy stays absent: Reef Garden
UI_SYSTEM|OK|retired player-facing Reef copy stays absent: REEF BAKE-OFF
UI_SYSTEM|OK|retired player-facing Reef copy stays absent: Queen of the Reef
UI_SYSTEM|OK|retired player-facing Reef copy stays absent: Caribbean reef
UI_SYSTEM|OK|legacy duplicate Stuffie launcher and care panel stay removed
UI_SYSTEM|OK|comfy demos use tappable world friends without overlay badges
UI_SYSTEM|OK|story clips use the single global Back control without a local skip overlay
UI_SYSTEM|OK|Chapter 2 room plots use painted props without an ability overlay
UI_SYSTEM|OK|Opera venue keeps direct painted doors and no local lift or Back controls
UI_SYSTEM|OK|castle rooms use physical doors without elevator or room-action overlays
UI_SYSTEM|OK|Dust Boss uses direct world touch without an overlay control or button-dependent voice
UI_SYSTEM|OK|partner combat has no overlay control or unreachable bubble lesson
UI_SYSTEM|OK|child prompts describe direct world taps, not removed overlay buttons
UI_SYSTEM|OK|typography authority and eight named roles are explicit
UI_SYSTEM|OK|typography role token is complete: display
UI_SYSTEM|OK|typography role mutation stays isolated: display
UI_SYSTEM|OK|typography role token is complete: title
UI_SYSTEM|OK|typography role mutation stays isolated: title
UI_SYSTEM|OK|typography role token is complete: child_control
UI_SYSTEM|OK|typography role mutation stays isolated: child_control
UI_SYSTEM|OK|typography role token is complete: body
UI_SYSTEM|OK|typography role mutation stays isolated: body
UI_SYSTEM|OK|typography role token is complete: adult_caption
UI_SYSTEM|OK|typography role mutation stays isolated: adult_caption
UI_SYSTEM|OK|typography role token is complete: status
UI_SYSTEM|OK|typography role mutation stays isolated: status
UI_SYSTEM|OK|typography role token is complete: numeric_progress
UI_SYSTEM|OK|typography role mutation stays isolated: numeric_progress
UI_SYSTEM|OK|typography role token is complete: decorative_glyph
UI_SYSTEM|OK|typography role mutation stays isolated: decorative_glyph
UI_SYSTEM|OK|picture button has child-size typography, outline, focus, and disabled surfaces
UI_SYSTEM|OK|picture button covers hover, focus, pressed, and disabled text colors
UI_SYSTEM|OK|picture button owns all six state styleboxes locally
UI_SYSTEM|OK|text button owns all six state colors and styleboxes locally
UI_SYSTEM|OK|picture button records its role and font authority
UI_SYSTEM|OK|label helper delegates role wrap and bounded caption typography
UI_SYSTEM|OK|child control and status roles keep the 28px minimum
UI_SYSTEM|OK|TYPE-C child layout contract: res://scripts/craft_studio.gd has style_button(button, "locked" if locked else "secondary", 24, 28)
UI_SYSTEM|OK|TYPE-C child layout contract: res://scripts/craft_studio.gd has style_label(m.craft_status, 21
UI_SYSTEM|OK|TYPE-C child layout contract: res://scripts/craft_studio.gd has known sub-floor child surface
UI_SYSTEM|OK|TYPE-C child layout contract: res://scripts/wardrobe_ui.gd has ROLE_CHILD_CONTROL, 28)
UI_SYSTEM|OK|TYPE-C child layout contract: res://scripts/wardrobe_ui.gd has b.alignment = HORIZONTAL_ALIGNMENT_RIGHT
UI_SYSTEM|OK|TYPE-C child layout contract: res://scripts/wardrobe_ui.gd has bt.alignment = HORIZONTAL_ALIGNMENT_RIGHT
UI_SYSTEM|OK|TYPE-C child layout contract: res://scripts/wardrobe_ui.gd has font_size", 20 if earned else 15
UI_SYSTEM|OK|TYPE-C child layout contract: res://scripts/wardrobe_ui.gd has reserves only 72px
UI_SYSTEM|OK|TYPE-C child layout contract: res://scripts/collection_system.gd has habitat, 28
UI_SYSTEM|OK|TYPE-C child layout contract: res://scripts/collection_system.gd has ROLE_STATUS
UI_SYSTEM|OK|TYPE-C child layout contract: res://scripts/collection_system.gd has habitat.max_lines_visible = 2
UI_SYSTEM|OK|TYPE-C child layout contract: res://scripts/companion.gd has style_button(card, "selected" if id == m.companion_pick_id else "secondary", 24, 24)
UI_SYSTEM|OK|TYPE-C child layout contract: res://scripts/companion.gd has style_label(nm, 26
UI_SYSTEM|OK|TYPE-C child layout contract: res://scripts/companion.gd has style_label(atk, 24
UI_SYSTEM|OK|TYPE-C child layout contract: res://scripts/companion.gd has style_label(asis, 27
UI_SYSTEM|OK|TYPE-C child layout contract: res://scripts/games/dance_engine.gd has magic_label, 28
UI_SYSTEM|OK|TYPE-C child layout contract: res://scripts/games/dance_engine.gd has ROLE_STATUS
UI_SYSTEM|OK|TYPE-C child layout contract: res://scripts/games/dance_engine.gd has magic_label.max_lines_visible = 1
UI_SYSTEM|OK|TYPE-C child layout contract: res://scripts/main.gd has hint, 24
UI_SYSTEM|OK|TYPE-C child layout contract: res://scripts/main.gd has hint.mouse_filter = Control.MOUSE_FILTER_IGNORE
UI_SYSTEM|OK|TYPE-C rejects sub-floor child call: m.craft_status, 30
UI_SYSTEM|OK|TYPE-C rejects sub-floor child call: StorybookUI.style_button(button, "locked" if locked else "secondary", 30,
UI_SYSTEM|OK|TYPE-C rejects sub-floor child call: font_size", 20)
UI_SYSTEM|OK|TYPE-C rejects sub-floor child call: font_size", 15)
UI_SYSTEM|OK|TYPE-C rejects sub-floor child call: habitat, 22
UI_SYSTEM|OK|TYPE-C rejects sub-floor child call: card, "selected" if id == m.companion_pick_id else "secondary", 30
UI_SYSTEM|OK|TYPE-C rejects sub-floor child call: style_label(atk, 28
UI_SYSTEM|OK|TYPE-C rejects sub-floor child call: style_label(nm, 30
UI_SYSTEM|OK|TYPE-C rejects sub-floor child call: style_label(asis, 30
UI_SYSTEM|OK|TYPE-C rejects sub-floor child call: magic_label, 24
UI_SYSTEM|OK|TYPE-C rejects sub-floor child call: style_hud_label(hint, 28
UI_SYSTEM|OK|TYPE-C adult-caption exception is explicit: ROLE_ADULT_CAPTION
UI_SYSTEM|OK|TYPE-C adult-caption exception is explicit: adult_caption_voice_picture_redundant
UI_SYSTEM|OK|TYPE-C adult-caption exception is explicit: m.intro_text.max_lines_visible = 3
UI_SYSTEM|OK|TYPE-C adult-caption exception is explicit: ROLE_STATUS
UI_SYSTEM|OK|TYPE-C adult-caption exception is explicit: This warning protects the child's saved progress
UI_SYSTEM|OK|TYPE-C adult-caption exception is explicit: note.max_lines_visible = 3
UI_SYSTEM|OK|save warning is not misclassified as adult caption
UI_SYSTEM|OK|comfy evening defaults safely with its future reward locked and unverified
UI_SYSTEM|OK|completed hide-and-seek saves migrate into the resumable family evening
UI_SYSTEM|OK|dinner, movie, and tuck-in completion unlock the saved future reward placeholder
UI_SYSTEM|OK|comfy evening uses castle-world targets with voice-backed resumable saves
UI_SYSTEM|OK|picture intro has one obvious next action
UI_SYSTEM|OK|intro next is a 150px-class target
UI_SYSTEM|OK|intro narration repeat is thumb-sized
UI_SYSTEM|OK|intro skip is thumb-sized
UI_SYSTEM|OK|intro skip requires a deliberate hold
UI_SYSTEM|OK|intro has four non-reading page pips
UI_SYSTEM|OK|picture intro uses the recovered shell crest
UI_SYSTEM|OK|free roam hides irrelevant persistent totals
UI_SYSTEM|OK|free roam hides the legacy sentence objective
UI_SYSTEM|OK|global navigation owns one 112px target
UI_SYSTEM|OK|global navigation is the single upper-left Menu control at the root
UI_SYSTEM|OK|Sky Lagoon root has exactly one visible Button game-wide
UI_SYSTEM|OK|the persistent Pause corner is removed
UI_SYSTEM|OK|the fixed jump/action bubble is removed
UI_SYSTEM|OK|Menu is Sky Lagoon-root-only and Back has a game-wide activity fallback
UI_SYSTEM|OK|retired Reef is absent from the navigation stack
UI_SYSTEM|OK|Menu sheet stays below the sole navigation control and transition fade
UI_SYSTEM|OK|resume is the dominant 300x140 action
UI_SYSTEM|OK|sticker tile is thumb-sized
UI_SYSTEM|OK|Critter Book is reachable from Menu
UI_SYSTEM|OK|Stuffie care is reachable from Menu
UI_SYSTEM|OK|Menu omits secondary settings and developer controls
UI_SYSTEM|OK|Menu sheet carries the storybook panel
UI_SYSTEM|OK|pause sheet has no movement-mode decision
UI_SYSTEM|OK|movement pad stays off-screen in point-to-interact play
UI_SYSTEM|OK|activity exit uses neutral-back semantics
UI_SYSTEM|OK|bare Sky Lagoon Pause fallback never advertises the retired Reef
UI_SYSTEM|OK|Sky Lagoon local activity Pause closes locally before leaving
UI_SYSTEM|OK|resume restores normal overlay order
UI_SYSTEM|OK|craft uses only global Back
UI_SYSTEM|OK|craft finish is a 150px-class primary action
UI_SYSTEM|OK|craft exposes three picture part selectors
UI_SYSTEM|OK|craft shows one nine-choice palette row
UI_SYSTEM|OK|craft studio carries the shared shell crest
UI_SYSTEM|OK|craft swatch is at least 110x110
UI_SYSTEM|OK|craft swatch is at least 110x110
UI_SYSTEM|OK|craft swatch is at least 110x110
UI_SYSTEM|OK|craft swatch is at least 110x110
UI_SYSTEM|OK|craft swatch is at least 110x110
UI_SYSTEM|OK|craft swatch is at least 110x110
UI_SYSTEM|OK|craft swatch is at least 110x110
UI_SYSTEM|OK|craft swatch is at least 110x110
UI_SYSTEM|OK|the same upper-left control becomes Back inside craft
UI_SYSTEM|OK|global Back closes craft through its existing safe teardown
UI_SYSTEM|OK|castle logo uses only global Back
UI_SYSTEM|OK|castle logo finish is a 150px-class primary action
UI_SYSTEM|OK|castle logo offers five solid paints plus rainbow
UI_SYSTEM|OK|castle logo offers eight child-readable picture marks
UI_SYSTEM|OK|castle logo has a live emblem preview in the shared shell frame
UI_SYSTEM|OK|castle logo paint is at least 110x110
UI_SYSTEM|OK|castle logo paint is at least 110x110
UI_SYSTEM|OK|castle logo paint is at least 110x110
UI_SYSTEM|OK|castle logo paint is at least 110x110
UI_SYSTEM|OK|castle logo paint is at least 110x110
UI_SYSTEM|OK|castle logo paint is at least 110x110
UI_SYSTEM|OK|wardrobe uses only global Back
UI_SYSTEM|OK|wardrobe finish is thumb-sized
UI_SYSTEM|OK|wardrobe carries the shared shell-and-pearl frame
UI_SYSTEM|OK|wardrobe choices are backed by three existing character previews
UI_SYSTEM|OK|real look pick refreshes the preview, selection, skin, and twirl
UI_SYSTEM|OK|look pick shows one 14-element burst centred on the preview
UI_SYSTEM|OK|look pick adds no off-overlay particle request
UI_SYSTEM|OK|rapid look pick replaces the prior burst without overdraw growth
UI_SYSTEM|OK|wardrobe close frees feedback nodes and stops its tween
UI_SYSTEM|OK|wardrobe re-entry starts with a clean feedback layer
UI_SYSTEM|OK|sticker book uses only global Back
UI_SYSTEM|OK|sticker book carries the shared shell crest
UI_SYSTEM|OK|Critter Book uses only global Back
UI_SYSTEM|OK|critter book carries the shared shell crest
UI_SYSTEM|OK|stuffie picker uses only global Back
UI_SYSTEM|OK|stuffie picker has three picture part selectors
UI_SYSTEM|OK|stuffie picker shows one palette at a time
UI_SYSTEM|OK|stuffie swatch is at least 110x110
UI_SYSTEM|OK|stuffie swatch is at least 110x110
UI_SYSTEM|OK|stuffie swatch is at least 110x110
UI_SYSTEM|OK|stuffie swatch is at least 110x110
UI_SYSTEM|OK|stuffie swatch is at least 110x110
UI_SYSTEM|OK|stuffie swatch is at least 110x110
UI_SYSTEM|OK|stuffie swatch is at least 110x110
UI_SYSTEM|OK|stuffie swatch is at least 110x110
UI_SYSTEM|OK|stuffie care has no persistent launcher
UI_SYSTEM|OK|Critter Book has no persistent launcher
UI_SYSTEM|OK|care sheet uses only global Back
UI_SYSTEM|OK|Tamagotchi sheet has a thumb-sized friend switch
UI_SYSTEM|OK|Tamagotchi sheet carries the shared shell-and-pearl treatment
UI_SYSTEM|OK|Tamagotchi sheet shows hearts toward the next growth star
UI_SYSTEM|OK|Tamagotchi sheet exposes five picture care actions
UI_SYSTEM|OK|Tamagotchi care action is at least 110x110
UI_SYSTEM|OK|Tamagotchi care action is at least 110x110
UI_SYSTEM|OK|Tamagotchi care action is at least 110x110
UI_SYSTEM|OK|Tamagotchi care action is at least 110x110
UI_SYSTEM|OK|Tamagotchi care action is at least 110x110
UI_SYSTEM|OK|picture game uses only global Back
UI_SYSTEM|OK|picture games carry the shared Storybook shell header
UI_SYSTEM|RESULT|ALL OK
PROBE probe_ui_system process exit: 0
=== probe_day_one_handoffs ===
Godot Engine v4.7.2.stable.official.ed1daf0bf - https://godotengine.org

DAY_ONE_HANDOFFS|mermaid_pool route cue builds: OK
DAY_ONE_HANDOFFS|mermaid_pool completion creates no forward overlay: OK
DAY_ONE_HANDOFFS|global Back stays upper left with a generous target: OK
DAY_ONE_HANDOFFS|route target remains internal, not button metadata: OK
DAY_ONE_HANDOFFS|completion supplies a short hall-and-door cue: OK
DAY_ONE_HANDOFFS|Back returns to the hall instead of advancing: OK
DAY_ONE_HANDOFFS|cue teardown preserves the sole global control: OK
DAY_ONE_HANDOFFS|playroom route cue builds: OK
DAY_ONE_HANDOFFS|playroom completion creates no forward overlay: OK
DAY_ONE_HANDOFFS|global Back stays upper left with a generous target: OK
DAY_ONE_HANDOFFS|route target remains internal, not button metadata: OK
DAY_ONE_HANDOFFS|completion supplies a short hall-and-door cue: OK
DAY_ONE_HANDOFFS|Back returns to the hall instead of advancing: OK
DAY_ONE_HANDOFFS|cue teardown preserves the sole global control: OK
DAY_ONE_HANDOFFS|craft_room route cue builds: OK
DAY_ONE_HANDOFFS|craft_room completion creates no forward overlay: OK
DAY_ONE_HANDOFFS|global Back stays upper left with a generous target: OK
DAY_ONE_HANDOFFS|route target remains internal, not button metadata: OK
DAY_ONE_HANDOFFS|completion supplies a short hall-and-door cue: OK
DAY_ONE_HANDOFFS|Back returns to the hall instead of advancing: OK
DAY_ONE_HANDOFFS|cue teardown preserves the sole global control: OK
DAY_ONE_HANDOFFS|__royal_hall route cue builds: OK
DAY_ONE_HANDOFFS|__royal_hall completion creates no forward overlay: OK
DAY_ONE_HANDOFFS|global Back stays upper left with a generous target: OK
DAY_ONE_HANDOFFS|route target remains internal, not button metadata: OK
DAY_ONE_HANDOFFS|completion supplies a short hall-and-door cue: OK
DAY_ONE_HANDOFFS|Back returns to the hall instead of advancing: OK
DAY_ONE_HANDOFFS|cue teardown preserves the sole global control: OK
DAY_ONE_HANDOFFS|RESULT: PASS failures=0
PROBE probe_day_one_handoffs process exit: 0
=== probe_dust_bunny_boss ===
Godot Engine v4.7.2.stable.official.ed1daf0bf - https://godotengine.org

BUNNYBOSS|five animation atlases import: OK 
BUNNYBOSS|boss is one animated 2D card: OK 
BUNNYBOSS|idle holds one authored frame: OK 
BUNNYBOSS|jump has four frames: OK 
BUNNYBOSS|jump is a one shot: OK 
BUNNYBOSS|laugh_vulnerable has four frames: OK 
BUNNYBOSS|laugh_vulnerable is a one shot: OK 
BUNNYBOSS|angry has four frames: OK 
BUNNYBOSS|angry is a one shot: OK 
BUNNYBOSS|angry_jump_final has four frames: OK 
BUNNYBOSS|angry_jump_final is a one shot: OK 
BUNNYBOSS|implode has four frames: OK 
BUNNYBOSS|implode is a one shot: OK 
BUNNYBOSS|final angry jump reuses approved angry and jump frames: OK 
BUNNYBOSS|flinch_1 has two distinct reaction frames: OK 
BUNNYBOSS|flinch_1 is a one shot: OK 
BUNNYBOSS|flinch_2 has two distinct reaction frames: OK 
BUNNYBOSS|flinch_2 is a one shot: OK 
BUNNYBOSS|flinch_3 has two distinct reaction frames: OK 
BUNNYBOSS|flinch_3 is a one shot: OK 
BUNNYBOSS|idle loops: OK 
BUNNYBOSS|paint stays unshaded: OK 
BUNNYBOSS|card faces camera: OK 
BUNNYBOSS|card casts no shadow: OK 
BUNNYBOSS|boss scale is larger than regular bunny: OK 
BUNNYBOSS|boss groups registered: OK 
BUNNYBOSS|health starts as three rounds of three taps: OK 
BUNNYBOSS|normal-round dust-plume jump starts: OK 
BUNNYBOSS|three tap sounds use one positional SFX player: OK 
BUNNYBOSS|protected boss rejects taps: OK 
BUNNYBOSS|laugh begins protected: OK 
BUNNYBOSS|head flash opens a short three-tap window: OK 
BUNNYBOSS|tap one has its own flinch and sound: OK 
BUNNYBOSS|tap one returns to exposed laugh: OK 
BUNNYBOSS|tap two has its own stronger flinch and sound: OK 
BUNNYBOSS|tap two returns to exposed laugh: OK 
BUNNYBOSS|tap three has its own final flinch and sound: OK 
BUNNYBOSS|first three taps remove one of three health rounds: OK 
BUNNYBOSS|first damage round recycles through normal anger: OK 
BUNNYBOSS|second round tap 1 accepted: OK 
BUNNYBOSS|second round tap 2 accepted: OK 
BUNNYBOSS|second round tap 3 accepted: OK 
BUNNYBOSS|second damage round starts the faster final round: OK 
BUNNYBOSS|last round replaces anger with the powerful angry jump: OK 
BUNNYBOSS|final-round tell and tap window are faster but fair: OK 
BUNNYBOSS|missed final window resets through angry jump without damage: OK 
BUNNYBOSS|final round tap 1 accepted: OK 
BUNNYBOSS|final round tap 2 accepted: OK 
BUNNYBOSS|final round tap 3 accepted: OK 
BUNNYBOSS|three rounds of three end in the full-speed implosion: OK 
BUNNYBOSS|final wisps remove the card: OK 
BUNNYBOSS|boss art adds no mesh: OK 
BUNNYBOSS|boss art adds no physics body: OK 
BUNNYBOSS|counter cannot hit a shielded head: OK 
BUNNYBOSS|counter opening remains generous in every phase: OK 
BUNNYBOSS|one counter removes exactly one round: OK 
BUNNYBOSS|counter closes immediately against duplicate input: OK 
BUNNYBOSS|counter starts approved first flinch: OK 
BUNNYBOSS|counter retains approved second flinch: OK 
BUNNYBOSS|counter retains approved third flinch: OK 
BUNNYBOSS|counter opening remains generous in every phase: OK 
BUNNYBOSS|one counter removes exactly one round: OK 
BUNNYBOSS|counter closes immediately against duplicate input: OK 
BUNNYBOSS|counter starts approved first flinch: OK 
BUNNYBOSS|counter retains approved second flinch: OK 
BUNNYBOSS|counter retains approved third flinch: OK 
BUNNYBOSS|counter opening remains generous in every phase: OK 
BUNNYBOSS|one counter removes exactly one round: OK 
BUNNYBOSS|counter closes immediately against duplicate input: OK 
BUNNYBOSS|counter starts approved first flinch: OK 
BUNNYBOSS|counter retains approved second flinch: OK 
BUNNYBOSS|counter retains approved third flinch: OK 
BUNNYBOSS|third counter ends in approved implosion: OK 
BUNNYBOSS|result: ALL OK
PROBE probe_dust_bunny_boss process exit: 0
=== probe_combat_tutorial ===
Godot Engine v4.7.2.stable.official.ed1daf0bf - https://godotengine.org

TUTORIAL|the first class readies the Royal Hall gate: OK
TUTORIAL|the class gate is reached through real floor navigation: OK
TUTORIAL|the sparring class starts from the real Royal Hall touch target: OK
TUTORIAL|the Royal Hall door opens the sparring class: OK
TUTORIAL|the grotto is a true Canvas backdrop: OK
TUTORIAL|the reusable guide loads approved TAP and HOLD pictures: OK
TUTORIAL|class begins at the TAP lesson: OK
TUTORIAL|Roshan and the live imp remain in front of the Canvas grotto: OK
TUTORIAL|caption_geometry|(320.0, 626.0)|(640.0, 82.0)
TUTORIAL|the tutorial uses the compact scoped caption strip: OK
TUTORIAL|tutorial never creates the retired JUMP medallion: OK
TUTORIAL|nothing advances without her input: OK
TUTORIAL|her first bop advances to COMBO: OK
TUTORIAL|the 1-2-3 combo pops the imp into the CHARGE lesson: OK
TUTORIAL|a fresh sparring imp waits: OK
TUTORIAL|the prior combo does not hide the new hold demonstration: OK
TUTORIAL|a full charge fells the imp and opens the graduation wave: OK
TUTORIAL|the class has no partner-bubble overlay lesson: OK
TUTORIAL|clearing the wave ends the class: OK
TUTORIAL|the diploma persists: OK
TUTORIAL|the global caption layout is restored: OK
TUTORIAL|the castle hall comes back: OK
TUTORIAL|the Royal Hall reseals after graduation: OK
TUTORIAL|result: ALL OK
PROBE probe_combat_tutorial process exit: 0
=== probe_dungeon ===
Godot Engine v4.7.2.stable.official.ed1daf0bf - https://godotengine.org

DUNGEON|fresh save can enter before finding elemental encounters: OK
DUNGEON|dungeon defines ten rooms: OK
DUNGEON|dungeon mixes four battles with six puzzles: OK
DUNGEON|progress HUD never blocks touch: OK
DUNGEON|first room uses bounded combat scene: OK
DUNGEON|combat arena uses visible dungeon card roles: OK
DUNGEON|combat room cannot win passively: OK
DUNGEON|puzzle gives Roshan spatial controls: OK
DUNGEON|puzzle room stays inside mobile node budget: OK
DUNGEON|puzzle uses modeled pedestals and shell door: OK
DUNGEON|puzzle cannot win passively: OK
DUNGEON|choice 0 reachable by proximity: OK
DUNGEON|choice 2 reachable by proximity: OK
DUNGEON|choice 1 reachable by proximity: OK
DUNGEON|puzzle solution physically opens door: OK
DUNGEON|real puzzle clear saves checkpoint: OK
DUNGEON|home icon returns safely: OK
DUNGEON|next visit resumes at room three: OK
DUNGEON|room 3 uses puzzle engine: OK
DUNGEON|choice 0 reachable by proximity: OK
DUNGEON|choice 1 reachable by proximity: OK
DUNGEON|choice 1 reachable by proximity: OK
DUNGEON|choice 0 reachable by proximity: OK
DUNGEON|puzzle solution physically opens door: OK
DUNGEON|room 4 uses combat engine: OK
DUNGEON|second enemy room is the dust-bunny cleanup: OK
DUNGEON|cleanup room has five animated dust bunnies: OK
DUNGEON|live dust-bunny enemies are 2D sprite cards: OK
DUNGEON|dust bunnies cannot clean themselves: OK
DUNGEON|CLEAN button launches the recovered 2D soap bubbles: OK
DUNGEON|clean hit starts the accepted poof animation: OK
DUNGEON|clean poof removes only after its final sparkle: OK
DUNGEON|room 5 uses puzzle engine: OK
DUNGEON|choice 1 reachable by proximity: OK
DUNGEON|choice 3 reachable by proximity: OK
DUNGEON|choice 0 reachable by proximity: OK
DUNGEON|choice 2 reachable by proximity: OK
DUNGEON|puzzle solution physically opens door: OK
DUNGEON|room 6 uses puzzle engine: OK
DUNGEON|shell targets face the central pearl: OK
DUNGEON|choice 0 reachable by proximity: OK
DUNGEON|choice 2 reachable by proximity: OK
DUNGEON|choice 2 reachable by proximity: OK
DUNGEON|choice 2 reachable by proximity: OK
DUNGEON|puzzle solution physically opens door: OK
DUNGEON|room 7 uses combat engine: OK
DUNGEON|room 8 uses puzzle engine: OK
DUNGEON|choice 0 reachable by proximity: OK
DUNGEON|choice 1 reachable by proximity: OK
DUNGEON|mismatched runes remain visible: OK
DUNGEON|choice 0 reachable by proximity: OK
DUNGEON|choice 2 reachable by proximity: OK
DUNGEON|choice 1 reachable by proximity: OK
DUNGEON|choice 3 reachable by proximity: OK
DUNGEON|puzzle solution physically opens door: OK
DUNGEON|room 9 uses puzzle engine: OK
DUNGEON|choice 0 reachable by proximity: OK
DUNGEON|choice 1 reachable by proximity: OK
DUNGEON|choice 0 reachable by proximity: OK
DUNGEON|choice 0 reachable by proximity: OK
DUNGEON|choice 1 reachable by proximity: OK
DUNGEON|puzzle solution physically opens door: OK
DUNGEON|room 10 uses combat engine: OK
DUNGEON|final boss starts with ice shell phase: OK
DUNGEON|final boss has a readable shell crown fallback: OK
DUNGEON|fire cannot skip frozen-shell lesson: OK
DUNGEON|movement earns the flashing-head counter: OK
DUNGEON|cycle 1 changes action to fire: OK
DUNGEON|cycle 1 returns to ice shell: OK
DUNGEON|movement earns the flashing-head counter: OK
DUNGEON|cycle 2 changes action to fire: OK
DUNGEON|cycle 2 returns to ice shell: OK
DUNGEON|movement earns the flashing-head counter: OK
DUNGEON|cycle 3 changes action to fire: OK
DUNGEON|cycle 3 returns to ice shell: OK
DUNGEON|movement earns the flashing-head counter: OK
DUNGEON|cycle 4 changes action to fire: OK
DUNGEON|dual-element finale resolves: OK
DUNGEON|combat materials are reused: OK
DUNGEON|all ten checkpoints persist: OK
DUNGEON|final room completes dungeon: OK
DUNGEON|completion returns to castle: OK
DUNGEON|result: ALL OK
PROBE probe_dungeon process exit: 0
=== probe_opera_diegetic_paths ===
Godot Engine v4.7.2.stable.official.ed1daf0bf - https://godotengine.org

OPERA_DIEGETIC_PATHS|result: ALL OK (2432 checks, 14 careers, 68 stations, 57 playable phases, 52 authored spurs)
PROBE probe_opera_diegetic_paths process exit: 0
=== probe_opera_gesture_quality ===
Godot Engine v4.7.2.stable.official.ed1daf0bf - https://godotengine.org

GESTURE_QUALITY|result: ALL OK (274 checks)
PROBE probe_opera_gesture_quality process exit: 0
=== probe_bathroom_integration ===
Godot Engine v4.7.2.stable.official.ed1daf0bf - https://godotengine.org

BATHROOM_WORLD|empty Day One bathtub has no swimmer or fill water: OK
BATHROOM_WORLD|sprite stage open: OK
BATHROOM_WORLD|direct canvas has no camera: OK
BATHROOM_WORLD|retired modeled bathroom absent: OK
BATHROOM_WORLD|one child-readable bathtub silhouette: OK false_foreground_left=false false_foreground_right=false real_bathtub=true
BATHROOM_WORLD|audited V4 bathroom registry: OK
BATHROOM_WORLD|source-owned bath touch props: OK expected=5 runtime=5 hotspots=5
BATHROOM_WORLD|zero V3 additions or duplicate props: OK
BATHROOM_WORLD|native bath props own pixels over complete full-frame clean tiles: OK expected_native=true runtime_native=true
BATHROOM_WORLD|unshaded Sprite2D fixtures: OK
BATHROOM_WORLD|fixtures occupy real depth: OK
BATHROOM_WORLD|semantic atlas sequences follow audited timelines and reset: OK
BATHROOM_WORLD|Canvas fixtures add 3x temporal samples and sleep at one idle draw: OK
BATHROOM_WORLD|semantic fixture actions stay bounded and restore roots: OK
BATHROOM_WORLD|fixture actions play exact castle audio: OK
BATHROOM_WORLD|fixture animations reject repeat taps while busy: OK
BATHROOM_WORLD|toilet vortex stays inside the animated bowl cavity: OK spec={ "role": "vortex", "shape": "ellipse", "center": [0.51, 0.615], "radius": [0.12, 0.028], "z_offset": 0.003, "flow_start": 0.08, "render_priority": 1.0, "active_frames": [2.0, 3.0, 4.0], "contact_role": "inside_bowl_cavity", "cavity_bounds_normalized": [0.365, 0.57, 0.29, 0.09], "occlusion_contract": "front_surface_confined_to_inner_bowl_waterline", "deep": [0.3, 0.7, 0.82, 1.0], "shallow": [0.74, 0.95, 0.98, 1.0], "alpha_base": 0.56, "turbulence": 0.52, "edge_foam": 0.18, "flow_speed": 1.25 } bounds=[P: (0.39, 0.587), S: (0.24, 0.056)] cavity=[P: (0.365, 0.57), S: (0.29, 0.09)] water_z=100 sprite_z=100
BATHROOM_WORLD|bathtub water is a soft contained basin layer: OK roles=["fill"] alpha=0.240
BATHROOM_WORLD|filled Day One bathtub reuses the true-swimming bunny: OK
BATHROOM_WORLD|no bathtub-like foreground occluders: OK
BATHROOM_WORLD|free-roaming controls disabled: OK
BATHROOM_WORLD|bubble_bath authored lanes stay in stage and clear fixture bodies: OK
BATHROOM_WORLD|bubble_bath item approaches resolve onto authored lanes: OK
BATHROOM_WORLD|bubble_bath navigation snapshot carries atlas source geometry: OK
BATHROOM_WORLD|live bathtub hotspot starts an approach: OK
BATHROOM_WORLD|bathtub action waits while Roshan approaches: OK
BATHROOM_WORLD|every bathtub interpolation sample stays on clear authored floor: OK
BATHROOM_WORLD|bathtub action begins only at its approach socket: OK
BATHROOM_WORLD|a new real floor tap cancels the queued bathtub action: OK
BATHROOM_WORLD|touch drag release over bathtub requests its shared approach: OK
BATHROOM_WORLD|dragged bathtub action waits for clear path arrival: OK
BATHROOM_WORLD|library authored lanes stay in stage and clear fixture bodies: OK
BATHROOM_WORLD|library item approaches resolve onto authored lanes: OK
BATHROOM_WORLD|library navigation snapshot carries atlas source geometry: OK
BATHROOM_WORLD|playroom authored lanes stay in stage and clear fixture bodies: OK
BATHROOM_WORLD|playroom item approaches resolve onto authored lanes: OK
BATHROOM_WORLD|playroom navigation snapshot carries atlas source geometry: OK
BATHROOM_WORLD|drag release over an in-room physical door waits for arrival: OK
BATHROOM_WORLD|dragged in-room door follows its lane before changing rooms: OK
BATHROOM_WORLD|press held over a hall door cannot arm or enter it: OK
BATHROOM_WORLD|a foreign touch release cannot steal the owned castle drag: OK
BATHROOM_WORLD|a canceled touch drag clears movement and door intent: OK
BATHROOM_WORLD|drag release on a physical door waits for arrival: OK
BATHROOM_WORLD|dragged door route samples stay on the hall network: OK
BATHROOM_WORLD|drag release enters the door after Roshan arrives: OK
BATHROOM_WORLD|RESULT: 0 OK
PROBE probe_bathroom_integration process exit: 0
=== probe_day_one_director ===
Godot Engine v4.7.2.stable.official.ed1daf0bf - https://godotengine.org

DAY_ONE|four-room order: OK
DAY_ONE|only bathroom starts unlocked: OK
DAY_ONE|jobs globally locked: OK
DAY_ONE|future room locked: OK
DAY_ONE|arrival media hook: OK
DAY_ONE|bathroom cannot complete before basket and both scrubs: OK
DAY_ONE|bathroom rescue completion unlocks pool: OK
DAY_ONE|completion cleanup hook: OK
DAY_ONE|wrong activity rejected: OK
DAY_ONE|pool activity completes: OK
DAY_ONE|pool completion derives full cleanup state: OK
DAY_ONE|stuffie activity completes: OK
DAY_ONE|art activity completes: OK
DAY_ONE|every later room emits its own cleanup hook in the same session: OK
DAY_ONE|a repeated room completion never re-emits its cleanup hook: OK
DAY_ONE|all completed and boss glow: OK
DAY_ONE|boss trigger gated and idempotent: OK
DAY_ONE|discovery emits both hooks: OK
DAY_ONE|save keys are additive day-one keys: OK
DAY_ONE|restore normalises ordered rooms: OK
DAY_ONE|restore all rooms derives glow: OK
DAY_ONE|only a terminal save retains the boss latch: OK
DAY_ONE|partial pool progress restores exactly and monotonically: OK
DAY_ONE|later days release jobs and opera: OK
DAY_ONE|RESULT: PASS checks_failed=0
PROBE probe_day_one_director process exit: 0
=== probe_day_one_castle_dressing ===
Godot Engine v4.7.2.stable.official.ed1daf0bf - https://godotengine.org

DAY_ONE_DRESSING|rooms: OK four rooms
DAY_ONE_DRESSING|interior overlay: OK four dirty rooms
DAY_ONE_DRESSING|door handoff: OK no independent glows
DAY_ONE_DRESSING|2D contract: OK
DAY_ONE_DRESSING|two-pin rescue has no duplicate family: OK
DAY_ONE_DRESSING|pool shore bunny: OK one landlocked cutout
DAY_ONE_DRESSING|approved bunny: OK visible room card
DAY_ONE_DRESSING|clean room visibility: OK bunny hidden
DAY_ONE_DRESSING|state update: OK
DAY_ONE_DRESSING|teardown: OK
DAY_ONE_DRESSING|result: ALL OK
PROBE probe_day_one_castle_dressing process exit: 0
=== probe_castle_pool_life_2d ===
Godot Engine v4.7.2.stable.official.ed1daf0bf - https://godotengine.org

CASTLE_POOL_OVERLAY_ABSENCE|no pool overlay runtime hook: OK
CASTLE_POOL_OVERLAY_ABSENCE|rejected pool overlay resources are absent: OK
CASTLE_POOL_OVERLAY_ABSENCE|bathroom finale keeps distributed sparkle and direct hall-door handoff: OK
CASTLE_POOL_OVERLAY_ABSENCE|next-room cue creates no picture preview or extra button: OK
CASTLE_POOL_OVERLAY_ABSENCE|bathroom completion still unlocks the pool: OK
CASTLE_POOL_OVERLAY_ABSENCE|RESULT: PASS checks_failed=0
PROBE probe_castle_pool_life_2d process exit: 0
