Input #0, concat, from 'C:\Users\Peter\Documents\mermaid-roshan-reef\tmp\day2_graphics_audit_20260930\audit\day_one_pool_live_refinement_v2_20261001\native_actions_1280_v3\item_00.ffconcat':
  Duration: 00:00:02.82, start: 0.000000, bitrate: 14 kb/s
  Stream #0:0: Video: webp, yuv420p(tv, bt470bg/unknown/unknown), 1280x720, 1k fps, 1k tbr, 1k tbn
Stream mapping:
  Stream #0:0 -> #0:0 (webp (native) -> h264 (libx264))
[libx264 @ 00000290e0d322c0] using cpu capabilities: MMX2 SSE2Fast SSSE3 SSE4.2 AVX FMA3 BMI2 AVX2
[libx264 @ 00000290e0d322c0] profile High, level 6.0, 4:2:0, 8-bit
[libx264 @ 00000290e0d322c0] 264 - core 165 r3223 0480cb0 - H.264/MPEG-4 AVC codec - Copyleft 2003-2025 - http://www.videolan.org/x264.html - options: cabac=1 ref=3 deblock=1:0:0 analyse=0x3:0x113 me=hex subme=7 psy=1 psy_rd=1.00:0.00 mixed_ref=1 me_range=16 chroma_me=1 trellis=1 8x8dct=1 cqm=0 deadzone=21,11 fast_pskip=1 chroma_qp_offset=-2 threads=18 lookahead_threads=3 sliced_threads=0 nr=0 decimate=1 interlaced=0 bluray_compat=0 constrained_intra=0 bframes=3 b_pyramid=2 b_adapt=1 b_bias=0 direct=1 weightb=1 open_gop=0 weightp=2 keyint=250 keyint_min=25 scenecut=40 intra_refresh=0 rc_lookahead=40 rc=crf mbtree=1 crf=16.0 qcomp=0.60 qpmin=0 qpmax=69 qpstep=4 ip_ratio=1.40 aq=1:1.00
Output #0, mp4, to 'C:\Users\Peter\Documents\mermaid-roshan-reef\tmp\day2_graphics_audit_20260930\audit\day_one_pool_live_refinement_v2_20261001\native_actions_1280_v3\item_00_native_timestamps.mp4':
  Metadata:
    encoder         : Lavf62.12.102
  Stream #0:0: Video: h264 (avc1 / 0x31637661), yuv420p(tv, bt470bg/unknown/unknown, progressive), 1280x720, q=2-31, 1k fps, 16k tbn
    Metadata:
      encoder         : Lavc62.28.102 libx264
    Side data:
      CPB properties: bitrate max/min/avg: 0/0/0 buffer size: 0 vbv_delay: N/A
frame=    0 fps=0.0 q=0.0 size=       0KiB time=N/A bitrate=N/A speed=N/A elapsed=0:00:00.50    frame=    0 fps=0.0 q=0.0 size=       0KiB time=N/A bitrate=N/A speed=N/A elapsed=0:00:01.02    frame=    0 fps=0.0 q=0.0 size=       0KiB time=N/A bitrate=N/A speed=N/A elapsed=0:00:01.54    frame=    6 fps=2.9 q=21.0 size=     512KiB time=00:00:00.11 bitrate=37790.0kbits/s speed=0.0538x elapsed=0:00:02.06    [mp4 @ 00000290e0d45cc0] Starting second pass: moving the moov atom to the beginning of the file
[out#0/mp4 @ 00000290e0cdfcc0] video:1848KiB audio:0KiB subtitle:0KiB other streams:0KiB global headers:0KiB muxing overhead: 0.121090%
frame=   81 fps= 35 q=-1.0 Lsize=    1850KiB time=00:00:02.72 bitrate=5569.3kbits/s speed=1.17x elapsed=0:00:02.32    
[libx264 @ 00000290e0d322c0] frame I:1     Avg QP:15.36  size:312909
[libx264 @ 00000290e0d322c0] frame P:24    Avg QP:14.58  size: 49635
[libx264 @ 00000290e0d322c0] frame B:56    Avg QP:20.59  size:  6913
[libx264 @ 00000290e0d322c0] consecutive B-frames:  6.2%  4.9%  0.0% 88.9%
[libx264 @ 00000290e0d322c0] mb I  I16..4:  6.7% 25.7% 67.6%
[libx264 @ 00000290e0d322c0] mb P  I16..4:  0.2%  0.2%  1.2%  P16..4: 33.2%  6.9% 11.8%  0.0%  0.0%    skip:46.6%
[libx264 @ 00000290e0d322c0] mb B  I16..4:  0.0%  0.0%  0.1%  B16..8: 15.6%  1.1%  1.4%  direct: 1.1%  skip:80.7%  L0:32.2% L1:61.0% BI: 6.8%
[libx264 @ 00000290e0d322c0] 8x8 transform intra:21.6% inter:43.7%
[libx264 @ 00000290e0d322c0] coded y,uvDC,uvAC intra: 95.7% 96.6% 94.1% inter: 11.3% 16.1% 14.4%
[libx264 @ 00000290e0d322c0] i16 v,h,dc,p: 27% 42% 22%  9%
[libx264 @ 00000290e0d322c0] i8 v,h,dc,ddl,ddr,vr,hd,vl,hu:  8% 37%  9%  4%  4%  3% 12%  5% 17%
[libx264 @ 00000290e0d322c0] i4 v,h,dc,ddl,ddr,vr,hd,vl,hu: 12% 24% 11%  7%  8%  7% 11%  7% 13%
[libx264 @ 00000290e0d322c0] i8c dc,h,v,p: 50% 26% 11% 13%
[libx264 @ 00000290e0d322c0] Weighted P-Frames: Y:4.2% UV:4.2%
[libx264 @ 00000290e0d322c0] ref P L0: 84.2%  2.9%  8.2%  4.5%  0.2%
[libx264 @ 00000290e0d322c0] ref B L0: 86.1% 11.7%  2.2%
[libx264 @ 00000290e0d322c0] ref B L1: 93.7%  6.3%
[libx264 @ 00000290e0d322c0] kb/s:5359.67
