Input #0, concat, from 'C:\Users\Peter\Documents\mermaid-roshan-reef\tmp\day2_graphics_audit_20260930\audit\day_one_pool_live_refinement_v2_20261001\native_actions_1280_v3\item_03.ffconcat':
  Duration: 00:00:03.50, start: 0.000000, bitrate: 14 kb/s
  Stream #0:0: Video: webp, yuv420p(tv, bt470bg/unknown/unknown), 1280x720, 1k fps, 1k tbr, 1k tbn
Stream mapping:
  Stream #0:0 -> #0:0 (webp (native) -> h264 (libx264))
[libx264 @ 000001e8c8002780] using cpu capabilities: MMX2 SSE2Fast SSSE3 SSE4.2 AVX FMA3 BMI2 AVX2
[libx264 @ 000001e8c8002780] profile High, level 6.0, 4:2:0, 8-bit
[libx264 @ 000001e8c8002780] 264 - core 165 r3223 0480cb0 - H.264/MPEG-4 AVC codec - Copyleft 2003-2025 - http://www.videolan.org/x264.html - options: cabac=1 ref=3 deblock=1:0:0 analyse=0x3:0x113 me=hex subme=7 psy=1 psy_rd=1.00:0.00 mixed_ref=1 me_range=16 chroma_me=1 trellis=1 8x8dct=1 cqm=0 deadzone=21,11 fast_pskip=1 chroma_qp_offset=-2 threads=18 lookahead_threads=3 sliced_threads=0 nr=0 decimate=1 interlaced=0 bluray_compat=0 constrained_intra=0 bframes=3 b_pyramid=2 b_adapt=1 b_bias=0 direct=1 weightb=1 open_gop=0 weightp=2 keyint=250 keyint_min=25 scenecut=40 intra_refresh=0 rc_lookahead=40 rc=crf mbtree=1 crf=16.0 qcomp=0.60 qpmin=0 qpmax=69 qpstep=4 ip_ratio=1.40 aq=1:1.00
Output #0, mp4, to 'C:\Users\Peter\Documents\mermaid-roshan-reef\tmp\day2_graphics_audit_20260930\audit\day_one_pool_live_refinement_v2_20261001\native_actions_1280_v3\item_03_native_timestamps.mp4':
  Metadata:
    encoder         : Lavf62.12.102
  Stream #0:0: Video: h264 (avc1 / 0x31637661), yuv420p(tv, bt470bg/unknown/unknown, progressive), 1280x720, q=2-31, 1k fps, 16k tbn
    Metadata:
      encoder         : Lavc62.28.102 libx264
    Side data:
      CPB properties: bitrate max/min/avg: 0/0/0 buffer size: 0 vbv_delay: N/A
frame=    0 fps=0.0 q=0.0 size=       0KiB time=N/A bitrate=N/A speed=N/A elapsed=0:00:00.51    frame=    0 fps=0.0 q=0.0 size=       0KiB time=N/A bitrate=N/A speed=N/A elapsed=0:00:01.04    frame=    0 fps=0.0 q=0.0 size=       0KiB time=N/A bitrate=N/A speed=N/A elapsed=0:00:01.55    frame=    6 fps=2.9 q=22.0 size=     256KiB time=00:00:00.10 bitrate=20564.1kbits/s speed=0.0492x elapsed=0:00:02.07    frame=   26 fps= 10 q=22.0 size=     512KiB time=00:00:00.76 bitrate=5461.8kbits/s speed=0.297x elapsed=0:00:02.58    [mp4 @ 000001e8c8018fc0] Starting second pass: moving the moov atom to the beginning of the file
[out#0/mp4 @ 000001e8c7fad2c0] video:1606KiB audio:0KiB subtitle:0KiB other streams:0KiB global headers:0KiB muxing overhead: 0.157344%
frame=  103 fps= 36 q=-1.0 Lsize=    1608KiB time=00:00:03.40 bitrate=3871.3kbits/s speed=1.18x elapsed=0:00:02.87    
[libx264 @ 000001e8c8002780] frame I:1     Avg QP:12.90  size:361179
[libx264 @ 000001e8c8002780] frame P:49    Avg QP:14.33  size: 19033
[libx264 @ 000001e8c8002780] frame B:53    Avg QP:19.99  size:  6598
[libx264 @ 000001e8c8002780] consecutive B-frames: 25.2% 15.5%  8.7% 50.5%
[libx264 @ 000001e8c8002780] mb I  I16..4:  7.2%  8.2% 84.6%
[libx264 @ 000001e8c8002780] mb P  I16..4:  0.1%  0.2%  0.7%  P16..4: 10.9%  1.7%  3.1%  0.0%  0.0%    skip:83.3%
[libx264 @ 000001e8c8002780] mb B  I16..4:  0.0%  0.0%  0.0%  B16..8:  2.7%  1.1%  1.4%  direct: 1.1%  skip:93.7%  L0:40.6% L1:38.7% BI:20.7%
[libx264 @ 000001e8c8002780] 8x8 transform intra:10.8% inter:35.8%
[libx264 @ 000001e8c8002780] coded y,uvDC,uvAC intra: 96.1% 97.8% 95.4% inter: 4.9% 7.9% 7.2%
[libx264 @ 000001e8c8002780] i16 v,h,dc,p: 27% 37% 28%  9%
[libx264 @ 000001e8c8002780] i8 v,h,dc,ddl,ddr,vr,hd,vl,hu:  9% 31%  8%  5%  5%  4% 14%  5% 20%
[libx264 @ 000001e8c8002780] i4 v,h,dc,ddl,ddr,vr,hd,vl,hu: 13% 27% 11%  6%  7%  6% 11%  6% 13%
[libx264 @ 000001e8c8002780] i8c dc,h,v,p: 48% 27% 12% 12%
[libx264 @ 000001e8c8002780] Weighted P-Frames: Y:2.0% UV:2.0%
[libx264 @ 000001e8c8002780] ref P L0: 72.6%  3.6% 12.4% 11.1%  0.4%
[libx264 @ 000001e8c8002780] ref B L0: 73.3% 20.5%  6.2%
[libx264 @ 000001e8c8002780] ref B L1: 90.8%  9.2%
[libx264 @ 000001e8c8002780] kb/s:3753.31
