Input #0, concat, from 'C:\Users\Peter\Documents\mermaid-roshan-reef\tmp\day2_graphics_audit_20260930\audit\day_one_pool_live_refinement_v2_20261001\native_actions_1280_v3\item_02.ffconcat':
  Duration: 00:00:01.98, start: 0.000000, bitrate: 14 kb/s
  Stream #0:0: Video: webp, yuv420p(tv, bt470bg/unknown/unknown), 1280x720, 1k fps, 1k tbr, 1k tbn
Stream mapping:
  Stream #0:0 -> #0:0 (webp (native) -> h264 (libx264))
[libx264 @ 0000029cf9d85e80] using cpu capabilities: MMX2 SSE2Fast SSSE3 SSE4.2 AVX FMA3 BMI2 AVX2
[libx264 @ 0000029cf9d85e80] profile High, level 6.0, 4:2:0, 8-bit
[libx264 @ 0000029cf9d85e80] 264 - core 165 r3223 0480cb0 - H.264/MPEG-4 AVC codec - Copyleft 2003-2025 - http://www.videolan.org/x264.html - options: cabac=1 ref=3 deblock=1:0:0 analyse=0x3:0x113 me=hex subme=7 psy=1 psy_rd=1.00:0.00 mixed_ref=1 me_range=16 chroma_me=1 trellis=1 8x8dct=1 cqm=0 deadzone=21,11 fast_pskip=1 chroma_qp_offset=-2 threads=18 lookahead_threads=3 sliced_threads=0 nr=0 decimate=1 interlaced=0 bluray_compat=0 constrained_intra=0 bframes=3 b_pyramid=2 b_adapt=1 b_bias=0 direct=1 weightb=1 open_gop=0 weightp=2 keyint=250 keyint_min=25 scenecut=40 intra_refresh=0 rc_lookahead=40 rc=crf mbtree=1 crf=16.0 qcomp=0.60 qpmin=0 qpmax=69 qpstep=4 ip_ratio=1.40 aq=1:1.00
Output #0, mp4, to 'C:\Users\Peter\Documents\mermaid-roshan-reef\tmp\day2_graphics_audit_20260930\audit\day_one_pool_live_refinement_v2_20261001\native_actions_1280_v3\item_02_native_timestamps.mp4':
  Metadata:
    encoder         : Lavf62.12.102
  Stream #0:0: Video: h264 (avc1 / 0x31637661), yuv420p(tv, bt470bg/unknown/unknown, progressive), 1280x720, q=2-31, 1k fps, 16k tbn
    Metadata:
      encoder         : Lavc62.28.102 libx264
    Side data:
      CPB properties: bitrate max/min/avg: 0/0/0 buffer size: 0 vbv_delay: N/A
frame=    0 fps=0.0 q=0.0 size=       0KiB time=N/A bitrate=N/A speed=N/A elapsed=0:00:00.50    frame=    0 fps=0.0 q=0.0 size=       0KiB time=N/A bitrate=N/A speed=N/A elapsed=0:00:01.02    frame=    0 fps=0.0 q=0.0 size=       0KiB time=N/A bitrate=N/A speed=N/A elapsed=0:00:01.53    [mp4 @ 0000029cfb8cc140] Starting second pass: moving the moov atom to the beginning of the file
[out#0/mp4 @ 0000029cf9cdcb00] video:944KiB audio:0KiB subtitle:0KiB other streams:0KiB global headers:0KiB muxing overhead: 0.193535%
frame=   58 fps= 33 q=-1.0 Lsize=     946KiB time=00:00:01.87 bitrate=4128.4kbits/s speed=1.08x elapsed=0:00:01.74    
[libx264 @ 0000029cf9d85e80] frame I:1     Avg QP:12.86  size:359023
[libx264 @ 0000029cf9d85e80] frame P:18    Avg QP:14.81  size: 21019
[libx264 @ 0000029cf9d85e80] frame B:39    Avg QP:20.67  size:  5864
[libx264 @ 0000029cf9d85e80] consecutive B-frames:  8.6%  3.4%  5.2% 82.8%
[libx264 @ 0000029cf9d85e80] mb I  I16..4:  7.7%  7.6% 84.7%
[libx264 @ 0000029cf9d85e80] mb P  I16..4:  0.0%  0.2%  1.2%  P16..4: 10.1%  1.6%  3.1%  0.0%  0.0%    skip:83.8%
[libx264 @ 0000029cf9d85e80] mb B  I16..4:  0.0%  0.0%  0.0%  B16..8:  2.6%  0.9%  1.2%  direct: 1.1%  skip:94.2%  L0:33.2% L1:46.6% BI:20.2%
[libx264 @ 0000029cf9d85e80] 8x8 transform intra:8.7% inter:31.9%
[libx264 @ 0000029cf9d85e80] coded y,uvDC,uvAC intra: 97.4% 98.5% 96.7% inter: 4.2% 5.8% 5.1%
[libx264 @ 0000029cf9d85e80] i16 v,h,dc,p: 27% 43% 23%  7%
[libx264 @ 0000029cf9d85e80] i8 v,h,dc,ddl,ddr,vr,hd,vl,hu:  6% 33%  7%  5%  6%  5% 13%  5% 19%
[libx264 @ 0000029cf9d85e80] i4 v,h,dc,ddl,ddr,vr,hd,vl,hu: 11% 27% 11%  6%  7%  7% 11%  7% 14%
[libx264 @ 0000029cf9d85e80] i8c dc,h,v,p: 50% 26% 11% 13%
[libx264 @ 0000029cf9d85e80] Weighted P-Frames: Y:5.6% UV:5.6%
[libx264 @ 0000029cf9d85e80] ref P L0: 76.2%  7.4% 10.2%  5.9%  0.3%
[libx264 @ 0000029cf9d85e80] ref B L0: 83.2% 14.0%  2.8%
[libx264 @ 0000029cf9d85e80] ref B L1: 93.0%  7.0%
[libx264 @ 0000029cf9d85e80] kb/s:3913.15
