Input #0, concat, from 'C:\Users\Peter\Documents\mermaid-roshan-reef\tmp\day2_graphics_audit_20260930\audit\day_one_pool_live_refinement_v2_20261001\native_actions_1280_v3\item_04.ffconcat':
  Duration: 00:00:02.24, start: 0.000000, bitrate: 14 kb/s
  Stream #0:0: Video: webp, yuv420p(tv, bt470bg/unknown/unknown), 1280x720, 1k fps, 1k tbr, 1k tbn
Stream mapping:
  Stream #0:0 -> #0:0 (webp (native) -> h264 (libx264))
[libx264 @ 000001e3337b0540] using cpu capabilities: MMX2 SSE2Fast SSSE3 SSE4.2 AVX FMA3 BMI2 AVX2
[libx264 @ 000001e3337b0540] profile High, level 6.0, 4:2:0, 8-bit
[libx264 @ 000001e3337b0540] 264 - core 165 r3223 0480cb0 - H.264/MPEG-4 AVC codec - Copyleft 2003-2025 - http://www.videolan.org/x264.html - options: cabac=1 ref=3 deblock=1:0:0 analyse=0x3:0x113 me=hex subme=7 psy=1 psy_rd=1.00:0.00 mixed_ref=1 me_range=16 chroma_me=1 trellis=1 8x8dct=1 cqm=0 deadzone=21,11 fast_pskip=1 chroma_qp_offset=-2 threads=18 lookahead_threads=3 sliced_threads=0 nr=0 decimate=1 interlaced=0 bluray_compat=0 constrained_intra=0 bframes=3 b_pyramid=2 b_adapt=1 b_bias=0 direct=1 weightb=1 open_gop=0 weightp=2 keyint=250 keyint_min=25 scenecut=40 intra_refresh=0 rc_lookahead=40 rc=crf mbtree=1 crf=16.0 qcomp=0.60 qpmin=0 qpmax=69 qpstep=4 ip_ratio=1.40 aq=1:1.00
Output #0, mp4, to 'C:\Users\Peter\Documents\mermaid-roshan-reef\tmp\day2_graphics_audit_20260930\audit\day_one_pool_live_refinement_v2_20261001\native_actions_1280_v3\item_04_native_timestamps.mp4':
  Metadata:
    encoder         : Lavf62.12.102
  Stream #0:0: Video: h264 (avc1 / 0x31637661), yuv420p(tv, bt470bg/unknown/unknown, progressive), 1280x720, q=2-31, 1k fps, 16k tbn
    Metadata:
      encoder         : Lavc62.28.102 libx264
    Side data:
      CPB properties: bitrate max/min/avg: 0/0/0 buffer size: 0 vbv_delay: N/A
frame=    0 fps=0.0 q=0.0 size=       0KiB time=N/A bitrate=N/A speed=N/A elapsed=0:00:00.50    frame=    0 fps=0.0 q=0.0 size=       0KiB time=N/A bitrate=N/A speed=N/A elapsed=0:00:01.02    frame=    0 fps=0.0 q=0.0 size=       0KiB time=N/A bitrate=N/A speed=N/A elapsed=0:00:01.54    [mp4 @ 000001e3353cdd00] Starting second pass: moving the moov atom to the beginning of the file
[out#0/mp4 @ 000001e33374b600] video:1045KiB audio:0KiB subtitle:0KiB other streams:0KiB global headers:0KiB muxing overhead: 0.185319%
frame=   66 fps= 35 q=-1.0 Lsize=    1047KiB time=00:00:02.14 bitrate=3996.4kbits/s speed=1.13x elapsed=0:00:01.89    
[libx264 @ 000001e3337b0540] frame I:1     Avg QP:12.83  size:362783
[libx264 @ 000001e3337b0540] frame P:29    Avg QP:14.62  size: 17484
[libx264 @ 000001e3337b0540] frame B:36    Avg QP:20.10  size:  5543
[libx264 @ 000001e3337b0540] consecutive B-frames: 22.7% 12.1%  4.5% 60.6%
[libx264 @ 000001e3337b0540] mb I  I16..4:  6.3%  8.0% 85.7%
[libx264 @ 000001e3337b0540] mb P  I16..4:  0.0%  0.1%  0.5%  P16..4: 10.7%  1.8%  3.3%  0.0%  0.0%    skip:83.6%
[libx264 @ 000001e3337b0540] mb B  I16..4:  0.0%  0.0%  0.0%  B16..8:  2.0%  1.0%  1.3%  direct: 1.0%  skip:94.7%  L0:37.9% L1:37.6% BI:24.5%
[libx264 @ 000001e3337b0540] 8x8 transform intra:9.1% inter:37.8%
[libx264 @ 000001e3337b0540] coded y,uvDC,uvAC intra: 97.2% 98.4% 96.7% inter: 5.0% 6.9% 5.8%
[libx264 @ 000001e3337b0540] i16 v,h,dc,p: 31% 35% 28%  5%
[libx264 @ 000001e3337b0540] i8 v,h,dc,ddl,ddr,vr,hd,vl,hu:  5% 35%  8%  5%  4%  2% 16%  4% 21%
[libx264 @ 000001e3337b0540] i4 v,h,dc,ddl,ddr,vr,hd,vl,hu: 11% 28% 11%  6%  7%  6% 11%  6% 14%
[libx264 @ 000001e3337b0540] i8c dc,h,v,p: 49% 28% 10% 12%
[libx264 @ 000001e3337b0540] Weighted P-Frames: Y:3.4% UV:3.4%
[libx264 @ 000001e3337b0540] ref P L0: 75.3%  6.0% 11.6%  6.8%  0.2%
[libx264 @ 000001e3337b0540] ref B L0: 80.2% 13.4%  6.4%
[libx264 @ 000001e3337b0540] ref B L1: 94.2%  5.8%
[libx264 @ 000001e3337b0540] kb/s:3812.32
