Input #0, concat, from 'C:\Users\Peter\Documents\mermaid-roshan-reef\tmp\day2_graphics_audit_20260930\audit\day_one_pool_live_refinement_v2_20261001\native_actions_1280_v3\item_01.ffconcat':
  Duration: 00:00:02.80, start: 0.000000, bitrate: 14 kb/s
  Stream #0:0: Video: webp, yuv420p(tv, bt470bg/unknown/unknown), 1280x720, 1k fps, 1k tbr, 1k tbn
Stream mapping:
  Stream #0:0 -> #0:0 (webp (native) -> h264 (libx264))
[libx264 @ 0000028134b9b240] using cpu capabilities: MMX2 SSE2Fast SSSE3 SSE4.2 AVX FMA3 BMI2 AVX2
[libx264 @ 0000028134b9b240] profile High, level 6.0, 4:2:0, 8-bit
[libx264 @ 0000028134b9b240] 264 - core 165 r3223 0480cb0 - H.264/MPEG-4 AVC codec - Copyleft 2003-2025 - http://www.videolan.org/x264.html - options: cabac=1 ref=3 deblock=1:0:0 analyse=0x3:0x113 me=hex subme=7 psy=1 psy_rd=1.00:0.00 mixed_ref=1 me_range=16 chroma_me=1 trellis=1 8x8dct=1 cqm=0 deadzone=21,11 fast_pskip=1 chroma_qp_offset=-2 threads=18 lookahead_threads=3 sliced_threads=0 nr=0 decimate=1 interlaced=0 bluray_compat=0 constrained_intra=0 bframes=3 b_pyramid=2 b_adapt=1 b_bias=0 direct=1 weightb=1 open_gop=0 weightp=2 keyint=250 keyint_min=25 scenecut=40 intra_refresh=0 rc_lookahead=40 rc=crf mbtree=1 crf=16.0 qcomp=0.60 qpmin=0 qpmax=69 qpstep=4 ip_ratio=1.40 aq=1:1.00
Output #0, mp4, to 'C:\Users\Peter\Documents\mermaid-roshan-reef\tmp\day2_graphics_audit_20260930\audit\day_one_pool_live_refinement_v2_20261001\native_actions_1280_v3\item_01_native_timestamps.mp4':
  Metadata:
    encoder         : Lavf62.12.102
  Stream #0:0: Video: h264 (avc1 / 0x31637661), yuv420p(tv, bt470bg/unknown/unknown, progressive), 1280x720, q=2-31, 1k fps, 16k tbn
    Metadata:
      encoder         : Lavc62.28.102 libx264
    Side data:
      CPB properties: bitrate max/min/avg: 0/0/0 buffer size: 0 vbv_delay: N/A
frame=    0 fps=0.0 q=0.0 size=       0KiB time=N/A bitrate=N/A speed=N/A elapsed=0:00:00.52    frame=    0 fps=0.0 q=0.0 size=       0KiB time=N/A bitrate=N/A speed=N/A elapsed=0:00:01.03    frame=    0 fps=0.0 q=0.0 size=       0KiB time=N/A bitrate=N/A speed=N/A elapsed=0:00:01.54    frame=   12 fps=5.8 q=22.0 size=     256KiB time=00:00:00.31 bitrate=6744.5kbits/s speed=0.15x elapsed=0:00:02.06    [mp4 @ 0000028134cba040] Starting second pass: moving the moov atom to the beginning of the file
[out#0/mp4 @ 0000028132f7c080] video:1175KiB audio:0KiB subtitle:0KiB other streams:0KiB global headers:0KiB muxing overhead: 0.190456%
frame=   81 fps= 36 q=-1.0 Lsize=    1177KiB time=00:00:02.70 bitrate=3570.9kbits/s speed=1.19x elapsed=0:00:02.26    
[libx264 @ 0000028134b9b240] frame I:1     Avg QP:12.44  size:363610
[libx264 @ 0000028134b9b240] frame P:24    Avg QP:14.51  size: 20467
[libx264 @ 0000028134b9b240] frame B:56    Avg QP:20.36  size:  6203
[libx264 @ 0000028134b9b240] consecutive B-frames:  4.9%  4.9% 11.1% 79.0%
[libx264 @ 0000028134b9b240] mb I  I16..4:  8.2%  6.1% 85.7%
[libx264 @ 0000028134b9b240] mb P  I16..4:  0.0%  0.1%  0.9%  P16..4: 10.4%  1.7%  3.3%  0.0%  0.0%    skip:83.6%
[libx264 @ 0000028134b9b240] mb B  I16..4:  0.0%  0.0%  0.0%  B16..8:  2.8%  1.0%  1.3%  direct: 1.1%  skip:93.7%  L0:35.7% L1:44.6% BI:19.7%
[libx264 @ 0000028134b9b240] 8x8 transform intra:7.3% inter:29.5%
[libx264 @ 0000028134b9b240] coded y,uvDC,uvAC intra: 97.6% 98.4% 96.6% inter: 4.3% 6.0% 5.3%
[libx264 @ 0000028134b9b240] i16 v,h,dc,p: 30% 39% 26%  6%
[libx264 @ 0000028134b9b240] i8 v,h,dc,ddl,ddr,vr,hd,vl,hu:  4% 36%  7%  5%  5%  3% 15%  6% 19%
[libx264 @ 0000028134b9b240] i4 v,h,dc,ddl,ddr,vr,hd,vl,hu: 11% 27% 11%  6%  7%  6% 11%  7% 14%
[libx264 @ 0000028134b9b240] i8c dc,h,v,p: 51% 26% 10% 13%
[libx264 @ 0000028134b9b240] Weighted P-Frames: Y:4.2% UV:4.2%
[libx264 @ 0000028134b9b240] ref P L0: 73.5%  6.8% 10.9%  8.6%  0.1%
[libx264 @ 0000028134b9b240] ref B L0: 84.4% 10.8%  4.9%
[libx264 @ 0000028134b9b240] ref B L1: 93.5%  6.5%
[libx264 @ 0000028134b9b240] kb/s:3434.89
