CHECK scripts/chapter_two_giant_cake_2d.gd
Godot Engine v4.7.2.stable.official.ed1daf0bf - https://godotengine.org

EXIT 0
CHECK scripts/day_one_contact_action_2d.gd
Godot Engine v4.7.2.stable.official.ed1daf0bf - https://godotengine.org

EXIT 0
CHECK scripts/games/day_one_pool_cleanup.gd
Godot Engine v4.7.2.stable.official.ed1daf0bf - https://godotengine.org

EXIT 0
CHECK scripts/games/pool_seahorse_rescue_activity.gd
Godot Engine v4.7.2.stable.official.ed1daf0bf - https://godotengine.org

EXIT 0
CHECK scripts/games/pool_skimmer_activity.gd
Godot Engine v4.7.2.stable.official.ed1daf0bf - https://godotengine.org

EXIT 0
CHECK scripts/games/pool_waterfall_activity.gd
Godot Engine v4.7.2.stable.official.ed1daf0bf - https://godotengine.org

EXIT 0
CHECK scripts/opera_career_world_2d.gd
Godot Engine v4.7.2.stable.official.ed1daf0bf - https://godotengine.org

EXIT 0
CHECK scripts/opera_chef_surface.gd
Godot Engine v4.7.2.stable.official.ed1daf0bf - https://godotengine.org

EXIT 0
CHECK scripts/opera_gesture_surface.gd
Godot Engine v4.7.2.stable.official.ed1daf0bf - https://godotengine.org

EXIT 0
CHECK scripts/opera_stage_paths.gd
Godot Engine v4.7.2.stable.official.ed1daf0bf - https://godotengine.org

EXIT 0
CHECK scripts/opera_world_backdrop_2d.gd
Godot Engine v4.7.2.stable.official.ed1daf0bf - https://godotengine.org

EXIT 0
CHECK scripts/opera_world_hotspot_2d.gd
Godot Engine v4.7.2.stable.official.ed1daf0bf - https://godotengine.org

EXIT 0
CHECK scripts/probe_chapter2_farmer_resume.gd
Godot Engine v4.7.2.stable.official.ed1daf0bf - https://godotengine.org

EXIT 0
CHECK scripts/probe_day_one_pool_cleanup.gd
Godot Engine v4.7.2.stable.official.ed1daf0bf - https://godotengine.org

EXIT 0
COMBINED_ANALYZER ALL OK
