=== probe_reef_districts ===
PROBE probe_reef_districts process exit: 0 hard_failure=False
=== probe_ocean_kingdoms ===
PROBE probe_ocean_kingdoms process exit: 0 hard_failure=False
=== probe_audit ===
PROBE probe_audit process exit: 0 hard_failure=False
=== probe_passive ===
PROBE probe_passive process exit: 0 hard_failure=False
=== probe_living_world ===
PROBE probe_living_world process exit: 0 hard_failure=False
=== probe_load ===
PROBE probe_load process exit: 0 hard_failure=False
=== probe_rank ===
PROBE probe_rank process exit: 0 hard_failure=False
=== probe_save_recovery ===
PROBE probe_save_recovery process exit: 0 hard_failure=False
=== probe_galaxy_state ===
PROBE probe_galaxy_state process exit: 0 hard_failure=False
=== probe_collection ===
PROBE probe_collection process exit: 0 hard_failure=False
=== probe_mg2d ===
PROBE probe_mg2d process exit: 0 hard_failure=False
=== probe_fetch ===
PROBE probe_fetch process exit: 0 hard_failure=False
=== probe_melody ===
PROBE probe_melody process exit: 0 hard_failure=False
=== probe_dolls ===
PROBE probe_dolls process exit: 0 hard_failure=False
=== probe_seek ===
PROBE probe_seek process exit: 0 hard_failure=False
=== probe_audio ===
PROBE probe_audio process exit: 0 hard_failure=False
=== probe_dance ===
PROBE probe_dance process exit: 0 hard_failure=False
=== probe_l2 ===
PROBE probe_l2 process exit: 0 hard_failure=False
=== probe_l2_living_cards ===
PROBE probe_l2_living_cards process exit: 0 hard_failure=False
=== probe_sky_lagoon_animals ===
PROBE probe_sky_lagoon_animals process exit: 0 hard_failure=False
=== probe_l2_reenter ===
PROBE probe_l2_reenter process exit: 0 hard_failure=False
=== probe_crown ===
PROBE probe_crown process exit: 0 hard_failure=False
=== probe_throne ===
PROBE probe_throne process exit: 0 hard_failure=False
=== probe_northern ===
PROBE probe_northern process exit: 0 hard_failure=False
=== probe_human_art_audit ===
PROBE probe_human_art_audit process exit: 0 hard_failure=False
=== probe_train ===
PROBE probe_train process exit: 0 hard_failure=False
=== probe_verbs ===
PROBE probe_verbs process exit: 0 hard_failure=False
=== probe_skins ===
PROBE probe_skins process exit: 0 hard_failure=False
=== probe_touch_router ===
PROBE probe_touch_router process exit: 0 hard_failure=False
=== probe_touch_stress ===
PROBE probe_touch_stress process exit: 0 hard_failure=False
=== probe_interaction ===
PROBE probe_interaction process exit: 0 hard_failure=False
=== probe_touch_adversary ===
PROBE probe_touch_adversary process exit: 0 hard_failure=False
=== probe_touch_look ===
PROBE probe_touch_look process exit: 0 hard_failure=False
=== probe_ui_system ===
PROBE probe_ui_system process exit: 0 hard_failure=False
=== probe_voice ===
PROBE probe_voice process exit: 0 hard_failure=False
=== probe_day_one_voice ===
PROBE probe_day_one_voice process exit: 0 hard_failure=False
=== probe_day_one_d8_revisits ===
PROBE probe_day_one_d8_revisits process exit: 0 hard_failure=False
=== probe_day_one_handoffs ===
PROBE probe_day_one_handoffs process exit: 0 hard_failure=False
=== probe_kart_feel ===
PROBE probe_kart_feel process exit: 0 hard_failure=False
=== probe_combat ===
PROBE probe_combat process exit: 0 hard_failure=False
=== probe_dust_bunny ===
PROBE probe_dust_bunny process exit: 0 hard_failure=False
=== probe_dust_bunny_boss ===
PROBE probe_dust_bunny_boss process exit: 0 hard_failure=False
=== probe_dust_boss ===
PROBE probe_dust_boss process exit: 0 hard_failure=False
=== probe_hit ===
PROBE probe_hit process exit: 0 hard_failure=False
=== probe_partner ===
PROBE probe_partner process exit: 0 hard_failure=False
=== probe_combat_tutorial ===
PROBE probe_combat_tutorial process exit: 0 hard_failure=False
=== probe_imp_ai ===
PROBE probe_imp_ai process exit: 0 hard_failure=False
=== probe_mic ===
PROBE probe_mic process exit: 0 hard_failure=False
=== probe_stuffie ===
PROBE probe_stuffie process exit: 0 hard_failure=False
=== probe_dungeon ===
PROBE probe_dungeon process exit: 0 hard_failure=False
=== probe_ember ===
PROBE probe_ember process exit: 0 hard_failure=False
=== probe_opera ===
PROBE probe_opera process exit: 0 hard_failure=False
=== probe_opera_2d ===
PROBE probe_opera_2d process exit: 0 hard_failure=False
=== probe_opera_diegetic_paths ===
PROBE probe_opera_diegetic_paths process exit: 0 hard_failure=False
=== probe_opera_detective ===
PROBE probe_opera_detective process exit: 0 hard_failure=False
=== probe_opera_pipe ===
PROBE probe_opera_pipe process exit: 0 hard_failure=False
=== probe_opera_nursery ===
PROBE probe_opera_nursery process exit: 0 hard_failure=False
=== probe_opera_gesture_quality ===
PROBE probe_opera_gesture_quality process exit: 0 hard_failure=False
=== probe_kitchen_props ===
PROBE probe_kitchen_props process exit: 0 hard_failure=False
=== probe_bathroom_props ===
PROBE probe_bathroom_props process exit: 0 hard_failure=False
=== probe_castle_door_language ===
PROBE probe_castle_door_language process exit: 0 hard_failure=False
=== probe_bathroom_integration ===
PROBE probe_bathroom_integration process exit: 0 hard_failure=False
=== probe_day_one_bathroom_bunny ===
PROBE probe_day_one_bathroom_bunny process exit: 0 hard_failure=False
=== probe_day_one_bathroom_cleanup ===
PROBE probe_day_one_bathroom_cleanup process exit: 0 hard_failure=False
=== probe_day_one_bathroom_movie_handoff ===
PROBE probe_day_one_bathroom_movie_handoff process exit: 0 hard_failure=False
=== probe_day_one_director ===
PROBE probe_day_one_director process exit: 0 hard_failure=False
=== probe_day_one_integration ===
PROBE probe_day_one_integration process exit: 0 hard_failure=False
=== probe_day_one_pool_cleanup ===
PROBE probe_day_one_pool_cleanup process exit: 0 hard_failure=False
=== probe_day_one_art_attack_state ===
PROBE probe_day_one_art_attack_state process exit: 0 hard_failure=False
=== probe_day_one_castle_dressing ===
PROBE probe_day_one_castle_dressing process exit: 0 hard_failure=False
=== probe_day_one_story_clips ===
PROBE probe_day_one_story_clips process exit: 0 hard_failure=False
=== probe_chapter2 ===
PROBE probe_chapter2 process exit: 0 hard_failure=False
=== probe_chapter2_farmer_resume ===
PROBE probe_chapter2_farmer_resume process exit: 0 hard_failure=False
=== probe_chapter2_lawn ===
PROBE probe_chapter2_lawn process exit: 0 hard_failure=False
=== probe_alpha_milestone_save ===
PROBE probe_alpha_milestone_save process exit: 0 hard_failure=False
=== probe_dust_boss_balance ===
PROBE probe_dust_boss_balance process exit: 0 hard_failure=False
=== probe_start_menu_routing ===
PROBE probe_start_menu_routing process exit: 0 hard_failure=False
=== probe_start_menu_new_game ===
PROBE probe_start_menu_new_game process exit: 0 hard_failure=False
=== probe_castle_pool_life_2d ===
PROBE probe_castle_pool_life_2d process exit: 0 hard_failure=False
=== probe_castle_pearl_art ===
PROBE probe_castle_pearl_art process exit: 0 hard_failure=False
=== probe_fairy_art ===
PROBE probe_fairy_art process exit: 0 hard_failure=False
=== probe_props ===
PROBE probe_props process exit: 0 hard_failure=False
NATIVE_PROBE_SUITE ALL OK
