Godot Engine v4.7.2.stable.official.ed1daf0bf - https://godotengine.org

BALANCE|canvas|act=chef|persona=speedy|time=44.8|clumsy=0
BALANCE|canvas|act=chef|persona=casual|time=55.0|clumsy=0
BALANCE|canvas|act=chef|persona=dreamy|time=64.2|clumsy=0
BALANCE|canvas|chef|summary med=55.0 lo=44.8 hi=64.2 verdict=brisk
BALANCE|canvas|act=detective|persona=speedy|time=30.6|clumsy=0
BALANCE|canvas|act=detective|persona=casual|time=36.6|clumsy=0
BALANCE|canvas|act=detective|persona=dreamy|time=41.3|clumsy=0
BALANCE|canvas|detective|summary med=36.6 lo=30.6 hi=41.3 verdict=brisk
BALANCE|canvas|act=ballerina|persona=speedy|time=59.7|clumsy=0
BALANCE|canvas|act=ballerina|persona=casual|time=66.7|clumsy=0
BALANCE|canvas|act=ballerina|persona=dreamy|time=78.7|clumsy=0
BALANCE|canvas|ballerina|summary med=66.7 lo=59.7 hi=78.7 verdict=brisk
BALANCE|canvas|act=candymaker|persona=speedy|time=32.8|clumsy=0
BALANCE|canvas|act=candymaker|persona=casual|time=43.3|clumsy=0
BALANCE|canvas|act=candymaker|persona=dreamy|time=53.6|clumsy=0
BALANCE|canvas|candymaker|summary med=43.3 lo=32.8 hi=53.6 verdict=brisk
BALANCE|canvas|act=doctor|persona=speedy|time=36.0|clumsy=0
BALANCE|canvas|act=doctor|persona=casual|time=44.3|clumsy=0
BALANCE|canvas|act=doctor|persona=dreamy|time=51.2|clumsy=0
BALANCE|canvas|doctor|summary med=44.3 lo=36.0 hi=51.2 verdict=brisk
BALANCE|canvas|act=farmer|persona=speedy|time=38.3|clumsy=0
BALANCE|canvas|act=farmer|persona=casual|time=52.2|clumsy=0
BALANCE|canvas|act=farmer|persona=dreamy|time=54.7|clumsy=0
BALANCE|canvas|farmer|summary med=52.2 lo=38.3 hi=54.7 verdict=brisk
BALANCE|canvas|act=boxer|persona=speedy|time=54.6|clumsy=0
BALANCE|canvas|act=boxer|persona=casual|time=62.8|clumsy=0
BALANCE|canvas|act=boxer|persona=dreamy|time=69.8|clumsy=0
BALANCE|canvas|boxer|summary med=62.8 lo=54.6 hi=69.8 verdict=brisk
BALANCE|canvas|act=magician|persona=speedy|time=71.2|clumsy=0
BALANCE|canvas|act=magician|persona=casual|time=84.9|clumsy=0
BALANCE|canvas|act=magician|persona=dreamy|time=85.8|clumsy=0
BALANCE|canvas|magician|summary med=84.9 lo=71.2 hi=85.8 verdict=ok
BALANCE|canvas|act=painter|persona=speedy|time=27.4|clumsy=0
BALANCE|canvas|act=painter|persona=casual|time=36.8|clumsy=0
BALANCE|canvas|act=painter|persona=dreamy|time=45.7|clumsy=0
BALANCE|canvas|painter|summary med=36.8 lo=27.4 hi=45.7 verdict=brisk
BALANCE|canvas|act=astronaut|persona=speedy|time=41.1|clumsy=0
BALANCE|canvas|act=astronaut|persona=casual|time=53.1|clumsy=0
BALANCE|canvas|act=astronaut|persona=dreamy|time=67.5|clumsy=0
BALANCE|canvas|astronaut|summary med=53.1 lo=41.1 hi=67.5 verdict=brisk
BALANCE|canvas|act=racer|persona=speedy|time=68.5|clumsy=0
BALANCE|canvas|act=racer|persona=casual|time=72.1|clumsy=0
BALANCE|canvas|act=racer|persona=dreamy|time=74.6|clumsy=0
BALANCE|canvas|racer|summary med=72.1 lo=68.5 hi=74.6 verdict=ok
BALANCE|canvas|act=popstar|persona=speedy|time=81.1|clumsy=0
BALANCE|canvas|act=popstar|persona=casual|time=102.7|clumsy=0
BALANCE|canvas|act=popstar|persona=dreamy|time=135.9|clumsy=0
BALANCE|canvas|popstar|summary med=102.7 lo=81.1 hi=135.9 verdict=ok
BALANCE|canvas|act=nursery|persona=speedy|time=50.6|clumsy=0
BALANCE|canvas|act=nursery|persona=casual|time=59.4|clumsy=0
BALANCE|canvas|act=nursery|persona=dreamy|time=67.1|clumsy=0
BALANCE|canvas|nursery|summary med=59.4 lo=50.6 hi=67.1 verdict=brisk
BALANCE|canvas|act=geologist|persona=speedy|time=20.4|clumsy=0
BALANCE|canvas|act=geologist|persona=casual|time=25.2|clumsy=0
BALANCE|canvas|act=geologist|persona=dreamy|time=28.5|clumsy=0
BALANCE|canvas|geologist|summary med=25.2 lo=20.4 hi=28.5 verdict=brisk
BALANCE|canvas|act=teacher|persona=speedy|time=20.6|clumsy=0
BALANCE|canvas|act=teacher|persona=casual|time=30.2|clumsy=0
BALANCE|canvas|act=teacher|persona=dreamy|time=37.8|clumsy=0
BALANCE|canvas|teacher|summary med=30.2 lo=20.6 hi=37.8 verdict=brisk
BALANCE|canvas|done
