Godot Engine v4.7.2.stable.official.ed1daf0bf - https://godotengine.org

OPERA_CONTEST|catalog|careers=15|definitions=65|instances=74|modes=36
OPERA_CONTEST|Teacher preparation logic/surface PASS; production activation and pictures remain owner-gated
OPERA_CONTEST|real_child|chef|seconds=4.87|state=player_won|her=7.000|his=0.862
OPERA_CONTEST|slow_active|chef|seconds=18.07|state=imp_won
OPERA_CONTEST|real_child|detective|seconds=5.90|state=player_won|her=3.000|his=0.338
OPERA_CONTEST|slow_active|detective|seconds=26.53|state=imp_won
OPERA_CONTEST|real_child|ballerina|seconds=5.33|state=player_won|her=3.000|his=1.067
OPERA_CONTEST|slow_active|ballerina|seconds=12.53|state=imp_won
OPERA_CONTEST|real_child|candymaker|seconds=4.90|state=player_won|her=6.000|his=0.727
OPERA_CONTEST|slow_active|candymaker|seconds=16.33|state=imp_won
OPERA_CONTEST|real_child|doctor|seconds=5.77|state=player_won|her=3.000|his=0.186
OPERA_CONTEST|slow_active|doctor|seconds=20.90|state=imp_won
OPERA_CONTEST|real_child|farmer|seconds=8.27|state=player_won|her=4.000|his=1.341
OPERA_CONTEST|slow_active|farmer|seconds=21.37|state=imp_won
OPERA_CONTEST|real_child|boxer|seconds=25.23|state=player_won|her=6.000|his=5.000
OPERA_CONTEST|slow_active|boxer|seconds=34.50|state=imp_won
OPERA_CONTEST|real_child|magician|seconds=4.83|state=player_won|her=3.000|his=0.000
OPERA_CONTEST|slow_active|magician|seconds=6.13|state=imp_won
OPERA_CONTEST|real_child|painter|seconds=3.03|state=player_won|her=1.000|his=0.033
OPERA_CONTEST|slow_active|painter|seconds=20.50|state=imp_won
OPERA_CONTEST|real_child|astronaut|seconds=5.90|state=player_won|her=6.000|his=1.150
OPERA_CONTEST|slow_active|astronaut|seconds=17.40|state=imp_won
OPERA_CONTEST|real_child|racer|seconds=52.70|state=player_won|her=2.000|his=1.963
OPERA_CONTEST|slow_active|racer|seconds=69.20|state=imp_won
OPERA_CONTEST|real_child|popstar|seconds=8.03|state=player_won|her=3.000|his=0.000
OPERA_CONTEST|slow_active|popstar|seconds=7.67|state=imp_won
OPERA_CONTEST|ALL OK
