["C:\\Users\\Peter\\AppData\\Local\\Python\\pythoncore-3.13-64\\python.exe", "-X", "utf8", "-B", "-m", "gdtoolkit.parser", "scripts/opera_nursery_catch.gd", "scripts/opera_nursery_care.gd", "scripts/opera_career_world_2d.gd", "tools/capture_day2_nursery_action_v4.gd", "tools/capture_day2_nursery_care.gd", "tools/capture_day2_nursery_care_fit.gd", "tools/probe_day2_nursery_action_v4.gd", "tools/probe_day2_nursery_care.gd", "tools/capture_day2_nursery_baby_fit.gd"]
["C:\\Users\\Peter\\AppData\\Local\\Python\\pythoncore-3.13-64\\python.exe", "-X", "utf8", "-B", "tools/lint_inference.py", "scripts/opera_nursery_catch.gd", "scripts/opera_nursery_care.gd", "scripts/opera_career_world_2d.gd", "tools/capture_day2_nursery_action_v4.gd", "tools/capture_day2_nursery_care.gd", "tools/capture_day2_nursery_care_fit.gd", "tools/probe_day2_nursery_action_v4.gd", "tools/probe_day2_nursery_care.gd", "tools/capture_day2_nursery_baby_fit.gd"]
["C:/Users/Peter/AppData/Local/Programs/MermaidReefTools/Godot/4.7.2/godot_console.exe", "--headless", "--path", "C:\\Users\\Peter\\Documents\\mermaid-roshan-reef\\tmp\\day2_graphics_audit_20260930", "--check-only", "--script", "scripts/opera_nursery_catch.gd"]
Godot Engine v4.7.2.stable.official.ed1daf0bf - https://godotengine.org

["C:/Users/Peter/AppData/Local/Programs/MermaidReefTools/Godot/4.7.2/godot_console.exe", "--headless", "--path", "C:\\Users\\Peter\\Documents\\mermaid-roshan-reef\\tmp\\day2_graphics_audit_20260930", "--check-only", "--script", "scripts/opera_nursery_care.gd"]
Godot Engine v4.7.2.stable.official.ed1daf0bf - https://godotengine.org

["C:/Users/Peter/AppData/Local/Programs/MermaidReefTools/Godot/4.7.2/godot_console.exe", "--headless", "--path", "C:\\Users\\Peter\\Documents\\mermaid-roshan-reef\\tmp\\day2_graphics_audit_20260930", "--check-only", "--script", "scripts/opera_career_world_2d.gd"]
Godot Engine v4.7.2.stable.official.ed1daf0bf - https://godotengine.org

["C:/Users/Peter/AppData/Local/Programs/MermaidReefTools/Godot/4.7.2/godot_console.exe", "--headless", "--path", "C:\\Users\\Peter\\Documents\\mermaid-roshan-reef\\tmp\\day2_graphics_audit_20260930", "--check-only", "--script", "tools/capture_day2_nursery_action_v4.gd"]
Godot Engine v4.7.2.stable.official.ed1daf0bf - https://godotengine.org

["C:/Users/Peter/AppData/Local/Programs/MermaidReefTools/Godot/4.7.2/godot_console.exe", "--headless", "--path", "C:\\Users\\Peter\\Documents\\mermaid-roshan-reef\\tmp\\day2_graphics_audit_20260930", "--check-only", "--script", "tools/capture_day2_nursery_care.gd"]
Godot Engine v4.7.2.stable.official.ed1daf0bf - https://godotengine.org

["C:/Users/Peter/AppData/Local/Programs/MermaidReefTools/Godot/4.7.2/godot_console.exe", "--headless", "--path", "C:\\Users\\Peter\\Documents\\mermaid-roshan-reef\\tmp\\day2_graphics_audit_20260930", "--check-only", "--script", "tools/capture_day2_nursery_care_fit.gd"]
Godot Engine v4.7.2.stable.official.ed1daf0bf - https://godotengine.org

["C:/Users/Peter/AppData/Local/Programs/MermaidReefTools/Godot/4.7.2/godot_console.exe", "--headless", "--path", "C:\\Users\\Peter\\Documents\\mermaid-roshan-reef\\tmp\\day2_graphics_audit_20260930", "--check-only", "--script", "tools/probe_day2_nursery_action_v4.gd"]
Godot Engine v4.7.2.stable.official.ed1daf0bf - https://godotengine.org

["C:/Users/Peter/AppData/Local/Programs/MermaidReefTools/Godot/4.7.2/godot_console.exe", "--headless", "--path", "C:\\Users\\Peter\\Documents\\mermaid-roshan-reef\\tmp\\day2_graphics_audit_20260930", "--check-only", "--script", "tools/probe_day2_nursery_care.gd"]
Godot Engine v4.7.2.stable.official.ed1daf0bf - https://godotengine.org

["C:/Users/Peter/AppData/Local/Programs/MermaidReefTools/Godot/4.7.2/godot_console.exe", "--headless", "--path", "C:\\Users\\Peter\\Documents\\mermaid-roshan-reef\\tmp\\day2_graphics_audit_20260930", "--check-only", "--script", "tools/capture_day2_nursery_baby_fit.gd"]
Godot Engine v4.7.2.stable.official.ed1daf0bf - https://godotengine.org

["C:\\Users\\Peter\\AppData\\Local\\Python\\pythoncore-3.13-64\\python.exe", "-X", "utf8", "-B", "tools/refresh_job_artwork_status.py", "--check"]
JOB_ART_STATUS|CURRENT|Source fingerprints match saved status; acceptance remains open
