Godot Engine v4.7.2.stable.official.ed1daf0bf - https://godotengine.org

DOLLS|OK|Faron's Dolls friend exists
DOLLS|OK|fresh isolated save has not pre-won Dolls
DOLLS|OK|unowned close preserves another control owner's block
DOLLS|OK|foreign fixture cleanup restores the exact control baseline
DOLLS|OK|entry adds exactly one direct Dolls Canvas child
DOLLS|OK|stage is exactly five nodes with no per-baby scene children
DOLLS|OK|Dolls sits above hidden HUD and below speech and pause
DOLLS|OK|approved 2x2 nursery world tiles are the only backdrop art
DOLLS|OK|known P3 widget placeholders are neither loaded nor displayed
DOLLS|OK|all three approved baby cutouts are active
DOLLS|OK|goal, no-fail and two-second live-input gate are unchanged
DOLLS|OK|picture-first pointer remains while the exact goal clip is missing
DOLLS|OK|cradle focus visibly bobs and pulses without a tween or node
DOLLS|OK|focus and bowl leave Roshan and the falling target unobscured
DOLLS|OK|native nursery panel stays centered, bounded and never upscaled
DOLLS|OK|opaque backing covers the viewport behind the authored panel
DOLLS|OK|selected skin follows the catcher behind every gameplay draw
DOLLS|OK|entry neither mutates game_nodes nor constructs a hidden arena
DOLLS|OK|Dolls exclusively owns and blocks world controls while active
DOLLS|OK|passive fixture uses a center-lane falling baby
DOLLS|OK|center-lane miss rests below every active target and sling
DOLLS|OK|zero input makes two pillow-safe misses and no catch
DOLLS|OK|passive play leaves all persistent progress unchanged
DOLLS|OK|runtime mirrors the exact miss metric and picture pip count
DOLLS|OK|passive dictionaries stay bounded without child growth
DOLLS|OK|a safe miss invokes the exact rate-limited Faron cue
DOLLS|OK|after two misses the next baby is nearer and slower
DOLLS|OK|neutral exit synchronously detaches Dolls only
DOLLS|OK|neutral exit frees the complete five-node subtree
DOLLS|OK|neutral exit is neither a win nor an award
DOLLS|OK|rapid rebuild replaces, rather than duplicates, the Canvas layer
DOLLS|OK|rapidly replaced layer is freed on the next frame
DOLLS|OK|entry adds exactly one direct Dolls Canvas child
DOLLS|OK|stage is exactly five nodes with no per-baby scene children
DOLLS|OK|Dolls sits above hidden HUD and below speech and pause
DOLLS|OK|approved 2x2 nursery world tiles are the only backdrop art
DOLLS|OK|known P3 widget placeholders are neither loaded nor displayed
DOLLS|OK|all three approved baby cutouts are active
DOLLS|OK|goal, no-fail and two-second live-input gate are unchanged
DOLLS|OK|picture-first pointer remains while the exact goal clip is missing
DOLLS|OK|cradle focus visibly bobs and pulses without a tween or node
DOLLS|OK|focus and bowl leave Roshan and the falling target unobscured
DOLLS|OK|native nursery panel stays centered, bounded and never upscaled
DOLLS|OK|opaque backing covers the viewport behind the authored panel
DOLLS|OK|selected skin follows the catcher behind every gameplay draw
DOLLS|OK|entry neither mutates game_nodes nor constructs a hidden arena
DOLLS|OK|Dolls exclusively owns and blocks world controls while active
DOLLS|OK|real press, drag, and release completes the three-doll verb
DOLLS|OK|missed count flows into the exact saved medal tier
DOLLS|OK|first win awards exactly one trophy and persists Faron
DOLLS|OK|win removes Dolls and restores controls without game-node mutation
DOLLS|OK|win teardown frees its layer and surface
DOLLS|OK|post-win re-entry starts one fresh zeroed surface
DOLLS|OK|fresh one-finger replay catches three with no miss
DOLLS|OK|better replay upgrades to gold without duplicating the trophy
DOLLS|OK|replay teardown is clean and leaves no duplicate Dolls layer
DOLLS|result: ALL OK
