AUDITDEV|BASE|c5e98477efe4fe3c36d6bffe68818d84c2d08325
AUDITDEV|FAIL|design/audit_impacts/job-nursery-published-verification-20261002.json: missing acceptance_gaps
AUDITDEV|FAIL|no changed audit-impact record covers audit/job_nursery_wash_connected_v1_20261002/remote_verified_v1/BOUNDARY_UNCHANGED.json
AUDITDEV|FAIL|no changed audit-impact record covers audit/job_nursery_wash_connected_v1_20261002/remote_verified_v1/HOSTED_PROBES_SNAPSHOT_V1.json
AUDITDEV|FAIL|no changed audit-impact record covers audit/job_nursery_wash_connected_v1_20261002/remote_verified_v1/PUBLISH_RECEIPT.json
AUDITDEV|FAIL|no changed audit-impact record covers audit/job_nursery_wash_connected_v1_20261002/remote_verified_v1/RESULT.json
AUDITDEV|FAIL|no changed audit-impact record covers audit/job_nursery_wash_connected_v1_20261002/remote_verified_v1/VERIFICATION_JOURNAL.jsonl
AUDITDEV|FAIL|no changed audit-impact record covers audit/job_nursery_wash_connected_v1_20261002/remote_verified_v1/authority.stderr.log
AUDITDEV|FAIL|no changed audit-impact record covers audit/job_nursery_wash_connected_v1_20261002/remote_verified_v1/authority.stdout.log
AUDITDEV|FAIL|no changed audit-impact record covers audit/job_nursery_wash_connected_v1_20261002/remote_verified_v1/commit.stderr.log
AUDITDEV|FAIL|no changed audit-impact record covers audit/job_nursery_wash_connected_v1_20261002/remote_verified_v1/commit.stdout.log
AUDITDEV|FAIL|no changed audit-impact record covers audit/job_nursery_wash_connected_v1_20261002/remote_verified_v1/development.stderr.log
AUDITDEV|FAIL|no changed audit-impact record covers audit/job_nursery_wash_connected_v1_20261002/remote_verified_v1/development.stdout.log
AUDITDEV|FAIL|no changed audit-impact record covers audit/job_nursery_wash_connected_v1_20261002/remote_verified_v1/fetch.stderr.log
AUDITDEV|FAIL|no changed audit-impact record covers audit/job_nursery_wash_connected_v1_20261002/remote_verified_v1/fetch.stdout.log
AUDITDEV|FAIL|no changed audit-impact record covers audit/job_nursery_wash_connected_v1_20261002/remote_verified_v1/index.html
AUDITDEV|FAIL|no changed audit-impact record covers audit/job_nursery_wash_connected_v1_20261002/remote_verified_v1/publish_connected_nursery_checkpoint_o_v386.py
AUDITDEV|FAIL|no changed audit-impact record covers audit/job_nursery_wash_connected_v1_20261002/remote_verified_v1/push.stderr.log
AUDITDEV|FAIL|no changed audit-impact record covers audit/job_nursery_wash_connected_v1_20261002/remote_verified_v1/push.stdout.log
AUDITDEV|FAIL|no changed audit-impact record covers audit/job_nursery_wash_connected_v1_20261002/review_tools/record_nursery_remote_verification_v389.py
AUDITDEV|RESULT|19 ISSUE(S)
