Godot Engine v4.7.2.stable.official.ed1daf0bf - https://godotengine.org

AUTHORED_LAUNCH|OK|slot0 candidate builds world
AUTHORED_LAUNCH|OK|slot0 resolves exact authored phases
AUTHORED_LAUNCH|OK|slot0 opens with zero earned progress
AUTHORED_LAUNCH|OK|slot0 uses birthday policy exactly when requested
AUTHORED_LAUNCH|OK|slot0 passive launch cannot award stars or party contributions
AUTHORED_LAUNCH|OK|slot0 cancellation preserves earned state
AUTHORED_LAUNCH|OK|slot1 candidate builds world
AUTHORED_LAUNCH|OK|slot1 resolves exact authored phases
AUTHORED_LAUNCH|OK|slot1 opens with zero earned progress
AUTHORED_LAUNCH|OK|slot1 uses birthday policy exactly when requested
AUTHORED_LAUNCH|OK|slot1 passive launch cannot award stars or party contributions
AUTHORED_LAUNCH|OK|slot1 cancellation preserves earned state
AUTHORED_LAUNCH|OK|slot2 candidate builds world
AUTHORED_LAUNCH|OK|slot2 resolves exact authored phases
AUTHORED_LAUNCH|OK|slot2 opens with zero earned progress
AUTHORED_LAUNCH|OK|slot2 uses birthday policy exactly when requested
AUTHORED_LAUNCH|OK|slot2 passive launch cannot award stars or party contributions
AUTHORED_LAUNCH|OK|slot2 cancellation preserves earned state
AUTHORED_LAUNCH|OK|slot3 candidate builds world
AUTHORED_LAUNCH|OK|slot3 resolves exact authored phases
AUTHORED_LAUNCH|OK|slot3 opens with zero earned progress
AUTHORED_LAUNCH|OK|slot3 uses birthday policy exactly when requested
AUTHORED_LAUNCH|OK|slot3 passive launch cannot award stars or party contributions
AUTHORED_LAUNCH|OK|slot3 cancellation preserves earned state
AUTHORED_LAUNCH|OK|slot5 candidate builds world
AUTHORED_LAUNCH|OK|slot5 resolves exact authored phases
AUTHORED_LAUNCH|OK|slot5 opens with zero earned progress
AUTHORED_LAUNCH|OK|slot5 uses birthday policy exactly when requested
AUTHORED_LAUNCH|OK|slot5 passive launch cannot award stars or party contributions
AUTHORED_LAUNCH|OK|slot5 cancellation preserves earned state
AUTHORED_LAUNCH|OK|slot6 candidate builds world
AUTHORED_LAUNCH|OK|slot6 resolves exact authored phases
AUTHORED_LAUNCH|OK|slot6 opens with zero earned progress
AUTHORED_LAUNCH|OK|slot6 uses birthday policy exactly when requested
AUTHORED_LAUNCH|OK|slot6 passive launch cannot award stars or party contributions
AUTHORED_LAUNCH|OK|slot6 cancellation preserves earned state
AUTHORED_LAUNCH|OK|slot7 candidate builds world
AUTHORED_LAUNCH|OK|slot7 resolves exact authored phases
AUTHORED_LAUNCH|OK|slot7 opens with zero earned progress
AUTHORED_LAUNCH|OK|slot7 uses birthday policy exactly when requested
AUTHORED_LAUNCH|OK|slot7 passive launch cannot award stars or party contributions
AUTHORED_LAUNCH|OK|slot7 cancellation preserves earned state
AUTHORED_LAUNCH|OK|slot8 candidate builds world
AUTHORED_LAUNCH|OK|slot8 resolves exact authored phases
AUTHORED_LAUNCH|OK|slot8 opens with zero earned progress
AUTHORED_LAUNCH|OK|slot8 uses birthday policy exactly when requested
AUTHORED_LAUNCH|OK|slot8 passive launch cannot award stars or party contributions
AUTHORED_LAUNCH|OK|slot8 cancellation preserves earned state
AUTHORED_LAUNCH|OK|slot10 candidate builds world
AUTHORED_LAUNCH|OK|slot10 resolves exact authored phases
AUTHORED_LAUNCH|OK|slot10 opens with zero earned progress
AUTHORED_LAUNCH|OK|slot10 uses birthday policy exactly when requested
AUTHORED_LAUNCH|OK|slot10 passive launch cannot award stars or party contributions
AUTHORED_LAUNCH|OK|slot10 cancellation preserves earned state
AUTHORED_LAUNCH|OK|slot11 candidate builds world
AUTHORED_LAUNCH|OK|slot11 resolves exact authored phases
AUTHORED_LAUNCH|OK|slot11 opens with zero earned progress
AUTHORED_LAUNCH|OK|slot11 uses birthday policy exactly when requested
AUTHORED_LAUNCH|OK|slot11 passive launch cannot award stars or party contributions
AUTHORED_LAUNCH|OK|slot11 cancellation preserves earned state
AUTHORED_LAUNCH|OK|slot12 candidate builds world
AUTHORED_LAUNCH|OK|slot12 resolves exact authored phases
AUTHORED_LAUNCH|OK|slot12 opens with zero earned progress
AUTHORED_LAUNCH|OK|slot12 uses birthday policy exactly when requested
AUTHORED_LAUNCH|OK|slot12 passive launch cannot award stars or party contributions
AUTHORED_LAUNCH|OK|slot12 cancellation preserves earned state
AUTHORED_LAUNCH|OK|slot13 candidate builds world
AUTHORED_LAUNCH|OK|slot13 resolves exact authored phases
AUTHORED_LAUNCH|OK|slot13 opens with zero earned progress
AUTHORED_LAUNCH|OK|slot13 uses birthday policy exactly when requested
AUTHORED_LAUNCH|OK|slot13 passive launch cannot award stars or party contributions
AUTHORED_LAUNCH|OK|slot13 cancellation preserves earned state
AUTHORED_LAUNCH|OK|slot15 candidate builds world
AUTHORED_LAUNCH|OK|slot15 resolves exact authored phases
AUTHORED_LAUNCH|OK|slot15 opens with zero earned progress
AUTHORED_LAUNCH|OK|slot15 uses birthday policy exactly when requested
AUTHORED_LAUNCH|OK|slot15 passive launch cannot award stars or party contributions
AUTHORED_LAUNCH|OK|slot15 cancellation preserves earned state
AUTHORED_LAUNCH|OK|slot16 candidate builds world
AUTHORED_LAUNCH|OK|slot16 resolves exact authored phases
AUTHORED_LAUNCH|OK|slot16 opens with zero earned progress
AUTHORED_LAUNCH|OK|slot16 uses birthday policy exactly when requested
AUTHORED_LAUNCH|OK|slot16 passive launch cannot award stars or party contributions
AUTHORED_LAUNCH|OK|slot16 cancellation preserves earned state
AUTHORED_LAUNCH|OK|slot17 candidate builds world
AUTHORED_LAUNCH|OK|slot17 resolves exact authored phases
AUTHORED_LAUNCH|OK|slot17 opens with zero earned progress
AUTHORED_LAUNCH|OK|slot17 uses birthday policy exactly when requested
AUTHORED_LAUNCH|OK|slot17 passive launch cannot award stars or party contributions
AUTHORED_LAUNCH|OK|slot17 cancellation preserves earned state
AUTHORED_LAUNCH|OK|slot6 ordinary director supplies story policy without explicit phases
AUTHORED_LAUNCH|OK|slot6 candidate builds world
AUTHORED_LAUNCH|OK|slot6 resolves exact authored phases
AUTHORED_LAUNCH|OK|slot6 opens with zero earned progress
AUTHORED_LAUNCH|OK|slot6 uses birthday policy exactly when requested
AUTHORED_LAUNCH|OK|slot6 ordinary story callback still belongs to the actual main
AUTHORED_LAUNCH|OK|slot6 passive launch cannot award stars or party contributions
AUTHORED_LAUNCH|OK|slot6 cancellation preserves earned state
AUTHORED_LAUNCH|OK|fixture policy advances ordered slot6
AUTHORED_LAUNCH|OK|slot0 ordinary director supplies story policy without explicit phases
AUTHORED_LAUNCH|OK|slot0 candidate builds world
AUTHORED_LAUNCH|OK|slot0 resolves exact authored phases
AUTHORED_LAUNCH|OK|slot0 opens with zero earned progress
AUTHORED_LAUNCH|OK|slot0 uses birthday policy exactly when requested
AUTHORED_LAUNCH|OK|slot0 ordinary story callback still belongs to the actual main
AUTHORED_LAUNCH|OK|slot0 passive launch cannot award stars or party contributions
AUTHORED_LAUNCH|OK|slot0 cancellation preserves earned state
AUTHORED_LAUNCH|OK|fixture policy advances ordered slot0
AUTHORED_LAUNCH|OK|slot3 ordinary director supplies story policy without explicit phases
AUTHORED_LAUNCH|OK|slot3 candidate builds world
AUTHORED_LAUNCH|OK|slot3 resolves exact authored phases
AUTHORED_LAUNCH|OK|slot3 opens with zero earned progress
AUTHORED_LAUNCH|OK|slot3 uses birthday policy exactly when requested
AUTHORED_LAUNCH|OK|slot3 ordinary story callback still belongs to the actual main
AUTHORED_LAUNCH|OK|slot3 passive launch cannot award stars or party contributions
AUTHORED_LAUNCH|OK|slot3 cancellation preserves earned state
AUTHORED_LAUNCH|OK|fixture policy advances ordered slot3
AUTHORED_LAUNCH|OK|slot10 ordinary director supplies story policy without explicit phases
AUTHORED_LAUNCH|OK|slot10 candidate builds world
AUTHORED_LAUNCH|OK|slot10 resolves exact authored phases
AUTHORED_LAUNCH|OK|slot10 opens with zero earned progress
AUTHORED_LAUNCH|OK|slot10 uses birthday policy exactly when requested
AUTHORED_LAUNCH|OK|slot10 ordinary story callback still belongs to the actual main
AUTHORED_LAUNCH|OK|slot10 passive launch cannot award stars or party contributions
AUTHORED_LAUNCH|OK|slot10 cancellation preserves earned state
AUTHORED_LAUNCH|OK|fixture policy advances ordered slot10
AUTHORED_LAUNCH|OK|slot2 ordinary director supplies story policy without explicit phases
AUTHORED_LAUNCH|OK|slot2 candidate builds world
AUTHORED_LAUNCH|OK|slot2 resolves exact authored phases
AUTHORED_LAUNCH|OK|slot2 opens with zero earned progress
AUTHORED_LAUNCH|OK|slot2 uses birthday policy exactly when requested
AUTHORED_LAUNCH|OK|slot2 ordinary story callback still belongs to the actual main
AUTHORED_LAUNCH|OK|slot2 passive launch cannot award stars or party contributions
AUTHORED_LAUNCH|OK|slot2 cancellation preserves earned state
AUTHORED_LAUNCH|OK|fixture policy advances ordered slot2
AUTHORED_LAUNCH|OK|slot13 ordinary director supplies story policy without explicit phases
AUTHORED_LAUNCH|OK|slot13 candidate builds world
AUTHORED_LAUNCH|OK|slot13 resolves exact authored phases
AUTHORED_LAUNCH|OK|slot13 opens with zero earned progress
AUTHORED_LAUNCH|OK|slot13 uses birthday policy exactly when requested
AUTHORED_LAUNCH|OK|slot13 ordinary story callback still belongs to the actual main
AUTHORED_LAUNCH|OK|slot13 passive launch cannot award stars or party contributions
AUTHORED_LAUNCH|OK|slot13 cancellation preserves earned state
AUTHORED_LAUNCH|OK|fixture policy advances ordered slot13
AUTHORED_LAUNCH|OK|slot11 ordinary director supplies story policy without explicit phases
AUTHORED_LAUNCH|OK|slot11 candidate builds world
AUTHORED_LAUNCH|OK|slot11 resolves exact authored phases
AUTHORED_LAUNCH|OK|slot11 opens with zero earned progress
AUTHORED_LAUNCH|OK|slot11 uses birthday policy exactly when requested
AUTHORED_LAUNCH|OK|slot11 ordinary story callback still belongs to the actual main
AUTHORED_LAUNCH|OK|slot11 passive launch cannot award stars or party contributions
AUTHORED_LAUNCH|OK|slot11 cancellation preserves earned state
AUTHORED_LAUNCH|OK|fixture policy advances ordered slot11
AUTHORED_LAUNCH|OK|slot1 ordinary director supplies story policy without explicit phases
AUTHORED_LAUNCH|OK|slot1 candidate builds world
AUTHORED_LAUNCH|OK|slot1 resolves exact authored phases
AUTHORED_LAUNCH|OK|slot1 opens with zero earned progress
AUTHORED_LAUNCH|OK|slot1 uses birthday policy exactly when requested
AUTHORED_LAUNCH|OK|slot1 ordinary story callback still belongs to the actual main
AUTHORED_LAUNCH|OK|slot1 passive launch cannot award stars or party contributions
AUTHORED_LAUNCH|OK|slot1 cancellation preserves earned state
AUTHORED_LAUNCH|OK|fixture policy advances ordered slot1
AUTHORED_LAUNCH|OK|explicit invalid phases rejected by shared caller validator
AUTHORED_LAUNCH|OK|explicit invalid phases rejected by shared caller validator
AUTHORED_LAUNCH|OK|explicit invalid phases rejected by shared caller validator
AUTHORED_LAUNCH|RESULT|PASS|0
WARNING: Opera phase has no authored room object: farmer/GATHER STRAWBERRIES
   at: push_warning (core/variant/variant_utility.cpp:1033)
   GDScript backtrace (most recent call first):
       [0] _assign_stations (res://scripts/opera_career_world_2d.gd:1890)
       [1] _build_world (res://scripts/opera_career_world_2d.gd:1185)
       [2] setup (res://scripts/opera_career_world_2d.gd:765)
       [3] start (res://scripts/opera_act.gd:78)
       [4] start (res://scripts/opera_house.gd:249)
       [5] _launch (res://tools/probe_day2_authored_launch.gd:29)
       [6] _run (res://tools/probe_day2_authored_launch.gd:97)
       [7] _launch (res://tools/probe_day2_authored_launch.gd:48)
       [8] _frames (res://tools/probe_day2_authored_launch.gd:16)
WARNING: Opera phase has no authored room object: farmer/FILL BASKET
   at: push_warning (core/variant/variant_utility.cpp:1033)
   GDScript backtrace (most recent call first):
       [0] _assign_stations (res://scripts/opera_career_world_2d.gd:1890)
       [1] _build_world (res://scripts/opera_career_world_2d.gd:1185)
       [2] setup (res://scripts/opera_career_world_2d.gd:765)
       [3] start (res://scripts/opera_act.gd:78)
       [4] start (res://scripts/opera_house.gd:249)
       [5] _launch (res://tools/probe_day2_authored_launch.gd:29)
       [6] _run (res://tools/probe_day2_authored_launch.gd:97)
       [7] _launch (res://tools/probe_day2_authored_launch.gd:48)
       [8] _frames (res://tools/probe_day2_authored_launch.gd:16)
WARNING: Opera phase has no authored room object: farmer/DELIVER TO KITCHEN
   at: push_warning (core/variant/variant_utility.cpp:1033)
   GDScript backtrace (most recent call first):
       [0] _assign_stations (res://scripts/opera_career_world_2d.gd:1890)
       [1] _build_world (res://scripts/opera_career_world_2d.gd:1185)
       [2] setup (res://scripts/opera_career_world_2d.gd:765)
       [3] start (res://scripts/opera_act.gd:78)
       [4] start (res://scripts/opera_house.gd:249)
       [5] _launch (res://tools/probe_day2_authored_launch.gd:29)
       [6] _run (res://tools/probe_day2_authored_launch.gd:97)
       [7] _launch (res://tools/probe_day2_authored_launch.gd:48)
       [8] _frames (res://tools/probe_day2_authored_launch.gd:16)
WARNING: Opera phase has no authored room object: chef/STACK
   at: push_warning (core/variant/variant_utility.cpp:1033)
   GDScript backtrace (most recent call first):
       [0] _assign_stations (res://scripts/opera_career_world_2d.gd:1890)
       [1] _build_world (res://scripts/opera_career_world_2d.gd:1185)
       [2] setup (res://scripts/opera_career_world_2d.gd:765)
       [3] start (res://scripts/opera_act.gd:78)
       [4] start (res://scripts/opera_house.gd:249)
       [5] _launch (res://tools/probe_day2_authored_launch.gd:29)
       [6] _run (res://tools/probe_day2_authored_launch.gd:97)
       [7] _launch (res://tools/probe_day2_authored_launch.gd:48)
       [8] _frames (res://tools/probe_day2_authored_launch.gd:16)
WARNING: Opera phase has no authored room object: candymaker/COAT STRAWBERRIES
   at: push_warning (core/variant/variant_utility.cpp:1033)
   GDScript backtrace (most recent call first):
       [0] _assign_stations (res://scripts/opera_career_world_2d.gd:1890)
       [1] _build_world (res://scripts/opera_career_world_2d.gd:1185)
       [2] setup (res://scripts/opera_career_world_2d.gd:765)
       [3] start (res://scripts/opera_act.gd:78)
       [4] start (res://scripts/opera_house.gd:249)
       [5] _launch (res://tools/probe_day2_authored_launch.gd:29)
       [6] _run (res://tools/probe_day2_authored_launch.gd:97)
       [7] _launch (res://tools/probe_day2_authored_launch.gd:48)
       [8] _frames (res://tools/probe_day2_authored_launch.gd:16)
WARNING: Opera phase has no authored room object: candymaker/SORT STRAWBERRIES
   at: push_warning (core/variant/variant_utility.cpp:1033)
   GDScript backtrace (most recent call first):
       [0] _assign_stations (res://scripts/opera_career_world_2d.gd:1890)
       [1] _build_world (res://scripts/opera_career_world_2d.gd:1185)
       [2] setup (res://scripts/opera_career_world_2d.gd:765)
       [3] start (res://scripts/opera_act.gd:78)
       [4] start (res://scripts/opera_house.gd:249)
       [5] _launch (res://tools/probe_day2_authored_launch.gd:29)
       [6] _run (res://tools/probe_day2_authored_launch.gd:97)
       [7] _launch (res://tools/probe_day2_authored_launch.gd:48)
       [8] _frames (res://tools/probe_day2_authored_launch.gd:16)
WARNING: Opera phase has no authored room object: candymaker/GLAZE STRAWBERRIES
   at: push_warning (core/variant/variant_utility.cpp:1033)
   GDScript backtrace (most recent call first):
       [0] _assign_stations (res://scripts/opera_career_world_2d.gd:1890)
       [1] _build_world (res://scripts/opera_career_world_2d.gd:1185)
       [2] setup (res://scripts/opera_career_world_2d.gd:765)
       [3] start (res://scripts/opera_act.gd:78)
       [4] start (res://scripts/opera_house.gd:249)
       [5] _launch (res://tools/probe_day2_authored_launch.gd:29)
       [6] _run (res://tools/probe_day2_authored_launch.gd:97)
       [7] _launch (res://tools/probe_day2_authored_launch.gd:48)
       [8] _frames (res://tools/probe_day2_authored_launch.gd:16)
WARNING: Opera phase has no authored room object: candymaker/PLACE ON CAKE
   at: push_warning (core/variant/variant_utility.cpp:1033)
   GDScript backtrace (most recent call first):
       [0] _assign_stations (res://scripts/opera_career_world_2d.gd:1890)
       [1] _build_world (res://scripts/opera_career_world_2d.gd:1185)
       [2] setup (res://scripts/opera_career_world_2d.gd:765)
       [3] start (res://scripts/opera_act.gd:78)
       [4] start (res://scripts/opera_house.gd:249)
       [5] _launch (res://tools/probe_day2_authored_launch.gd:29)
       [6] _run (res://tools/probe_day2_authored_launch.gd:97)
       [7] _launch (res://tools/probe_day2_authored_launch.gd:48)
       [8] _frames (res://tools/probe_day2_authored_launch.gd:16)
WARNING: Opera phase has no authored room object: painter/STAMP
   at: push_warning (core/variant/variant_utility.cpp:1033)
   GDScript backtrace (most recent call first):
       [0] _assign_stations (res://scripts/opera_career_world_2d.gd:1890)
       [1] _build_world (res://scripts/opera_career_world_2d.gd:1185)
       [2] setup (res://scripts/opera_career_world_2d.gd:765)
       [3] start (res://scripts/opera_act.gd:78)
       [4] start (res://scripts/opera_house.gd:249)
       [5] _launch (res://tools/probe_day2_authored_launch.gd:29)
       [6] _run (res://tools/probe_day2_authored_launch.gd:97)
       [7] _launch (res://tools/probe_day2_authored_launch.gd:48)
       [8] _frames (res://tools/probe_day2_authored_launch.gd:16)
WARNING: Opera phase has no authored room object: painter/HANG
   at: push_warning (core/variant/variant_utility.cpp:1033)
   GDScript backtrace (most recent call first):
       [0] _assign_stations (res://scripts/opera_career_world_2d.gd:1890)
       [1] _build_world (res://scripts/opera_career_world_2d.gd:1185)
       [2] setup (res://scripts/opera_career_world_2d.gd:765)
       [3] start (res://scripts/opera_act.gd:78)
       [4] start (res://scripts/opera_house.gd:249)
       [5] _launch (res://tools/probe_day2_authored_launch.gd:29)
       [6] _run (res://tools/probe_day2_authored_launch.gd:97)
       [7] _launch (res://tools/probe_day2_authored_launch.gd:48)
       [8] _frames (res://tools/probe_day2_authored_launch.gd:16)
WARNING: Opera phase has no authored room object: ballerina/STUFFIES MIRROR
   at: push_warning (core/variant/variant_utility.cpp:1033)
   GDScript backtrace (most recent call first):
       [0] _assign_stations (res://scripts/opera_career_world_2d.gd:1890)
       [1] _build_world (res://scripts/opera_career_world_2d.gd:1185)
       [2] setup (res://scripts/opera_career_world_2d.gd:765)
       [3] start (res://scripts/opera_act.gd:78)
       [4] start (res://scripts/opera_house.gd:249)
       [5] _launch (res://tools/probe_day2_authored_launch.gd:29)
       [6] _run (res://tools/probe_day2_authored_launch.gd:97)
       [7] _launch (res://tools/probe_day2_authored_launch.gd:48)
       [8] _frames (res://tools/probe_day2_authored_launch.gd:16)
WARNING: Opera phase has no authored room object: ballerina/STUFFIES TWIRL
   at: push_warning (core/variant/variant_utility.cpp:1033)
   GDScript backtrace (most recent call first):
       [0] _assign_stations (res://scripts/opera_career_world_2d.gd:1890)
       [1] _build_world (res://scripts/opera_career_world_2d.gd:1185)
       [2] setup (res://scripts/opera_career_world_2d.gd:765)
       [3] start (res://scripts/opera_act.gd:78)
       [4] start (res://scripts/opera_house.gd:249)
       [5] _launch (res://tools/probe_day2_authored_launch.gd:29)
       [6] _run (res://tools/probe_day2_authored_launch.gd:97)
       [7] _launch (res://tools/probe_day2_authored_launch.gd:48)
       [8] _frames (res://tools/probe_day2_authored_launch.gd:16)
WARNING: Opera phase has no authored room object: ballerina/STUFFIES BOW
   at: push_warning (core/variant/variant_utility.cpp:1033)
   GDScript backtrace (most recent call first):
       [0] _assign_stations (res://scripts/opera_career_world_2d.gd:1890)
       [1] _build_world (res://scripts/opera_career_world_2d.gd:1185)
       [2] setup (res://scripts/opera_career_world_2d.gd:765)
       [3] start (res://scripts/opera_act.gd:78)
       [4] start (res://scripts/opera_house.gd:249)
       [5] _launch (res://tools/probe_day2_authored_launch.gd:29)
       [6] _run (res://tools/probe_day2_authored_launch.gd:97)
       [7] _launch (res://tools/probe_day2_authored_launch.gd:48)
       [8] _frames (res://tools/probe_day2_authored_launch.gd:16)
WARNING: Opera phase has no authored room object: popstar/STAGE RUMI
   at: push_warning (core/variant/variant_utility.cpp:1033)
   GDScript backtrace (most recent call first):
       [0] _assign_stations (res://scripts/opera_career_world_2d.gd:1890)
       [1] _build_world (res://scripts/opera_career_world_2d.gd:1185)
       [2] setup (res://scripts/opera_career_world_2d.gd:765)
       [3] start (res://scripts/opera_act.gd:78)
       [4] start (res://scripts/opera_house.gd:249)
       [5] _launch (res://tools/probe_day2_authored_launch.gd:29)
       [6] _run (res://tools/probe_day2_authored_launch.gd:97)
       [7] _launch (res://tools/probe_day2_authored_launch.gd:48)
       [8] _frames (res://tools/probe_day2_authored_launch.gd:16)
WARNING: Opera phase has no authored room object: astronaut/BUILD ROCKET
   at: push_warning (core/variant/variant_utility.cpp:1033)
   GDScript backtrace (most recent call first):
       [0] _assign_stations (res://scripts/opera_career_world_2d.gd:1890)
       [1] _build_world (res://scripts/opera_career_world_2d.gd:1185)
       [2] setup (res://scripts/opera_career_world_2d.gd:765)
       [3] start (res://scripts/opera_act.gd:78)
       [4] start (res://scripts/opera_house.gd:249)
       [5] _launch (res://tools/probe_day2_authored_launch.gd:29)
       [6] _run (res://tools/probe_day2_authored_launch.gd:97)
       [7] _launch (res://tools/probe_day2_authored_launch.gd:48)
       [8] _frames (res://tools/probe_day2_authored_launch.gd:16)
WARNING: Opera phase has no authored room object: astronaut/READY PARK
   at: push_warning (core/variant/variant_utility.cpp:1033)
   GDScript backtrace (most recent call first):
       [0] _assign_stations (res://scripts/opera_career_world_2d.gd:1890)
       [1] _build_world (res://scripts/opera_career_world_2d.gd:1185)
       [2] setup (res://scripts/opera_career_world_2d.gd:765)
       [3] start (res://scripts/opera_act.gd:78)
       [4] start (res://scripts/opera_house.gd:249)
       [5] _launch (res://tools/probe_day2_authored_launch.gd:29)
       [6] _run (res://tools/probe_day2_authored_launch.gd:97)
       [7] _launch (res://tools/probe_day2_authored_launch.gd:48)
       [8] _frames (res://tools/probe_day2_authored_launch.gd:16)
WARNING: Opera phase has no authored room object: detective/LENS
   at: push_warning (core/variant/variant_utility.cpp:1033)
   GDScript backtrace (most recent call first):
       [0] _assign_stations (res://scripts/opera_career_world_2d.gd:1890)
       [1] _build_world (res://scripts/opera_career_world_2d.gd:1185)
       [2] setup (res://scripts/opera_career_world_2d.gd:765)
       [3] start (res://scripts/opera_act.gd:78)
       [4] start (res://scripts/opera_house.gd:249)
       [5] _launch (res://tools/probe_day2_authored_launch.gd:29)
       [6] _run (res://tools/probe_day2_authored_launch.gd:97)
       [7] _launch (res://tools/probe_day2_authored_launch.gd:48)
       [8] _frames (res://tools/probe_day2_authored_launch.gd:16)
WARNING: Opera phase has no authored room object: detective/STORYBOOK BOARD
   at: push_warning (core/variant/variant_utility.cpp:1033)
   GDScript backtrace (most recent call first):
       [0] _assign_stations (res://scripts/opera_career_world_2d.gd:1890)
       [1] _build_world (res://scripts/opera_career_world_2d.gd:1185)
       [2] setup (res://scripts/opera_career_world_2d.gd:765)
       [3] start (res://scripts/opera_act.gd:78)
       [4] start (res://scripts/opera_house.gd:249)
       [5] _launch (res://tools/probe_day2_authored_launch.gd:29)
       [6] _run (res://tools/probe_day2_authored_launch.gd:97)
       [7] _launch (res://tools/probe_day2_authored_launch.gd:48)
       [8] _frames (res://tools/probe_day2_authored_launch.gd:16)
WARNING: Opera phase has no authored room object: detective/UNLIT RAINBOW CANDLE
   at: push_warning (core/variant/variant_utility.cpp:1033)
   GDScript backtrace (most recent call first):
       [0] _assign_stations (res://scripts/opera_career_world_2d.gd:1890)
       [1] _build_world (res://scripts/opera_career_world_2d.gd:1185)
       [2] setup (res://scripts/opera_career_world_2d.gd:765)
       [3] start (res://scripts/opera_act.gd:78)
       [4] start (res://scripts/opera_house.gd:249)
       [5] _launch (res://tools/probe_day2_authored_launch.gd:29)
       [6] _run (res://tools/probe_day2_authored_launch.gd:97)
       [7] _launch (res://tools/probe_day2_authored_launch.gd:48)
       [8] _frames (res://tools/probe_day2_authored_launch.gd:16)
