Godot Engine v4.7.2.stable.official.ed1daf0bf - https://godotengine.org
Vulkan 1.4.325 - Forward Mobile - Using Device #0: NVIDIA - NVIDIA GeForce RTX 3060 Ti

CURRENT_OPERA_ART|SOURCE|res://scripts/opera_teacher_surface.gd|b4893e222e45096cb539ad8025fdf7ba1a395cf6a921d7dc0205cff57acaa667
CURRENT_OPERA_ART|SOURCE|res://scripts/opera_geology_surface.gd|da96f3b7c07b2ecac796cbe21410499c4439937a21d4096fd918a611e02ba8be
CURRENT_OPERA_ART|SOURCE|res://scripts/opera_career_world_2d.gd|2f01fb3d4ea8b517a4de26e1c759f105dcbb19ac7e87613bd99dd0912a145b4d
CURRENT_OPERA_ART|SOURCE|res://scripts/opera_act.gd|ad107c7cd70171969676d2568991ea42035237ce0189389c9eece7aa9809d776
CURRENT_OPERA_ART|SOURCE|res://scripts/opera_roshan_actor.gd|556301bbaeefcc55f7a5c28744170872e488563719aee54856ad4c65c4e9cb6d
CURRENT_OPERA_ART|SOURCE|res://assets/opera/worlds/actors/animation/roshan_teacher_sheet_a.png|2bddeebd6ca4fe0647e1f6deb670bfcab4d1183f36417e0a033e59c4788dd28c
CURRENT_OPERA_ART|SOURCE|res://assets/opera/worlds/actors/animation/roshan_geologist_sheet_a.png|1fd7080933fd49b27a9cbb2b20d9470e4fd654dec58db72e9aa9e081a6e24c37
CURRENT_OPERA_ART|OK|found teacher shipping config
CURRENT_OPERA_ART|OK|teacher configured Canvas career world
CURRENT_OPERA_ART|OK|teacher/pattern opened current live surface
CURRENT_OPERA_ART|OK|teacher/pattern normal surface clock advances
CURRENT_OPERA_ART|CLOCK|career=teacher|phase=pattern|before=0.264218|after=0.397244|paused=false|world_processing=true|surface_processing=true
CURRENT_OPERA_ART|OK|capture teacher_pattern_intro.png
CURRENT_OPERA_ART|CAPTURE|{"capture_origin":"configured_phase_shortcut","career":"teacher","elapsed_msec":8619,"mode":"teacher_pattern","path":"C:\\Users\\Peter\\Documents\\mermaid-roshan-reef\\.worktrees\\minigame-art-dev-reconcile-20260905\\tmp\\current-opera-art-capture\\run03\\captures/teacher_pattern_intro.png","phase":"pattern","phase_index":0,"process_frames":17,"renderer":"mobile","sha256":"ab6f55175c49ed5b6f798cb688f9f695f2dd4cd93b02f747b122a440d98a7c23","state":"intro","surface":{"assisted":false,"can_answer":true,"chosen":-1,"counted":[],"joined":true,"kind":"pattern","sequence":0,"solved":false,"tier":0,"version":1,"wrong_attempts":0},"task_open":true,"ticks_msec":17409,"time_scale":1.0,"viewport":[1280,720]}
CURRENT_OPERA_ART|OK|capture teacher_pattern_partial.png
CURRENT_OPERA_ART|CAPTURE|{"capture_origin":"live_gui_input","career":"teacher","elapsed_msec":9733,"mode":"teacher_pattern","path":"C:\\Users\\Peter\\Documents\\mermaid-roshan-reef\\.worktrees\\minigame-art-dev-reconcile-20260905\\tmp\\current-opera-art-capture\\run03\\captures/teacher_pattern_partial.png","phase":"pattern","phase_index":0,"process_frames":25,"renderer":"mobile","sha256":"368b824e98106bb149b24b00c587dde20a26fad27562ac551a2b5bc5f2b90911","state":"partial","surface":{"assisted":true,"can_answer":true,"chosen":-1,"counted":[],"joined":true,"kind":"pattern","sequence":0,"solved":false,"tier":0,"version":1,"wrong_attempts":1},"task_open":true,"ticks_msec":18523,"time_scale":1.0,"viewport":[1280,720]}
CURRENT_OPERA_ART|OK|teacher/pattern completion still owns current surface
CURRENT_OPERA_ART|OK|capture teacher_pattern_completion.png
CURRENT_OPERA_ART|CAPTURE|{"capture_origin":"live_gui_input","career":"teacher","elapsed_msec":11371,"mode":"teacher_pattern","path":"C:\\Users\\Peter\\Documents\\mermaid-roshan-reef\\.worktrees\\minigame-art-dev-reconcile-20260905\\tmp\\current-opera-art-capture\\run03\\captures/teacher_pattern_completion.png","phase":"pattern","phase_index":0,"process_frames":35,"renderer":"mobile","sha256":"8c4194dbde97fb0f18735c75c27f1482879ec551b9d778ed05ab89b0983e3cb4","state":"completion","surface":{"assisted":true,"can_answer":true,"chosen":0,"counted":[],"joined":true,"kind":"pattern","sequence":0,"solved":true,"tier":0,"version":1,"wrong_attempts":1},"task_open":true,"ticks_msec":20161,"time_scale":1.0,"viewport":[1280,720]}
CURRENT_OPERA_ART|OK|teacher/pattern reached complete surface state
CURRENT_OPERA_ART|OK|teacher/count opened current live surface
CURRENT_OPERA_ART|OK|teacher/count normal surface clock advances
CURRENT_OPERA_ART|CLOCK|career=teacher|phase=count|before=0.134206|after=0.350545|paused=false|world_processing=true|surface_processing=true
CURRENT_OPERA_ART|OK|capture teacher_count_intro.png
CURRENT_OPERA_ART|CAPTURE|{"capture_origin":"configured_phase_shortcut","career":"teacher","elapsed_msec":12600,"mode":"teacher_count","path":"C:\\Users\\Peter\\Documents\\mermaid-roshan-reef\\.worktrees\\minigame-art-dev-reconcile-20260905\\tmp\\current-opera-art-capture\\run03\\captures/teacher_count_intro.png","phase":"count","phase_index":1,"process_frames":44,"renderer":"mobile","sha256":"9bdc703bd622a5e82b0d9f898b2a0989078d60f33f29ecacc68e565ee618f5e5","state":"intro","surface":{"assisted":false,"can_answer":false,"chosen":-1,"counted":[false],"joined":true,"kind":"count","sequence":0,"solved":false,"tier":0,"version":1,"wrong_attempts":0},"task_open":true,"ticks_msec":21390,"time_scale":1.0,"viewport":[1280,720]}
CURRENT_OPERA_ART|OK|capture teacher_count_partial.png
CURRENT_OPERA_ART|CAPTURE|{"capture_origin":"live_gui_input","career":"teacher","elapsed_msec":13515,"mode":"teacher_count","path":"C:\\Users\\Peter\\Documents\\mermaid-roshan-reef\\.worktrees\\minigame-art-dev-reconcile-20260905\\tmp\\current-opera-art-capture\\run03\\captures/teacher_count_partial.png","phase":"count","phase_index":1,"process_frames":51,"renderer":"mobile","sha256":"73b740974c4b8b8c255deba822edd53142454c7065e1000c27253e86c3ac6647","state":"partial","surface":{"assisted":false,"can_answer":true,"chosen":-1,"counted":[true],"joined":true,"kind":"count","sequence":0,"solved":false,"tier":0,"version":1,"wrong_attempts":0},"task_open":true,"ticks_msec":22305,"time_scale":1.0,"viewport":[1280,720]}
CURRENT_OPERA_ART|OK|teacher/count completion still owns current surface
CURRENT_OPERA_ART|OK|capture teacher_count_completion.png
CURRENT_OPERA_ART|CAPTURE|{"capture_origin":"live_gui_input","career":"teacher","elapsed_msec":14878,"mode":"teacher_count","path":"C:\\Users\\Peter\\Documents\\mermaid-roshan-reef\\.worktrees\\minigame-art-dev-reconcile-20260905\\tmp\\current-opera-art-capture\\run03\\captures/teacher_count_completion.png","phase":"count","phase_index":1,"process_frames":61,"renderer":"mobile","sha256":"bd785f7863acbd92b2636dfd8d9eaae02b222399a5d0ffe7bf43c0ebd01aade0","state":"completion","surface":{"assisted":false,"can_answer":true,"chosen":0,"counted":[true],"joined":true,"kind":"count","sequence":0,"solved":true,"tier":0,"version":1,"wrong_attempts":0},"task_open":true,"ticks_msec":23668,"time_scale":1.0,"viewport":[1280,720]}
CURRENT_OPERA_ART|OK|teacher/count reached complete surface state
CURRENT_OPERA_ART|OK|teacher/add opened current live surface
CURRENT_OPERA_ART|OK|teacher/add normal surface clock advances
CURRENT_OPERA_ART|CLOCK|career=teacher|phase=add|before=0.144409|after=0.326027|paused=false|world_processing=true|surface_processing=true
CURRENT_OPERA_ART|OK|capture teacher_add_intro.png
CURRENT_OPERA_ART|CAPTURE|{"capture_origin":"configured_phase_shortcut","career":"teacher","elapsed_msec":16063,"mode":"teacher_add","path":"C:\\Users\\Peter\\Documents\\mermaid-roshan-reef\\.worktrees\\minigame-art-dev-reconcile-20260905\\tmp\\current-opera-art-capture\\run03\\captures/teacher_add_intro.png","phase":"add","phase_index":2,"process_frames":69,"renderer":"mobile","sha256":"d4f4f43042ef4f196408d6febc30aa63700aaad09a52f204e3260c95f3a8cf94","state":"intro","surface":{"assisted":false,"can_answer":false,"chosen":-1,"counted":[false,false],"joined":false,"kind":"add","sequence":0,"solved":false,"tier":0,"version":1,"wrong_attempts":0},"task_open":true,"ticks_msec":24853,"time_scale":1.0,"viewport":[1280,720]}
CURRENT_OPERA_ART|OK|capture teacher_add_partial.png
CURRENT_OPERA_ART|CAPTURE|{"capture_origin":"live_gui_input","career":"teacher","elapsed_msec":19751,"mode":"teacher_add","path":"C:\\Users\\Peter\\Documents\\mermaid-roshan-reef\\.worktrees\\minigame-art-dev-reconcile-20260905\\tmp\\current-opera-art-capture\\run03\\captures/teacher_add_partial.png","phase":"add","phase_index":2,"process_frames":81,"renderer":"mobile","sha256":"be2cf3564d11826bb65bd47ff0b086d387bc23e7a9e93cd3424c0ed76326d3c2","state":"partial","surface":{"assisted":false,"can_answer":false,"chosen":-1,"counted":[false,false],"joined":true,"kind":"add","sequence":0,"solved":false,"tier":0,"version":1,"wrong_attempts":0},"task_open":true,"ticks_msec":28541,"time_scale":1.0,"viewport":[1280,720]}
CURRENT_OPERA_ART|OK|teacher/add completion still owns current surface
CURRENT_OPERA_ART|OK|capture teacher_add_completion.png
CURRENT_OPERA_ART|CAPTURE|{"capture_origin":"live_gui_input","career":"teacher","elapsed_msec":24384,"mode":"teacher_add","path":"C:\\Users\\Peter\\Documents\\mermaid-roshan-reef\\.worktrees\\minigame-art-dev-reconcile-20260905\\tmp\\current-opera-art-capture\\run03\\captures/teacher_add_completion.png","phase":"add","phase_index":2,"process_frames":101,"renderer":"mobile","sha256":"622394fe2c6431591c67668ea60d02e5de8b1269853b5b3c804bb4acb9fea6c6","state":"completion","surface":{"assisted":false,"can_answer":true,"chosen":0,"counted":[true,true],"joined":true,"kind":"add","sequence":0,"solved":true,"tier":0,"version":1,"wrong_attempts":0},"task_open":true,"ticks_msec":33174,"time_scale":1.0,"viewport":[1280,720]}
CURRENT_OPERA_ART|OK|teacher/add reached complete surface state
CURRENT_OPERA_ART|OK|teacher/match opened current live surface
CURRENT_OPERA_ART|OK|teacher/match normal surface clock advances
CURRENT_OPERA_ART|CLOCK|career=teacher|phase=match|before=0.186147|after=0.329035|paused=false|world_processing=true|surface_processing=true
CURRENT_OPERA_ART|OK|capture teacher_match_intro.png
CURRENT_OPERA_ART|CAPTURE|{"capture_origin":"configured_phase_shortcut","career":"teacher","elapsed_msec":25525,"mode":"teacher_match","path":"C:\\Users\\Peter\\Documents\\mermaid-roshan-reef\\.worktrees\\minigame-art-dev-reconcile-20260905\\tmp\\current-opera-art-capture\\run03\\captures/teacher_match_intro.png","phase":"match","phase_index":3,"process_frames":109,"renderer":"mobile","sha256":"f3ba04af584eaa14834e8bc6c89ccdc6ed457c8c75b99364e8f6a9517c2e363c","state":"intro","surface":{"assisted":false,"can_answer":true,"chosen":-1,"counted":[],"joined":true,"kind":"match","sequence":0,"solved":false,"tier":0,"version":1,"wrong_attempts":0},"task_open":true,"ticks_msec":34315,"time_scale":1.0,"viewport":[1280,720]}
CURRENT_OPERA_ART|OK|capture teacher_match_partial.png
CURRENT_OPERA_ART|CAPTURE|{"capture_origin":"live_gui_input","career":"teacher","elapsed_msec":26601,"mode":"teacher_match","path":"C:\\Users\\Peter\\Documents\\mermaid-roshan-reef\\.worktrees\\minigame-art-dev-reconcile-20260905\\tmp\\current-opera-art-capture\\run03\\captures/teacher_match_partial.png","phase":"match","phase_index":3,"process_frames":117,"renderer":"mobile","sha256":"0efeb0e79ca377c54b2043f24af627444a5c4b18a1c7768b9c4db840a9fa1b15","state":"partial","surface":{"assisted":true,"can_answer":true,"chosen":-1,"counted":[],"joined":true,"kind":"match","sequence":0,"solved":false,"tier":0,"version":1,"wrong_attempts":1},"task_open":true,"ticks_msec":35391,"time_scale":1.0,"viewport":[1280,720]}
CURRENT_OPERA_ART|OK|teacher/match completion still owns current surface
CURRENT_OPERA_ART|OK|capture teacher_match_completion.png
CURRENT_OPERA_ART|CAPTURE|{"capture_origin":"live_gui_input","career":"teacher","elapsed_msec":28199,"mode":"teacher_match","path":"C:\\Users\\Peter\\Documents\\mermaid-roshan-reef\\.worktrees\\minigame-art-dev-reconcile-20260905\\tmp\\current-opera-art-capture\\run03\\captures/teacher_match_completion.png","phase":"match","phase_index":3,"process_frames":127,"renderer":"mobile","sha256":"8f431a372c8f9acfb0423e774d2e0fc39b9142d3934b70982b417afa0f2cc216","state":"completion","surface":{"assisted":true,"can_answer":true,"chosen":0,"counted":[],"joined":true,"kind":"match","sequence":0,"solved":true,"tier":0,"version":1,"wrong_attempts":1},"task_open":true,"ticks_msec":36989,"time_scale":1.0,"viewport":[1280,720]}
CURRENT_OPERA_ART|OK|teacher/match reached complete surface state
CURRENT_OPERA_ART|OK|found geologist shipping config
CURRENT_OPERA_ART|OK|geologist configured Canvas career world
CURRENT_OPERA_ART|OK|geologist/river opened current live surface
CURRENT_OPERA_ART|OK|geologist/river normal surface clock advances
CURRENT_OPERA_ART|CLOCK|career=geologist|phase=river|before=0.263235|after=0.390529|paused=false|world_processing=true|surface_processing=true
CURRENT_OPERA_ART|OK|capture geologist_river_intro.png
CURRENT_OPERA_ART|CAPTURE|{"capture_origin":"configured_phase_shortcut","career":"geologist","elapsed_msec":29926,"mode":"geology_river","path":"C:\\Users\\Peter\\Documents\\mermaid-roshan-reef\\.worktrees\\minigame-art-dev-reconcile-20260905\\tmp\\current-opera-art-capture\\run03\\captures/geologist_river_intro.png","phase":"river","phase_index":0,"process_frames":140,"renderer":"mobile","sha256":"357c199afdda89ce4cdbc18aacdbe99ab711bd94826e1a5ef1b1a51df6128ad3","state":"intro","surface":{"complete":false,"mode":"geology_river","progress":0.0,"stage":"RIVER","stage_name":"RIVER","version":1,"wet":[]},"task_open":true,"ticks_msec":38716,"time_scale":1.0,"viewport":[1280,720]}
CURRENT_OPERA_ART|OK|capture geologist_river_partial.png
CURRENT_OPERA_ART|CAPTURE|{"capture_origin":"live_gui_input","career":"geologist","elapsed_msec":32461,"mode":"geology_river","path":"C:\\Users\\Peter\\Documents\\mermaid-roshan-reef\\.worktrees\\minigame-art-dev-reconcile-20260905\\tmp\\current-opera-art-capture\\run03\\captures/geologist_river_partial.png","phase":"river","phase_index":0,"process_frames":158,"renderer":"mobile","sha256":"7b1e0a89ea786a78dcbf043973289c4c0b65a841741f1145a8f94b5dc37c35c8","state":"partial","surface":{"complete":false,"mode":"geology_river","progress":0.384615384615385,"stage":"RIVER","stage_name":"RIVER","version":1,"wet":[11,12,18,19,20]},"task_open":true,"ticks_msec":41251,"time_scale":1.0,"viewport":[1280,720]}
CURRENT_OPERA_ART|OK|geologist/river completion still owns current surface
CURRENT_OPERA_ART|OK|capture geologist_river_completion.png
CURRENT_OPERA_ART|CAPTURE|{"capture_origin":"live_gui_input","career":"geologist","elapsed_msec":36560,"mode":"geology_river","path":"C:\\Users\\Peter\\Documents\\mermaid-roshan-reef\\.worktrees\\minigame-art-dev-reconcile-20260905\\tmp\\current-opera-art-capture\\run03\\captures/geologist_river_completion.png","phase":"river","phase_index":0,"process_frames":189,"renderer":"mobile","sha256":"96bf891ee5676eda1ca6aa5fbb8596a4959259ca0c0cf1bfcf82c69fdab69a5f","state":"completion","surface":{"complete":true,"mode":"geology_river","progress":1.0,"stage":"RIVER","stage_name":"RIVER","version":1,"wet":[11,12,13,18,19,20,22,24,25,26,31,32,33]},"task_open":true,"ticks_msec":45350,"time_scale":1.0,"viewport":[1280,720]}
CURRENT_OPERA_ART|OK|geologist/river reached complete surface state
CURRENT_OPERA_ART|OK|geologist/fossil opened current live surface
CURRENT_OPERA_ART|OK|geologist/fossil normal surface clock advances
CURRENT_OPERA_ART|CLOCK|career=geologist|phase=fossil|before=0.181257|after=0.363307|paused=false|world_processing=true|surface_processing=true
CURRENT_OPERA_ART|OK|capture geologist_fossil_intro.png
CURRENT_OPERA_ART|CAPTURE|{"capture_origin":"configured_phase_shortcut","career":"geologist","elapsed_msec":37641,"mode":"geology_fossil","path":"C:\\Users\\Peter\\Documents\\mermaid-roshan-reef\\.worktrees\\minigame-art-dev-reconcile-20260905\\tmp\\current-opera-art-capture\\run03\\captures/geologist_fossil_intro.png","phase":"fossil","phase_index":1,"process_frames":197,"renderer":"mobile","sha256":"cd63da79c6ca39f88ff0f684ea2ac2ef8616e9ddcd744856742cffcdb69bbff4","state":"intro","surface":{"cleared":[],"complete":false,"fossil_stage":0,"mode":"geology_fossil","progress":0.0,"snapped":[false,false,false],"stage":"FOSSIL_BRUSH","stage_name":"FOSSIL_BRUSH","version":1},"task_open":true,"ticks_msec":46431,"time_scale":1.0,"viewport":[1280,720]}
CURRENT_OPERA_ART|OK|capture geologist_fossil_partial.png
CURRENT_OPERA_ART|CAPTURE|{"capture_origin":"live_gui_input","career":"geologist","elapsed_msec":45424,"mode":"geology_fossil","path":"C:\\Users\\Peter\\Documents\\mermaid-roshan-reef\\.worktrees\\minigame-art-dev-reconcile-20260905\\tmp\\current-opera-art-capture\\run03\\captures/geologist_fossil_partial.png","phase":"fossil","phase_index":1,"process_frames":249,"renderer":"mobile","sha256":"a0a03b867efcafb1fa8a256342dfa911070b3def79ec4213d3885ee1801a0706","state":"partial","surface":{"cleared":[0,1,2,3,4,5,6,7,8,9,10,11,12,13,14,15],"complete":false,"fossil_stage":0,"mode":"geology_fossil","progress":0.307692307692308,"snapped":[false,false,false],"stage":"FOSSIL_BRUSH","stage_name":"FOSSIL_BRUSH","version":1},"task_open":true,"ticks_msec":54214,"time_scale":1.0,"viewport":[1280,720]}
CURRENT_OPERA_ART|OK|geologist/fossil completion still owns current surface
CURRENT_OPERA_ART|OK|capture geologist_fossil_completion.png
CURRENT_OPERA_ART|CAPTURE|{"capture_origin":"live_gui_input","career":"geologist","elapsed_msec":63509,"mode":"geology_fossil","path":"C:\\Users\\Peter\\Documents\\mermaid-roshan-reef\\.worktrees\\minigame-art-dev-reconcile-20260905\\tmp\\current-opera-art-capture\\run03\\captures/geologist_fossil_completion.png","phase":"fossil","phase_index":1,"process_frames":391,"renderer":"mobile","sha256":"3cde19e65555f9c7dea0c25bc691d8b56f163c5a1e016c42c7b18f372f1fc521","state":"completion","surface":{"cleared":[0,1,2,3,4,5,6,7,8,9,10,11,12,13,14,15,16,17,18,19,20,21,22,23,30,31],"complete":true,"fossil_stage":1,"mode":"geology_fossil","progress":1.0,"snapped":[true,true,true],"stage":"FOSSIL_ASSEMBLE","stage_name":"FOSSIL_ASSEMBLE","version":1},"task_open":true,"ticks_msec":72299,"time_scale":1.0,"viewport":[1280,720]}
CURRENT_OPERA_ART|OK|geologist/fossil reached complete surface state
CURRENT_OPERA_ART|OK|geologist/pan opened current live surface
CURRENT_OPERA_ART|OK|geologist/pan normal surface clock advances
CURRENT_OPERA_ART|CLOCK|career=geologist|phase=pan|before=0.145925|after=0.344154|paused=false|world_processing=true|surface_processing=true
CURRENT_OPERA_ART|OK|capture geologist_pan_intro.png
CURRENT_OPERA_ART|CAPTURE|{"capture_origin":"configured_phase_shortcut","career":"geologist","elapsed_msec":64584,"mode":"geology_pan","path":"C:\\Users\\Peter\\Documents\\mermaid-roshan-reef\\.worktrees\\minigame-art-dev-reconcile-20260905\\tmp\\current-opera-art-capture\\run03\\captures/geologist_pan_intro.png","phase":"pan","phase_index":2,"process_frames":399,"renderer":"mobile","sha256":"25225b427b04dedcdbefd08783a1d5392ead5d76cfb228952e52e7da5f4d6f88","state":"intro","surface":{"complete":false,"minerals":0,"mode":"geology_pan","progress":0.0,"reversals":0,"stage":"PAN","stage_name":"PAN","version":1,"wash":0.0},"task_open":true,"ticks_msec":73374,"time_scale":1.0,"viewport":[1280,720]}
CURRENT_OPERA_ART|OK|capture geologist_pan_partial.png
CURRENT_OPERA_ART|CAPTURE|{"capture_origin":"live_gui_input","career":"geologist","elapsed_msec":67010,"mode":"geology_pan","path":"C:\\Users\\Peter\\Documents\\mermaid-roshan-reef\\.worktrees\\minigame-art-dev-reconcile-20260905\\tmp\\current-opera-art-capture\\run03\\captures/geologist_pan_partial.png","phase":"pan","phase_index":2,"process_frames":418,"renderer":"mobile","sha256":"dbf8d279c383dde23384e855a9021f81c2e4bc275dbc8cd42e5d8d30f49235a1","state":"partial","surface":{"complete":false,"minerals":1,"mode":"geology_pan","progress":0.333333333333333,"reversals":3,"stage":"PAN","stage_name":"PAN","version":1,"wash":0.333333333333333},"task_open":true,"ticks_msec":75800,"time_scale":1.0,"viewport":[1280,720]}
CURRENT_OPERA_ART|OK|geologist/pan completion still owns current surface
CURRENT_OPERA_ART|OK|capture geologist_pan_completion.png
CURRENT_OPERA_ART|CAPTURE|{"capture_origin":"live_gui_input","career":"geologist","elapsed_msec":70641,"mode":"geology_pan","path":"C:\\Users\\Peter\\Documents\\mermaid-roshan-reef\\.worktrees\\minigame-art-dev-reconcile-20260905\\tmp\\current-opera-art-capture\\run03\\captures/geologist_pan_completion.png","phase":"pan","phase_index":2,"process_frames":446,"renderer":"mobile","sha256":"998735a7b1e02deddb05f757c33afaaf8f4037eac57b4347f0606482a7df09b0","state":"completion","surface":{"complete":true,"minerals":3,"mode":"geology_pan","progress":1.0,"reversals":9,"stage":"PAN","stage_name":"PAN","version":1,"wash":1.0},"task_open":true,"ticks_msec":79431,"time_scale":1.0,"viewport":[1280,720]}
CURRENT_OPERA_ART|OK|geologist/pan reached complete surface state
CURRENT_OPERA_ART|OK|geologist/geode opened current live surface
CURRENT_OPERA_ART|OK|geologist/geode normal surface clock advances
CURRENT_OPERA_ART|CLOCK|career=geologist|phase=geode|before=0.176000|after=0.392034|paused=false|world_processing=true|surface_processing=true
CURRENT_OPERA_ART|OK|capture geologist_geode_intro.png
CURRENT_OPERA_ART|CAPTURE|{"capture_origin":"configured_phase_shortcut","career":"geologist","elapsed_msec":71867,"mode":"geology_geode","path":"C:\\Users\\Peter\\Documents\\mermaid-roshan-reef\\.worktrees\\minigame-art-dev-reconcile-20260905\\tmp\\current-opera-art-capture\\run03\\captures/geologist_geode_intro.png","phase":"geode","phase_index":3,"process_frames":454,"renderer":"mobile","sha256":"0871895bdbbf608d3951a0b7cc8b26ef813ce32a8fc93b8d176b94742ce37cd4","state":"intro","surface":{"complete":false,"mode":"geology_geode","progress":0.0,"pull":0.0,"seams":[false,false,false,false,false],"stage":"GEODE_SEAM","stage_name":"GEODE_SEAM","version":1},"task_open":true,"ticks_msec":80657,"time_scale":1.0,"viewport":[1280,720]}
CURRENT_OPERA_ART|OK|capture geologist_geode_partial.png
CURRENT_OPERA_ART|CAPTURE|{"capture_origin":"live_gui_input","career":"geologist","elapsed_msec":73441,"mode":"geology_geode","path":"C:\\Users\\Peter\\Documents\\mermaid-roshan-reef\\.worktrees\\minigame-art-dev-reconcile-20260905\\tmp\\current-opera-art-capture\\run03\\captures/geologist_geode_partial.png","phase":"geode","phase_index":3,"process_frames":465,"renderer":"mobile","sha256":"f29ba5df5dd20fa3cf0dabba90919276864cb11be02799cccc6fa230114e7794","state":"partial","surface":{"complete":false,"mode":"geology_geode","progress":0.36,"pull":0.0,"seams":[true,true,true,false,false],"stage":"GEODE_SEAM","stage_name":"GEODE_SEAM","version":1},"task_open":true,"ticks_msec":82231,"time_scale":1.0,"viewport":[1280,720]}
CURRENT_OPERA_ART|OK|geologist/geode completion still owns current surface
CURRENT_OPERA_ART|OK|capture geologist_geode_completion.png
CURRENT_OPERA_ART|CAPTURE|{"capture_origin":"live_gui_input","career":"geologist","elapsed_msec":76123,"mode":"geology_geode","path":"C:\\Users\\Peter\\Documents\\mermaid-roshan-reef\\.worktrees\\minigame-art-dev-reconcile-20260905\\tmp\\current-opera-art-capture\\run03\\captures/geologist_geode_completion.png","phase":"geode","phase_index":3,"process_frames":481,"renderer":"mobile","sha256":"ad7e72ab863c3b9e53a44fdff2f087d462d93337b4cafce4d16ed420da8ec869","state":"completion","surface":{"complete":true,"mode":"geology_geode","progress":1.0,"pull":120.0,"seams":[true,true,true,true,true],"stage":"GEODE_OPEN","stage_name":"GEODE_OPEN","version":1},"task_open":true,"ticks_msec":84913,"time_scale":1.0,"viewport":[1280,720]}
CURRENT_OPERA_ART|OK|geologist/geode reached complete surface state
CURRENT_OPERA_ART|OK|manifest opened
CURRENT_OPERA_ART|MANIFEST|C:\Users\Peter\Documents\mermaid-roshan-reef\.worktrees\minigame-art-dev-reconcile-20260905\tmp\current-opera-art-capture\run03\captures/manifest.json|sha256=407481d549dd5639045151105252922492db290facac4c77ad18405aed496836
CURRENT_OPERA_ART|RESULT|PASS|captures=24|elapsed_ms=76192
