...
----------------------------------------------------------------------
Ran 3 tests in 0.059s

OK
........s...............................
----------------------------------------------------------------------
Ran 40 tests in 24.079s

OK (skipped=1)
...
----------------------------------------------------------------------
Ran 3 tests in 0.119s

OK
...........................................................................
----------------------------------------------------------------------
Ran 75 tests in 47.105s

OK
.....
----------------------------------------------------------------------
Ran 5 tests in 0.106s

OK
.........................................
----------------------------------------------------------------------
Ran 41 tests in 0.331s

OK
...........
----------------------------------------------------------------------
Ran 11 tests in 7.031s

OK
........
----------------------------------------------------------------------
Ran 8 tests in 1.712s

OK
.........................
----------------------------------------------------------------------
Ran 25 tests in 0.550s

OK
...............................................................................................
----------------------------------------------------------------------
Ran 95 tests in 321.656s

OK
..
----------------------------------------------------------------------
Ran 2 tests in 0.004s

OK
................................................................
----------------------------------------------------------------------
Ran 64 tests in 7.541s

OK
