INFO:alembic.runtime.plugins:setup plugin alembic.autogenerate.schemas
[32m[INFO][0m setup plugin alembic.autogenerate.schemas
INFO:alembic.runtime.plugins:setup plugin alembic.autogenerate.tables
[32m[INFO][0m setup plugin alembic.autogenerate.tables
INFO:alembic.runtime.plugins:setup plugin alembic.autogenerate.types
[32m[INFO][0m setup plugin alembic.autogenerate.types
INFO:alembic.runtime.plugins:setup plugin alembic.autogenerate.constraints
[32m[INFO][0m setup plugin alembic.autogenerate.constraints
INFO:alembic.runtime.plugins:setup plugin alembic.autogenerate.defaults
[32m[INFO][0m setup plugin alembic.autogenerate.defaults
INFO:alembic.runtime.plugins:setup plugin alembic.autogenerate.comments
[32m[INFO][0m setup plugin alembic.autogenerate.comments
INFO:alembic.runtime.plugins:setup plugin alembic.autogenerate.checkconstraint_byname
[32m[INFO][0m setup plugin alembic.autogenerate.checkconstraint_byname
INFO:root:Adding extra search path diffusion_models H:\MermaidReefTools\LocalVideo\ltx25\models\diffusion_models
[32m[INFO][0m Adding extra search path diffusion_models H:\MermaidReefTools\LocalVideo\ltx25\models\diffusion_models
INFO:root:Adding extra search path text_encoders H:\MermaidReefTools\LocalVideo\ltx25\models\text_encoders
[32m[INFO][0m Adding extra search path text_encoders H:\MermaidReefTools\LocalVideo\ltx25\models\text_encoders
INFO:root:Adding extra search path vae H:\MermaidReefTools\LocalVideo\ltx25\models\vae
[32m[INFO][0m Adding extra search path vae H:\MermaidReefTools\LocalVideo\ltx25\models\vae
INFO:root:Adding extra search path latent_upscale_models H:\MermaidReefTools\LocalVideo\ltx25\models\latent_upscale_models
[32m[INFO][0m Adding extra search path latent_upscale_models H:\MermaidReefTools\LocalVideo\ltx25\models\latent_upscale_models
INFO:root:Setting output directory to: H:\MermaidReefTools\LocalVideo\ltx25\output
[32m[INFO][0m Setting output directory to: H:\MermaidReefTools\LocalVideo\ltx25\output
INFO:root:Setting input directory to: H:\MermaidReefTools\LocalVideo\ltx25\input
[32m[INFO][0m Setting input directory to: H:\MermaidReefTools\LocalVideo\ltx25\input
INFO:root:Setting user directory to: H:\MermaidReefTools\LocalVideo\ltx25\user
[32m[INFO][0m Setting user directory to: H:\MermaidReefTools\LocalVideo\ltx25\user
WARNING:root:WARNING: Potential Error in code: Torch already imported, torch should never be imported before this point.
[1m[33m[WARNING][0m WARNING: Potential Error in code: Torch already imported, torch should never be imported before this point.
INFO:root:aimdo: src-win/cuda-detour.c:38:INFO:aimdo_setup_hooks: installing 6 hooks
[32m[INFO][0m aimdo: src-win/cuda-detour.c:38:INFO:aimdo_setup_hooks: installing 6 hooks
INFO:root:aimdo: src/control.c:262:INFO:comfy-aimdo NVML pressure enabled
[32m[INFO][0m aimdo: src/control.c:262:INFO:comfy-aimdo NVML pressure enabled
INFO:root:aimdo: src-win/shmem-detect.c:80:INFO:comfy-aimdo WDDM adapter match: NVIDIA GeForce RTX 3060 Ti runtime_luid=00000000:00011665 dxgi_luid=00000000:00011665
[32m[INFO][0m aimdo: src-win/shmem-detect.c:80:INFO:comfy-aimdo WDDM adapter match: NVIDIA GeForce RTX 3060 Ti runtime_luid=00000000:00011665 dxgi_luid=00000000:00011665
INFO:root:aimdo: src/control.c:277:INFO:comfy-aimdo inited for GPU: NVIDIA GeForce RTX 3060 Ti (VRAM: 8191 MB)
[32m[INFO][0m aimdo: src/control.c:277:INFO:comfy-aimdo inited for GPU: NVIDIA GeForce RTX 3060 Ti (VRAM: 8191 MB)
INFO:root:DynamicVRAM support detected and enabled
[32m[INFO][0m DynamicVRAM support detected and enabled
INFO:root:Python version: 3.13.14 (tags/v3.13.14:fd17997, Jun 10 2026, 13:03:48) [MSC v.1944 64 bit (AMD64)]
[32m[INFO][0m Python version: 3.13.14 (tags/v3.13.14:fd17997, Jun 10 2026, 13:03:48) [MSC v.1944 64 bit (AMD64)]
INFO:root:ComfyUI version: 0.34.3
[32m[INFO][0m ComfyUI version: 0.34.3
INFO:root:comfy-aimdo version: 0.4.15
[32m[INFO][0m comfy-aimdo version: 0.4.15
INFO:root:comfy-kitchen version: 0.2.31
[32m[INFO][0m comfy-kitchen version: 0.2.31
INFO:root:Setting temp directory to: H:\MermaidReefTools\LocalVideo\ltx25\temp\temp
[32m[INFO][0m Setting temp directory to: H:\MermaidReefTools\LocalVideo\ltx25\temp\temp
INFO:root:comfyui-frontend-package version: 1.49.6
[32m[INFO][0m comfyui-frontend-package version: 1.49.6
INFO:root:comfyui-workflow-templates version: 0.11.54
[32m[INFO][0m comfyui-workflow-templates version: 0.11.54
INFO:root:comfyui-embedded-docs version: 0.5.10
[32m[INFO][0m comfyui-embedded-docs version: 0.5.10
INFO:root:comfy-kitchen version: 0.2.31
[32m[INFO][0m comfy-kitchen version: 0.2.31
INFO:root:comfy-aimdo version: 0.4.15
[32m[INFO][0m comfy-aimdo version: 0.4.15
INFO:root:[Prompt Server] web root: C:\Users\Peter\AppData\Local\Programs\MermaidReefTools\ComfyUI\0.34.0\ComfyUI_windows_portable\python_embeded\Lib\site-packages\comfyui_frontend_package\static
[32m[INFO][0m [Prompt Server] web root: C:\Users\Peter\AppData\Local\Programs\MermaidReefTools\ComfyUI\0.34.0\ComfyUI_windows_portable\python_embeded\Lib\site-packages\comfyui_frontend_package\static
INFO:root:Asset seeder disabled
[32m[INFO][0m Asset seeder disabled
INFO:OpenGL.acceleratesupport:No OpenGL_accelerate module loaded: No module named 'OpenGL_accelerate'
[32m[INFO][0m No OpenGL_accelerate module loaded: No module named 'OpenGL_accelerate'
INFO:root:Skipping loading of custom nodes
[32m[INFO][0m Skipping loading of custom nodes
INFO:alembic.runtime.migration:Context impl SQLiteImpl.
[32m[INFO][0m Context impl SQLiteImpl.
INFO:alembic.runtime.migration:Will assume non-transactional DDL.
[32m[INFO][0m Will assume non-transactional DDL.
INFO:alembic.runtime.migration:Context impl SQLiteImpl.
[32m[INFO][0m Context impl SQLiteImpl.
INFO:alembic.runtime.migration:Will assume non-transactional DDL.
[32m[INFO][0m Will assume non-transactional DDL.
INFO:alembic.runtime.migration:Running upgrade  -> 0001_assets, Initial assets schema
Revision ID: 0001_assets
Revises: None
Create Date: 2025-12-10 00:00:00
[32m[INFO][0m Running upgrade  -> 0001_assets, Initial assets schema
Revision ID: 0001_assets
Revises: None
Create Date: 2025-12-10 00:00:00
INFO:alembic.runtime.migration:Running upgrade 0001_assets -> 0002_merge_to_asset_references, Merge AssetInfo and AssetCacheState into unified asset_references table.
[32m[INFO][0m Running upgrade 0001_assets -> 0002_merge_to_asset_references, Merge AssetInfo and AssetCacheState into unified asset_references table.
INFO:alembic.runtime.migration:Running upgrade 0002_merge_to_asset_references -> 0003_add_metadata_job_id, Add system_metadata and job_id columns to asset_references.
Change preview_id FK from assets.id to asset_references.id.
[32m[INFO][0m Running upgrade 0002_merge_to_asset_references -> 0003_add_metadata_job_id, Add system_metadata and job_id columns to asset_references.
Change preview_id FK from assets.id to asset_references.id.
INFO:alembic.runtime.migration:Running upgrade 0003_add_metadata_job_id -> 0004_drop_tag_type, Drop the vestigial tags.tag_type column.
[32m[INFO][0m Running upgrade 0003_add_metadata_job_id -> 0004_drop_tag_type, Drop the vestigial tags.tag_type column.
INFO:alembic.runtime.migration:Running upgrade 0004_drop_tag_type -> 0005_allow_case_sensitive_tags, Allow case-sensitive tag names.
[32m[INFO][0m Running upgrade 0004_drop_tag_type -> 0005_allow_case_sensitive_tags, Allow case-sensitive tag names.
INFO:alembic.runtime.migration:Running upgrade 0005_allow_case_sensitive_tags -> 0006_add_loader_path, Add loader_path column to asset_references.
[32m[INFO][0m Running upgrade 0005_allow_case_sensitive_tags -> 0006_add_loader_path, Add loader_path column to asset_references.
INFO:root:Database upgraded from None to 0006_add_loader_path
[32m[INFO][0m Database upgraded from None to 0006_add_loader_path
INFO:root:Using RAM pressure cache.
[32m[INFO][0m Using RAM pressure cache.
INFO:root:Starting server

[32m[INFO][0m Starting server

INFO:root:To see the GUI go to: http://127.0.0.1:8194
[32m[INFO][0m To see the GUI go to: http://127.0.0.1:8194
