Godot Engine v4.7.2.stable.official.ed1daf0bf - https://godotengine.org
Vulkan 1.4.325 - Forward Mobile - Using Device #0: NVIDIA - NVIDIA GeForce RTX 3060 Ti

NURSERY_CONTACT|OK|catch-1280x720 normal freeplay caller starts
NURSERY_CONTACT|OK|catch-1280x720 exact source atlas and three measured feet loaded
NURSERY_CONTACT|OK|native frame save captures/catch-1280x720/0000.webp
NURSERY_CONTACT|OK|native frame save captures/catch-1280x720/0001.webp
NURSERY_CONTACT|OK|native frame save captures/catch-1280x720/0002.webp
NURSERY_CONTACT|OK|native frame save captures/catch-1280x720/0003.webp
NURSERY_CONTACT|OK|native frame save captures/catch-1280x720/0004.webp
NURSERY_CONTACT|OK|native frame save captures/catch-1280x720/0005.webp
NURSERY_CONTACT|OK|native frame save captures/catch-1280x720/0006.webp
NURSERY_CONTACT|OK|native frame save captures/catch-1280x720/0007.webp
NURSERY_CONTACT|OK|native frame save captures/catch-1280x720/0008.webp
NURSERY_CONTACT|OK|native frame save captures/catch-1280x720/0009.webp
NURSERY_CONTACT|OK|native frame save captures/catch-1280x720/0010.webp
NURSERY_CONTACT|OK|native frame save captures/catch-1280x720/0011.webp
NURSERY_CONTACT|OK|native frame save captures/catch-1280x720/0012.webp
NURSERY_CONTACT|OK|native frame save captures/catch-1280x720/0013.webp
NURSERY_CONTACT|OK|native frame save captures/catch-1280x720/0014.webp
NURSERY_CONTACT|OK|native frame save captures/catch-1280x720/0015.webp
NURSERY_CONTACT|OK|native frame save captures/catch-1280x720/0016.webp
NURSERY_CONTACT|OK|native frame save captures/catch-1280x720/0017.webp
NURSERY_CONTACT|OK|native frame save captures/catch-1280x720/0018.webp
NURSERY_CONTACT|OK|native frame save captures/catch-1280x720/0019.webp
NURSERY_CONTACT|OK|native frame save captures/catch-1280x720/0020.webp
NURSERY_CONTACT|OK|native frame save captures/catch-1280x720/0021.webp
NURSERY_CONTACT|OK|native frame save captures/catch-1280x720/0022.webp
NURSERY_CONTACT|OK|native frame save captures/catch-1280x720/0023.webp
NURSERY_CONTACT|OK|native frame save captures/catch-1280x720/0024.webp
NURSERY_CONTACT|OK|native frame save captures/catch-1280x720/0025.webp
NURSERY_CONTACT|OK|native frame save captures/catch-1280x720/0026.webp
NURSERY_CONTACT|OK|native frame save captures/catch-1280x720/0027.webp
NURSERY_CONTACT|OK|native frame save captures/catch-1280x720/0028.webp
NURSERY_CONTACT|OK|native frame save captures/catch-1280x720/0029.webp
NURSERY_CONTACT|OK|native frame save captures/catch-1280x720/0030.webp
NURSERY_CONTACT|OK|native frame save captures/catch-1280x720/0031.webp
NURSERY_CONTACT|OK|native frame save captures/catch-1280x720/0032.webp
NURSERY_CONTACT|OK|native frame save captures/catch-1280x720/0033.webp
NURSERY_CONTACT|OK|native frame save captures/catch-1280x720/0034.webp
NURSERY_CONTACT|OK|native frame save captures/catch-1280x720/0035.webp
NURSERY_CONTACT|OK|native frame save captures/catch-1280x720/0036.webp
NURSERY_CONTACT|OK|native frame save captures/catch-1280x720/0037.webp
NURSERY_CONTACT|OK|native frame save captures/catch-1280x720/0038.webp
NURSERY_CONTACT|OK|native frame save captures/catch-1280x720/0039.webp
NURSERY_CONTACT|OK|native frame save captures/catch-1280x720/0040.webp
NURSERY_CONTACT|OK|native frame save captures/catch-1280x720/0041.webp
NURSERY_CONTACT|OK|native frame save captures/catch-1280x720/0042.webp
NURSERY_CONTACT|OK|native frame save captures/catch-1280x720/0043.webp
NURSERY_CONTACT|OK|native frame save captures/catch-1280x720/0044.webp
NURSERY_CONTACT|OK|native frame save captures/catch-1280x720/0045.webp
NURSERY_CONTACT|OK|native frame save captures/catch-1280x720/0046.webp
NURSERY_CONTACT|OK|native frame save captures/catch-1280x720/0047.webp
NURSERY_CONTACT|OK|native frame save captures/catch-1280x720/0048.webp
NURSERY_CONTACT|OK|native frame save captures/catch-1280x720/0049.webp
NURSERY_CONTACT|OK|native frame save captures/catch-1280x720/0050.webp
NURSERY_CONTACT|OK|native frame save captures/catch-1280x720/0051.webp
NURSERY_CONTACT|OK|native frame save captures/catch-1280x720/0052.webp
NURSERY_CONTACT|OK|native frame save captures/catch-1280x720/0053.webp
NURSERY_CONTACT|OK|native frame save captures/catch-1280x720/0054.webp
NURSERY_CONTACT|OK|native frame save captures/catch-1280x720/0055.webp
NURSERY_CONTACT|OK|native frame save captures/catch-1280x720/0056.webp
NURSERY_CONTACT|OK|native frame save captures/catch-1280x720/0057.webp
NURSERY_CONTACT|OK|native frame save captures/catch-1280x720/0058.webp
NURSERY_CONTACT|OK|native frame save captures/catch-1280x720/0059.webp
NURSERY_CONTACT|OK|native frame save captures/catch-1280x720/0060.webp
NURSERY_CONTACT|OK|native frame save captures/catch-1280x720/0061.webp
NURSERY_CONTACT|OK|native frame save captures/catch-1280x720/0062.webp
NURSERY_CONTACT|OK|native frame save captures/catch-1280x720/0063.webp
NURSERY_CONTACT|OK|native frame save captures/catch-1280x720/0064.webp
NURSERY_CONTACT|OK|native frame save captures/catch-1280x720/0065.webp
NURSERY_CONTACT|OK|native frame save captures/catch-1280x720/0066.webp
NURSERY_CONTACT|OK|native frame save captures/catch-1280x720/0067.webp
NURSERY_CONTACT|OK|native frame save captures/catch-1280x720/0068.webp
NURSERY_CONTACT|OK|native frame save captures/catch-1280x720/0069.webp
NURSERY_CONTACT|OK|native frame save captures/catch-1280x720/0070.webp
NURSERY_CONTACT|OK|native frame save captures/catch-1280x720/0071.webp
NURSERY_CONTACT|OK|native frame save captures/catch-1280x720/0072.webp
NURSERY_CONTACT|OK|native frame save captures/catch-1280x720/0073.webp
NURSERY_CONTACT|OK|native frame save captures/catch-1280x720/0074.webp
NURSERY_CONTACT|OK|native frame save captures/catch-1280x720/0075.webp
NURSERY_CONTACT|OK|native frame save captures/catch-1280x720/0076.webp
NURSERY_CONTACT|OK|native frame save captures/catch-1280x720/0077.webp
NURSERY_CONTACT|OK|native frame save captures/catch-1280x720/0078.webp
NURSERY_CONTACT|OK|native frame save captures/catch-1280x720/0079.webp
NURSERY_CONTACT|OK|native frame save captures/catch-1280x720/0080.webp
NURSERY_CONTACT|OK|native frame save captures/catch-1280x720/0081.webp
NURSERY_CONTACT|OK|native frame save captures/catch-1280x720/0082.webp
NURSERY_CONTACT|OK|native frame save captures/catch-1280x720/0083.webp
NURSERY_CONTACT|OK|native frame save captures/catch-1280x720/0084.webp
NURSERY_CONTACT|OK|native frame save captures/catch-1280x720/0085.webp
NURSERY_CONTACT|OK|native frame save captures/catch-1280x720/0086.webp
NURSERY_CONTACT|OK|native frame save captures/catch-1280x720/0087.webp
NURSERY_CONTACT|OK|native frame save captures/catch-1280x720/0088.webp
NURSERY_CONTACT|OK|native frame save captures/catch-1280x720/0089.webp
NURSERY_CONTACT|OK|native frame save captures/catch-1280x720/0090.webp
NURSERY_CONTACT|OK|native frame save captures/catch-1280x720/0091.webp
NURSERY_CONTACT|OK|native frame save captures/catch-1280x720/0092.webp
NURSERY_CONTACT|OK|native frame save captures/catch-1280x720/0093.webp
NURSERY_CONTACT|OK|native frame save captures/catch-1280x720/0094.webp
NURSERY_CONTACT|OK|native frame save captures/catch-1280x720/0095.webp
NURSERY_CONTACT|OK|native frame save captures/catch-1280x720/0096.webp
NURSERY_CONTACT|OK|native frame save captures/catch-1280x720/0097.webp
NURSERY_CONTACT|OK|native frame save captures/catch-1280x720/0098.webp
NURSERY_CONTACT|OK|native frame save captures/catch-1280x720/0099.webp
NURSERY_CONTACT|OK|native frame save captures/catch-1280x720/0100.webp
NURSERY_CONTACT|OK|native frame save captures/catch-1280x720/0101.webp
NURSERY_CONTACT|OK|native frame save captures/catch-1280x720/0102.webp
NURSERY_CONTACT|OK|native frame save captures/catch-1280x720/0103.webp
NURSERY_CONTACT|OK|native frame save captures/catch-1280x720/0104.webp
NURSERY_CONTACT|OK|native frame save captures/catch-1280x720/0105.webp
NURSERY_CONTACT|OK|native frame save captures/catch-1280x720/0106.webp
NURSERY_CONTACT|OK|native frame save captures/catch-1280x720/0107.webp
NURSERY_CONTACT|OK|native frame save captures/catch-1280x720/0108.webp
NURSERY_CONTACT|OK|native frame save captures/catch-1280x720/0109.webp
NURSERY_CONTACT|OK|native frame save captures/catch-1280x720/0110.webp
NURSERY_CONTACT|OK|native frame save captures/catch-1280x720/0111.webp
NURSERY_CONTACT|OK|native frame save captures/catch-1280x720/0112.webp
NURSERY_CONTACT|OK|native frame save captures/catch-1280x720/0113.webp
NURSERY_CONTACT|OK|native frame save captures/catch-1280x720/0114.webp
NURSERY_CONTACT|OK|native frame save captures/catch-1280x720/0115.webp
NURSERY_CONTACT|OK|native frame save captures/catch-1280x720/0116.webp
NURSERY_CONTACT|OK|native frame save captures/catch-1280x720/0117.webp
NURSERY_CONTACT|OK|native frame save captures/catch-1280x720/0118.webp
NURSERY_CONTACT|OK|native frame save captures/catch-1280x720/0119.webp
NURSERY_CONTACT|OK|native frame save captures/catch-1280x720/0120.webp
NURSERY_CONTACT|OK|native frame save captures/catch-1280x720/0121.webp
NURSERY_CONTACT|OK|native frame save captures/catch-1280x720/0122.webp
NURSERY_CONTACT|OK|native frame save captures/catch-1280x720/0123.webp
NURSERY_CONTACT|OK|native frame save captures/catch-1280x720/0124.webp
NURSERY_CONTACT|OK|native frame save captures/catch-1280x720/0125.webp
NURSERY_CONTACT|OK|native frame save captures/catch-1280x720/0126.webp
NURSERY_CONTACT|OK|native frame save captures/catch-1280x720/0127.webp
NURSERY_CONTACT|OK|native frame save captures/catch-1280x720/0128.webp
NURSERY_CONTACT|OK|native frame save captures/catch-1280x720/0129.webp
NURSERY_CONTACT|OK|native frame save captures/catch-1280x720/0130.webp
NURSERY_CONTACT|OK|native frame save captures/catch-1280x720/0131.webp
NURSERY_CONTACT|OK|native frame save captures/catch-1280x720/0132.webp
NURSERY_CONTACT|OK|native frame save captures/catch-1280x720/0133.webp
NURSERY_CONTACT|OK|native frame save captures/catch-1280x720/0134.webp
NURSERY_CONTACT|OK|native frame save captures/catch-1280x720/0135.webp
NURSERY_CONTACT|OK|native frame save captures/catch-1280x720/0136.webp
NURSERY_CONTACT|OK|native frame save captures/catch-1280x720/0137.webp
NURSERY_CONTACT|OK|native frame save captures/catch-1280x720/0138.webp
NURSERY_CONTACT|OK|native frame save captures/catch-1280x720/0139.webp
NURSERY_CONTACT|OK|native frame save captures/catch-1280x720/0140.webp
NURSERY_CONTACT|OK|native frame save captures/catch-1280x720/0141.webp
NURSERY_CONTACT|OK|native frame save captures/catch-1280x720/0142.webp
NURSERY_CONTACT|OK|native frame save captures/catch-1280x720/0143.webp
NURSERY_CONTACT|OK|native frame save captures/catch-1280x720/0144.webp
NURSERY_CONTACT|OK|native frame save captures/catch-1280x720/0145.webp
NURSERY_CONTACT|OK|native frame save captures/catch-1280x720/0146.webp
NURSERY_CONTACT|OK|native frame save captures/catch-1280x720/0147.webp
NURSERY_CONTACT|OK|native frame save captures/catch-1280x720/0148.webp
NURSERY_CONTACT|OK|native frame save captures/catch-1280x720/0149.webp
NURSERY_CONTACT|OK|native frame save captures/catch-1280x720/0150.webp
NURSERY_CONTACT|OK|native frame save captures/catch-1280x720/0151.webp
NURSERY_CONTACT|OK|native frame save captures/catch-1280x720/0152.webp
NURSERY_CONTACT|OK|native frame save captures/catch-1280x720/0153.webp
NURSERY_CONTACT|OK|native frame save captures/catch-1280x720/0154.webp
NURSERY_CONTACT|OK|native frame save captures/catch-1280x720/0155.webp
NURSERY_CONTACT|OK|native frame save captures/catch-1280x720/0156.webp
NURSERY_CONTACT|OK|native frame save captures/catch-1280x720/0157.webp
NURSERY_CONTACT|OK|native frame save captures/catch-1280x720/0158.webp
NURSERY_CONTACT|OK|native frame save captures/catch-1280x720/0159.webp
NURSERY_CONTACT|OK|native frame save captures/catch-1280x720/0160.webp
NURSERY_CONTACT|OK|native frame save captures/catch-1280x720/0161.webp
NURSERY_CONTACT|OK|native frame save captures/catch-1280x720/0162.webp
NURSERY_CONTACT|OK|native frame save captures/catch-1280x720/0163.webp
NURSERY_CONTACT|OK|native frame save captures/catch-1280x720/0164.webp
NURSERY_CONTACT|OK|native frame save captures/catch-1280x720/0165.webp
NURSERY_CONTACT|OK|native frame save captures/catch-1280x720/0166.webp
NURSERY_CONTACT|OK|native frame save captures/catch-1280x720/0167.webp
NURSERY_CONTACT|OK|native frame save captures/catch-1280x720/0168.webp
NURSERY_CONTACT|OK|native frame save captures/catch-1280x720/0169.webp
NURSERY_CONTACT|OK|native frame save captures/catch-1280x720/0170.webp
NURSERY_CONTACT|OK|native frame save captures/catch-1280x720/0171.webp
NURSERY_CONTACT|OK|native frame save captures/catch-1280x720/0172.webp
NURSERY_CONTACT|OK|native frame save captures/catch-1280x720/0173.webp
NURSERY_CONTACT|OK|native frame save captures/catch-1280x720/0174.webp
NURSERY_CONTACT|OK|native frame save captures/catch-1280x720/0175.webp
NURSERY_CONTACT|OK|native frame save captures/catch-1280x720/0176.webp
NURSERY_CONTACT|OK|native frame save captures/catch-1280x720/0177.webp
NURSERY_CONTACT|OK|native frame save captures/catch-1280x720/0178.webp
NURSERY_CONTACT|OK|native frame save captures/catch-1280x720/0179.webp
NURSERY_CONTACT|OK|native frame save captures/catch-1280x720/0180.webp
NURSERY_CONTACT|OK|native frame save captures/catch-1280x720/0181.webp
NURSERY_CONTACT|OK|native frame save captures/catch-1280x720/0182.webp
NURSERY_CONTACT|OK|native frame save captures/catch-1280x720/0183.webp
NURSERY_CONTACT|OK|native frame save captures/catch-1280x720/0184.webp
NURSERY_CONTACT|OK|native frame save captures/catch-1280x720/0185.webp
NURSERY_CONTACT|OK|native frame save captures/catch-1280x720/0186.webp
NURSERY_CONTACT|OK|native frame save captures/catch-1280x720/0187.webp
NURSERY_CONTACT|OK|native frame save captures/catch-1280x720/0188.webp
NURSERY_CONTACT|OK|native frame save captures/catch-1280x720/0189.webp
NURSERY_CONTACT|OK|native frame save captures/catch-1280x720/0190.webp
NURSERY_CONTACT|OK|native frame save captures/catch-1280x720/0191.webp
NURSERY_CONTACT|OK|native frame save captures/catch-1280x720/0192.webp
NURSERY_CONTACT|OK|native frame save captures/catch-1280x720/0193.webp
NURSERY_CONTACT|OK|native frame save captures/catch-1280x720/0194.webp
NURSERY_CONTACT|OK|native frame save captures/catch-1280x720/0195.webp
NURSERY_CONTACT|OK|native frame save captures/catch-1280x720/0196.webp
NURSERY_CONTACT|OK|native frame save captures/catch-1280x720/0197.webp
NURSERY_CONTACT|OK|native frame save captures/catch-1280x720/0198.webp
NURSERY_CONTACT|OK|native frame save captures/catch-1280x720/0199.webp
NURSERY_CONTACT|OK|native frame save captures/catch-1280x720/0200.webp
NURSERY_CONTACT|OK|native frame save captures/catch-1280x720/0201.webp
NURSERY_CONTACT|OK|native frame save captures/catch-1280x720/0202.webp
NURSERY_CONTACT|OK|native frame save captures/catch-1280x720/0203.webp
NURSERY_CONTACT|OK|native frame save captures/catch-1280x720/0204.webp
NURSERY_CONTACT|OK|native frame save captures/catch-1280x720/0205.webp
NURSERY_CONTACT|OK|native frame save captures/catch-1280x720/0206.webp
NURSERY_CONTACT|OK|native frame save captures/catch-1280x720/0207.webp
NURSERY_CONTACT|OK|native frame save captures/catch-1280x720/0208.webp
NURSERY_CONTACT|OK|native frame save captures/catch-1280x720/0209.webp
NURSERY_CONTACT|OK|native frame save captures/catch-1280x720/0210.webp
NURSERY_CONTACT|OK|native frame save captures/catch-1280x720/0211.webp
NURSERY_CONTACT|OK|native frame save captures/catch-1280x720/0212.webp
NURSERY_CONTACT|OK|native frame save captures/catch-1280x720/0213.webp
NURSERY_CONTACT|OK|native frame save captures/catch-1280x720/0214.webp
NURSERY_CONTACT|OK|native frame save captures/catch-1280x720/0215.webp
NURSERY_CONTACT|OK|native frame save captures/catch-1280x720/0216.webp
NURSERY_CONTACT|OK|native frame save captures/catch-1280x720/0217.webp
NURSERY_CONTACT|OK|native frame save captures/catch-1280x720/0218.webp
NURSERY_CONTACT|OK|native frame save captures/catch-1280x720/0219.webp
NURSERY_CONTACT|OK|native frame save captures/catch-1280x720/0220.webp
NURSERY_CONTACT|OK|catch-1280x720 genuine single touch catches five
NURSERY_CONTACT|OK|catch-1280x720 final transfer settles before next phase
NURSERY_CONTACT|OK|catch-1280x720 all receiving and lowering authored keys were sampled
NURSERY_CONTACT|OK|catch-1280x720 normal route Roshan returns for feeding
NURSERY_CONTACT|OK|catch-1600x720 normal freeplay caller starts
NURSERY_CONTACT|OK|catch-1600x720 exact source atlas and three measured feet loaded
NURSERY_CONTACT|OK|native frame save captures/catch-1600x720/0000.webp
NURSERY_CONTACT|OK|native frame save captures/catch-1600x720/0001.webp
NURSERY_CONTACT|OK|native frame save captures/catch-1600x720/0002.webp
NURSERY_CONTACT|OK|native frame save captures/catch-1600x720/0003.webp
NURSERY_CONTACT|OK|native frame save captures/catch-1600x720/0004.webp
NURSERY_CONTACT|OK|native frame save captures/catch-1600x720/0005.webp
NURSERY_CONTACT|OK|native frame save captures/catch-1600x720/0006.webp
NURSERY_CONTACT|OK|native frame save captures/catch-1600x720/0007.webp
NURSERY_CONTACT|OK|native frame save captures/catch-1600x720/0008.webp
NURSERY_CONTACT|OK|native frame save captures/catch-1600x720/0009.webp
NURSERY_CONTACT|OK|native frame save captures/catch-1600x720/0010.webp
NURSERY_CONTACT|OK|native frame save captures/catch-1600x720/0011.webp
NURSERY_CONTACT|OK|native frame save captures/catch-1600x720/0012.webp
NURSERY_CONTACT|OK|native frame save captures/catch-1600x720/0013.webp
NURSERY_CONTACT|OK|native frame save captures/catch-1600x720/0014.webp
NURSERY_CONTACT|OK|native frame save captures/catch-1600x720/0015.webp
NURSERY_CONTACT|OK|native frame save captures/catch-1600x720/0016.webp
NURSERY_CONTACT|OK|native frame save captures/catch-1600x720/0017.webp
NURSERY_CONTACT|OK|native frame save captures/catch-1600x720/0018.webp
NURSERY_CONTACT|OK|native frame save captures/catch-1600x720/0019.webp
NURSERY_CONTACT|OK|native frame save captures/catch-1600x720/0020.webp
NURSERY_CONTACT|OK|native frame save captures/catch-1600x720/0021.webp
NURSERY_CONTACT|OK|native frame save captures/catch-1600x720/0022.webp
NURSERY_CONTACT|OK|native frame save captures/catch-1600x720/0023.webp
NURSERY_CONTACT|OK|native frame save captures/catch-1600x720/0024.webp
NURSERY_CONTACT|OK|native frame save captures/catch-1600x720/0025.webp
NURSERY_CONTACT|OK|native frame save captures/catch-1600x720/0026.webp
NURSERY_CONTACT|OK|native frame save captures/catch-1600x720/0027.webp
NURSERY_CONTACT|OK|native frame save captures/catch-1600x720/0028.webp
NURSERY_CONTACT|OK|native frame save captures/catch-1600x720/0029.webp
NURSERY_CONTACT|OK|native frame save captures/catch-1600x720/0030.webp
NURSERY_CONTACT|OK|native frame save captures/catch-1600x720/0031.webp
NURSERY_CONTACT|OK|native frame save captures/catch-1600x720/0032.webp
NURSERY_CONTACT|OK|native frame save captures/catch-1600x720/0033.webp
NURSERY_CONTACT|OK|native frame save captures/catch-1600x720/0034.webp
NURSERY_CONTACT|OK|native frame save captures/catch-1600x720/0035.webp
NURSERY_CONTACT|OK|native frame save captures/catch-1600x720/0036.webp
NURSERY_CONTACT|OK|native frame save captures/catch-1600x720/0037.webp
NURSERY_CONTACT|OK|native frame save captures/catch-1600x720/0038.webp
NURSERY_CONTACT|OK|native frame save captures/catch-1600x720/0039.webp
NURSERY_CONTACT|OK|native frame save captures/catch-1600x720/0040.webp
NURSERY_CONTACT|OK|native frame save captures/catch-1600x720/0041.webp
NURSERY_CONTACT|OK|native frame save captures/catch-1600x720/0042.webp
NURSERY_CONTACT|OK|native frame save captures/catch-1600x720/0043.webp
NURSERY_CONTACT|OK|native frame save captures/catch-1600x720/0044.webp
NURSERY_CONTACT|OK|native frame save captures/catch-1600x720/0045.webp
NURSERY_CONTACT|OK|native frame save captures/catch-1600x720/0046.webp
NURSERY_CONTACT|OK|native frame save captures/catch-1600x720/0047.webp
NURSERY_CONTACT|OK|native frame save captures/catch-1600x720/0048.webp
NURSERY_CONTACT|OK|native frame save captures/catch-1600x720/0049.webp
NURSERY_CONTACT|OK|native frame save captures/catch-1600x720/0050.webp
NURSERY_CONTACT|OK|native frame save captures/catch-1600x720/0051.webp
NURSERY_CONTACT|OK|native frame save captures/catch-1600x720/0052.webp
NURSERY_CONTACT|OK|native frame save captures/catch-1600x720/0053.webp
NURSERY_CONTACT|OK|native frame save captures/catch-1600x720/0054.webp
NURSERY_CONTACT|OK|native frame save captures/catch-1600x720/0055.webp
NURSERY_CONTACT|OK|native frame save captures/catch-1600x720/0056.webp
NURSERY_CONTACT|OK|native frame save captures/catch-1600x720/0057.webp
NURSERY_CONTACT|OK|native frame save captures/catch-1600x720/0058.webp
NURSERY_CONTACT|OK|native frame save captures/catch-1600x720/0059.webp
NURSERY_CONTACT|OK|native frame save captures/catch-1600x720/0060.webp
NURSERY_CONTACT|OK|native frame save captures/catch-1600x720/0061.webp
NURSERY_CONTACT|OK|native frame save captures/catch-1600x720/0062.webp
NURSERY_CONTACT|OK|native frame save captures/catch-1600x720/0063.webp
NURSERY_CONTACT|OK|native frame save captures/catch-1600x720/0064.webp
NURSERY_CONTACT|OK|native frame save captures/catch-1600x720/0065.webp
NURSERY_CONTACT|OK|native frame save captures/catch-1600x720/0066.webp
NURSERY_CONTACT|OK|native frame save captures/catch-1600x720/0067.webp
NURSERY_CONTACT|OK|native frame save captures/catch-1600x720/0068.webp
NURSERY_CONTACT|OK|native frame save captures/catch-1600x720/0069.webp
NURSERY_CONTACT|OK|native frame save captures/catch-1600x720/0070.webp
NURSERY_CONTACT|OK|native frame save captures/catch-1600x720/0071.webp
NURSERY_CONTACT|OK|native frame save captures/catch-1600x720/0072.webp
NURSERY_CONTACT|OK|native frame save captures/catch-1600x720/0073.webp
NURSERY_CONTACT|OK|native frame save captures/catch-1600x720/0074.webp
NURSERY_CONTACT|OK|native frame save captures/catch-1600x720/0075.webp
NURSERY_CONTACT|OK|native frame save captures/catch-1600x720/0076.webp
NURSERY_CONTACT|OK|native frame save captures/catch-1600x720/0077.webp
NURSERY_CONTACT|OK|native frame save captures/catch-1600x720/0078.webp
NURSERY_CONTACT|OK|native frame save captures/catch-1600x720/0079.webp
NURSERY_CONTACT|OK|native frame save captures/catch-1600x720/0080.webp
NURSERY_CONTACT|OK|native frame save captures/catch-1600x720/0081.webp
NURSERY_CONTACT|OK|native frame save captures/catch-1600x720/0082.webp
NURSERY_CONTACT|OK|native frame save captures/catch-1600x720/0083.webp
NURSERY_CONTACT|OK|native frame save captures/catch-1600x720/0084.webp
NURSERY_CONTACT|OK|native frame save captures/catch-1600x720/0085.webp
NURSERY_CONTACT|OK|native frame save captures/catch-1600x720/0086.webp
NURSERY_CONTACT|OK|native frame save captures/catch-1600x720/0087.webp
NURSERY_CONTACT|OK|native frame save captures/catch-1600x720/0088.webp
NURSERY_CONTACT|OK|native frame save captures/catch-1600x720/0089.webp
NURSERY_CONTACT|OK|native frame save captures/catch-1600x720/0090.webp
NURSERY_CONTACT|OK|native frame save captures/catch-1600x720/0091.webp
NURSERY_CONTACT|OK|native frame save captures/catch-1600x720/0092.webp
NURSERY_CONTACT|OK|native frame save captures/catch-1600x720/0093.webp
NURSERY_CONTACT|OK|native frame save captures/catch-1600x720/0094.webp
NURSERY_CONTACT|OK|native frame save captures/catch-1600x720/0095.webp
NURSERY_CONTACT|OK|native frame save captures/catch-1600x720/0096.webp
NURSERY_CONTACT|OK|native frame save captures/catch-1600x720/0097.webp
NURSERY_CONTACT|OK|native frame save captures/catch-1600x720/0098.webp
NURSERY_CONTACT|OK|native frame save captures/catch-1600x720/0099.webp
NURSERY_CONTACT|OK|native frame save captures/catch-1600x720/0100.webp
NURSERY_CONTACT|OK|native frame save captures/catch-1600x720/0101.webp
NURSERY_CONTACT|OK|native frame save captures/catch-1600x720/0102.webp
NURSERY_CONTACT|OK|native frame save captures/catch-1600x720/0103.webp
NURSERY_CONTACT|OK|native frame save captures/catch-1600x720/0104.webp
NURSERY_CONTACT|OK|native frame save captures/catch-1600x720/0105.webp
NURSERY_CONTACT|OK|native frame save captures/catch-1600x720/0106.webp
NURSERY_CONTACT|OK|native frame save captures/catch-1600x720/0107.webp
NURSERY_CONTACT|OK|native frame save captures/catch-1600x720/0108.webp
NURSERY_CONTACT|OK|native frame save captures/catch-1600x720/0109.webp
NURSERY_CONTACT|OK|native frame save captures/catch-1600x720/0110.webp
NURSERY_CONTACT|OK|native frame save captures/catch-1600x720/0111.webp
NURSERY_CONTACT|OK|native frame save captures/catch-1600x720/0112.webp
NURSERY_CONTACT|OK|native frame save captures/catch-1600x720/0113.webp
NURSERY_CONTACT|OK|native frame save captures/catch-1600x720/0114.webp
NURSERY_CONTACT|OK|native frame save captures/catch-1600x720/0115.webp
NURSERY_CONTACT|OK|native frame save captures/catch-1600x720/0116.webp
NURSERY_CONTACT|OK|native frame save captures/catch-1600x720/0117.webp
NURSERY_CONTACT|OK|native frame save captures/catch-1600x720/0118.webp
NURSERY_CONTACT|OK|native frame save captures/catch-1600x720/0119.webp
NURSERY_CONTACT|OK|native frame save captures/catch-1600x720/0120.webp
NURSERY_CONTACT|OK|native frame save captures/catch-1600x720/0121.webp
NURSERY_CONTACT|OK|native frame save captures/catch-1600x720/0122.webp
NURSERY_CONTACT|OK|native frame save captures/catch-1600x720/0123.webp
NURSERY_CONTACT|OK|native frame save captures/catch-1600x720/0124.webp
NURSERY_CONTACT|OK|native frame save captures/catch-1600x720/0125.webp
NURSERY_CONTACT|OK|native frame save captures/catch-1600x720/0126.webp
NURSERY_CONTACT|OK|native frame save captures/catch-1600x720/0127.webp
NURSERY_CONTACT|OK|native frame save captures/catch-1600x720/0128.webp
NURSERY_CONTACT|OK|native frame save captures/catch-1600x720/0129.webp
NURSERY_CONTACT|OK|native frame save captures/catch-1600x720/0130.webp
NURSERY_CONTACT|OK|native frame save captures/catch-1600x720/0131.webp
NURSERY_CONTACT|OK|native frame save captures/catch-1600x720/0132.webp
NURSERY_CONTACT|OK|native frame save captures/catch-1600x720/0133.webp
NURSERY_CONTACT|OK|native frame save captures/catch-1600x720/0134.webp
NURSERY_CONTACT|OK|native frame save captures/catch-1600x720/0135.webp
NURSERY_CONTACT|OK|native frame save captures/catch-1600x720/0136.webp
NURSERY_CONTACT|OK|native frame save captures/catch-1600x720/0137.webp
NURSERY_CONTACT|OK|native frame save captures/catch-1600x720/0138.webp
NURSERY_CONTACT|OK|native frame save captures/catch-1600x720/0139.webp
NURSERY_CONTACT|OK|native frame save captures/catch-1600x720/0140.webp
NURSERY_CONTACT|OK|native frame save captures/catch-1600x720/0141.webp
NURSERY_CONTACT|OK|native frame save captures/catch-1600x720/0142.webp
NURSERY_CONTACT|OK|native frame save captures/catch-1600x720/0143.webp
NURSERY_CONTACT|OK|native frame save captures/catch-1600x720/0144.webp
NURSERY_CONTACT|OK|native frame save captures/catch-1600x720/0145.webp
NURSERY_CONTACT|OK|native frame save captures/catch-1600x720/0146.webp
NURSERY_CONTACT|OK|native frame save captures/catch-1600x720/0147.webp
NURSERY_CONTACT|OK|native frame save captures/catch-1600x720/0148.webp
NURSERY_CONTACT|OK|native frame save captures/catch-1600x720/0149.webp
NURSERY_CONTACT|OK|native frame save captures/catch-1600x720/0150.webp
NURSERY_CONTACT|OK|native frame save captures/catch-1600x720/0151.webp
NURSERY_CONTACT|OK|native frame save captures/catch-1600x720/0152.webp
NURSERY_CONTACT|OK|native frame save captures/catch-1600x720/0153.webp
NURSERY_CONTACT|OK|native frame save captures/catch-1600x720/0154.webp
NURSERY_CONTACT|OK|native frame save captures/catch-1600x720/0155.webp
NURSERY_CONTACT|OK|native frame save captures/catch-1600x720/0156.webp
NURSERY_CONTACT|OK|native frame save captures/catch-1600x720/0157.webp
NURSERY_CONTACT|OK|native frame save captures/catch-1600x720/0158.webp
NURSERY_CONTACT|OK|native frame save captures/catch-1600x720/0159.webp
NURSERY_CONTACT|OK|native frame save captures/catch-1600x720/0160.webp
NURSERY_CONTACT|OK|native frame save captures/catch-1600x720/0161.webp
NURSERY_CONTACT|OK|native frame save captures/catch-1600x720/0162.webp
NURSERY_CONTACT|OK|native frame save captures/catch-1600x720/0163.webp
NURSERY_CONTACT|OK|native frame save captures/catch-1600x720/0164.webp
NURSERY_CONTACT|OK|native frame save captures/catch-1600x720/0165.webp
NURSERY_CONTACT|OK|native frame save captures/catch-1600x720/0166.webp
NURSERY_CONTACT|OK|native frame save captures/catch-1600x720/0167.webp
NURSERY_CONTACT|OK|native frame save captures/catch-1600x720/0168.webp
NURSERY_CONTACT|OK|native frame save captures/catch-1600x720/0169.webp
NURSERY_CONTACT|OK|native frame save captures/catch-1600x720/0170.webp
NURSERY_CONTACT|OK|native frame save captures/catch-1600x720/0171.webp
NURSERY_CONTACT|OK|native frame save captures/catch-1600x720/0172.webp
NURSERY_CONTACT|OK|native frame save captures/catch-1600x720/0173.webp
NURSERY_CONTACT|OK|native frame save captures/catch-1600x720/0174.webp
NURSERY_CONTACT|OK|native frame save captures/catch-1600x720/0175.webp
NURSERY_CONTACT|OK|native frame save captures/catch-1600x720/0176.webp
NURSERY_CONTACT|OK|native frame save captures/catch-1600x720/0177.webp
NURSERY_CONTACT|OK|native frame save captures/catch-1600x720/0178.webp
NURSERY_CONTACT|OK|native frame save captures/catch-1600x720/0179.webp
NURSERY_CONTACT|OK|native frame save captures/catch-1600x720/0180.webp
NURSERY_CONTACT|OK|native frame save captures/catch-1600x720/0181.webp
NURSERY_CONTACT|OK|native frame save captures/catch-1600x720/0182.webp
NURSERY_CONTACT|OK|native frame save captures/catch-1600x720/0183.webp
NURSERY_CONTACT|OK|native frame save captures/catch-1600x720/0184.webp
NURSERY_CONTACT|OK|native frame save captures/catch-1600x720/0185.webp
NURSERY_CONTACT|OK|native frame save captures/catch-1600x720/0186.webp
NURSERY_CONTACT|OK|native frame save captures/catch-1600x720/0187.webp
NURSERY_CONTACT|OK|native frame save captures/catch-1600x720/0188.webp
NURSERY_CONTACT|OK|native frame save captures/catch-1600x720/0189.webp
NURSERY_CONTACT|OK|native frame save captures/catch-1600x720/0190.webp
NURSERY_CONTACT|OK|native frame save captures/catch-1600x720/0191.webp
NURSERY_CONTACT|OK|native frame save captures/catch-1600x720/0192.webp
NURSERY_CONTACT|OK|native frame save captures/catch-1600x720/0193.webp
NURSERY_CONTACT|OK|native frame save captures/catch-1600x720/0194.webp
NURSERY_CONTACT|OK|native frame save captures/catch-1600x720/0195.webp
NURSERY_CONTACT|OK|native frame save captures/catch-1600x720/0196.webp
NURSERY_CONTACT|OK|native frame save captures/catch-1600x720/0197.webp
NURSERY_CONTACT|OK|native frame save captures/catch-1600x720/0198.webp
NURSERY_CONTACT|OK|native frame save captures/catch-1600x720/0199.webp
NURSERY_CONTACT|OK|native frame save captures/catch-1600x720/0200.webp
NURSERY_CONTACT|OK|native frame save captures/catch-1600x720/0201.webp
NURSERY_CONTACT|OK|native frame save captures/catch-1600x720/0202.webp
NURSERY_CONTACT|OK|native frame save captures/catch-1600x720/0203.webp
NURSERY_CONTACT|OK|native frame save captures/catch-1600x720/0204.webp
NURSERY_CONTACT|OK|native frame save captures/catch-1600x720/0205.webp
NURSERY_CONTACT|OK|native frame save captures/catch-1600x720/0206.webp
NURSERY_CONTACT|OK|native frame save captures/catch-1600x720/0207.webp
NURSERY_CONTACT|OK|native frame save captures/catch-1600x720/0208.webp
NURSERY_CONTACT|OK|native frame save captures/catch-1600x720/0209.webp
NURSERY_CONTACT|OK|native frame save captures/catch-1600x720/0210.webp
NURSERY_CONTACT|OK|native frame save captures/catch-1600x720/0211.webp
NURSERY_CONTACT|OK|native frame save captures/catch-1600x720/0212.webp
NURSERY_CONTACT|OK|native frame save captures/catch-1600x720/0213.webp
NURSERY_CONTACT|OK|native frame save captures/catch-1600x720/0214.webp
NURSERY_CONTACT|OK|native frame save captures/catch-1600x720/0215.webp
NURSERY_CONTACT|OK|native frame save captures/catch-1600x720/0216.webp
NURSERY_CONTACT|OK|native frame save captures/catch-1600x720/0217.webp
NURSERY_CONTACT|OK|native frame save captures/catch-1600x720/0218.webp
NURSERY_CONTACT|OK|native frame save captures/catch-1600x720/0219.webp
NURSERY_CONTACT|OK|native frame save captures/catch-1600x720/0220.webp
NURSERY_CONTACT|OK|catch-1600x720 genuine single touch catches five
NURSERY_CONTACT|OK|catch-1600x720 final transfer settles before next phase
NURSERY_CONTACT|OK|catch-1600x720 all receiving and lowering authored keys were sampled
NURSERY_CONTACT|OK|catch-1600x720 normal route Roshan returns for feeding
NURSERY_CONTACT|RESULT|PASS
