Input #0, concat, from 'C:\Users\Peter\Documents\mermaid-roshan-reef\tmp\day2_graphics_audit_20260930\audit\day_one_pool_live_refinement_v2_20261001\native_actions_1280_v4\item_02.ffconcat':
  Duration: 00:00:01.95, start: 0.000000, bitrate: 14 kb/s
  Stream #0:0: Video: webp, yuv420p(tv, bt470bg/unknown/unknown), 1280x720, 1k fps, 1k tbr, 1k tbn
Stream mapping:
  Stream #0:0 -> #0:0 (webp (native) -> h264 (libx264))
[libx264 @ 0000013e4e6f3e40] using cpu capabilities: MMX2 SSE2Fast SSSE3 SSE4.2 AVX FMA3 BMI2 AVX2
[libx264 @ 0000013e4e6f3e40] profile High, level 6.0, 4:2:0, 8-bit
[libx264 @ 0000013e4e6f3e40] 264 - core 165 r3223 0480cb0 - H.264/MPEG-4 AVC codec - Copyleft 2003-2025 - http://www.videolan.org/x264.html - options: cabac=1 ref=3 deblock=1:0:0 analyse=0x3:0x113 me=hex subme=7 psy=1 psy_rd=1.00:0.00 mixed_ref=1 me_range=16 chroma_me=1 trellis=1 8x8dct=1 cqm=0 deadzone=21,11 fast_pskip=1 chroma_qp_offset=-2 threads=18 lookahead_threads=3 sliced_threads=0 nr=0 decimate=1 interlaced=0 bluray_compat=0 constrained_intra=0 bframes=3 b_pyramid=2 b_adapt=1 b_bias=0 direct=1 weightb=1 open_gop=0 weightp=2 keyint=250 keyint_min=25 scenecut=40 intra_refresh=0 rc_lookahead=40 rc=crf mbtree=1 crf=16.0 qcomp=0.60 qpmin=0 qpmax=69 qpstep=4 ip_ratio=1.40 aq=1:1.00
Output #0, mp4, to 'C:\Users\Peter\Documents\mermaid-roshan-reef\tmp\day2_graphics_audit_20260930\audit\day_one_pool_live_refinement_v2_20261001\native_actions_1280_v4\item_02_native_timestamps.mp4':
  Metadata:
    encoder         : Lavf62.12.102
  Stream #0:0: Video: h264 (avc1 / 0x31637661), yuv420p(tv, bt470bg/unknown/unknown, progressive), 1280x720, q=2-31, 1k fps, 16k tbn
    Metadata:
      encoder         : Lavc62.28.102 libx264
    Side data:
      CPB properties: bitrate max/min/avg: 0/0/0 buffer size: 0 vbv_delay: N/A
frame=    0 fps=0.0 q=0.0 size=       0KiB time=N/A bitrate=N/A speed=N/A elapsed=0:00:00.52    frame=    0 fps=0.0 q=0.0 size=       0KiB time=N/A bitrate=N/A speed=N/A elapsed=0:00:01.03    frame=    0 fps=0.0 q=0.0 size=       0KiB time=N/A bitrate=N/A speed=N/A elapsed=0:00:01.54    [mp4 @ 0000013e5035c1c0] Starting second pass: moving the moov atom to the beginning of the file
[out#0/mp4 @ 0000013e4e64b780] video:925KiB audio:0KiB subtitle:0KiB other streams:0KiB global headers:0KiB muxing overhead: 0.193728%
frame=   57 fps= 31 q=-1.0 Lsize=     927KiB time=00:00:01.85 bitrate=4090.7kbits/s speed=   1x elapsed=0:00:01.85    
[libx264 @ 0000013e4e6f3e40] frame I:1     Avg QP:12.91  size:358501
[libx264 @ 0000013e4e6f3e40] frame P:17    Avg QP:15.05  size: 21291
[libx264 @ 0000013e4e6f3e40] frame B:39    Avg QP:20.70  size:  5797
[libx264 @ 0000013e4e6f3e40] consecutive B-frames:  7.0%  3.5%  5.3% 84.2%
[libx264 @ 0000013e4e6f3e40] mb I  I16..4:  6.8%  6.7% 86.5%
[libx264 @ 0000013e4e6f3e40] mb P  I16..4:  0.0%  0.1%  0.9%  P16..4: 10.9%  1.7%  3.5%  0.0%  0.0%    skip:82.8%
[libx264 @ 0000013e4e6f3e40] mb B  I16..4:  0.0%  0.0%  0.0%  B16..8:  2.3%  0.9%  1.2%  direct: 1.0%  skip:94.5%  L0:37.8% L1:41.9% BI:20.4%
[libx264 @ 0000013e4e6f3e40] 8x8 transform intra:7.8% inter:32.1%
[libx264 @ 0000013e4e6f3e40] coded y,uvDC,uvAC intra: 97.4% 98.3% 96.4% inter: 4.4% 5.9% 5.3%
[libx264 @ 0000013e4e6f3e40] i16 v,h,dc,p: 33% 36% 24%  8%
[libx264 @ 0000013e4e6f3e40] i8 v,h,dc,ddl,ddr,vr,hd,vl,hu:  7% 31%  9%  5%  6%  5% 14%  5% 19%
[libx264 @ 0000013e4e6f3e40] i4 v,h,dc,ddl,ddr,vr,hd,vl,hu: 11% 28% 11%  6%  7%  6% 11%  6% 14%
[libx264 @ 0000013e4e6f3e40] i8c dc,h,v,p: 49% 27% 11% 13%
[libx264 @ 0000013e4e6f3e40] Weighted P-Frames: Y:5.9% UV:5.9%
[libx264 @ 0000013e4e6f3e40] ref P L0: 75.6%  6.1% 11.2%  6.6%  0.5%
[libx264 @ 0000013e4e6f3e40] ref B L0: 81.4% 13.6%  5.0%
[libx264 @ 0000013e4e6f3e40] ref B L1: 93.5%  6.5%
[libx264 @ 0000013e4e6f3e40] kb/s:3875.19
