Input #0, concat, from 'C:\Users\Peter\Documents\mermaid-roshan-reef\tmp\day2_graphics_audit_20260930\audit\day_one_pool_live_refinement_v2_20261001\native_actions_1280_v4\item_00.ffconcat':
  Duration: 00:00:02.81, start: 0.000000, bitrate: 14 kb/s
  Stream #0:0: Video: webp, yuv420p(tv, bt470bg/unknown/unknown), 1280x720, 1k fps, 1k tbr, 1k tbn
Stream mapping:
  Stream #0:0 -> #0:0 (webp (native) -> h264 (libx264))
[libx264 @ 000001bec326be40] using cpu capabilities: MMX2 SSE2Fast SSSE3 SSE4.2 AVX FMA3 BMI2 AVX2
[libx264 @ 000001bec326be40] profile High, level 6.0, 4:2:0, 8-bit
[libx264 @ 000001bec326be40] 264 - core 165 r3223 0480cb0 - H.264/MPEG-4 AVC codec - Copyleft 2003-2025 - http://www.videolan.org/x264.html - options: cabac=1 ref=3 deblock=1:0:0 analyse=0x3:0x113 me=hex subme=7 psy=1 psy_rd=1.00:0.00 mixed_ref=1 me_range=16 chroma_me=1 trellis=1 8x8dct=1 cqm=0 deadzone=21,11 fast_pskip=1 chroma_qp_offset=-2 threads=18 lookahead_threads=3 sliced_threads=0 nr=0 decimate=1 interlaced=0 bluray_compat=0 constrained_intra=0 bframes=3 b_pyramid=2 b_adapt=1 b_bias=0 direct=1 weightb=1 open_gop=0 weightp=2 keyint=250 keyint_min=25 scenecut=40 intra_refresh=0 rc_lookahead=40 rc=crf mbtree=1 crf=16.0 qcomp=0.60 qpmin=0 qpmax=69 qpstep=4 ip_ratio=1.40 aq=1:1.00
Output #0, mp4, to 'C:\Users\Peter\Documents\mermaid-roshan-reef\tmp\day2_graphics_audit_20260930\audit\day_one_pool_live_refinement_v2_20261001\native_actions_1280_v4\item_00_native_timestamps.mp4':
  Metadata:
    encoder         : Lavf62.12.102
  Stream #0:0: Video: h264 (avc1 / 0x31637661), yuv420p(tv, bt470bg/unknown/unknown, progressive), 1280x720, q=2-31, 1k fps, 16k tbn
    Metadata:
      encoder         : Lavc62.28.102 libx264
    Side data:
      CPB properties: bitrate max/min/avg: 0/0/0 buffer size: 0 vbv_delay: N/A
frame=    0 fps=0.0 q=0.0 size=       0KiB time=N/A bitrate=N/A speed=N/A elapsed=0:00:00.51    frame=    0 fps=0.0 q=0.0 size=       0KiB time=N/A bitrate=N/A speed=N/A elapsed=0:00:01.02    frame=    0 fps=0.0 q=0.0 size=       0KiB time=N/A bitrate=N/A speed=N/A elapsed=0:00:01.53    frame=    2 fps=1.0 q=22.0 size=     256KiB time=-00:00:00.03 bitrate=N/A speed=N/A elapsed=0:00:02.05    [mp4 @ 000001bec4f0d040] Starting second pass: moving the moov atom to the beginning of the file
[out#0/mp4 @ 000001bec31fc300] video:1885KiB audio:0KiB subtitle:0KiB other streams:0KiB global headers:0KiB muxing overhead: 0.118275%
frame=   81 fps= 33 q=-1.0 Lsize=    1887KiB time=00:00:02.71 bitrate=5696.5kbits/s speed= 1.1x elapsed=0:00:02.46    
[libx264 @ 000001bec326be40] frame I:1     Avg QP:15.33  size:314039
[libx264 @ 000001bec326be40] frame P:31    Avg QP:14.44  size: 41421
[libx264 @ 000001bec326be40] frame B:49    Avg QP:20.59  size:  6765
[libx264 @ 000001bec326be40] consecutive B-frames: 17.3%  4.9%  3.7% 74.1%
[libx264 @ 000001bec326be40] mb I  I16..4:  7.3% 25.2% 67.5%
[libx264 @ 000001bec326be40] mb P  I16..4:  0.1%  0.1%  0.9%  P16..4: 31.7%  6.2%  9.7%  0.0%  0.0%    skip:51.2%
[libx264 @ 000001bec326be40] mb B  I16..4:  0.0%  0.0%  0.1%  B16..8: 16.8%  1.2%  1.3%  direct: 1.1%  skip:79.5%  L0:30.0% L1:63.5% BI: 6.4%
[libx264 @ 000001bec326be40] 8x8 transform intra:21.7% inter:43.6%
[libx264 @ 000001bec326be40] coded y,uvDC,uvAC intra: 95.8% 96.6% 94.3% inter: 11.8% 17.4% 15.3%
[libx264 @ 000001bec326be40] i16 v,h,dc,p: 28% 42% 23%  7%
[libx264 @ 000001bec326be40] i8 v,h,dc,ddl,ddr,vr,hd,vl,hu:  9% 38%  9%  4%  3%  3% 12%  4% 18%
[libx264 @ 000001bec326be40] i4 v,h,dc,ddl,ddr,vr,hd,vl,hu: 11% 24% 11%  7%  8%  7% 11%  7% 13%
[libx264 @ 000001bec326be40] i8c dc,h,v,p: 50% 26% 11% 13%
[libx264 @ 000001bec326be40] Weighted P-Frames: Y:3.2% UV:3.2%
[libx264 @ 000001bec326be40] ref P L0: 82.5%  2.8% 10.4%  4.1%  0.2%
[libx264 @ 000001bec326be40] ref B L0: 86.7% 10.3%  3.0%
[libx264 @ 000001bec326be40] ref B L1: 94.2%  5.8%
[libx264 @ 000001bec326be40] kb/s:5489.50
