Input #0, concat, from 'C:\Users\Peter\Documents\mermaid-roshan-reef\tmp\day2_graphics_audit_20260930\audit\day_one_pool_live_refinement_v2_20261001\native_actions_1280_v4\item_04.ffconcat':
  Duration: 00:00:02.23, start: 0.000000, bitrate: 14 kb/s
  Stream #0:0: Video: webp, yuv420p(tv, bt470bg/unknown/unknown), 1280x720, 1k fps, 1k tbr, 1k tbn
Stream mapping:
  Stream #0:0 -> #0:0 (webp (native) -> h264 (libx264))
[libx264 @ 000002559d38c740] using cpu capabilities: MMX2 SSE2Fast SSSE3 SSE4.2 AVX FMA3 BMI2 AVX2
[libx264 @ 000002559d38c740] profile High, level 6.0, 4:2:0, 8-bit
[libx264 @ 000002559d38c740] 264 - core 165 r3223 0480cb0 - H.264/MPEG-4 AVC codec - Copyleft 2003-2025 - http://www.videolan.org/x264.html - options: cabac=1 ref=3 deblock=1:0:0 analyse=0x3:0x113 me=hex subme=7 psy=1 psy_rd=1.00:0.00 mixed_ref=1 me_range=16 chroma_me=1 trellis=1 8x8dct=1 cqm=0 deadzone=21,11 fast_pskip=1 chroma_qp_offset=-2 threads=18 lookahead_threads=3 sliced_threads=0 nr=0 decimate=1 interlaced=0 bluray_compat=0 constrained_intra=0 bframes=3 b_pyramid=2 b_adapt=1 b_bias=0 direct=1 weightb=1 open_gop=0 weightp=2 keyint=250 keyint_min=25 scenecut=40 intra_refresh=0 rc_lookahead=40 rc=crf mbtree=1 crf=16.0 qcomp=0.60 qpmin=0 qpmax=69 qpstep=4 ip_ratio=1.40 aq=1:1.00
Output #0, mp4, to 'C:\Users\Peter\Documents\mermaid-roshan-reef\tmp\day2_graphics_audit_20260930\audit\day_one_pool_live_refinement_v2_20261001\native_actions_1280_v4\item_04_native_timestamps.mp4':
  Metadata:
    encoder         : Lavf62.12.102
  Stream #0:0: Video: h264 (avc1 / 0x31637661), yuv420p(tv, bt470bg/unknown/unknown, progressive), 1280x720, q=2-31, 1k fps, 16k tbn
    Metadata:
      encoder         : Lavc62.28.102 libx264
    Side data:
      CPB properties: bitrate max/min/avg: 0/0/0 buffer size: 0 vbv_delay: N/A
frame=    0 fps=0.0 q=0.0 size=       0KiB time=N/A bitrate=N/A speed=N/A elapsed=0:00:00.52    frame=    0 fps=0.0 q=0.0 size=       0KiB time=N/A bitrate=N/A speed=N/A elapsed=0:00:01.04    frame=    0 fps=0.0 q=0.0 size=       0KiB time=N/A bitrate=N/A speed=N/A elapsed=0:00:01.55    [mp4 @ 000002559d37cac0] Starting second pass: moving the moov atom to the beginning of the file
[out#0/mp4 @ 000002559d32ea00] video:1022KiB audio:0KiB subtitle:0KiB other streams:0KiB global headers:0KiB muxing overhead: 0.189863%
frame=   65 fps= 33 q=-1.0 Lsize=    1024KiB time=00:00:02.13 bitrate=3932.6kbits/s speed=1.07x elapsed=0:00:01.98    
[libx264 @ 000002559d38c740] frame I:1     Avg QP:12.84  size:362901
[libx264 @ 000002559d38c740] frame P:24    Avg QP:15.15  size: 18577
[libx264 @ 000002559d38c740] frame B:40    Avg QP:19.97  size:  5927
[libx264 @ 000002559d38c740] consecutive B-frames: 15.4%  6.2%  4.6% 73.8%
[libx264 @ 000002559d38c740] mb I  I16..4:  6.6%  8.0% 85.4%
[libx264 @ 000002559d38c740] mb P  I16..4:  0.0%  0.1%  0.6%  P16..4: 10.0%  1.8%  3.3%  0.0%  0.0%    skip:84.2%
[libx264 @ 000002559d38c740] mb B  I16..4:  0.0%  0.0%  0.0%  B16..8:  2.6%  1.0%  1.4%  direct: 1.0%  skip:94.0%  L0:36.3% L1:42.9% BI:20.9%
[libx264 @ 000002559d38c740] 8x8 transform intra:9.6% inter:33.2%
[libx264 @ 000002559d38c740] coded y,uvDC,uvAC intra: 97.1% 98.2% 96.5% inter: 4.7% 6.5% 5.6%
[libx264 @ 000002559d38c740] i16 v,h,dc,p: 29% 36% 28%  8%
[libx264 @ 000002559d38c740] i8 v,h,dc,ddl,ddr,vr,hd,vl,hu:  6% 34%  8%  4%  4%  3% 15%  4% 21%
[libx264 @ 000002559d38c740] i4 v,h,dc,ddl,ddr,vr,hd,vl,hu: 11% 28% 11%  6%  7%  6% 11%  6% 14%
[libx264 @ 000002559d38c740] i8c dc,h,v,p: 50% 28% 10% 12%
[libx264 @ 000002559d38c740] Weighted P-Frames: Y:4.2% UV:4.2%
[libx264 @ 000002559d38c740] ref P L0: 74.2%  6.4% 11.5%  7.5%  0.4%
[libx264 @ 000002559d38c740] ref B L0: 80.2% 11.8%  8.0%
[libx264 @ 000002559d38c740] ref B L1: 94.0%  6.0%
[libx264 @ 000002559d38c740] kb/s:3750.26
