Input #0, concat, from 'C:\Users\Peter\Documents\mermaid-roshan-reef\tmp\day2_graphics_audit_20260930\audit\day_one_pool_live_refinement_v2_20261001\native_actions_1280_v4\item_03.ffconcat':
  Duration: 00:00:03.50, start: 0.000000, bitrate: 15 kb/s
  Stream #0:0: Video: webp, yuv420p(tv, bt470bg/unknown/unknown), 1280x720, 1k fps, 1k tbr, 1k tbn
Stream mapping:
  Stream #0:0 -> #0:0 (webp (native) -> h264 (libx264))
[libx264 @ 00000194d26b0e80] using cpu capabilities: MMX2 SSE2Fast SSSE3 SSE4.2 AVX FMA3 BMI2 AVX2
[libx264 @ 00000194d26b0e80] profile High, level 6.0, 4:2:0, 8-bit
[libx264 @ 00000194d26b0e80] 264 - core 165 r3223 0480cb0 - H.264/MPEG-4 AVC codec - Copyleft 2003-2025 - http://www.videolan.org/x264.html - options: cabac=1 ref=3 deblock=1:0:0 analyse=0x3:0x113 me=hex subme=7 psy=1 psy_rd=1.00:0.00 mixed_ref=1 me_range=16 chroma_me=1 trellis=1 8x8dct=1 cqm=0 deadzone=21,11 fast_pskip=1 chroma_qp_offset=-2 threads=18 lookahead_threads=3 sliced_threads=0 nr=0 decimate=1 interlaced=0 bluray_compat=0 constrained_intra=0 bframes=3 b_pyramid=2 b_adapt=1 b_bias=0 direct=1 weightb=1 open_gop=0 weightp=2 keyint=250 keyint_min=25 scenecut=40 intra_refresh=0 rc_lookahead=40 rc=crf mbtree=1 crf=16.0 qcomp=0.60 qpmin=0 qpmax=69 qpstep=4 ip_ratio=1.40 aq=1:1.00
Output #0, mp4, to 'C:\Users\Peter\Documents\mermaid-roshan-reef\tmp\day2_graphics_audit_20260930\audit\day_one_pool_live_refinement_v2_20261001\native_actions_1280_v4\item_03_native_timestamps.mp4':
  Metadata:
    encoder         : Lavf62.12.102
  Stream #0:0: Video: h264 (avc1 / 0x31637661), yuv420p(tv, bt470bg/unknown/unknown, progressive), 1280x720, q=2-31, 1k fps, 16k tbn
    Metadata:
      encoder         : Lavc62.28.102 libx264
    Side data:
      CPB properties: bitrate max/min/avg: 0/0/0 buffer size: 0 vbv_delay: N/A
frame=    0 fps=0.0 q=0.0 size=       0KiB time=N/A bitrate=N/A speed=N/A elapsed=0:00:00.51    frame=    0 fps=0.0 q=0.0 size=       0KiB time=N/A bitrate=N/A speed=N/A elapsed=0:00:01.03    frame=    0 fps=0.0 q=0.0 size=       0KiB time=N/A bitrate=N/A speed=N/A elapsed=0:00:01.54    frame=    0 fps=0.0 q=0.0 size=       0KiB time=N/A bitrate=N/A speed=N/A elapsed=0:00:02.06    frame=   17 fps=6.6 q=22.0 size=     512KiB time=00:00:00.47 bitrate=8775.5kbits/s speed=0.186x elapsed=0:00:02.57    frame=   81 fps= 26 q=22.0 size=    1024KiB time=N/A bitrate=N/A speed=N/A elapsed=0:00:03.09    [mp4 @ 00000194d26c7e40] Starting second pass: moving the moov atom to the beginning of the file
[out#0/mp4 @ 00000194d265ce80] video:1461KiB audio:0KiB subtitle:0KiB other streams:0KiB global headers:0KiB muxing overhead: 0.175330%
frame=  104 fps= 33 q=-1.0 Lsize=    1464KiB time=00:00:03.39 bitrate=3527.3kbits/s speed=1.07x elapsed=0:00:03.16    
[libx264 @ 00000194d26b0e80] frame I:1     Avg QP:12.71  size:363351
[libx264 @ 00000194d26b0e80] frame P:47    Avg QP:14.89  size: 16403
[libx264 @ 00000194d26b0e80] frame B:56    Avg QP:20.08  size:  6447
[libx264 @ 00000194d26b0e80] consecutive B-frames: 23.1% 13.5%  5.8% 57.7%
[libx264 @ 00000194d26b0e80] mb I  I16..4:  7.7%  7.1% 85.3%
[libx264 @ 00000194d26b0e80] mb P  I16..4:  0.0%  0.1%  0.4%  P16..4:  9.1%  1.8%  3.2%  0.0%  0.0%    skip:85.4%
[libx264 @ 00000194d26b0e80] mb B  I16..4:  0.0%  0.0%  0.0%  B16..8:  2.5%  1.1%  1.4%  direct: 1.0%  skip:93.9%  L0:39.3% L1:40.1% BI:20.6%
[libx264 @ 00000194d26b0e80] 8x8 transform intra:9.5% inter:32.9%
[libx264 @ 00000194d26b0e80] coded y,uvDC,uvAC intra: 97.4% 98.0% 96.6% inter: 4.8% 6.6% 5.7%
[libx264 @ 00000194d26b0e80] i16 v,h,dc,p: 29% 36% 26%  9%
[libx264 @ 00000194d26b0e80] i8 v,h,dc,ddl,ddr,vr,hd,vl,hu:  5% 33%  9%  4%  5%  3% 15%  5% 21%
[libx264 @ 00000194d26b0e80] i4 v,h,dc,ddl,ddr,vr,hd,vl,hu: 10% 28% 11%  6%  7%  6% 12%  6% 14%
[libx264 @ 00000194d26b0e80] i8c dc,h,v,p: 50% 28% 10% 12%
[libx264 @ 00000194d26b0e80] Weighted P-Frames: Y:2.1% UV:2.1%
[libx264 @ 00000194d26b0e80] ref P L0: 68.2%  4.7% 14.9% 12.0%  0.3%
[libx264 @ 00000194d26b0e80] ref B L0: 69.7% 21.2%  9.1%
[libx264 @ 00000194d26b0e80] ref B L1: 87.7% 12.3%
[libx264 @ 00000194d26b0e80] kb/s:3420.87
