...
----------------------------------------------------------------------
Ran 3 tests in 0.026s

OK
........s...............................
----------------------------------------------------------------------
Ran 40 tests in 35.578s

OK (skipped=1)
...
----------------------------------------------------------------------
Ran 3 tests in 0.167s

OK
...........................................................................
----------------------------------------------------------------------
Ran 75 tests in 258.568s

OK
.....
----------------------------------------------------------------------
Ran 5 tests in 0.140s

OK
.........................................
----------------------------------------------------------------------
Ran 41 tests in 0.643s

OK
...........
----------------------------------------------------------------------
Ran 11 tests in 11.310s

OK
........
----------------------------------------------------------------------
Ran 8 tests in 1.504s

OK
.........................
----------------------------------------------------------------------
Ran 25 tests in 0.790s

OK
...............................................................................................
----------------------------------------------------------------------
Ran 95 tests in 572.225s

OK
..
----------------------------------------------------------------------
Ran 2 tests in 0.019s

OK
................................................................
----------------------------------------------------------------------
Ran 64 tests in 9.510s

OK
