SCRIPT ERROR: Invalid access to property or key 't' on a base object of type 'Dictionary'.
   at: ReefMain._process (res://scripts/main.gd:8605)
   GDScript backtrace (most recent call first):
       [0] _process (res://scripts/main.gd:8605)
SCRIPT ERROR: Invalid access to property or key 't' on a base object of type 'Dictionary'.
   at: ReefMain._process (res://scripts/main.gd:8605)
   GDScript backtrace (most recent call first):
       [0] _process (res://scripts/main.gd:8605)
SCRIPT ERROR: Invalid access to property or key 't' on a base object of type 'Dictionary'.
   at: ReefMain._process (res://scripts/main.gd:8605)
   GDScript backtrace (most recent call first):
       [0] _process (res://scripts/main.gd:8605)
SCRIPT ERROR: Invalid access to property or key 't' on a base object of type 'Dictionary'.
   at: ReefMain._process (res://scripts/main.gd:8605)
   GDScript backtrace (most recent call first):
       [0] _process (res://scripts/main.gd:8605)
SCRIPT ERROR: Invalid access to property or key 't' on a base object of type 'Dictionary'.
   at: ReefMain._process (res://scripts/main.gd:8605)
   GDScript backtrace (most recent call first):
       [0] _process (res://scripts/main.gd:8605)
SCRIPT ERROR: Invalid access to property or key 't' on a base object of type 'Dictionary'.
   at: ReefMain._process (res://scripts/main.gd:8605)
   GDScript backtrace (most recent call first):
       [0] _process (res://scripts/main.gd:8605)
SCRIPT ERROR: Invalid access to property or key 't' on a base object of type 'Dictionary'.
   at: ReefMain._process (res://scripts/main.gd:8605)
   GDScript backtrace (most recent call first):
       [0] _process (res://scripts/main.gd:8605)
SCRIPT ERROR: Invalid access to property or key 't' on a base object of type 'Dictionary'.
   at: ReefMain._process (res://scripts/main.gd:8605)
   GDScript backtrace (most recent call first):
       [0] _process (res://scripts/main.gd:8605)
SCRIPT ERROR: Invalid access to property or key 't' on a base object of type 'Dictionary'.
   at: ReefMain._process (res://scripts/main.gd:8605)
   GDScript backtrace (most recent call first):
       [0] _process (res://scripts/main.gd:8605)
SCRIPT ERROR: Invalid access to property or key 't' on a base object of type 'Dictionary'.
   at: ReefMain._process (res://scripts/main.gd:8605)
   GDScript backtrace (most recent call first):
       [0] _process (res://scripts/main.gd:8605)
SCRIPT ERROR: Invalid access to property or key 't' on a base object of type 'Dictionary'.
   at: ReefMain._process (res://scripts/main.gd:8605)
   GDScript backtrace (most recent call first):
       [0] _process (res://scripts/main.gd:8605)
SCRIPT ERROR: Invalid access to property or key 't' on a base object of type 'Dictionary'.
   at: ReefMain._process (res://scripts/main.gd:8605)
   GDScript backtrace (most recent call first):
       [0] _process (res://scripts/main.gd:8605)
SCRIPT ERROR: Invalid access to property or key 't' on a base object of type 'Dictionary'.
   at: ReefMain._process (res://scripts/main.gd:8605)
   GDScript backtrace (most recent call first):
       [0] _process (res://scripts/main.gd:8605)
SCRIPT ERROR: Invalid access to property or key 't' on a base object of type 'Dictionary'.
   at: ReefMain._process (res://scripts/main.gd:8605)
   GDScript backtrace (most recent call first):
       [0] _process (res://scripts/main.gd:8605)
SCRIPT ERROR: Invalid access to property or key 't' on a base object of type 'Dictionary'.
   at: ReefMain._process (res://scripts/main.gd:8605)
   GDScript backtrace (most recent call first):
       [0] _process (res://scripts/main.gd:8605)
SCRIPT ERROR: Invalid access to property or key 't' on a base object of type 'Dictionary'.
   at: ReefMain._process (res://scripts/main.gd:8605)
   GDScript backtrace (most recent call first):
       [0] _process (res://scripts/main.gd:8605)
SCRIPT ERROR: Invalid access to property or key 't' on a base object of type 'Dictionary'.
   at: ReefMain._process (res://scripts/main.gd:8605)
   GDScript backtrace (most recent call first):
       [0] _process (res://scripts/main.gd:8605)
SCRIPT ERROR: Invalid access to property or key 't' on a base object of type 'Dictionary'.
   at: ReefMain._process (res://scripts/main.gd:8605)
   GDScript backtrace (most recent call first):
       [0] _process (res://scripts/main.gd:8605)
SCRIPT ERROR: Invalid access to property or key 't' on a base object of type 'Dictionary'.
   at: ReefMain._process (res://scripts/main.gd:8605)
   GDScript backtrace (most recent call first):
       [0] _process (res://scripts/main.gd:8605)
SCRIPT ERROR: Invalid access to property or key 't' on a base object of type 'Dictionary'.
   at: ReefMain._process (res://scripts/main.gd:8605)
   GDScript backtrace (most recent call first):
       [0] _process (res://scripts/main.gd:8605)
SCRIPT ERROR: Invalid access to property or key 't' on a base object of type 'Dictionary'.
   at: ReefMain._process (res://scripts/main.gd:8605)
   GDScript backtrace (most recent call first):
       [0] _process (res://scripts/main.gd:8605)
SCRIPT ERROR: Invalid access to property or key 't' on a base object of type 'Dictionary'.
   at: ReefMain._process (res://scripts/main.gd:8605)
   GDScript backtrace (most recent call first):
       [0] _process (res://scripts/main.gd:8605)
SCRIPT ERROR: Invalid access to property or key 't' on a base object of type 'Dictionary'.
   at: ReefMain._process (res://scripts/main.gd:8605)
   GDScript backtrace (most recent call first):
       [0] _process (res://scripts/main.gd:8605)
SCRIPT ERROR: Invalid access to property or key 't' on a base object of type 'Dictionary'.
   at: ReefMain._process (res://scripts/main.gd:8605)
   GDScript backtrace (most recent call first):
       [0] _process (res://scripts/main.gd:8605)
SCRIPT ERROR: Invalid access to property or key 't' on a base object of type 'Dictionary'.
   at: ReefMain._process (res://scripts/main.gd:8605)
   GDScript backtrace (most recent call first):
       [0] _process (res://scripts/main.gd:8605)
SCRIPT ERROR: Invalid access to property or key 't' on a base object of type 'Dictionary'.
   at: ReefMain._process (res://scripts/main.gd:8605)
   GDScript backtrace (most recent call first):
       [0] _process (res://scripts/main.gd:8605)
SCRIPT ERROR: Invalid access to property or key 't' on a base object of type 'Dictionary'.
   at: ReefMain._process (res://scripts/main.gd:8605)
   GDScript backtrace (most recent call first):
       [0] _process (res://scripts/main.gd:8605)
SCRIPT ERROR: Invalid access to property or key 't' on a base object of type 'Dictionary'.
   at: ReefMain._process (res://scripts/main.gd:8605)
   GDScript backtrace (most recent call first):
       [0] _process (res://scripts/main.gd:8605)
SCRIPT ERROR: Invalid access to property or key 't' on a base object of type 'Dictionary'.
   at: ReefMain._process (res://scripts/main.gd:8605)
   GDScript backtrace (most recent call first):
       [0] _process (res://scripts/main.gd:8605)
SCRIPT ERROR: Invalid access to property or key 't' on a base object of type 'Dictionary'.
   at: ReefMain._process (res://scripts/main.gd:8605)
   GDScript backtrace (most recent call first):
       [0] _process (res://scripts/main.gd:8605)
SCRIPT ERROR: Invalid access to property or key 't' on a base object of type 'Dictionary'.
   at: ReefMain._process (res://scripts/main.gd:8605)
   GDScript backtrace (most recent call first):
       [0] _process (res://scripts/main.gd:8605)
SCRIPT ERROR: Invalid access to property or key 't' on a base object of type 'Dictionary'.
   at: ReefMain._process (res://scripts/main.gd:8605)
   GDScript backtrace (most recent call first):
       [0] _process (res://scripts/main.gd:8605)
SCRIPT ERROR: Invalid access to property or key 't' on a base object of type 'Dictionary'.
   at: ReefMain._process (res://scripts/main.gd:8605)
   GDScript backtrace (most recent call first):
       [0] _process (res://scripts/main.gd:8605)
SCRIPT ERROR: Invalid access to property or key 't' on a base object of type 'Dictionary'.
   at: ReefMain._process (res://scripts/main.gd:8605)
   GDScript backtrace (most recent call first):
       [0] _process (res://scripts/main.gd:8605)
SCRIPT ERROR: Invalid access to property or key 't' on a base object of type 'Dictionary'.
   at: ReefMain._process (res://scripts/main.gd:8605)
   GDScript backtrace (most recent call first):
       [0] _process (res://scripts/main.gd:8605)
SCRIPT ERROR: Assertion failed.
   at: _open (res://audit/job_geology_room_route_v1_20261002/capture.gd:102)
   GDScript backtrace (most recent call first):
       [0] _open (res://audit/job_geology_room_route_v1_20261002/capture.gd:102)
       [1] _wait (res://audit/job_geology_room_route_v1_20261002/capture.gd:20)
SCRIPT ERROR: Assertion failed.
   at: _work (res://audit/job_geology_room_route_v1_20261002/capture.gd:176)
   GDScript backtrace (most recent call first):
       [0] _work (res://audit/job_geology_room_route_v1_20261002/capture.gd:176)
       [1] _surface_touch (res://audit/job_geology_room_route_v1_20261002/capture.gd:33)
       [2] _touch (res://audit/job_geology_room_route_v1_20261002/capture.gd:30)
       [3] _wait (res://audit/job_geology_room_route_v1_20261002/capture.gd:20)
SCRIPT ERROR: Assertion failed.
   at: _run (res://audit/job_geology_room_route_v1_20261002/capture.gd:237)
   GDScript backtrace (most recent call first):
       [0] _run (res://audit/job_geology_room_route_v1_20261002/capture.gd:237)
       [1] _wait (res://audit/job_geology_room_route_v1_20261002/capture.gd:20)
