Godot Engine v4.7.2.stable.official.ed1daf0bf - https://godotengine.org
Vulkan 1.4.325 - Forward Mobile - Using Device #0: NVIDIA - NVIDIA GeForce RTX 3060 Ti

PERFORMANCESHOT|ballerina_entry
PERFORMANCESHOT|ballerina_practice
PERFORMANCESHOT|ballerina_stage
PERFORMANCESHOT|ballerina_imp_work
PERFORMANCESHOT|ballerina_wide
PERFORMANCESHOT|ballerina_result_wide
PERFORMANCESHOT|magician_entry
PERFORMANCESHOT|magician_practice
PERFORMANCESHOT|magician_stage
PERFORMANCESHOT|magician_imp_work
PERFORMANCESHOT|magician_wide
PERFORMANCESHOT|magician_result_wide
PERFORMANCESHOT|popstar_entry
PERFORMANCESHOT|popstar_practice
PERFORMANCESHOT|popstar_stage
PERFORMANCESHOT|popstar_imp_work
PERFORMANCESHOT|popstar_wide
PERFORMANCESHOT|popstar_result_wide
