Godot Engine v4.7.2.stable.official.ed1daf0bf - https://godotengine.org

LIVING|complete_stage_count: OK catalog=100 expected=100
LIVING|exact_stage_inventory: OK
LIVING|retired Opera boss stages are absent from the living-world catalog: OK
LIVING|stage_group_coverage: OK {"castle_room":13,"combat":2,"dance":1,"ember":1,"ember_dungeon":6,"entry":1,"galaxy":2,"ice_dungeon":10,"kart":2,"minigame":12,"north":7,"opera_act":15,"overlay":6,"picture_game":4,"reef":6,"sky_legacy":8,"sky_promenade":3,"stuffie":1}
LIVING|two_ambient_plus_one_idle_contract: OK ambient=200 idle=100
LIVING|dynamic_builder_tables_covered: OK
LIVING|living-world Castle identity follows every real career room: OK
LIVING|living-world Opera fixture uses the room-owned production entry: OK
LIVING|sparse Nursery save slot routes to opera act fifteen: OK
LIVING|living-world Opera route exits through product teardown: OK
LIVING|every_stage_enters_and_idles: OK events=100 expected=100 generations=313
LIVING|passive_idle_never_awards_progress: OK
LIVING|reentry_node_and_tween_bounds: OK tweens=34 baseline=34
LIVING|real_input_resets_idle: OK touch=true key=true axis=true stick=true interaction=true button=true
LIVING|long_idle_bounded_repeats: OK events=7 counts={"canvases":1,"layers":1,"particles":0,"timers":0,"tweens":0}
LIVING|long_idle_stays_passive: OK
LIVING|stage_exit_cleanup: OK
LIVING|setup_idempotent: OK
LIVING|result: ALL OK
