Godot Engine v4.7.2.stable.official.ed1daf0bf - https://godotengine.org

OPERA|the real Castle picture stage is the only career entry surface: OK
OPERA|Castle careers, ambient motion and phone pause stack visibly: OK
OPERA|Opera keeps sixteen historical positions and appends Geologist and Teacher: OK
OPERA|the fifteen playable positions keep legacy slots stable: OK
OPERA|the three retired boss positions remain inert tombstones: OK
OPERA|the nine owner-approved Castle route sets are exact: OK
OPERA|Opera Hall contains exactly Ballerina, Pop Star and Magician: OK
OPERA|Movie Lounge is Racer's one canonical Castle home: OK
OPERA|there is no generic all-career lobby script: OK
OPERA|all and only the fifteen live slots have one room route: OK
OPERA|every live career and tombstone retains its original bit: OK
OPERA|all fifteen careers keep unique Canvas identities: OK
OPERA|save migration keeps legacy progress 0 exact: OK
OPERA|save migration keeps legacy progress 15 exact: OK
OPERA|save migration keeps legacy progress 16 exact: OK
OPERA|save migration keeps retired bits only exact: OK
OPERA|save migration keeps all live careers exact: OK
OPERA|save migration keeps all live careers including Geologist exact: OK
OPERA|save migration keeps all live careers including Teacher exact: OK
OPERA|save migration keeps old all-bits completion exact: OK
OPERA|save migration keeps overflow clamps to eighteen bits exact: OK
OPERA|save migration keeps negative mask clamps safely exact: OK
OPERA|kitchen exposes its exact room-owned career pictures: OK
OPERA|kitchen route cards stay full-size, separated and clear Roshan: OK
OPERA|opera_hall exposes its exact room-owned career pictures: OK
OPERA|Opera Hall opens the recovered three-floor explorable venue: OK
OPERA|library exposes its exact room-owned career pictures: OK
OPERA|library route cards stay full-size, separated and clear Roshan: OK
OPERA|craft_room exposes its exact room-owned career pictures: OK
OPERA|craft_room route cards stay full-size, separated and clear Roshan: OK
OPERA|playroom exposes its exact room-owned career pictures: OK
OPERA|playroom route cards stay full-size, separated and clear Roshan: OK
OPERA|bubble_bath exposes its exact room-owned career pictures: OK
OPERA|bubble_bath route cards stay full-size, separated and clear Roshan: OK
OPERA|mermaid_pool exposes its exact room-owned career pictures: OK
OPERA|mermaid_pool route cards stay full-size, separated and clear Roshan: OK
OPERA|dining_room exposes its exact room-owned career pictures: OK
OPERA|dining_room route cards stay full-size, separated and clear Roshan: OK
OPERA|movie_lounge exposes its exact room-owned career pictures: OK
OPERA|movie_lounge route cards stay full-size, separated and clear Roshan: OK
OPERA|the nine visible room sets contain every career exactly once: OK
OPERA|the Opera stage star opens the recovered three-floor venue: OK
OPERA|the recovered venue is not an all-career picker: OK
OPERA|idle room pictures cannot award or launch a career: OK
OPERA|a career picture cannot launch from the wrong room: OK
OPERA|a valid career tuple cannot launch outside its current Castle room: OK
OPERA|retired slot 4 has no route or playable config: OK
OPERA|retired slot 9 has no route or playable config: OK
OPERA|retired slot 14 has no route or playable config: OK
OPERA|slot 1 exposes its real library picture: OK
OPERA|slot 1 reaches its routed career after the reveal: OK
OPERA|slot 1 launches through raw viewport touch: OK
OPERA|Detective owns its career cue while Library remains its return music: OK
OPERA|an idle Detective act cannot advance or award itself: OK
OPERA|cancel returns to the exact Library with no reward: OK
OPERA|slot 0 exposes its real kitchen picture: OK
OPERA|slot 0 reaches its routed career after the reveal: OK
OPERA|slot 0 launches through raw viewport touch: OK
OPERA|chef starts only its stable Canvas career: OK
OPERA|chef cannot award itself while idle: OK
OPERA|chef saves once and returns to kitchen: OK
OPERA|slot 1 exposes its real library picture: OK
OPERA|slot 1 reaches its routed career after the reveal: OK
OPERA|slot 1 launches through raw viewport touch: OK
OPERA|detective starts only its stable Canvas career: OK
OPERA|detective cannot award itself while idle: OK
OPERA|detective saves once and returns to library: OK
OPERA|Opera Hall touch route enters the recovered foyer: OK
OPERA|slot 2 reaches its Opera Hall venue floor: OK
OPERA|slot 2 exposes its real opera_hall picture: OK
OPERA|slot 2 reaches its routed career after the reveal: OK
OPERA|slot 2 launches through raw viewport touch: OK
OPERA|ballerina starts only its stable Canvas career: OK
OPERA|ballerina cannot award itself while idle: OK
OPERA|ballerina saves once and returns to opera_hall: OK
OPERA|slot 3 exposes its real kitchen picture: OK
OPERA|slot 3 reaches its routed career after the reveal: OK
OPERA|slot 3 launches through raw viewport touch: OK
OPERA|candymaker starts only its stable Canvas career: OK
OPERA|candymaker cannot award itself while idle: OK
OPERA|candymaker saves once and returns to kitchen: OK
OPERA|slot 5 exposes its real playroom picture: OK
OPERA|slot 5 reaches its routed career after the reveal: OK
OPERA|slot 5 launches through raw viewport touch: OK
OPERA|doctor starts only its stable Canvas career: OK
OPERA|doctor cannot award itself while idle: OK
OPERA|doctor saves once and returns to playroom: OK
OPERA|slot 6 exposes its real dining_room picture: OK
OPERA|slot 6 reaches its routed career after the reveal: OK
OPERA|slot 6 launches through raw viewport touch: OK
OPERA|farmer starts only its stable Canvas career: OK
OPERA|farmer cannot award itself while idle: OK
OPERA|farmer saves once and returns to dining_room: OK
OPERA|slot 7 exposes its real playroom picture: OK
OPERA|slot 7 reaches its routed career after the reveal: OK
OPERA|slot 7 launches through raw viewport touch: OK
OPERA|boxer starts only its stable Canvas career: OK
OPERA|boxer cannot award itself while idle: OK
OPERA|boxer saves once and returns to playroom: OK
OPERA|Opera Hall touch route enters the recovered foyer: OK
OPERA|slot 8 reaches its Opera Hall venue floor: OK
OPERA|slot 8 exposes its real opera_hall picture: OK
OPERA|slot 8 reaches its routed career after the reveal: OK
OPERA|slot 8 launches through raw viewport touch: OK
OPERA|magician starts only its stable Canvas career: OK
OPERA|magician cannot award itself while idle: OK
OPERA|magician saves once and returns to opera_hall: OK
OPERA|slot 10 exposes its real craft_room picture: OK
OPERA|slot 10 reaches its routed career after the reveal: OK
OPERA|slot 10 launches through raw viewport touch: OK
OPERA|painter starts only its stable Canvas career: OK
OPERA|painter cannot award itself while idle: OK
OPERA|painter saves once and returns to craft_room: OK
OPERA|slot 11 exposes its real mermaid_pool picture: OK
OPERA|slot 11 reaches its routed career after the reveal: OK
OPERA|slot 11 launches through raw viewport touch: OK
OPERA|astronaut starts only its stable Canvas career: OK
OPERA|astronaut cannot award itself while idle: OK
OPERA|astronaut saves once and returns to mermaid_pool: OK
OPERA|slot 12 exposes its real movie_lounge picture: OK
OPERA|slot 12 reaches its routed career after the reveal: OK
OPERA|slot 12 launches through raw viewport touch: OK
OPERA|racer starts only its stable Canvas career: OK
OPERA|Racer exact objective voice replaces its caption fallback: OK
OPERA|pause sheet rises above the room-started Opera career: OK
OPERA|resume restores the nonblocking pause layer: OK
OPERA|racer cannot award itself while idle: OK
OPERA|racer saves once and returns to movie_lounge: OK
OPERA|Opera Hall touch route enters the recovered foyer: OK
OPERA|slot 13 reaches its Opera Hall venue floor: OK
OPERA|slot 13 exposes its real opera_hall picture: OK
OPERA|slot 13 reaches its routed career after the reveal: OK
OPERA|slot 13 launches through raw viewport touch: OK
OPERA|popstar starts only its stable Canvas career: OK
OPERA|popstar cannot award itself while idle: OK
OPERA|popstar saves once and returns to opera_hall: OK
OPERA|slot 15 exposes its real bubble_bath picture: OK
OPERA|slot 15 reaches its routed career after the reveal: OK
OPERA|slot 15 launches through raw viewport touch: OK
OPERA|nursery starts only its stable Canvas career: OK
OPERA|nursery cannot award itself while idle: OK
OPERA|nursery saves once and returns to bubble_bath: OK
OPERA|slot 16 exposes its real library picture: OK
OPERA|slot 16 reaches its routed career after the reveal: OK
OPERA|slot 16 launches through raw viewport touch: OK
OPERA|geologist starts only its stable Canvas career: OK
OPERA|geologist cannot award itself while idle: OK
OPERA|geologist saves once and returns to library: OK
OPERA|slot 17 exposes its real library picture: OK
OPERA|slot 17 reaches its routed career after the reveal: OK
OPERA|slot 17 launches through raw viewport touch: OK
OPERA|teacher starts only its stable Canvas career: OK
OPERA|teacher cannot award itself while idle: OK
OPERA|teacher saves once and returns to library: OK
OPERA|Teacher checkpoint clears only after its win is recorded: OK
OPERA|all fifteen sparse careers complete through their nine rooms: OK
OPERA|the finale reward and sticker are awarded exactly once: OK
OPERA|slot 0 exposes its real kitchen picture: OK
OPERA|slot 0 reaches its routed career after the reveal: OK
OPERA|slot 0 launches through raw viewport touch: OK
OPERA|replay curtain has earned but not yet duplicated the saved bit: OK
OPERA|leaving during a replay curtain commits only the replay pearl: OK
OPERA|slot 0 exposes its real kitchen picture: OK
OPERA|slot 0 reaches its routed career after the reveal: OK
OPERA|slot 0 launches through raw viewport touch: OK
OPERA|neutral pause leave returns to the exact room without reward: OK
OPERA|later frames cannot duplicate the curtain reward: OK
OPERA|result: ALL OK
