Godot Engine v4.7.2.stable.official.ed1daf0bf - https://godotengine.org

NURSERY|OK|old Opera saves preserve retired bits without counting them playable
NURSERY|OK|job twelve opens the dedicated Canvas nursery
NURSERY|OK|nursery has no clinic or Stuffie Surgeon engine
NURSERY|OK|Roshan and Faron use authored nursery actors
NURSERY|OK|Nurse Faron stays beside Roshan as a cooperative partner
NURSERY|OK|the care story keeps its beats inside the five-beat arc
NURSERY|OK|hand washing opens with no passive progress or copied combat
NURSERY|OK|WASH HANDS re-prompt preserves speaker and cue
NURSERY|OK|CATCH BABIES re-prompt preserves speaker and cue
NURSERY|OK|CATCH BABIES re-prompt selects exact Faron clip
NURSERY|OK|FEED re-prompt preserves speaker and cue
NURSERY|OK|FEED re-prompt selects exact Faron clip
NURSERY|OK|BURP re-prompt preserves speaker and cue
NURSERY|OK|BEDTIME re-prompt preserves speaker and cue
NURSERY|OK|BEDTIME re-prompt selects exact Faron clip
NURSERY|OK|open-task re-prompt exercises the intended idle branch
NURSERY|OK|open-task re-prompt uses active phase identity and exact cue
NURSERY|OK|catch phase reuses and expands the falling-baby grammar
NURSERY|OK|catch phase keeps the painted nursery visible behind its mobile
NURSERY|OK|falling babies never catch themselves without fresh touch
NURSERY|OK|misses remain safe and invoke the mercy path
NURSERY|OK|one-finger steering catches all five babies after safe misses
NURSERY|OK|feeding waits at its painted station before the bottle opens
NURSERY|OK|waiting-at-station re-prompt exercises the intended idle branch
NURSERY|OK|waiting-at-station re-prompt uses active phase identity and exact cue
NURSERY|OK|feeding uses the approved bottle hold tableau
NURSERY|OK|feeding clears into the gentle burp-pat beat without an imp chase
NURSERY|OK|four gentle pats advance to the direct blanket scene
NURSERY|OK|three one-use blanket tucks complete bedtime
NURSERY|OK|blanket tuck completes the cooperative nursery show
NURSERY|OK|curtain call celebrates cozy babies, not beating Faron
NURSERY|OK|nursery restores the touch layer on exit
NURSERY|result: ALL OK
