Godot Engine v4.7.2.stable.official.ed1daf0bf - https://godotengine.org

VOICE|Harper objective filler retains exact generator and ledger provenance: OK|
VOICE|Yay and This is so much fun are exact synthetic filler cues: OK|
VOICE|common Roshan reactions use distinct contextual cues: OK|
VOICE|expected Roshan clips present: OK|15 / 15
VOICE|Racer repair owns exact generated objective text: OK|
VOICE|whale cue speaks once: OK|voice_i=2->3
VOICE|whale cue resolves exact clip: OK|expected=res://assets/audio/voices/filler_v1/roshan_whale.ogg actual=res://assets/audio/voices/filler_v1/roshan_whale.ogg
VOICE|ship cue speaks once: OK|voice_i=3->4
VOICE|ship cue resolves exact clip: OK|expected=res://assets/audio/voices/filler_v1/roshan_ship.ogg actual=res://assets/audio/voices/filler_v1/roshan_ship.ogg
VOICE|wreck cue speaks once: OK|voice_i=4->5
VOICE|wreck cue resolves exact clip: OK|expected=res://assets/audio/voices/filler_v1/roshan_wreck.ogg actual=res://assets/audio/voices/filler_v1/roshan_wreck.ogg
VOICE|beans cue speaks once: OK|voice_i=5->6
VOICE|beans cue resolves exact clip: OK|expected=res://assets/audio/voices/filler_v1/roshan_beans.ogg actual=res://assets/audio/voices/filler_v1/roshan_beans.ogg
VOICE|Melody Daddy route exists for exact cue coverage: OK|
VOICE|Melody entry makes one intended request: OK|requests=0->1 cue=roshan_op_popstar_rhythm
VOICE|Melody entry plays one cue: OK|voice_i=6->7
VOICE|Melody entry resolves exact clip: OK|expected=res://assets/audio/voices/filler_v1/roshan_op_popstar_rhythm.ogg actual=res://assets/audio/voices/filler_v1/roshan_op_popstar_rhythm.ogg
VOICE|Melody exact cue path and immutable bytes are present: OK|
VOICE|Melody entry retains the exact semantic objective copy: OK|
VOICE|Harper and Fiona own one exact fish-slide friend route: OK|
VOICE|real Harper discovery, immediate focus, and PLAY enter the Canvas: OK|
VOICE|discovery and focus request their exact semantic Harper keys: OK|
VOICE|discovery finishes without a focus or entry restart: OK|
VOICE|discovery route resolves immutable Harper audio and keeps the opaque stage text-free: OK|
VOICE|voice fixture return guard retires before the next forced route: OK|
VOICE|delayed real Hybrid focus then PLAY enters the exact Canvas route: OK|
VOICE|delayed Hybrid entry requests no duplicate playback while Harper is audible: OK|
VOICE|delayed route retains exact objective audio, steer cues, and a text-free stage: OK|
VOICE|voice fixture return guard retires before the next forced route: OK|
VOICE|fresh Classic proximity enters and speaks one Harper objective: OK|
VOICE|Classic entry retains exact objective audio, steer cues, and a text-free stage: OK|
VOICE|passive loop retries the exact direct Harper objective once without winning: OK|
VOICE|voice fixture return guard retires before the next forced route: OK|
VOICE|brawl entry makes one intended request: OK|requests=6->7 cue=huluu_greet
VOICE|brawl entry plays one cue: OK|voice_i=11->12
VOICE|brawl entry resolves exact clip: OK|expected=res://assets/audio/voices/filler_v1/huluu_greet.ogg actual=res://assets/audio/voices/filler_v1/huluu_greet.ogg
VOICE|brawl entry caption and state stay intact: OK|
VOICE|brawl route makes one intended request: OK|requests=7->8 cue=huluu_talk
VOICE|brawl route plays one cue: OK|voice_i=12->13
VOICE|brawl route resolves exact clip: OK|expected=res://assets/audio/voices/filler_v1/huluu_talk.ogg actual=res://assets/audio/voices/filler_v1/huluu_talk.ogg
VOICE|brawl route caption and progression stay intact: OK|
VOICE|brawl warning makes one intended request: OK|requests=8->9 cue=huluu_talk
VOICE|brawl warning plays one cue: OK|voice_i=13->14
VOICE|brawl warning resolves exact clip: OK|expected=res://assets/audio/voices/filler_v1/huluu_talk.ogg actual=res://assets/audio/voices/filler_v1/huluu_talk.ogg
VOICE|brawl warning caption and one-shot state stay intact: OK|
VOICE|fallback speech replaces prior exact speech: OK|
VOICE|fallback speech is active before clear: OK|
VOICE|clear stops every pooled voice: OK|
VOICE|clear stops fallback voice: OK|
VOICE|sequence starts one cue: OK|
VOICE|sequence starts first exact clip: OK|
VOICE|first rapid skip is consumed: OK|
VOICE|first rapid skip stops prior cue: OK|
VOICE|first rapid skip starts only next cue: OK|
VOICE|second rapid skip is consumed: OK|
VOICE|second rapid skip stops prior cue: OK|
VOICE|second rapid skip starts only next cue: OK|
VOICE|final rapid skip is consumed: OK|
VOICE|sequence exhaustion stops final cue: OK|
VOICE|sequence exhaustion clears dialogue state: OK|
VOICE|voice cooldown still suppresses duplicate cue: OK|
VOICE|result: ALL OK
