...
----------------------------------------------------------------------
Ran 3 tests in 0.007s

OK
........s...............................
----------------------------------------------------------------------
Ran 40 tests in 24.073s

OK (skipped=1)
...
----------------------------------------------------------------------
Ran 3 tests in 0.119s

OK
...........................................................................
----------------------------------------------------------------------
Ran 75 tests in 46.984s

OK
.....
----------------------------------------------------------------------
Ran 5 tests in 0.089s

OK
.........................................
----------------------------------------------------------------------
Ran 41 tests in 0.234s

OK
...........
----------------------------------------------------------------------
Ran 11 tests in 6.854s

OK
........
----------------------------------------------------------------------
Ran 8 tests in 1.189s

OK
.........................
----------------------------------------------------------------------
Ran 25 tests in 0.481s

OK
...............................................................................................
----------------------------------------------------------------------
Ran 95 tests in 316.449s

OK
..
----------------------------------------------------------------------
Ran 2 tests in 0.003s

OK
................................................................
----------------------------------------------------------------------
Ran 64 tests in 7.118s

OK
