...
----------------------------------------------------------------------
Ran 3 tests in 0.029s

OK
........s...............................
----------------------------------------------------------------------
Ran 40 tests in 34.143s

OK (skipped=1)
...
----------------------------------------------------------------------
Ran 3 tests in 0.154s

OK
...........................................................................
----------------------------------------------------------------------
Ran 75 tests in 300.382s

OK
.....
----------------------------------------------------------------------
Ran 5 tests in 0.108s

OK
.........................................
----------------------------------------------------------------------
Ran 41 tests in 0.368s

OK
...........
----------------------------------------------------------------------
Ran 11 tests in 9.975s

OK
........
----------------------------------------------------------------------
Ran 8 tests in 2.087s

OK
.........................
----------------------------------------------------------------------
Ran 25 tests in 0.582s

OK
...............................................................................................
----------------------------------------------------------------------
Ran 95 tests in 388.185s

OK
..
----------------------------------------------------------------------
Ran 2 tests in 0.003s

OK
................................................................
----------------------------------------------------------------------
Ran 64 tests in 7.754s

OK
