...
----------------------------------------------------------------------
Ran 3 tests in 0.017s

OK
........s...............................
----------------------------------------------------------------------
Ran 40 tests in 24.685s

OK (skipped=1)
...
----------------------------------------------------------------------
Ran 3 tests in 0.139s

OK
...........................................................................
----------------------------------------------------------------------
Ran 75 tests in 49.707s

OK
.....
----------------------------------------------------------------------
Ran 5 tests in 0.106s

OK
.........................................
----------------------------------------------------------------------
Ran 41 tests in 0.253s

OK
...........
----------------------------------------------------------------------
Ran 11 tests in 7.033s

OK
........
----------------------------------------------------------------------
Ran 8 tests in 1.408s

OK
.........................
----------------------------------------------------------------------
Ran 25 tests in 0.560s

OK
...............................................................................................
----------------------------------------------------------------------
Ran 95 tests in 335.800s

OK
..
----------------------------------------------------------------------
Ran 2 tests in 0.003s

OK
................................................................
----------------------------------------------------------------------
Ran 64 tests in 9.249s

OK
