Godot Engine v4.7.2.stable.official.ed1daf0bf - https://godotengine.org
Vulkan 1.4.325 - Forward Mobile - Using Device #0: NVIDIA - NVIDIA GeForce RTX 3060 Ti

GEODE_RUNTIME_CAPTURE|geologist_1280_river_invitation.webp|0.0|false
GEODE_RUNTIME_CAPTURE|geologist_1280_river_task_open.webp|0.0|false
GEODE_RUNTIME_CAPTURE|geologist_1280_river_earned_completion.webp|1.0|true
GEODE_RUNTIME_CAPTURE|geologist_1280_fossil_invitation.webp|0.0|false
GEODE_RUNTIME_CAPTURE|geologist_1280_fossil_task_open.webp|0.0|false
GEODE_RUNTIME_CAPTURE|geologist_1280_fossil_partial_brush.webp|0.15384615384615|false
GEODE_RUNTIME_CAPTURE|geologist_1280_fossil_brushed.webp|0.5|false
GEODE_RUNTIME_CAPTURE|geologist_1280_fossil_one_piece.webp|0.66666666666667|false
GEODE_RUNTIME_CAPTURE|geologist_1280_fossil_two_pieces.webp|0.83333333333333|false
GEODE_RUNTIME_CAPTURE|geologist_1280_fossil_earned_completion.webp|1.0|true
GEODE_RUNTIME_CAPTURE|geologist_1280_pan_invitation.webp|0.0|false
GEODE_RUNTIME_CAPTURE|geologist_1280_pan_task_open.webp|0.0|false
GEODE_RUNTIME_CAPTURE|geologist_1280_pan_pan_right.webp|0.0|false
GEODE_RUNTIME_CAPTURE|geologist_1280_pan_pan_left.webp|0.11111111111111|false
GEODE_RUNTIME_CAPTURE|geologist_1280_pan_partial_pan.webp|0.33333333333333|false
GEODE_RUNTIME_CAPTURE|geologist_1280_pan_earned_completion.webp|1.0|true
GEODE_RUNTIME_CAPTURE|geologist_1280_geode_invitation.webp|0.0|false
GEODE_RUNTIME_CAPTURE|geologist_1280_geode_task_open.webp|0.0|false
GEODE_RUNTIME_CAPTURE|geologist_1280_geode_five_seams_ready.webp|0.6|false
GEODE_RUNTIME_CAPTURE|geologist_1280_geode_early_crack.webp|0.68333333333333|false
GEODE_RUNTIME_CAPTURE|geologist_1280_geode_middle_open.webp|0.81666666666667|false
GEODE_RUNTIME_CAPTURE|geologist_1280_geode_full_interior_before_award.webp|0.91666666666667|false
GEODE_RUNTIME_CAPTURE|geologist_1280_geode_earned_completion.webp|1.0|true
GEODE_RUNTIME_ROUTE|ALL4_INTENTIONAL_PHASES|1280|23|PASS_CAPTURE_REVIEW_PENDING
