...
----------------------------------------------------------------------
Ran 3 tests in 0.010s

OK
........s...............................
----------------------------------------------------------------------
Ran 40 tests in 33.374s

OK (skipped=1)
...
----------------------------------------------------------------------
Ran 3 tests in 0.177s

OK
...........................................................................
----------------------------------------------------------------------
Ran 75 tests in 51.390s

OK
.....
----------------------------------------------------------------------
Ran 5 tests in 0.105s

OK
.........................................
----------------------------------------------------------------------
Ran 41 tests in 0.253s

OK
...........
----------------------------------------------------------------------
Ran 11 tests in 9.115s

OK
........
----------------------------------------------------------------------
Ran 8 tests in 1.624s

OK
.........................
----------------------------------------------------------------------
Ran 25 tests in 0.594s

OK
...............................................................................................
----------------------------------------------------------------------
Ran 95 tests in 444.780s

OK
..
----------------------------------------------------------------------
Ran 2 tests in 0.004s

OK
................................................................
----------------------------------------------------------------------
Ran 64 tests in 8.379s

OK
