...
----------------------------------------------------------------------
Ran 3 tests in 0.010s

OK
........s...............................
----------------------------------------------------------------------
Ran 40 tests in 28.456s

OK (skipped=1)
...
----------------------------------------------------------------------
Ran 3 tests in 0.151s

OK
...........................................................................
----------------------------------------------------------------------
Ran 75 tests in 45.239s

OK
.....
----------------------------------------------------------------------
Ran 5 tests in 0.130s

OK
.........................................
----------------------------------------------------------------------
Ran 41 tests in 0.317s

OK
...........
----------------------------------------------------------------------
Ran 11 tests in 9.603s

OK
........
----------------------------------------------------------------------
Ran 8 tests in 1.621s

OK
.........................
----------------------------------------------------------------------
Ran 25 tests in 0.598s

OK
...............................................................................................
----------------------------------------------------------------------
Ran 95 tests in 471.772s

OK
..
----------------------------------------------------------------------
Ran 2 tests in 0.005s

OK
................................................................
----------------------------------------------------------------------
Ran 64 tests in 13.368s

OK
