...
----------------------------------------------------------------------
Ran 3 tests in 0.131s

OK
........s...............................
----------------------------------------------------------------------
Ran 40 tests in 28.391s

OK (skipped=1)
...
----------------------------------------------------------------------
Ran 3 tests in 0.173s

OK
...........................................................................
----------------------------------------------------------------------
Ran 75 tests in 39.489s

OK
.....
----------------------------------------------------------------------
Ran 5 tests in 0.107s

OK
.........................................
----------------------------------------------------------------------
Ran 41 tests in 0.714s

OK
...........
----------------------------------------------------------------------
Ran 11 tests in 9.825s

OK
........
----------------------------------------------------------------------
Ran 8 tests in 2.907s

OK
.........................
----------------------------------------------------------------------
Ran 25 tests in 0.544s

OK
...............................................................................................
----------------------------------------------------------------------
Ran 95 tests in 531.502s

OK
..
----------------------------------------------------------------------
Ran 2 tests in 0.004s

OK
................................................................
----------------------------------------------------------------------
Ran 64 tests in 8.728s

OK
