Godot Engine v4.7.2.stable.official.ed1daf0bf - https://godotengine.org

KART2D|SOURCE|kart=b7c514f76b181c37ad62f51448a99d8f234186079f454272eec7f83410d49ebe canvas=f69f5cb7ecbd76263448a70b3bed295c75e503625f13a5fed82412a1a0df46e9 probe=5038110bf6bdfa3cc9a8b3e5f02b7a7c59fe23a3a20bed8c10eef5b08b51d55e
KART2D|PASS|developed engine root is Node2D
KART2D|PASS|engine subtree has zero spatial nodes
KART2D|PASS|three rides and eight paints retained
KART2D|PASS|handling identities retained
KART2D|PASS|full eight-racer pack retained
KART2D|PASS|all strips/items/ramps/pearls/hazards retained
KART2D|PASS|desktop brake lowers speed
KART2D|PASS|soft wall retains progress
KART2D|PASS|pickup shell immediate boost and cooldown
KART2D|PASS|pickup star immediate boost and cooldown
KART2D|PASS|pickup bubble immediate boost and cooldown
KART2D|PASS|pickup rainbow immediate boost and cooldown
KART2D|PASS|rainbow fills meter
KART2D|PASS|ramp starts full hang time
KART2D|PASS|ramp apex lifts from its contact shadow
KART2D|PASS|landing pays original free boost
KART2D|PASS|Lagoon shortcut starts without teleporting
KART2D|PASS|shortcut drives continuously to its Lagoon exit
KART2D|PASS|shortcut is limited to once per lap
KART2D|PASS|reverse preserves opposite signed curvature
KART2D|PASS|mass-weighted collision and player turbo retained
KART2D|PASS|finish settles in positive podium state
KART2D|ALL OK
