Godot Engine v4.7.2.stable.official.ed1daf0bf - https://godotengine.org

KART2D|SOURCE|kart=b33dd90df70cc4b208ed57930dccd8a8828ee36833b60e3916d5a19f6bd93d55 canvas=c3bf2813ba12d1ac029a3fec68ed56307aa6c38ecd4a4df49c9f90ef1d1d95b2 probe=2b0453108db173a931a69f22c33533f50654564a991274929e758a351b8842e7
KART2D|PASS|developed engine root is Node2D
KART2D|PASS|engine subtree has zero spatial nodes
KART2D|PASS|three rides and eight paints retained
KART2D|PASS|handling identities retained
KART2D|PASS|full eight-racer pack retained
KART2D|PASS|all strips/items/ramps/pearls/hazards retained
KART2D|PASS|every rally transition follows an existing room or bridge link
KART2D|PASS|all Castle and Lagoon background tiles resolve
KART2D|PASS|Castle driving aisles stay level
KART2D|PASS|visible steering band owns centered touch (1280, 720)
KART2D|PASS|right drag steers right (1280, 720)
KART2D|PASS|unowned finger cannot steal steering (1280, 720)
KART2D|PASS|Turbo shares optional second finger without stealing steering (1280, 720)
KART2D|PASS|release settles steering (1280, 720)
KART2D|PASS|fresh left press steers left (1280, 720)
KART2D|PASS|focus loss clears input without firing (1280, 720)
KART2D|PASS|visible steering band owns centered touch (1280, 800)
KART2D|PASS|right drag steers right (1280, 800)
KART2D|PASS|unowned finger cannot steal steering (1280, 800)
KART2D|PASS|Turbo shares optional second finger without stealing steering (1280, 800)
KART2D|PASS|release settles steering (1280, 800)
KART2D|PASS|fresh left press steers left (1280, 800)
KART2D|PASS|focus loss clears input without firing (1280, 800)
KART2D|PASS|desktop brake lowers speed
KART2D|PASS|soft wall retains progress
KART2D|PASS|pickup shell immediate boost and cooldown
KART2D|PASS|pickup star immediate boost and cooldown
KART2D|PASS|pickup bubble immediate boost and cooldown
KART2D|PASS|pickup rainbow immediate boost and cooldown
KART2D|PASS|rainbow fills meter
KART2D|PASS|ramp starts full hang time
KART2D|PASS|ramp apex lifts from its contact shadow
KART2D|PASS|landing pays original free boost
KART2D|PASS|Lagoon shortcut starts without teleporting
KART2D|PASS|shortcut drives continuously to its Lagoon exit
KART2D|PASS|shortcut is limited to once per lap
KART2D|PASS|reverse preserves opposite signed curvature
KART2D|PASS|mass-weighted collision and player turbo retained
KART2D|PASS|finish settles in positive podium state
KART2D|ALL OK
