SCRIPT ERROR: Invalid access to property or key 's' on a base object of type 'Dictionary'.
   at: _draw_objects (res://scripts/kart_canvas_2d.gd:340)
   GDScript backtrace (most recent call first):
       [0] _draw_objects (res://scripts/kart_canvas_2d.gd:340)
       [1] _draw (res://scripts/kart_canvas_2d.gd:216)
SCRIPT ERROR: Invalid access to property or key 's' on a base object of type 'Dictionary'.
   at: _draw_objects (res://scripts/kart_canvas_2d.gd:340)
   GDScript backtrace (most recent call first):
       [0] _draw_objects (res://scripts/kart_canvas_2d.gd:340)
       [1] _draw (res://scripts/kart_canvas_2d.gd:216)
SCRIPT ERROR: Invalid access to property or key 's' on a base object of type 'Nil'.
   at: _draw_course (res://scripts/kart_canvas_2d.gd:255)
   GDScript backtrace (most recent call first):
       [0] _draw_course (res://scripts/kart_canvas_2d.gd:255)
       [1] _draw (res://scripts/kart_canvas_2d.gd:215)
SCRIPT ERROR: Invalid access to property or key 'meter' on a base object of type 'Nil'.
   at: _draw_controls (res://scripts/kart_canvas_2d.gd:476)
   GDScript backtrace (most recent call first):
       [0] _draw_controls (res://scripts/kart_canvas_2d.gd:476)
       [1] _draw (res://scripts/kart_canvas_2d.gd:222)
SCRIPT ERROR: Invalid access to property or key 's' on a base object of type 'Nil'.
   at: _draw_status (res://scripts/kart_canvas_2d.gd:488)
   GDScript backtrace (most recent call first):
       [0] _draw_status (res://scripts/kart_canvas_2d.gd:488)
       [1] _draw (res://scripts/kart_canvas_2d.gd:223)
