Godot Engine v4.7.2.stable.official.ed1daf0bf - https://godotengine.org
Vulkan 1.4.325 - Forward Mobile - Using Device #0: NVIDIA - NVIDIA GeForce RTX 3060 Ti

KART2D|SOURCE|kart=efee775dbde38cf2bceb49f4699e8a8cb50ed5b79ffe64ce0ab7a8ddbfbad26b canvas=e2fc7d4651553d7b459a683d4429cd7c2122e5ae8a3716ebd13b44cd0b7130a9 probe=72d9be844557fa9b594cf58c100572668c1d2c93ae5f0d32c608262e0b9954a1
KART2D|PASS|developed engine root is Node2D
KART2D|PASS|engine subtree has zero spatial nodes
KART2D|PASS|three rides and eight paints retained
KART2D|PASS|handling identities retained
KART2D|PASS|capture 01_ride_selection
KART2D|PASS|actual screen touch selects pictured motorcycle
KART2D|PASS|pictured touch advances to paint choice
KART2D|PASS|capture 01b_paint_selection
KART2D|PASS|capture 01c_tablet_picture_targets
KART2D|PASS|actual screen touch selects pictured motorcycle
KART2D|PASS|pictured touch advances to paint choice
KART2D|PASS|full eight-racer pack retained
KART2D|PASS|all strips/items/ramps/pearls/hazards retained
KART2D|PASS|capture route_00_movie_lounge
KART2D|PASS|capture tablet_00_movie_lounge
KART2D|PASS|capture route_01_family_gallery_out
KART2D|PASS|capture route_02_main_hall_out
KART2D|PASS|capture route_03_mermaid_pool
KART2D|PASS|capture tablet_03_mermaid_pool
KART2D|PASS|capture route_04_main_hall_front
KART2D|PASS|capture route_05_castle_bridge_out
KART2D|PASS|capture route_06_sky_lagoon
KART2D|PASS|capture route_07_castle_bridge_home
KART2D|PASS|capture tablet_07_castle_bridge_home
KART2D|PASS|capture route_08_main_hall_home
KART2D|PASS|capture route_09_family_gallery_home
KART2D|PASS|capture route_10_movie_lounge_finish
KART2D|PASS|capture pose_kart_straight
KART2D|PASS|capture pose_kart_left
KART2D|PASS|capture pose_kart_right
KART2D|PASS|capture pose_kart_boost
KART2D|PASS|capture pose_moto_straight
KART2D|PASS|capture pose_moto_left
KART2D|PASS|capture pose_moto_right
KART2D|PASS|capture pose_moto_boost
KART2D|PASS|capture pose_truck_straight
KART2D|PASS|capture pose_truck_left
KART2D|PASS|capture pose_truck_right
KART2D|PASS|capture pose_truck_boost
KART2D|PASS|every rally transition follows an existing room or bridge link
KART2D|PASS|all Castle and Lagoon background tiles resolve
KART2D|PASS|Castle driving aisles stay level
KART2D|PASS|visible steering band owns centered touch (1280, 720)
KART2D|PASS|real centered touch advances live race and establishes participation (1280, 720)
KART2D|PASS|right drag steers right (1280, 720)
KART2D|PASS|unowned finger cannot steal steering (1280, 720)
KART2D|PASS|Turbo shares optional second finger without stealing steering (1280, 720)
KART2D|PASS|release settles steering (1280, 720)
KART2D|PASS|fresh left press steers left (1280, 720)
KART2D|PASS|focus loss clears input without firing (1280, 720)
KART2D|PASS|visible steering band owns centered touch (1280, 800)
KART2D|PASS|real centered touch advances live race and establishes participation (1280, 800)
KART2D|PASS|right drag steers right (1280, 800)
KART2D|PASS|unowned finger cannot steal steering (1280, 800)
KART2D|PASS|Turbo shares optional second finger without stealing steering (1280, 800)
KART2D|PASS|release settles steering (1280, 800)
KART2D|PASS|fresh left press steers left (1280, 800)
KART2D|PASS|focus loss clears input without firing (1280, 800)
KART2D|PASS|desktop brake lowers speed
KART2D|PASS|soft wall retains progress
KART2D|PASS|pickup shell immediate boost and cooldown
KART2D|PASS|pickup star immediate boost and cooldown
KART2D|PASS|pickup bubble immediate boost and cooldown
KART2D|PASS|pickup rainbow immediate boost and cooldown
KART2D|PASS|rainbow fills meter
KART2D|PASS|ramp starts full hang time
KART2D|PASS|ramp apex lifts from its contact shadow
KART2D|PASS|capture 02_ramp_apex
KART2D|PASS|landing pays original free boost
KART2D|PASS|Lagoon shortcut starts without teleporting
KART2D|PASS|capture 02_shortcut_00
KART2D|PASS|capture 02_shortcut_50
KART2D|PASS|capture 02_shortcut_90
KART2D|PASS|shortcut drives continuously to its Lagoon exit
KART2D|SHORTCUT|largest_contact_step=0.53213953971863 exit_error=0.0 latv=0.0
KART2D|PASS|steered shortcut rejoins the exact road contact without a sideways snap
KART2D|PASS|shortcut is limited to once per lap
KART2D|PASS|reverse preserves opposite signed curvature
KART2D|PASS|reverse boost strips stay aligned with their stationary gameplay contacts
KART2D|PASS|mass-weighted collision and player turbo retained
KART2D|PASS|capture 03_finish_approach
KART2D|PASS|capture 04_finish_crossing
KART2D|PASS|capture 05_result_settle
KART2D|PASS|finish settles in positive podium state
KART2D|ALL OK
