...
----------------------------------------------------------------------
Ran 3 tests in 0.009s

OK
........s...............................
----------------------------------------------------------------------
Ran 40 tests in 35.723s

OK (skipped=1)
...
----------------------------------------------------------------------
Ran 3 tests in 0.211s

OK
...........................................................................
----------------------------------------------------------------------
Ran 75 tests in 74.492s

OK
.....
----------------------------------------------------------------------
Ran 5 tests in 0.193s

OK
.........................................
----------------------------------------------------------------------
Ran 41 tests in 0.403s

OK
...........
----------------------------------------------------------------------
Ran 11 tests in 11.466s

OK
........
----------------------------------------------------------------------
Ran 8 tests in 1.804s

OK
.........................
----------------------------------------------------------------------
Ran 25 tests in 1.609s

OK
...............................................................................................
----------------------------------------------------------------------
Ran 95 tests in 682.495s

OK
..
----------------------------------------------------------------------
Ran 2 tests in 0.006s

OK
................................................................
----------------------------------------------------------------------
Ran 64 tests in 11.631s

OK
