Godot Engine v4.7.2.stable.official.ed1daf0bf - https://godotengine.org

[   0% ] [90m[1mfirst_scan_filesystem[22m | Started Project initialization (5 steps)[39m[0m
[   0% ] [90m[1mfirst_scan_filesystem[22m | Scanning file structure...[39m[0m
[  16% ] [90m[1mfirst_scan_filesystem[22m | Loading global class names...[39m[0m
[  33% ] [90m[1mfirst_scan_filesystem[22m | Verifying GDExtensions...[39m[0m
[  50% ] [90m[1mfirst_scan_filesystem[22m | Creating autoload scripts...[39m[0m
[  66% ] [90m[1mfirst_scan_filesystem[22m | Initializing plugins...[39m[0m
[  83% ] [90m[1mfirst_scan_filesystem[22m | Starting file scan...[39m[0m
[92m[ DONE ][39m [1mfirst_scan_filesystem[22m
[0m
[   0% ] [90m[1mupdate_scripts_classes[22m | Started Registering global classes... (3 steps)[39m[0m
[   0% ] [90m[1mupdate_scripts_classes[22m | KartGame[39m[0m
[  25% ] [90m[1mupdate_scripts_classes[22m | [39m[0m
[  50% ] [90m[1mupdate_scripts_classes[22m | [39m[0m
[92m[ DONE ][39m [1mupdate_scripts_classes[22m
[0m
[   0% ] [90m[1m_update_scan_actions[22m | Started Scanning actions... (15 steps)[39m[0m
[   0% ] [90m[1m_update_scan_actions[22m | empty_kart.png[39m[0m
[   6% ] [90m[1m_update_scan_actions[22m | empty_moto.png[39m[0m
[  12% ] [90m[1m_update_scan_actions[22m | empty_truck.png[39m[0m
[  18% ] [90m[1m_update_scan_actions[22m | kart_boost.png[39m[0m
[  25% ] [90m[1m_update_scan_actions[22m | kart_left.png[39m[0m
[  31% ] [90m[1m_update_scan_actions[22m | kart_right.png[39m[0m
[  37% ] [90m[1m_update_scan_actions[22m | kart_straight.png[39m[0m
[  43% ] [90m[1m_update_scan_actions[22m | moto_boost.png[39m[0m
[  50% ] [90m[1m_update_scan_actions[22m | moto_left.png[39m[0m
[  56% ] [90m[1m_update_scan_actions[22m | moto_right.png[39m[0m
[  62% ] [90m[1m_update_scan_actions[22m | moto_straight.png[39m[0m
[  68% ] [90m[1m_update_scan_actions[22m | truck_boost.png[39m[0m
[  75% ] [90m[1m_update_scan_actions[22m | truck_left.png[39m[0m
[  81% ] [90m[1m_update_scan_actions[22m | truck_right.png[39m[0m
[  87% ] [90m[1m_update_scan_actions[22m | truck_straight.png[39m[0m
[92m[ DONE ][39m [1m_update_scan_actions[22m
[0m
[   0% ] [90m[1mreimport[22m | Started (Re)Importing Assets (15 steps)[39m[0m
[   0% ] [90m[1mreimport[22m | Preparing files to reimport...[39m[0m
[   6% ] [90m[1mreimport[22m | Preparing files to reimport...[39m[0m
[  12% ] [90m[1mreimport[22m | Preparing files to reimport...[39m[0m
[  18% ] [90m[1mreimport[22m | Preparing files to reimport...[39m[0m
[  25% ] [90m[1mreimport[22m | Preparing files to reimport...[39m[0m
[  31% ] [90m[1mreimport[22m | Preparing files to reimport...[39m[0m
[  37% ] [90m[1mreimport[22m | Preparing files to reimport...[39m[0m
[  43% ] [90m[1mreimport[22m | Preparing files to reimport...[39m[0m
[  50% ] [90m[1mreimport[22m | Preparing files to reimport...[39m[0m
[  56% ] [90m[1mreimport[22m | Preparing files to reimport...[39m[0m
[  62% ] [90m[1mreimport[22m | Preparing files to reimport...[39m[0m
[  68% ] [90m[1mreimport[22m | Preparing files to reimport...[39m[0m
[  75% ] [90m[1mreimport[22m | Preparing files to reimport...[39m[0m
[  81% ] [90m[1mreimport[22m | Preparing files to reimport...[39m[0m
[  87% ] [90m[1mreimport[22m | Preparing files to reimport...[39m[0m
[   0% ] [90m[1mreimport[22m | Executing pre-reimport operations...[39m[0m
[   0% ] [90m[1mreimport[22m | empty_kart.png[39m[0m
[   6% ] [90m[1mreimport[22m | empty_moto.png[39m[0m
[  12% ] [90m[1mreimport[22m | empty_truck.png[39m[0m
[  18% ] [90m[1mreimport[22m | kart_boost.png[39m[0m
[  25% ] [90m[1mreimport[22m | kart_left.png[39m[0m
[  31% ] [90m[1mreimport[22m | kart_right.png[39m[0m
[  37% ] [90m[1mreimport[22m | kart_straight.png[39m[0m
[  43% ] [90m[1mreimport[22m | moto_boost.png[39m[0m
[  50% ] [90m[1mreimport[22m | moto_left.png[39m[0m
[  56% ] [90m[1mreimport[22m | moto_right.png[39m[0m
[  62% ] [90m[1mreimport[22m | moto_straight.png[39m[0m
[  68% ] [90m[1mreimport[22m | truck_boost.png[39m[0m
[  75% ] [90m[1mreimport[22m | truck_left.png[39m[0m
[  81% ] [90m[1mreimport[22m | truck_right.png[39m[0m
[  87% ] [90m[1mreimport[22m | truck_straight.png[39m[0m
[  93% ] [90m[1mreimport[22m | Finalizing Asset Import...[39m[0m
[92m[ DONE ][39m [1mreimport[22m
[0m
[   0% ] [90m[1mreimport[22m | Started (Re)Importing Assets (15 steps)[39m[0m
[   0% ] [90m[1mreimport[22m | Executing post-reimport operations...[39m[0m
[92m[ DONE ][39m [1mreimport[22m
[0m
[   0% ] [90m[1mloading_editor_layout[22m | Started Loading editor (5 steps)[39m[0m
[   0% ] [90m[1mloading_editor_layout[22m | Loading editor layout...[39m[0m
[  16% ] [90m[1mloading_editor_layout[22m | Loading docks...[39m[0m
[92m[ DONE ][39m [1mloading_editor_layout[22m
[0m
