GODOTBASELINE|ALL OK|4.7.2-stable|official.ed1daf0bf
TYPOGRAPHY_AUDIT status=OPEN
FONT assets=0 bindings=0 coverage=UNRESOLVED device=MISSING
GLYPHS observed=133 unclassified=0 critical=124 critical_unresolved=124
LABEL3D current=32 baseline=45 files=10 delta=-13
LABEL3D_FILE  7 scripts/arena/sky_lagoon.gd
LABEL3D_FILE  2 scripts/collection_system.gd
LABEL3D_FILE  1 scripts/combat_arena.gd
LABEL3D_FILE 11 scripts/companion.gd
LABEL3D_FILE  1 scripts/dungeon_puzzle_room.gd
LABEL3D_FILE  2 scripts/galaxy.gd
LABEL3D_FILE  4 scripts/games/shop.gd
LABEL3D_FILE  2 scripts/main.gd
LABEL3D_FILE  1 scripts/reef_districts.gd
LABEL3D_FILE  1 scripts/stuffie_battle.gd
OPEN font authority, coverage, and/or device evidence remains unresolved
ROSHAN2D| stress: 8 falsification cases ALL OK
ROSHAN2D| RESULT: ALL OK - active project is 2D Roshan only
GAME2D| stress: 14 falsification/control assertions ALL OK
GAME2D| stress: 14 falsification/control assertions ALL OK
