...
----------------------------------------------------------------------
Ran 3 tests in 0.036s

OK
........s...............................
----------------------------------------------------------------------
Ran 40 tests in 57.213s

OK (skipped=1)
...
----------------------------------------------------------------------
Ran 3 tests in 0.221s

OK
...........................................................................
----------------------------------------------------------------------
Ran 75 tests in 88.565s

OK
.....
----------------------------------------------------------------------
Ran 5 tests in 0.239s

OK
.........................................
----------------------------------------------------------------------
Ran 41 tests in 0.436s

OK
...........
----------------------------------------------------------------------
Ran 11 tests in 13.247s

OK
........
----------------------------------------------------------------------
Ran 8 tests in 3.923s

OK
.........................
----------------------------------------------------------------------
Ran 25 tests in 0.843s

OK
