...
----------------------------------------------------------------------
Ran 3 tests in 0.207s

OK
........s...............................
----------------------------------------------------------------------
Ran 40 tests in 42.373s

OK (skipped=1)
...
----------------------------------------------------------------------
Ran 3 tests in 0.232s

OK
...........................................................................
----------------------------------------------------------------------
Ran 75 tests in 69.151s

OK
.....
----------------------------------------------------------------------
Ran 5 tests in 0.203s

OK
.........................................
----------------------------------------------------------------------
Ran 41 tests in 0.347s

OK
...........
----------------------------------------------------------------------
Ran 11 tests in 11.586s

OK
........
----------------------------------------------------------------------
Ran 8 tests in 3.115s

OK
.........................
----------------------------------------------------------------------
Ran 25 tests in 0.880s

OK
