...
----------------------------------------------------------------------
Ran 3 tests in 0.087s

OK
........s...............................
----------------------------------------------------------------------
Ran 40 tests in 35.939s

OK (skipped=1)
...
----------------------------------------------------------------------
Ran 3 tests in 0.189s

OK
...........................................................................
----------------------------------------------------------------------
Ran 75 tests in 50.925s

OK
.....
----------------------------------------------------------------------
Ran 5 tests in 0.185s

OK
.........................................
----------------------------------------------------------------------
Ran 41 tests in 0.552s

OK
...........
----------------------------------------------------------------------
Ran 11 tests in 12.972s

OK
........
----------------------------------------------------------------------
Ran 8 tests in 2.907s

OK
.........................
----------------------------------------------------------------------
Ran 25 tests in 0.705s

OK
