...
----------------------------------------------------------------------
Ran 3 tests in 0.009s

OK
........s...............................
----------------------------------------------------------------------
Ran 40 tests in 27.566s

OK (skipped=1)
...
----------------------------------------------------------------------
Ran 3 tests in 0.132s

OK
...........................................................................
----------------------------------------------------------------------
Ran 75 tests in 43.295s

OK
.....
----------------------------------------------------------------------
Ran 5 tests in 0.115s

OK
