...
----------------------------------------------------------------------
Ran 3 tests in 0.007s

OK
........s...............................
----------------------------------------------------------------------
Ran 40 tests in 30.311s

OK (skipped=1)
...
----------------------------------------------------------------------
Ran 3 tests in 0.161s

OK
...........................................................................
----------------------------------------------------------------------
Ran 75 tests in 47.541s

OK
.....
----------------------------------------------------------------------
Ran 5 tests in 0.109s

OK
.........................................
----------------------------------------------------------------------
Ran 41 tests in 0.407s

OK
...........
----------------------------------------------------------------------
Ran 11 tests in 10.063s

OK
........
----------------------------------------------------------------------
Ran 8 tests in 1.585s

OK
.........................
----------------------------------------------------------------------
Ran 25 tests in 0.713s

OK
...............................E..EEEEEEEEEEEEEEEEEEEEEEEEE