Godot Engine v4.7.2.stable.official.ed1daf0bf - https://godotengine.org

TUTORIAL|the first class readies the Royal Hall gate: OK
TUTORIAL|the class gate is reached through real floor navigation: OK
TUTORIAL|the sparring class starts from the real Royal Hall touch target: OK
TUTORIAL|the Royal Hall door opens the sparring class: OK
TUTORIAL|the grotto is a true Canvas backdrop: OK
TUTORIAL|the reusable guide loads approved TAP and HOLD pictures: OK
TUTORIAL|class begins at the TAP lesson: OK
TUTORIAL|Roshan and the live imp remain in front of the Canvas grotto: OK
TUTORIAL|caption_geometry|(320.0, 626.0)|(640.0, 82.0)
TUTORIAL|the tutorial uses the compact scoped caption strip: OK
TUTORIAL|tutorial never creates the retired JUMP medallion: OK
TUTORIAL|nothing advances without her input: OK
TUTORIAL|her first bop advances to COMBO: OK
TUTORIAL|the 1-2-3 combo pops the imp into the CHARGE lesson: OK
TUTORIAL|a fresh sparring imp waits: OK
TUTORIAL|the prior combo does not hide the new hold demonstration: OK
TUTORIAL|a full charge fells the imp and opens the graduation wave: OK
TUTORIAL|the class has no partner-bubble overlay lesson: OK
TUTORIAL|clearing the wave ends the class: OK
TUTORIAL|the diploma persists: OK
TUTORIAL|the global caption layout is restored: OK
TUTORIAL|the castle hall comes back: OK
TUTORIAL|the Royal Hall reseals after graduation: OK
TUTORIAL|result: ALL OK
