Godot Engine v4.7.2.stable.official.ed1daf0bf - https://godotengine.org
Vulkan 1.4.325 - Forward Mobile - Using Device #0: NVIDIA - NVIDIA GeForce RTX 3060 Ti

POOL_LIVE_REFINEMENT|PASS|actual dirty pool mounted
POOL_LIVE_REFINEMENT|PASS|production activity depth210
POOL_LIVE_REFINEMENT|PASS|item0 collected
POOL_LIVE_REFINEMENT|PASS|item0 transfer settled
POOL_LIVE_REFINEMENT|PASS|item0 visible in basket
POOL_LIVE_REFINEMENT|PASS|item1 collected
POOL_LIVE_REFINEMENT|PASS|item1 transfer settled
POOL_LIVE_REFINEMENT|PASS|item1 visible in basket
POOL_LIVE_REFINEMENT|PASS|item2 collected
POOL_LIVE_REFINEMENT|PASS|item2 transfer settled
POOL_LIVE_REFINEMENT|PASS|item2 visible in basket
POOL_LIVE_REFINEMENT|PASS|item3 collected
POOL_LIVE_REFINEMENT|PASS|item3 transfer settled
POOL_LIVE_REFINEMENT|PASS|item3 visible in basket
POOL_LIVE_REFINEMENT|PASS|item4 collected
POOL_LIVE_REFINEMENT|PASS|item4 transfer settled
POOL_LIVE_REFINEMENT|PASS|item4 visible in basket
POOL_LIVE_REFINEMENT|PASS|item5 collected
POOL_LIVE_REFINEMENT|PASS|item5 transfer settled
POOL_LIVE_REFINEMENT|PASS|item5 visible in basket
POOL_LIVE_REFINEMENT|PASS|all six progress bits saved
POOL_LIVE_REFINEMENT|PASS|waterfall unlocked after final landing
POOL_LIVE_REFINEMENT|PASS|six stored items persist in waterfall
POOL_LIVE_REFINEMENT|RESULT: PASS failures=0 frames=427
