Godot Engine v4.7.2.stable.official.ed1daf0bf - https://godotengine.org

LAGOONANIMALS|exact_five_species_roster|OK
LAGOONANIMALS|ecological_page_rosters|OK|{ 0: 2, 1: 2, 2: 1 }
LAGOONANIMALS|authored_paths_clear_route_props_and_seams|OK
LAGOONANIMALS|animal_atlas_contract|OK
LAGOONANIMALS|authored_day_night_lighting|OK
LAGOONANIMALS|single_pooled_canvas_animal|OK
LAGOONANIMALS|single_pooled_canvas_contact_shadow|OK
LAGOONANIMALS|bind_otter|OK
LAGOONANIMALS|otter_reuses_canvas_pool|OK
LAGOONANIMALS|otter_idle_path_and_production_touch|OK
LAGOONANIMALS|otter_actual_phone_readability_and_clear_staging|OK|bounds=[P: (4.667694, 395.5409), S: (137.851, 66.32996)] overlap=0.000
LAGOONANIMALS|otter_canvas_metadata_and_lighting|OK
LAGOONANIMALS|otter_startle_binds_first_complete_cell_immediately|OK
LAGOONANIMALS|otter_cute_startle_sequence|OK
LAGOONANIMALS|otter_last_pose_samples_complete_cell|OK
LAGOONANIMALS|bind_frog|OK
LAGOONANIMALS|frog_reuses_canvas_pool|OK
LAGOONANIMALS|frog_idle_path_and_production_touch|OK
LAGOONANIMALS|frog_actual_phone_readability_and_clear_staging|OK|bounds=[P: (20.02264, 405.401), S: (101.2637, 68.98315)] overlap=0.000
LAGOONANIMALS|frog_canvas_metadata_and_lighting|OK
LAGOONANIMALS|frog_startle_binds_first_complete_cell_immediately|OK
LAGOONANIMALS|frog_cute_startle_sequence|OK
LAGOONANIMALS|frog_last_pose_samples_complete_cell|OK
LAGOONANIMALS|bind_hare|OK
LAGOONANIMALS|hare_reuses_canvas_pool|OK
LAGOONANIMALS|hare_idle_path_and_production_touch|OK
LAGOONANIMALS|hare_actual_phone_readability_and_clear_staging|OK|bounds=[P: (536.7051, 350.5196), S: (67.62769, 70.31937)] overlap=0.000
LAGOONANIMALS|hare_canvas_metadata_and_lighting|OK
LAGOONANIMALS|hare_startle_binds_first_complete_cell_immediately|OK
LAGOONANIMALS|hare_cute_startle_sequence|OK
LAGOONANIMALS|hare_last_pose_samples_complete_cell|OK
LAGOONANIMALS|bind_squirrel|OK
LAGOONANIMALS|squirrel_reuses_canvas_pool|OK
LAGOONANIMALS|squirrel_idle_path_and_production_touch|OK
LAGOONANIMALS|squirrel_actual_phone_readability_and_clear_staging|OK|bounds=[P: (534.2703, 312.5537), S: (85.22644, 68.1015)] overlap=0.000
LAGOONANIMALS|squirrel_canvas_metadata_and_lighting|OK
LAGOONANIMALS|squirrel_startle_binds_first_complete_cell_immediately|OK
LAGOONANIMALS|squirrel_cute_startle_sequence|OK
LAGOONANIMALS|squirrel_last_pose_samples_complete_cell|OK
LAGOONANIMALS|bind_raccoon|OK
LAGOONANIMALS|raccoon_reuses_canvas_pool|OK
LAGOONANIMALS|raccoon_idle_path_and_production_touch|OK
LAGOONANIMALS|raccoon_actual_phone_readability_and_clear_staging|OK|bounds=[P: (621.5978, 363.9399), S: (94.78455, 67.70325)] overlap=0.000
LAGOONANIMALS|raccoon_canvas_metadata_and_lighting|OK
LAGOONANIMALS|raccoon_startle_binds_first_complete_cell_immediately|OK
LAGOONANIMALS|raccoon_cute_startle_sequence|OK
LAGOONANIMALS|raccoon_last_pose_samples_complete_cell|OK
LAGOONANIMALS|reef_route_visible_from_arrival_page|OK
LAGOONANIMALS|shore_starts_with_otter|OK
LAGOONANIMALS|arrival_plane_excludes_shore_animals|OK
LAGOONANIMALS|shore_returns_after_plane_departure_bind|OK
LAGOONANIMALS|shore_returns_after_plane_departure|OK
LAGOONANIMALS|activation_exits_toward_safe_edge|OK
LAGOONANIMALS|shore_roster_advances_otter_to_frog|OK
LAGOONANIMALS|otter_night_lighting|OK
LAGOONANIMALS|frog_night_lighting|OK
LAGOONANIMALS|hare_night_lighting|OK
LAGOONANIMALS|squirrel_night_lighting|OK
LAGOONANIMALS|raccoon_night_lighting|OK
SKY_LAGOON_ANIMALS|ALL OK
