Input #0, concat, from 'C:\Users\Peter\Documents\mermaid-roshan-reef\tmp\day2_graphics_audit_20260930\audit\day_one_pool_live_refinement_v2_20261001\native_actions_1280_v1\item_04.ffconcat':
  Duration: 00:00:02.25, start: 0.000000, bitrate: 15 kb/s
  Stream #0:0: Video: webp, yuv420p(tv, bt470bg/unknown/unknown), 1280x720, 1k fps, 1k tbr, 1k tbn
Stream mapping:
  Stream #0:0 -> #0:0 (webp (native) -> h264 (libx264))
[libx264 @ 000001c7b70ebac0] using cpu capabilities: MMX2 SSE2Fast SSSE3 SSE4.2 AVX FMA3 BMI2 AVX2
[libx264 @ 000001c7b70ebac0] profile High, level 6.0, 4:2:0, 8-bit
[libx264 @ 000001c7b70ebac0] 264 - core 165 r3223 0480cb0 - H.264/MPEG-4 AVC codec - Copyleft 2003-2025 - http://www.videolan.org/x264.html - options: cabac=1 ref=3 deblock=1:0:0 analyse=0x3:0x113 me=hex subme=7 psy=1 psy_rd=1.00:0.00 mixed_ref=1 me_range=16 chroma_me=1 trellis=1 8x8dct=1 cqm=0 deadzone=21,11 fast_pskip=1 chroma_qp_offset=-2 threads=18 lookahead_threads=3 sliced_threads=0 nr=0 decimate=1 interlaced=0 bluray_compat=0 constrained_intra=0 bframes=3 b_pyramid=2 b_adapt=1 b_bias=0 direct=1 weightb=1 open_gop=0 weightp=2 keyint=250 keyint_min=25 scenecut=40 intra_refresh=0 rc_lookahead=40 rc=crf mbtree=1 crf=16.0 qcomp=0.60 qpmin=0 qpmax=69 qpstep=4 ip_ratio=1.40 aq=1:1.00
Output #0, mp4, to 'C:\Users\Peter\Documents\mermaid-roshan-reef\tmp\day2_graphics_audit_20260930\audit\day_one_pool_live_refinement_v2_20261001\native_actions_1280_v1\item_04_native_timestamps.mp4':
  Metadata:
    encoder         : Lavf62.12.102
  Stream #0:0: Video: h264 (avc1 / 0x31637661), yuv420p(tv, bt470bg/unknown/unknown, progressive), 1280x720, q=2-31, 1k fps, 16k tbn
    Metadata:
      encoder         : Lavc62.28.102 libx264
    Side data:
      CPB properties: bitrate max/min/avg: 0/0/0 buffer size: 0 vbv_delay: N/A
frame=    0 fps=0.0 q=0.0 size=       0KiB time=N/A bitrate=N/A speed=N/A elapsed=0:00:00.51    frame=    0 fps=0.0 q=0.0 size=       0KiB time=N/A bitrate=N/A speed=N/A elapsed=0:00:01.02    frame=    0 fps=0.0 q=0.0 size=       0KiB time=N/A bitrate=N/A speed=N/A elapsed=0:00:01.53    [mp4 @ 000001c7b8e9b5c0] Starting second pass: moving the moov atom to the beginning of the file
[out#0/mp4 @ 000001c7b708b040] video:1060KiB audio:0KiB subtitle:0KiB other streams:0KiB global headers:0KiB muxing overhead: 0.180888%
frame=   67 fps= 35 q=-1.0 Lsize=    1062KiB time=00:00:02.15 bitrate=4035.9kbits/s speed=1.14x elapsed=0:00:01.89    
[libx264 @ 000001c7b70ebac0] frame I:1     Avg QP:12.88  size:358345
[libx264 @ 000001c7b70ebac0] frame P:29    Avg QP:14.61  size: 17754
[libx264 @ 000001c7b70ebac0] frame B:37    Avg QP:20.04  size:  5710
[libx264 @ 000001c7b70ebac0] consecutive B-frames: 23.9%  6.0%  4.5% 65.7%
[libx264 @ 000001c7b70ebac0] mb I  I16..4:  7.0%  9.2% 83.8%
[libx264 @ 000001c7b70ebac0] mb P  I16..4:  0.0%  0.1%  0.5%  P16..4:  9.9%  1.9%  3.3%  0.0%  0.0%    skip:84.3%
[libx264 @ 000001c7b70ebac0] mb B  I16..4:  0.0%  0.0%  0.0%  B16..8:  2.1%  1.0%  1.3%  direct: 1.0%  skip:94.6%  L0:37.9% L1:39.2% BI:23.0%
[libx264 @ 000001c7b70ebac0] 8x8 transform intra:10.4% inter:34.8%
[libx264 @ 000001c7b70ebac0] coded y,uvDC,uvAC intra: 97.3% 98.5% 96.7% inter: 4.9% 6.6% 5.8%
[libx264 @ 000001c7b70ebac0] i16 v,h,dc,p: 27% 41% 25%  7%
[libx264 @ 000001c7b70ebac0] i8 v,h,dc,ddl,ddr,vr,hd,vl,hu:  6% 37%  8%  5%  4%  3% 15%  4% 19%
[libx264 @ 000001c7b70ebac0] i4 v,h,dc,ddl,ddr,vr,hd,vl,hu: 11% 28% 11%  6%  7%  6% 11%  6% 14%
[libx264 @ 000001c7b70ebac0] i8c dc,h,v,p: 50% 28% 10% 12%
[libx264 @ 000001c7b70ebac0] Weighted P-Frames: Y:3.4% UV:3.4%
[libx264 @ 000001c7b70ebac0] ref P L0: 73.4%  6.4% 12.0%  7.8%  0.5%
[libx264 @ 000001c7b70ebac0] ref B L0: 80.1% 11.7%  8.2%
[libx264 @ 000001c7b70ebac0] ref B L1: 93.3%  6.7%
[libx264 @ 000001c7b70ebac0] kb/s:3849.19
