Input #0, concat, from 'C:\Users\Peter\Documents\mermaid-roshan-reef\tmp\day2_graphics_audit_20260930\audit\day_one_pool_live_refinement_v2_20261001\native_actions_1280_v1\item_00.ffconcat':
  Duration: 00:00:02.81, start: 0.000000, bitrate: 14 kb/s
  Stream #0:0: Video: webp, yuv420p(tv, bt470bg/unknown/unknown), 1280x720, 1k fps, 1k tbr, 1k tbn
Stream mapping:
  Stream #0:0 -> #0:0 (webp (native) -> h264 (libx264))
[libx264 @ 000001814f6ceb80] using cpu capabilities: MMX2 SSE2Fast SSSE3 SSE4.2 AVX FMA3 BMI2 AVX2
[libx264 @ 000001814f6ceb80] profile High, level 6.0, 4:2:0, 8-bit
[libx264 @ 000001814f6ceb80] 264 - core 165 r3223 0480cb0 - H.264/MPEG-4 AVC codec - Copyleft 2003-2025 - http://www.videolan.org/x264.html - options: cabac=1 ref=3 deblock=1:0:0 analyse=0x3:0x113 me=hex subme=7 psy=1 psy_rd=1.00:0.00 mixed_ref=1 me_range=16 chroma_me=1 trellis=1 8x8dct=1 cqm=0 deadzone=21,11 fast_pskip=1 chroma_qp_offset=-2 threads=18 lookahead_threads=3 sliced_threads=0 nr=0 decimate=1 interlaced=0 bluray_compat=0 constrained_intra=0 bframes=3 b_pyramid=2 b_adapt=1 b_bias=0 direct=1 weightb=1 open_gop=0 weightp=2 keyint=250 keyint_min=25 scenecut=40 intra_refresh=0 rc_lookahead=40 rc=crf mbtree=1 crf=16.0 qcomp=0.60 qpmin=0 qpmax=69 qpstep=4 ip_ratio=1.40 aq=1:1.00
Output #0, mp4, to 'C:\Users\Peter\Documents\mermaid-roshan-reef\tmp\day2_graphics_audit_20260930\audit\day_one_pool_live_refinement_v2_20261001\native_actions_1280_v1\item_00_native_timestamps.mp4':
  Metadata:
    encoder         : Lavf62.12.102
  Stream #0:0: Video: h264 (avc1 / 0x31637661), yuv420p(tv, bt470bg/unknown/unknown, progressive), 1280x720, q=2-31, 1k fps, 16k tbn
    Metadata:
      encoder         : Lavc62.28.102 libx264
    Side data:
      CPB properties: bitrate max/min/avg: 0/0/0 buffer size: 0 vbv_delay: N/A
frame=    0 fps=0.0 q=0.0 size=       0KiB time=N/A bitrate=N/A speed=N/A elapsed=0:00:00.52    frame=    0 fps=0.0 q=0.0 size=       0KiB time=N/A bitrate=N/A speed=N/A elapsed=0:00:01.03    frame=    0 fps=0.0 q=0.0 size=       0KiB time=N/A bitrate=N/A speed=N/A elapsed=0:00:01.55    frame=   22 fps= 11 q=22.0 size=    1024KiB time=N/A bitrate=N/A speed=N/A elapsed=0:00:02.07    [mp4 @ 000001814db926c0] Starting second pass: moving the moov atom to the beginning of the file
[out#0/mp4 @ 000001814db2d440] video:1881KiB audio:0KiB subtitle:0KiB other streams:0KiB global headers:0KiB muxing overhead: 0.117276%
frame=   81 fps= 35 q=-1.0 Lsize=    1883KiB time=00:00:02.70 bitrate=5699.2kbits/s speed=1.19x elapsed=0:00:02.28    
[libx264 @ 000001814f6ceb80] frame I:1     Avg QP:15.30  size:307299
[libx264 @ 000001814f6ceb80] frame P:28    Avg QP:14.75  size: 45270
[libx264 @ 000001814f6ceb80] frame B:52    Avg QP:20.61  size:  6744
[libx264 @ 000001814f6ceb80] consecutive B-frames: 12.3%  4.9%  3.7% 79.0%
[libx264 @ 000001814f6ceb80] mb I  I16..4:  6.6% 25.1% 68.3%
[libx264 @ 000001814f6ceb80] mb P  I16..4:  0.2%  0.2%  1.2%  P16..4: 28.9%  7.0% 11.2%  0.0%  0.0%    skip:51.4%
[libx264 @ 000001814f6ceb80] mb B  I16..4:  0.0%  0.0%  0.0%  B16..8: 16.5%  1.1%  1.4%  direct: 1.2%  skip:79.8%  L0:29.4% L1:64.5% BI: 6.1%
[libx264 @ 000001814f6ceb80] 8x8 transform intra:20.7% inter:43.3%
[libx264 @ 000001814f6ceb80] coded y,uvDC,uvAC intra: 95.7% 96.5% 93.9% inter: 11.4% 16.8% 14.8%
[libx264 @ 000001814f6ceb80] i16 v,h,dc,p: 29% 40% 23%  8%
[libx264 @ 000001814f6ceb80] i8 v,h,dc,ddl,ddr,vr,hd,vl,hu:  8% 36%  9%  4%  4%  3% 13%  5% 17%
[libx264 @ 000001814f6ceb80] i4 v,h,dc,ddl,ddr,vr,hd,vl,hu: 12% 23% 11%  7%  8%  7% 11%  7% 13%
[libx264 @ 000001814f6ceb80] i8c dc,h,v,p: 49% 26% 11% 13%
[libx264 @ 000001814f6ceb80] Weighted P-Frames: Y:3.6% UV:3.6%
[libx264 @ 000001814f6ceb80] ref P L0: 82.4%  2.9%  9.7%  4.7%  0.2%
[libx264 @ 000001814f6ceb80] ref B L0: 86.5% 10.3%  3.2%
[libx264 @ 000001814f6ceb80] ref B L1: 94.1%  5.9%
[libx264 @ 000001814f6ceb80] kb/s:5489.75
