Input #0, concat, from 'C:\Users\Peter\Documents\mermaid-roshan-reef\tmp\day2_graphics_audit_20260930\audit\day_one_pool_live_refinement_v2_20261001\native_actions_1280_v1\item_01.ffconcat':
  Duration: 00:00:02.79, start: 0.000000, bitrate: 14 kb/s
  Stream #0:0: Video: webp, yuv420p(tv, bt470bg/unknown/unknown), 1280x720, 1k fps, 1k tbr, 1k tbn
Stream mapping:
  Stream #0:0 -> #0:0 (webp (native) -> h264 (libx264))
[libx264 @ 0000028a71663200] using cpu capabilities: MMX2 SSE2Fast SSSE3 SSE4.2 AVX FMA3 BMI2 AVX2
[libx264 @ 0000028a71663200] profile High, level 6.0, 4:2:0, 8-bit
[libx264 @ 0000028a71663200] 264 - core 165 r3223 0480cb0 - H.264/MPEG-4 AVC codec - Copyleft 2003-2025 - http://www.videolan.org/x264.html - options: cabac=1 ref=3 deblock=1:0:0 analyse=0x3:0x113 me=hex subme=7 psy=1 psy_rd=1.00:0.00 mixed_ref=1 me_range=16 chroma_me=1 trellis=1 8x8dct=1 cqm=0 deadzone=21,11 fast_pskip=1 chroma_qp_offset=-2 threads=18 lookahead_threads=3 sliced_threads=0 nr=0 decimate=1 interlaced=0 bluray_compat=0 constrained_intra=0 bframes=3 b_pyramid=2 b_adapt=1 b_bias=0 direct=1 weightb=1 open_gop=0 weightp=2 keyint=250 keyint_min=25 scenecut=40 intra_refresh=0 rc_lookahead=40 rc=crf mbtree=1 crf=16.0 qcomp=0.60 qpmin=0 qpmax=69 qpstep=4 ip_ratio=1.40 aq=1:1.00
Output #0, mp4, to 'C:\Users\Peter\Documents\mermaid-roshan-reef\tmp\day2_graphics_audit_20260930\audit\day_one_pool_live_refinement_v2_20261001\native_actions_1280_v1\item_01_native_timestamps.mp4':
  Metadata:
    encoder         : Lavf62.12.102
  Stream #0:0: Video: h264 (avc1 / 0x31637661), yuv420p(tv, bt470bg/unknown/unknown, progressive), 1280x720, q=2-31, 1k fps, 16k tbn
    Metadata:
      encoder         : Lavc62.28.102 libx264
    Side data:
      CPB properties: bitrate max/min/avg: 0/0/0 buffer size: 0 vbv_delay: N/A
frame=    0 fps=0.0 q=0.0 size=       0KiB time=N/A bitrate=N/A speed=N/A elapsed=0:00:00.52    frame=    0 fps=0.0 q=0.0 size=       0KiB time=N/A bitrate=N/A speed=N/A elapsed=0:00:01.02    frame=    0 fps=0.0 q=0.0 size=       0KiB time=N/A bitrate=N/A speed=N/A elapsed=0:00:01.54    frame=   17 fps=8.3 q=22.0 size=     512KiB time=00:00:00.48 bitrate=8613.3kbits/s speed=0.236x elapsed=0:00:02.05    [mp4 @ 0000028a71675b00] Starting second pass: moving the moov atom to the beginning of the file
[out#0/mp4 @ 0000028a716104c0] video:1259KiB audio:0KiB subtitle:0KiB other streams:0KiB global headers:0KiB muxing overhead: 0.173949%
frame=   81 fps= 36 q=-1.0 Lsize=    1261KiB time=00:00:02.69 bitrate=3835.8kbits/s speed=1.19x elapsed=0:00:02.27    
[libx264 @ 0000028a71663200] frame I:1     Avg QP:12.68  size:356153
[libx264 @ 0000028a71663200] frame P:28    Avg QP:14.22  size: 21895
[libx264 @ 0000028a71663200] frame B:52    Avg QP:20.49  size:  6145
[libx264 @ 0000028a71663200] consecutive B-frames: 13.6%  0.0%  7.4% 79.0%
[libx264 @ 0000028a71663200] mb I  I16..4:  8.9%  8.0% 83.1%
[libx264 @ 0000028a71663200] mb P  I16..4:  0.0%  0.1%  0.7%  P16..4: 23.7%  1.9%  3.6%  0.0%  0.0%    skip:70.0%
[libx264 @ 0000028a71663200] mb B  I16..4:  0.0%  0.0%  0.0%  B16..8:  5.5%  1.0%  1.3%  direct: 1.1%  skip:91.1%  L0:46.1% L1:40.4% BI:13.5%
[libx264 @ 0000028a71663200] 8x8 transform intra:8.8% inter:43.5%
[libx264 @ 0000028a71663200] coded y,uvDC,uvAC intra: 97.0% 98.2% 96.4% inter: 5.0% 9.4% 8.3%
[libx264 @ 0000028a71663200] i16 v,h,dc,p: 27% 39% 25%  9%
[libx264 @ 0000028a71663200] i8 v,h,dc,ddl,ddr,vr,hd,vl,hu:  4% 33%  9%  5%  5%  4% 15%  6% 20%
[libx264 @ 0000028a71663200] i4 v,h,dc,ddl,ddr,vr,hd,vl,hu: 11% 27% 11%  6%  7%  6% 11%  6% 14%
[libx264 @ 0000028a71663200] i8c dc,h,v,p: 51% 25% 10% 13%
[libx264 @ 0000028a71663200] Weighted P-Frames: Y:3.6% UV:3.6%
[libx264 @ 0000028a71663200] ref P L0: 64.8%  3.2% 22.4%  9.5%  0.1%
[libx264 @ 0000028a71663200] ref B L0: 86.5% 10.0%  3.6%
[libx264 @ 0000028a71663200] ref B L1: 96.0%  4.0%
[libx264 @ 0000028a71663200] kb/s:3688.79
