bash.exe: warning: could not find /tmp, please create!
{
  "rooms": 8,
  "unique_atlases": 33,
  "physical_instances": 38,
  "average_items_per_room": 4.75,
  "maximum_depth_coverage": 0.8627,
  "maximum_background_like_fraction": 0.0586,
  "minimum_chassis_alpha_iou": 0.2014,
  "minimum_sampled_roshan_visibility": 0.1583,
  "minimum_material_changed_fraction": 0.0074,
  "minimum_source_silhouette_retention": 0.9894,
  "maximum_audio_sync_error_seconds": 0.0
}
CASTLE INTERACTION AUDIT: ALL OK
CASTLEV2|NORMALIZATION_OK|assets=33|padding=6|unique_min=4|transactional=true
Traceback (most recent call last):
  File "C:\Users\Peter\Documents\mermaid-roshan-reef\tmp\day2_graphics_audit_20260930\tools\audit_castle_interactions_v2.py", line 1414, in <module>
    raise SystemExit(main())
                     ~~~~^^
  File "C:\Users\Peter\Documents\mermaid-roshan-reef\tmp\day2_graphics_audit_20260930\tools\audit_castle_interactions_v2.py", line 1410, in main
    return audit()
  File "C:\Users\Peter\Documents\mermaid-roshan-reef\tmp\day2_graphics_audit_20260930\tools\audit_castle_interactions_v2.py", line 1310, in audit
    export_source = EXPORT_PRESETS.read_text(encoding="utf-8")
  File "C:\Users\Peter\AppData\Local\Python\pythoncore-3.13-64\Lib\pathlib\_local.py", line 546, in read_text
    return PathBase.read_text(self, encoding, errors, newline)
           ~~~~~~~~~~~~~~~~~~^^^^^^^^^^^^^^^^^^^^^^^^^^^^^^^^^
  File "C:\Users\Peter\AppData\Local\Python\pythoncore-3.13-64\Lib\pathlib\_abc.py", line 632, in read_text
    with self.open(mode='r', encoding=encoding, errors=errors, newline=newline) as f:
         ~~~~~~~~~^^^^^^^^^^^^^^^^^^^^^^^^^^^^^^^^^^^^^^^^^^^^^^^^^^^^^^^^^^^^^
  File "C:\Users\Peter\AppData\Local\Python\pythoncore-3.13-64\Lib\pathlib\_local.py", line 537, in open
    return io.open(self, mode, buffering, encoding, errors, newline)
           ~~~~~~~^^^^^^^^^^^^^^^^^^^^^^^^^^^^^^^^^^^^^^^^^^^^^^^^^^
FileNotFoundError: [Errno 2] No such file or directory: 'C:\\Users\\Peter\\Documents\\mermaid-roshan-reef\\tmp\\day2_graphics_audit_20260930\\export_presets.cfg'
CASTLE INTERACTION V2 DELIVERY FAIL
