...
----------------------------------------------------------------------
Ran 3 tests in 0.007s

OK
........s...............................
----------------------------------------------------------------------
Ran 40 tests in 23.995s

OK (skipped=1)
...
----------------------------------------------------------------------
Ran 3 tests in 0.118s

OK
...........................................................................
----------------------------------------------------------------------
Ran 75 tests in 47.812s

OK
.....
----------------------------------------------------------------------
Ran 5 tests in 0.109s

OK
.........................................
----------------------------------------------------------------------
Ran 41 tests in 0.328s

OK
...........
----------------------------------------------------------------------
Ran 11 tests in 7.012s

OK
........
----------------------------------------------------------------------
Ran 8 tests in 1.245s

OK
.........................
----------------------------------------------------------------------
Ran 25 tests in 0.538s

OK
...............................................................................................
----------------------------------------------------------------------
Ran 95 tests in 318.336s

OK
..
----------------------------------------------------------------------
Ran 2 tests in 0.003s

OK
................................................................
----------------------------------------------------------------------
Ran 64 tests in 7.113s

OK
