WARNING: Opera phase has no authored room object: candymaker/COAT STRAWBERRIES
   at: push_warning (core/variant/variant_utility.cpp:1033)
   GDScript backtrace (most recent call first):
       [0] _assign_stations (res://scripts/opera_career_world_2d.gd:1910)
       [1] _build_world (res://scripts/opera_career_world_2d.gd:1189)
       [2] setup (res://scripts/opera_career_world_2d.gd:767)
       [3] start (res://scripts/opera_act.gd:78)
       [4] start (res://scripts/opera_house.gd:256)
       [5] _start_opera_now (res://scripts/main.gd:2772)
       [6] _fade_cut (res://scripts/main.gd:3034)
       [7] _start_opera_from_room (res://scripts/main.gd:2697)
       [8] _launch (res://scripts/castle_career_routes.gd:382)
WARNING: Opera phase has no authored room object: candymaker/SORT STRAWBERRIES
   at: push_warning (core/variant/variant_utility.cpp:1033)
   GDScript backtrace (most recent call first):
       [0] _assign_stations (res://scripts/opera_career_world_2d.gd:1910)
       [1] _build_world (res://scripts/opera_career_world_2d.gd:1189)
       [2] setup (res://scripts/opera_career_world_2d.gd:767)
       [3] start (res://scripts/opera_act.gd:78)
       [4] start (res://scripts/opera_house.gd:256)
       [5] _start_opera_now (res://scripts/main.gd:2772)
       [6] _fade_cut (res://scripts/main.gd:3034)
       [7] _start_opera_from_room (res://scripts/main.gd:2697)
       [8] _launch (res://scripts/castle_career_routes.gd:382)
WARNING: Opera phase has no authored room object: candymaker/GLAZE STRAWBERRIES
   at: push_warning (core/variant/variant_utility.cpp:1033)
   GDScript backtrace (most recent call first):
       [0] _assign_stations (res://scripts/opera_career_world_2d.gd:1910)
       [1] _build_world (res://scripts/opera_career_world_2d.gd:1189)
       [2] setup (res://scripts/opera_career_world_2d.gd:767)
       [3] start (res://scripts/opera_act.gd:78)
       [4] start (res://scripts/opera_house.gd:256)
       [5] _start_opera_now (res://scripts/main.gd:2772)
       [6] _fade_cut (res://scripts/main.gd:3034)
       [7] _start_opera_from_room (res://scripts/main.gd:2697)
       [8] _launch (res://scripts/castle_career_routes.gd:382)
WARNING: Opera phase has no authored room object: candymaker/PLACE ON CAKE
   at: push_warning (core/variant/variant_utility.cpp:1033)
   GDScript backtrace (most recent call first):
       [0] _assign_stations (res://scripts/opera_career_world_2d.gd:1910)
       [1] _build_world (res://scripts/opera_career_world_2d.gd:1189)
       [2] setup (res://scripts/opera_career_world_2d.gd:767)
       [3] start (res://scripts/opera_act.gd:78)
       [4] start (res://scripts/opera_house.gd:256)
       [5] _start_opera_now (res://scripts/main.gd:2772)
       [6] _fade_cut (res://scripts/main.gd:3034)
       [7] _start_opera_from_room (res://scripts/main.gd:2697)
       [8] _launch (res://scripts/castle_career_routes.gd:382)
SCRIPT ERROR: Assertion failed.
   at: _open (res://audit/job_candy_workflow_current_v1_20261003/capture.gd:88)
   GDScript backtrace (most recent call first):
       [0] _open (res://audit/job_candy_workflow_current_v1_20261003/capture.gd:88)
       [1] _wait (res://audit/job_candy_workflow_current_v1_20261003/capture.gd:22)
