Godot Engine v4.7.2.stable.official.ed1daf0bf - https://godotengine.org

DAY_ONE_POOL|seahorse stem stays in mouth through restored/slow/rapid/stopped tugs (208.75, 241.25): OK
DAY_ONE_POOL|socket animation preserves partial progress without completing: OK
DAY_ONE_POOL|seahorse stem stays in mouth through restored/slow/rapid/stopped tugs (400.0, 160.0): OK
DAY_ONE_POOL|socket animation preserves partial progress without completing: OK
DAY_ONE_POOL|seahorse stem stays in mouth through restored/slow/rapid/stopped tugs (120.0, 360.0): OK
DAY_ONE_POOL|socket animation preserves partial progress without completing: OK
DAY_ONE_POOL|off-target seahorse taps never earn rescue (208.75, 241.25): OK
DAY_ONE_POOL|held/secondary seahorse presses preserve the first owner (208.75, 241.25): OK
DAY_ONE_POOL|canceled press earns nothing and releases its owner (208.75, 241.25): OK
DAY_ONE_POOL|eight deliberate seahorse taps start one rescue (208.75, 241.25): OK
DAY_ONE_POOL|off-target seahorse taps never earn rescue (400.0, 160.0): OK
DAY_ONE_POOL|held/secondary seahorse presses preserve the first owner (400.0, 160.0): OK
DAY_ONE_POOL|canceled press earns nothing and releases its owner (400.0, 160.0): OK
DAY_ONE_POOL|eight deliberate seahorse taps start one rescue (400.0, 160.0): OK
DAY_ONE_POOL|off-target seahorse taps never earn rescue (120.0, 360.0): OK
DAY_ONE_POOL|held/secondary seahorse presses preserve the first owner (120.0, 360.0): OK
DAY_ONE_POOL|canceled press earns nothing and releases its owner (120.0, 360.0): OK
DAY_ONE_POOL|eight deliberate seahorse taps start one rescue (120.0, 360.0): OK
DAY_ONE_POOL|contact action accepts one deliberate job: OK
DAY_ONE_POOL|a second job cannot steal the active approach: OK
DAY_ONE_POOL|travel and waiting never award before hand contact: OK
DAY_ONE_POOL|arrival and local work complete exactly once: OK
DAY_ONE_POOL|focus interruption cancels unearned local work: OK
DAY_ONE_POOL|seahorse tap requests work without instant credit: OK
DAY_ONE_POOL|seahorse earns one tug after real contact: OK
DAY_ONE_POOL|waterfall tap waits for contact and rejects a second job: OK
DAY_ONE_POOL|canceled waterfall work earns no progress: OK
DAY_ONE_POOL|waterfall earns one local scrub after arrival: OK
DAY_ONE_POOL|quick waterfall swipe waits for contact without remote credit: OK
DAY_ONE_POOL|released quick stroke completes locally and frees its owner: OK
DAY_ONE_POOL|waterfall accepts the next gesture after a quick stroke: OK
DAY_ONE_POOL|trash 0 sampled region contains the complete measured subject: OK
DAY_ONE_POOL|trash 0 live texture has transparent sampled edges without neighbor pixels: OK
DAY_ONE_POOL|trash 1 sampled region contains the complete measured subject: OK
DAY_ONE_POOL|trash 1 live texture has transparent sampled edges without neighbor pixels: OK
DAY_ONE_POOL|both wrapper and can live textures were checked: OK
DAY_ONE_POOL|three bespoke ordered activities: OK
DAY_ONE_POOL|dirty arrival starts skimmer only: OK
DAY_ONE_POOL|dirty arrival hides pristine rainbow and flow: OK
DAY_ONE_POOL|canvas no-fail contract: OK
DAY_ONE_POOL|pool has exact pickup and lane cue wiring: OK
DAY_ONE_POOL|pool has monotonic seahorse milestones and finale cues: OK
DAY_ONE_POOL|pool activity has no generic voice fallback: OK
DAY_ONE_POOL|one visible Roshan owns the held skimmer: OK
DAY_ONE_POOL|far touch cannot collect remotely: OK
DAY_ONE_POOL|Roshan travels at bounded speed before collection: OK
DAY_ONE_POOL|second finger cannot steal cleaning target: OK
DAY_ONE_POOL|canceled touch cannot finish later: OK
DAY_ONE_POOL|scoop keeps hand attached before awarding progress: OK
DAY_ONE_POOL|scoop keeps hand attached before awarding progress: OK
DAY_ONE_POOL|scoop keeps hand attached before awarding progress: OK
DAY_ONE_POOL|scoop keeps hand attached before awarding progress: OK
DAY_ONE_POOL|scoop keeps hand attached before awarding progress: OK
DAY_ONE_POOL|scoop keeps hand attached before awarding progress: OK
DAY_ONE_POOL|scoop keeps hand attached before awarding progress: OK
DAY_ONE_POOL|scoop keeps hand attached before awarding progress: OK
DAY_ONE_POOL|scoop keeps hand attached before awarding progress: OK
DAY_ONE_POOL|scoop keeps hand attached before awarding progress: OK
DAY_ONE_POOL|scoop keeps hand attached before awarding progress: OK
DAY_ONE_POOL|scoop keeps hand attached before awarding progress: OK
DAY_ONE_POOL|scoop keeps hand attached before awarding progress: OK
DAY_ONE_POOL|scoop keeps hand attached before awarding progress: OK
DAY_ONE_POOL|scoop keeps hand attached before awarding progress: OK
DAY_ONE_POOL|scoop keeps hand attached before awarding progress: OK
DAY_ONE_POOL|scoop keeps hand attached before awarding progress: OK
DAY_ONE_POOL|scoop keeps hand attached before awarding progress: OK
DAY_ONE_POOL|scoop keeps hand attached before awarding progress: OK
DAY_ONE_POOL|scoop keeps hand attached before awarding progress: OK
DAY_ONE_POOL|scoop keeps hand attached before awarding progress: OK
DAY_ONE_POOL|scoop keeps hand attached before awarding progress: OK
DAY_ONE_POOL|scoop keeps hand attached before awarding progress: OK
DAY_ONE_POOL|scoop keeps hand attached before awarding progress: OK
DAY_ONE_POOL|scoop keeps hand attached before awarding progress: OK
DAY_ONE_POOL|quick tap travels then visibly scoops exactly one item: OK
DAY_ONE_POOL|stop restores room actor at the action location: OK
DAY_ONE_POOL|re-entry and focus cancellation retain only completed work: OK
DAY_ONE_POOL|drag retarget cancels old work and slow frames never teleport: OK
DAY_ONE_POOL|cleaner retains selected fairy cutout and hand socket: OK
DAY_ONE_POOL|cleaner retains selected huluu cutout and hand socket: OK
DAY_ONE_POOL|restored complete mask never creates a second Roshan: OK
DAY_ONE_POOL|exact pool bunny cast keeps one land and one swimmer: OK
DAY_ONE_POOL|swimmer remains inside central water with a simple 2D loop: OK
DAY_ONE_POOL|runtime asset pool_skimmer.png: OK
DAY_ONE_POOL|runtime asset floating_trash_atlas.png: OK
DAY_ONE_POOL|runtime asset cleanup_basket.png: OK
DAY_ONE_POOL|runtime asset waterfall_clogged_original_match.png: OK
DAY_ONE_POOL|runtime asset waterfall_scrubber.png: OK
DAY_ONE_POOL|runtime asset seahorse_sick_clear_mouth.png: OK
DAY_ONE_POOL|runtime asset seahorse_mouth_trash.png: OK
DAY_ONE_POOL|runtime asset rumi_pool_idle_swim_atlas.png: OK
DAY_ONE_POOL|runtime asset rumi_eight_pose_runtime.png: OK
DAY_ONE_POOL|runtime asset dust_bunny_swimming.png: OK
DAY_ONE_POOL|restored complete pool activities emit once: OK
DAY_ONE_POOL|re-entered complete pool activities stay one-shot: OK
DAY_ONE_POOL|passive demo never advances: OK
DAY_ONE_POOL|skimmer activity accepts six real collections: OK
POOL_PHASE_TIMING|{"actor":"(770.0, 435.0)","drop_time":-1.0,"returning":false,"snapshot":{"activity_count":3,"activity_ids":["pool_surface","waterfall","seahorse"],"animated_water_hidden":true,"canvas_only":true,"clean_waterfall_visible":true,"current_activity":"waterfall","current_activity_index":1,"dingy_lighting":true,"dust_bunny_count":2,"finale_started":false,"land_bunny_owner":"day_one_castle_dressing","legacy_completion_step":4,"no_fail":true,"rumi_animation":"","rumi_approved_identity":false,"rumi_authored_animation":false,"rumi_present":false,"seahorse":{"active":false,"activity":"pool_seahorse_rescue","basket_present":true,"basket_texture_loaded":true,"canvas_only":true,"completed":false,"completion_started":false,"fixture_center":"(921.875, 245.625)","fixture_rect":"[P: (817.5, 125.0), S: (208.75, 241.25)]","fixture_size":"(208.75, 241.25)","live_input_required":true,"monotonic_progress":true,"mouth_trash_present":true,"mouth_trash_texture_loaded":true,"no_fail":true,"prop_is_separate":true,"quick_cadence_strength":0.0,"remaining_taps":8,"running":false,"seahorse_base_stays_sick":true,"seahorse_present":true,"seahorse_texture_loaded":true,"tap_region":"[P: (684.8125, -7.6875), S: (474.125, 506.625)]","tap_region_is_broad":true,"tap_total":8,"taps":0,"touch_active":false},"seahorse_is_last":true,"skimmer":{"activity":"pool_skimmer","atlas_cell_size":"(341.0, 341.0)","basket_contents":6,"basket_present":true,"borderless_room_grown":true,"canvas_only":true,"carried_item":-1,"catch_radius":118.0,"completed":true,"contact_radius":24.0,"demo_pointer_visible":false,"demo_target_index":-1,"demo_tip_position":"(41.0, 6.0)","hand_grip_error":0.0,"item_count":6,"live_input_required":true,"mask":63,"net_position":"(953.6365, 374.7699)","no_fail_state":true,"one_finger":true,"progress_mask":63,"remaining_count":0,"returning_to_room":false,"roshan_position":"(770.0, 435.0)","roshan_present":false,"running":false,"scoop_time":0.0,"skimmer_present":true,"target_index":-1,"transfer_pending":false,"trash_sprite_count":6},"standalone_pool_rim_gate":false,"swimming_bunny":{"animation":"bounded_bob_paddle","asset":"res://assets/castle/dirty_cleanup_2d/critters/dust_bunnies/dust_bunny_swimming.png","bounds":"[P: (300.0, 285.0), S: (680.0, 235.0)]","comic_no_visible":false,"comic_shout":"","depth_z":205,"display_width":118.0,"drain_reaction_active":false,"drain_reaction_count":0,"drain_reaction_played_once":false,"footprint":"[P: (792.5066, 422.8202), S: (121.9425, 82.83751)]","fully_contained":true,"inside_bounds":true,"opacity":1.0,"position":"(857.8568, 464.2389)","present":true,"reaction_duration_ms":680,"safe_center_bounds":"[P: (365.3502, 326.4188), S: (558.0575, 152.1625)]","submerged_lower_body":false,"true_2d":true,"visible":true,"waterline_uv":1.0},"waterfall":{"active":true,"animated_flow_stopped":true,"canvas_only":true,"clear_mask":0,"completed":false,"dirty_slices_aligned":true,"dirty_texture_loaded":true,"dirty_texture_path":"res://assets/castle/day_one_pool/activities/waterfall_clogged_original_match.png","fixture_center":"(461.875, 216.25)","fixture_rect":"[P: (386.25, 112.5), S: (151.25, 207.5)]","fixture_size":"(151.25, 207.5)","hint_lane":0,"lane_count":3,"lane_progress":[0.0,0.0,0.0],"lane_revealing":[false,false,false],"no_fail":true,"scrubber_texture_loaded":true,"scrubber_texture_path":"res://assets/castle/day_one_pool/activities/waterfall_scrubber.png","touch_active":false,"wash_feedback_above_grime":true},"waterfall_center":"(461.875, 216.25)","waterfall_size":"(151.25, 207.5)"},"transport":-1}
DAY_ONE_POOL|skimmer completion persists and unlocks waterfall: OK
DAY_ONE_POOL|dirty waterfall is registered to live V4 fixture: OK
DAY_ONE_POOL|clean stripe feedback sits above dirty waterfall lanes: OK
DAY_ONE_POOL|static clean card under scrub lanes but flow remains stopped: OK
DAY_ONE_POOL|waterfall activity clears three independent lanes: OK
DAY_ONE_POOL|waterfall completion persists and unlocks seahorse: OK
DAY_ONE_POOL|sick seahorse uses exact live V4 fixture bounds: OK
DAY_ONE_POOL|rainbow animation still waits for rescue finale: OK
DAY_ONE_POOL|one seahorse tap advances monotonically: OK
DAY_ONE_POOL|partial tug saves without premature finale: OK
DAY_ONE_POOL|remaining rapid taps start causal extraction: OK
DAY_ONE_POOL|seahorse extraction completes legacy step four: OK
DAY_ONE_POOL|finale creates approved Rumi reveal: OK
DAY_ONE_POOL|ambient swimmer yields the finale focal point: OK
DAY_ONE_POOL|Rumi performs authored wave after rising: OK
DAY_ONE_POOL|Rumi settles into authored idle: OK
DAY_ONE_POOL|teardown frees cleanup: OK
DAY_ONE_POOL|teardown restores clean fixtures: OK
DAY_ONE_POOL|RESULT: PASS checks_failed=0
