...
----------------------------------------------------------------------
Ran 3 tests in 0.008s

OK
........s...............................
----------------------------------------------------------------------
Ran 40 tests in 24.337s

OK (skipped=1)
...
----------------------------------------------------------------------
Ran 3 tests in 0.153s

OK
...........................................................................
----------------------------------------------------------------------
Ran 75 tests in 49.074s

OK
.....
----------------------------------------------------------------------
Ran 5 tests in 0.112s

OK
.........................................
----------------------------------------------------------------------
Ran 41 tests in 0.313s

OK
...........
----------------------------------------------------------------------
Ran 11 tests in 7.569s

OK
........
----------------------------------------------------------------------
Ran 8 tests in 1.441s

OK
.........................
----------------------------------------------------------------------
Ran 25 tests in 0.546s

OK
...............................................................................................
----------------------------------------------------------------------
Ran 95 tests in 325.451s

OK
..
----------------------------------------------------------------------
Ran 2 tests in 0.004s

OK
................................................................
----------------------------------------------------------------------
Ran 64 tests in 7.362s

OK
