[32m[INFO][0m setup plugin alembic.autogenerate.schemas
[32m[INFO][0m setup plugin alembic.autogenerate.tables
[32m[INFO][0m setup plugin alembic.autogenerate.types
[32m[INFO][0m setup plugin alembic.autogenerate.constraints
[32m[INFO][0m setup plugin alembic.autogenerate.defaults
[32m[INFO][0m setup plugin alembic.autogenerate.comments
[32m[INFO][0m setup plugin alembic.autogenerate.checkconstraint_byname
[32m[INFO][0m Adding extra search path diffusion_models H:\MermaidReefTools\LocalVideo\ltx25\models\diffusion_models
[32m[INFO][0m Adding extra search path text_encoders H:\MermaidReefTools\LocalVideo\ltx25\models\text_encoders
[32m[INFO][0m Adding extra search path vae H:\MermaidReefTools\LocalVideo\ltx25\models\vae
[32m[INFO][0m Adding extra search path latent_upscale_models H:\MermaidReefTools\LocalVideo\ltx25\models\latent_upscale_models
[32m[INFO][0m Adding extra search path loras H:\MermaidReefTools\LocalVideo\ltx25\models\loras
[32m[INFO][0m Setting output directory to: H:\MermaidReefTools\LocalVideo\ltx25\output
[32m[INFO][0m Setting input directory to: H:\MermaidReefTools\LocalVideo\ltx25\input
[32m[INFO][0m Setting user directory to: H:\MermaidReefTools\LocalVideo\ltx25\user
[32m[INFO][0m Found comfy_kitchen backend eager: {'available': True, 'disabled': False, 'unavailable_reason': None, 'capabilities': ['adaln', 'apply_rope', 'apply_rope1', 'apply_rope1_', 'apply_rope_', 'apply_rope_split_half', 'apply_rope_split_half1', 'apply_rope_split_half1_', 'apply_rope_split_half_', 'convrot_w4a4_linear', 'dequantize_convrot_w4a4_weight', 'dequantize_int8_convrot_weight', 'dequantize_int8_convrot_weight_dtype', 'dequantize_int8_embedding', 'dequantize_int8_simple', 'dequantize_int8_simple_dtype', 'dequantize_mxfp8', 'dequantize_nvfp4', 'dequantize_per_tensor_fp8', 'dequantize_w4a8_int8_weight', 'gemv_awq_w4a16', 'int8_linear', 'na3d', 'prepare_int4_weight_for_int8_linear', 'quantize_and_rotate_rowwise', 'quantize_convrot_w4a4_weight', 'quantize_int8_convrot_weight', 'quantize_int8_rowwise', 'quantize_int8_tensorwise', 'quantize_mxfp8', 'quantize_nvfp4', 'quantize_per_tensor_fp8', 'quantize_svdquant_w4a4', 'quantize_w4a8_int8_weight', 'rms_adaln', 'rms_rope', 'rms_rope1', 'rms_rope1_', 'rms_rope_', 'rms_rope_split_half', 'rms_rope_split_half1', 'rms_rope_split_half1_', 'rms_rope_split_half_', 'rotate_int8_convrot_weight', 'scaled_mm_mxfp8', 'scaled_mm_nvfp4', 'scaled_mm_svdquant_w4a4', 'stochastic_rounding_fp8', 'w4a8_int8_linear']}
[32m[INFO][0m Found comfy_kitchen backend hip: {'available': False, 'disabled': False, 'unavailable_reason': 'PyTorch ROCm/HIP runtime not available', 'capabilities': []}
[32m[INFO][0m Found comfy_kitchen backend triton: {'available': False, 'disabled': True, 'unavailable_reason': "ImportError: No module named 'triton'", 'capabilities': []}
[32m[INFO][0m Found comfy_kitchen backend cuda: {'available': True, 'disabled': False, 'unavailable_reason': None, 'capabilities': ['adaln', 'apply_rope', 'apply_rope1', 'apply_rope1_', 'apply_rope_', 'apply_rope_split_half', 'apply_rope_split_half1', 'apply_rope_split_half1_', 'apply_rope_split_half_', 'convrot_w4a4_linear', 'dequantize_convrot_w4a4_weight', 'dequantize_int8_convrot_weight', 'dequantize_int8_convrot_weight_dtype', 'dequantize_int8_simple', 'dequantize_int8_simple_dtype', 'dequantize_nvfp4', 'dequantize_per_tensor_fp8', 'dequantize_w4a8_int8_weight', 'gemv_awq_w4a16', 'int8_linear', 'na3d', 'prepare_int4_weight_for_int8_linear', 'quantize_and_rotate_rowwise', 'quantize_convrot_w4a4_weight', 'quantize_int8_convrot_weight', 'quantize_int8_rowwise', 'quantize_int8_tensorwise', 'quantize_mxfp8', 'quantize_nvfp4', 'quantize_per_tensor_fp8', 'quantize_svdquant_w4a4', 'quantize_w4a8_int8_weight', 'rms_adaln', 'rms_rope', 'rms_rope1', 'rms_rope1_', 'rms_rope_', 'rms_rope_split_half', 'rms_rope_split_half1', 'rms_rope_split_half1_', 'rms_rope_split_half_', 'rotate_int8_convrot_weight', 'scaled_mm_nvfp4', 'scaled_mm_svdquant_w4a4', 'stochastic_rounding_fp8', 'w4a8_int8_linear']}
[32m[INFO][0m Checkpoint files will always be loaded safely.
[32m[INFO][0m Total VRAM 8192 MB, total RAM 49060 MB
[32m[INFO][0m pytorch version: 2.13.0+cu130
[32m[INFO][0m Set vram state to: NORMAL_VRAM
[32m[INFO][0m Device: cuda:0 NVIDIA GeForce RTX 3060 Ti : cudaMallocAsync
[32m[INFO][0m Using async weight offloading with 2 streams
[32m[INFO][0m Enabled pinned memory 19624.0
[32m[INFO][0m Using pytorch attention
[32m[INFO][0m aimdo: src-win/cuda-detour.c:38:INFO:aimdo_setup_hooks: installing 6 hooks
[32m[INFO][0m aimdo: src/control.c:262:INFO:comfy-aimdo NVML pressure enabled
[32m[INFO][0m aimdo: src-win/shmem-detect.c:80:INFO:comfy-aimdo WDDM adapter match: NVIDIA GeForce RTX 3060 Ti runtime_luid=00000000:00011665 dxgi_luid=00000000:00011665
[32m[INFO][0m aimdo: src/control.c:277:INFO:comfy-aimdo inited for GPU: NVIDIA GeForce RTX 3060 Ti (VRAM: 8191 MB)
[32m[INFO][0m DynamicVRAM support detected and enabled
[32m[INFO][0m Python version: 3.13.14 (tags/v3.13.14:fd17997, Jun 10 2026, 13:03:48) [MSC v.1944 64 bit (AMD64)]
[32m[INFO][0m ComfyUI version: 0.34.3
[32m[INFO][0m comfy-aimdo version: 0.4.15
[32m[INFO][0m comfy-kitchen version: 0.2.31
[32m[INFO][0m Setting temp directory to: H:\MermaidReefTools\LocalVideo\ltx25\temp\temp
[32m[INFO][0m comfyui-frontend-package version: 1.49.6
[32m[INFO][0m comfyui-workflow-templates version: 0.11.54
[32m[INFO][0m comfyui-embedded-docs version: 0.5.10
[32m[INFO][0m comfy-kitchen version: 0.2.31
[32m[INFO][0m comfy-aimdo version: 0.4.15
[32m[INFO][0m [Prompt Server] web root: C:\Users\Peter\AppData\Local\Programs\MermaidReefTools\ComfyUI\0.34.0\ComfyUI_windows_portable\python_embeded\Lib\site-packages\comfyui_frontend_package\static
[32m[INFO][0m Asset seeder disabled
[32m[INFO][0m No OpenGL_accelerate module loaded: No module named 'OpenGL_accelerate'
[32m[INFO][0m Skipping websocket_image_save.py due to disable_all_custom_nodes and whitelist_custom_nodes
[32m[INFO][0m 
Import times for custom nodes:
[32m[INFO][0m    0.0 seconds: H:\MermaidReefTools\LocalVideo\ltx25\ComfyUI\custom_nodes\mermaid_study
[32m[INFO][0m    0.0 seconds: H:\MermaidReefTools\LocalVideo\ltx25\ComfyUI\custom_nodes\mermaid_focus_ablation
[32m[INFO][0m    0.0 seconds: H:\MermaidReefTools\LocalVideo\ltx25\ComfyUI\custom_nodes\mermaid_refine
[32m[INFO][0m 
[32m[INFO][0m Context impl SQLiteImpl.
[32m[INFO][0m Will assume non-transactional DDL.
[32m[INFO][0m Using RAM pressure cache.
[32m[INFO][0m Starting server

[32m[INFO][0m To see the GUI go to: http://127.0.0.1:8194
[32m[INFO][0m got prompt
[32m[INFO][0m VAE load device: cuda:0, offload device: cpu, dtype: torch.bfloat16
[32m[INFO][0m Requested to load CausalDiffusionVAE
[32m[INFO][0m loaded completely;  1403.92 MB loaded, full load: True
[32m[INFO][0m [32mPrompt executed in 35.39 seconds[0m
