Input #0, concat, from 'C:\Users\Peter\Documents\mermaid-roshan-reef\tmp\day2_graphics_audit_20260930\audit\day_one_pool_live_refinement_v2_20261001\native_actions_1280_return_v6\item_05.ffconcat':
  Duration: 00:00:01.54, start: 0.000000, bitrate: 14 kb/s
  Stream #0:0: Video: webp, yuv420p(tv, bt470bg/unknown/unknown), 1280x720, 1k fps, 1k tbr, 1k tbn
Stream mapping:
  Stream #0:0 -> #0:0 (webp (native) -> h264 (libx264))
[libx264 @ 0000027d063a9640] using cpu capabilities: MMX2 SSE2Fast SSSE3 SSE4.2 AVX FMA3 BMI2 AVX2
[libx264 @ 0000027d063a9640] profile High, level 6.0, 4:2:0, 8-bit
[libx264 @ 0000027d063a9640] 264 - core 165 r3223 0480cb0 - H.264/MPEG-4 AVC codec - Copyleft 2003-2025 - http://www.videolan.org/x264.html - options: cabac=1 ref=3 deblock=1:0:0 analyse=0x3:0x113 me=hex subme=7 psy=1 psy_rd=1.00:0.00 mixed_ref=1 me_range=16 chroma_me=1 trellis=1 8x8dct=1 cqm=0 deadzone=21,11 fast_pskip=1 chroma_qp_offset=-2 threads=18 lookahead_threads=3 sliced_threads=0 nr=0 decimate=1 interlaced=0 bluray_compat=0 constrained_intra=0 bframes=3 b_pyramid=2 b_adapt=1 b_bias=0 direct=1 weightb=1 open_gop=0 weightp=2 keyint=250 keyint_min=25 scenecut=40 intra_refresh=0 rc_lookahead=40 rc=crf mbtree=1 crf=16.0 qcomp=0.60 qpmin=0 qpmax=69 qpstep=4 ip_ratio=1.40 aq=1:1.00
Output #0, mp4, to 'C:\Users\Peter\Documents\mermaid-roshan-reef\tmp\day2_graphics_audit_20260930\audit\day_one_pool_live_refinement_v2_20261001\native_actions_1280_return_v6\item_05_native_timestamps.mp4':
  Metadata:
    encoder         : Lavf62.12.102
  Stream #0:0: Video: h264 (avc1 / 0x31637661), yuv420p(tv, bt470bg/unknown/unknown, progressive), 1280x720, q=2-31, 1k fps, 16k tbn
    Metadata:
      encoder         : Lavc62.28.102 libx264
    Side data:
      CPB properties: bitrate max/min/avg: 0/0/0 buffer size: 0 vbv_delay: N/A
frame=    0 fps=0.0 q=0.0 size=       0KiB time=N/A bitrate=N/A speed=N/A elapsed=0:00:00.51    frame=    0 fps=0.0 q=0.0 size=       0KiB time=N/A bitrate=N/A speed=N/A elapsed=0:00:01.03    [mp4 @ 0000027d063ab980] Starting second pass: moving the moov atom to the beginning of the file
[out#0/mp4 @ 0000027d0634e900] video:895KiB audio:0KiB subtitle:0KiB other streams:0KiB global headers:0KiB muxing overhead: 0.177895%
frame=   44 fps= 30 q=-1.0 Lsize=     897KiB time=00:00:01.44 bitrate=5099.0kbits/s speed=0.989x elapsed=0:00:01.45    
[libx264 @ 0000027d063a9640] frame I:1     Avg QP:12.67  size:367759
[libx264 @ 0000027d063a9640] frame P:11    Avg QP:16.29  size: 29763
[libx264 @ 0000027d063a9640] frame B:32    Avg QP:20.55  size:  6906
[libx264 @ 0000027d063a9640] consecutive B-frames:  2.3%  0.0%  6.8% 90.9%
[libx264 @ 0000027d063a9640] mb I  I16..4:  7.1%  6.3% 86.6%
[libx264 @ 0000027d063a9640] mb P  I16..4:  0.8%  0.7%  2.1%  P16..4: 17.8%  4.4%  5.9%  0.0%  0.0%    skip:68.2%
[libx264 @ 0000027d063a9640] mb B  I16..4:  0.0%  0.0%  0.1%  B16..8:  5.4%  1.3%  1.3%  direct: 1.5%  skip:90.4%  L0:44.6% L1:41.2% BI:14.3%
[libx264 @ 0000027d063a9640] 8x8 transform intra:10.3% inter:45.2%
[libx264 @ 0000027d063a9640] coded y,uvDC,uvAC intra: 92.4% 95.0% 90.8% inter: 5.7% 8.3% 6.9%
[libx264 @ 0000027d063a9640] i16 v,h,dc,p: 20% 58% 16%  6%
[libx264 @ 0000027d063a9640] i8 v,h,dc,ddl,ddr,vr,hd,vl,hu: 11% 32% 12%  5%  5%  3% 11%  6% 14%
[libx264 @ 0000027d063a9640] i4 v,h,dc,ddl,ddr,vr,hd,vl,hu: 13% 26% 11%  6%  7%  6% 11%  7% 13%
[libx264 @ 0000027d063a9640] i8c dc,h,v,p: 47% 29% 12% 12%
[libx264 @ 0000027d063a9640] Weighted P-Frames: Y:9.1% UV:9.1%
[libx264 @ 0000027d063a9640] ref P L0: 75.6%  7.4% 13.4%  3.5%  0.2%
[libx264 @ 0000027d063a9640] ref B L0: 72.9% 24.0%  3.2%
[libx264 @ 0000027d063a9640] ref B L1: 94.5%  5.5%
[libx264 @ 0000027d063a9640] kb/s:4762.27
