Input #0, concat, from 'C:\Users\Peter\Documents\mermaid-roshan-reef\tmp\day2_graphics_audit_20260930\audit\day_one_pool_live_refinement_v2_20261001\native_actions_1280_return_v6\item_01.ffconcat':
  Duration: 00:00:02.79, start: 0.000000, bitrate: 14 kb/s
  Stream #0:0: Video: webp, yuv420p(tv, bt470bg/unknown/unknown), 1280x720, 1k fps, 1k tbr, 1k tbn
Stream mapping:
  Stream #0:0 -> #0:0 (webp (native) -> h264 (libx264))
[libx264 @ 000001b2916f2d00] using cpu capabilities: MMX2 SSE2Fast SSSE3 SSE4.2 AVX FMA3 BMI2 AVX2
[libx264 @ 000001b2916f2d00] profile High, level 6.0, 4:2:0, 8-bit
[libx264 @ 000001b2916f2d00] 264 - core 165 r3223 0480cb0 - H.264/MPEG-4 AVC codec - Copyleft 2003-2025 - http://www.videolan.org/x264.html - options: cabac=1 ref=3 deblock=1:0:0 analyse=0x3:0x113 me=hex subme=7 psy=1 psy_rd=1.00:0.00 mixed_ref=1 me_range=16 chroma_me=1 trellis=1 8x8dct=1 cqm=0 deadzone=21,11 fast_pskip=1 chroma_qp_offset=-2 threads=18 lookahead_threads=3 sliced_threads=0 nr=0 decimate=1 interlaced=0 bluray_compat=0 constrained_intra=0 bframes=3 b_pyramid=2 b_adapt=1 b_bias=0 direct=1 weightb=1 open_gop=0 weightp=2 keyint=250 keyint_min=25 scenecut=40 intra_refresh=0 rc_lookahead=40 rc=crf mbtree=1 crf=16.0 qcomp=0.60 qpmin=0 qpmax=69 qpstep=4 ip_ratio=1.40 aq=1:1.00
Output #0, mp4, to 'C:\Users\Peter\Documents\mermaid-roshan-reef\tmp\day2_graphics_audit_20260930\audit\day_one_pool_live_refinement_v2_20261001\native_actions_1280_return_v6\item_01_native_timestamps.mp4':
  Metadata:
    encoder         : Lavf62.12.102
  Stream #0:0: Video: h264 (avc1 / 0x31637661), yuv420p(tv, bt470bg/unknown/unknown, progressive), 1280x720, q=2-31, 1k fps, 16k tbn
    Metadata:
      encoder         : Lavc62.28.102 libx264
    Side data:
      CPB properties: bitrate max/min/avg: 0/0/0 buffer size: 0 vbv_delay: N/A
frame=    0 fps=0.0 q=0.0 size=       0KiB time=N/A bitrate=N/A speed=N/A elapsed=0:00:00.51    frame=    0 fps=0.0 q=0.0 size=       0KiB time=N/A bitrate=N/A speed=N/A elapsed=0:00:01.03    frame=    0 fps=0.0 q=0.0 size=       0KiB time=N/A bitrate=N/A speed=N/A elapsed=0:00:01.56    frame=    1 fps=0.5 q=22.0 size=       0KiB time=-00:00:00.06 bitrate=N/A speed=N/A elapsed=0:00:02.08    [mp4 @ 000001b29341a580] Starting second pass: moving the moov atom to the beginning of the file
[out#0/mp4 @ 000001b29169ccc0] video:1232KiB audio:0KiB subtitle:0KiB other streams:0KiB global headers:0KiB muxing overhead: 0.179376%
frame=   82 fps= 33 q=-1.0 Lsize=    1234KiB time=00:00:02.69 bitrate=3753.1kbits/s speed=1.08x elapsed=0:00:02.50    
[libx264 @ 000001b2916f2d00] frame I:1     Avg QP:12.82  size:356064
[libx264 @ 000001b2916f2d00] frame P:32    Avg QP:14.85  size: 19326
[libx264 @ 000001b2916f2d00] frame B:49    Avg QP:20.42  size:  5845
[libx264 @ 000001b2916f2d00] consecutive B-frames: 12.2% 22.0%  7.3% 58.5%
[libx264 @ 000001b2916f2d00] mb I  I16..4:  7.5%  8.1% 84.4%
[libx264 @ 000001b2916f2d00] mb P  I16..4:  0.0%  0.1%  0.6%  P16..4: 12.6%  1.8%  3.2%  0.0%  0.0%    skip:81.6%
[libx264 @ 000001b2916f2d00] mb B  I16..4:  0.0%  0.0%  0.0%  B16..8:  3.5%  0.9%  1.3%  direct: 1.1%  skip:93.2%  L0:35.4% L1:47.3% BI:17.3%
[libx264 @ 000001b2916f2d00] 8x8 transform intra:9.4% inter:36.9%
[libx264 @ 000001b2916f2d00] coded y,uvDC,uvAC intra: 97.0% 98.1% 96.3% inter: 4.7% 7.1% 6.3%
[libx264 @ 000001b2916f2d00] i16 v,h,dc,p: 30% 40% 25%  6%
[libx264 @ 000001b2916f2d00] i8 v,h,dc,ddl,ddr,vr,hd,vl,hu:  3% 36%  9%  5%  5%  2% 15%  4% 20%
[libx264 @ 000001b2916f2d00] i4 v,h,dc,ddl,ddr,vr,hd,vl,hu: 11% 27% 11%  6%  7%  6% 11%  6% 14%
[libx264 @ 000001b2916f2d00] i8c dc,h,v,p: 51% 26% 10% 13%
[libx264 @ 000001b2916f2d00] Weighted P-Frames: Y:3.1% UV:3.1%
[libx264 @ 000001b2916f2d00] ref P L0: 67.3%  5.6%  9.8% 17.1%  0.2%
[libx264 @ 000001b2916f2d00] ref B L0: 84.5% 10.1%  5.4%
[libx264 @ 000001b2916f2d00] ref B L1: 94.0%  6.0%
[libx264 @ 000001b2916f2d00] kb/s:3611.62
