Input #0, concat, from 'C:\Users\Peter\Documents\mermaid-roshan-reef\tmp\day2_graphics_audit_20260930\audit\day_one_pool_live_refinement_v2_20261001\native_actions_1280_return_v6\item_00.ffconcat':
  Duration: 00:00:02.79, start: 0.000000, bitrate: 14 kb/s
  Stream #0:0: Video: webp, yuv420p(tv, bt470bg/unknown/unknown), 1280x720, 1k fps, 1k tbr, 1k tbn
Stream mapping:
  Stream #0:0 -> #0:0 (webp (native) -> h264 (libx264))
[libx264 @ 0000024ccdf72280] using cpu capabilities: MMX2 SSE2Fast SSSE3 SSE4.2 AVX FMA3 BMI2 AVX2
[libx264 @ 0000024ccdf72280] profile High, level 6.0, 4:2:0, 8-bit
[libx264 @ 0000024ccdf72280] 264 - core 165 r3223 0480cb0 - H.264/MPEG-4 AVC codec - Copyleft 2003-2025 - http://www.videolan.org/x264.html - options: cabac=1 ref=3 deblock=1:0:0 analyse=0x3:0x113 me=hex subme=7 psy=1 psy_rd=1.00:0.00 mixed_ref=1 me_range=16 chroma_me=1 trellis=1 8x8dct=1 cqm=0 deadzone=21,11 fast_pskip=1 chroma_qp_offset=-2 threads=18 lookahead_threads=3 sliced_threads=0 nr=0 decimate=1 interlaced=0 bluray_compat=0 constrained_intra=0 bframes=3 b_pyramid=2 b_adapt=1 b_bias=0 direct=1 weightb=1 open_gop=0 weightp=2 keyint=250 keyint_min=25 scenecut=40 intra_refresh=0 rc_lookahead=40 rc=crf mbtree=1 crf=16.0 qcomp=0.60 qpmin=0 qpmax=69 qpstep=4 ip_ratio=1.40 aq=1:1.00
Output #0, mp4, to 'C:\Users\Peter\Documents\mermaid-roshan-reef\tmp\day2_graphics_audit_20260930\audit\day_one_pool_live_refinement_v2_20261001\native_actions_1280_return_v6\item_00_native_timestamps.mp4':
  Metadata:
    encoder         : Lavf62.12.102
  Stream #0:0: Video: h264 (avc1 / 0x31637661), yuv420p(tv, bt470bg/unknown/unknown, progressive), 1280x720, q=2-31, 1k fps, 16k tbn
    Metadata:
      encoder         : Lavc62.28.102 libx264
    Side data:
      CPB properties: bitrate max/min/avg: 0/0/0 buffer size: 0 vbv_delay: N/A
frame=    0 fps=0.0 q=0.0 size=       0KiB time=N/A bitrate=N/A speed=N/A elapsed=0:00:00.51    frame=    0 fps=0.0 q=0.0 size=       0KiB time=N/A bitrate=N/A speed=N/A elapsed=0:00:01.03    frame=    0 fps=0.0 q=0.0 size=       0KiB time=N/A bitrate=N/A speed=N/A elapsed=0:00:01.54    frame=    3 fps=1.5 q=21.0 size=     256KiB time=00:00:00.00 bitrate=2097536.0kbits/s speed=0.000485x elapsed=0:00:02.06    [mp4 @ 0000024ccfb5db40] Starting second pass: moving the moov atom to the beginning of the file
[out#0/mp4 @ 0000024ccdf1e740] video:1821KiB audio:0KiB subtitle:0KiB other streams:0KiB global headers:0KiB muxing overhead: 0.123321%
frame=   81 fps= 34 q=-1.0 Lsize=    1823KiB time=00:00:02.68 bitrate=5553.1kbits/s speed=1.12x elapsed=0:00:02.39    
[libx264 @ 0000024ccdf72280] frame I:1     Avg QP:15.37  size:312751
[libx264 @ 0000024ccdf72280] frame P:27    Avg QP:14.62  size: 44685
[libx264 @ 0000024ccdf72280] frame B:53    Avg QP:20.47  size:  6496
[libx264 @ 0000024ccdf72280] consecutive B-frames:  8.6%  9.9%  7.4% 74.1%
[libx264 @ 0000024ccdf72280] mb I  I16..4:  7.3% 25.5% 67.2%
[libx264 @ 0000024ccdf72280] mb P  I16..4:  0.2%  0.1%  0.8%  P16..4: 34.4%  6.6% 10.9%  0.0%  0.0%    skip:46.9%
[libx264 @ 0000024ccdf72280] mb B  I16..4:  0.0%  0.0%  0.0%  B16..8: 16.3%  1.1%  1.3%  direct: 1.2%  skip:80.1%  L0:26.5% L1:67.3% BI: 6.2%
[libx264 @ 0000024ccdf72280] 8x8 transform intra:22.4% inter:44.5%
[libx264 @ 0000024ccdf72280] coded y,uvDC,uvAC intra: 95.3% 96.5% 93.7% inter: 11.5% 17.0% 15.1%
[libx264 @ 0000024ccdf72280] i16 v,h,dc,p: 27% 44% 21%  8%
[libx264 @ 0000024ccdf72280] i8 v,h,dc,ddl,ddr,vr,hd,vl,hu:  8% 40%  9%  4%  3%  2% 12%  4% 17%
[libx264 @ 0000024ccdf72280] i4 v,h,dc,ddl,ddr,vr,hd,vl,hu: 12% 25% 11%  7%  8%  7% 11%  7% 13%
[libx264 @ 0000024ccdf72280] i8c dc,h,v,p: 50% 27% 11% 12%
[libx264 @ 0000024ccdf72280] Weighted P-Frames: Y:3.7% UV:3.7%
[libx264 @ 0000024ccdf72280] ref P L0: 81.5%  2.4%  8.9%  7.0%  0.1%
[libx264 @ 0000024ccdf72280] ref B L0: 85.2%  9.8%  5.1%
[libx264 @ 0000024ccdf72280] ref B L1: 93.6%  6.4%
[libx264 @ 0000024ccdf72280] kb/s:5349.27
