Input #0, concat, from 'C:\Users\Peter\Documents\mermaid-roshan-reef\tmp\day2_graphics_audit_20260930\audit\day_one_pool_live_refinement_v2_20261001\native_actions_1280_return_v6\item_03.ffconcat':
  Duration: 00:00:03.49, start: 0.000000, bitrate: 14 kb/s
  Stream #0:0: Video: webp, yuv420p(tv, bt470bg/unknown/unknown), 1280x720, 1k fps, 1k tbr, 1k tbn
Stream mapping:
  Stream #0:0 -> #0:0 (webp (native) -> h264 (libx264))
[libx264 @ 0000023f1df911c0] using cpu capabilities: MMX2 SSE2Fast SSSE3 SSE4.2 AVX FMA3 BMI2 AVX2
[libx264 @ 0000023f1df911c0] profile High, level 6.0, 4:2:0, 8-bit
[libx264 @ 0000023f1df911c0] 264 - core 165 r3223 0480cb0 - H.264/MPEG-4 AVC codec - Copyleft 2003-2025 - http://www.videolan.org/x264.html - options: cabac=1 ref=3 deblock=1:0:0 analyse=0x3:0x113 me=hex subme=7 psy=1 psy_rd=1.00:0.00 mixed_ref=1 me_range=16 chroma_me=1 trellis=1 8x8dct=1 cqm=0 deadzone=21,11 fast_pskip=1 chroma_qp_offset=-2 threads=18 lookahead_threads=3 sliced_threads=0 nr=0 decimate=1 interlaced=0 bluray_compat=0 constrained_intra=0 bframes=3 b_pyramid=2 b_adapt=1 b_bias=0 direct=1 weightb=1 open_gop=0 weightp=2 keyint=250 keyint_min=25 scenecut=40 intra_refresh=0 rc_lookahead=40 rc=crf mbtree=1 crf=16.0 qcomp=0.60 qpmin=0 qpmax=69 qpstep=4 ip_ratio=1.40 aq=1:1.00
Output #0, mp4, to 'C:\Users\Peter\Documents\mermaid-roshan-reef\tmp\day2_graphics_audit_20260930\audit\day_one_pool_live_refinement_v2_20261001\native_actions_1280_return_v6\item_03_native_timestamps.mp4':
  Metadata:
    encoder         : Lavf62.12.102
  Stream #0:0: Video: h264 (avc1 / 0x31637661), yuv420p(tv, bt470bg/unknown/unknown, progressive), 1280x720, q=2-31, 1k fps, 16k tbn
    Metadata:
      encoder         : Lavc62.28.102 libx264
    Side data:
      CPB properties: bitrate max/min/avg: 0/0/0 buffer size: 0 vbv_delay: N/A
frame=    0 fps=0.0 q=0.0 size=       0KiB time=N/A bitrate=N/A speed=N/A elapsed=0:00:00.52    frame=    0 fps=0.0 q=0.0 size=       0KiB time=N/A bitrate=N/A speed=N/A elapsed=0:00:01.03    frame=    0 fps=0.0 q=0.0 size=       0KiB time=N/A bitrate=N/A speed=N/A elapsed=0:00:01.54    frame=    2 fps=1.0 q=22.0 size=     256KiB time=-00:00:00.03 bitrate=N/A speed=N/A elapsed=0:00:02.06    frame=   20 fps=7.7 q=22.0 size=     512KiB time=00:00:00.56 bitrate=7385.0kbits/s speed=0.22x elapsed=0:00:02.58    [mp4 @ 0000023f1dfa7240] Starting second pass: moving the moov atom to the beginning of the file
[out#0/mp4 @ 0000023f1df3b0c0] video:1439KiB audio:0KiB subtitle:0KiB other streams:0KiB global headers:0KiB muxing overhead: 0.176901%
frame=  102 fps= 33 q=-1.0 Lsize=    1442KiB time=00:00:03.39 bitrate=3481.9kbits/s speed=1.11x elapsed=0:00:03.04    
[libx264 @ 0000023f1df911c0] frame I:1     Avg QP:12.79  size:360406
[libx264 @ 0000023f1df911c0] frame P:39    Avg QP:14.37  size: 17964
[libx264 @ 0000023f1df911c0] frame B:62    Avg QP:20.09  size:  6645
[libx264 @ 0000023f1df911c0] consecutive B-frames: 14.7%  9.8%  8.8% 66.7%
[libx264 @ 0000023f1df911c0] mb I  I16..4:  7.8%  7.9% 84.3%
[libx264 @ 0000023f1df911c0] mb P  I16..4:  0.0%  0.1%  0.6%  P16..4:  9.1%  1.7%  3.2%  0.0%  0.0%    skip:85.2%
[libx264 @ 0000023f1df911c0] mb B  I16..4:  0.0%  0.0%  0.0%  B16..8:  2.6%  1.1%  1.4%  direct: 1.0%  skip:93.8%  L0:37.2% L1:42.8% BI:20.0%
[libx264 @ 0000023f1df911c0] 8x8 transform intra:9.5% inter:31.1%
[libx264 @ 0000023f1df911c0] coded y,uvDC,uvAC intra: 97.4% 98.2% 96.7% inter: 4.5% 6.3% 5.6%
[libx264 @ 0000023f1df911c0] i16 v,h,dc,p: 26% 33% 29% 11%
[libx264 @ 0000023f1df911c0] i8 v,h,dc,ddl,ddr,vr,hd,vl,hu:  6% 33%  8%  5%  6%  3% 15%  5% 19%
[libx264 @ 0000023f1df911c0] i4 v,h,dc,ddl,ddr,vr,hd,vl,hu: 10% 27% 11%  6%  8%  6% 11%  6% 14%
[libx264 @ 0000023f1df911c0] i8c dc,h,v,p: 51% 26% 10% 13%
[libx264 @ 0000023f1df911c0] Weighted P-Frames: Y:2.6% UV:2.6%
[libx264 @ 0000023f1df911c0] ref P L0: 67.8%  4.8% 14.6% 12.5%  0.2%
[libx264 @ 0000023f1df911c0] ref B L0: 72.1% 22.1%  5.8%
[libx264 @ 0000023f1df911c0] ref B L1: 92.1%  7.9%
[libx264 @ 0000023f1df911c0] kb/s:3375.57
