Godot Engine v4.7.2.stable.official.ed1daf0bf - https://godotengine.org

FEEL|save_isolation=redirected
  run[none]: t=58.86 done=true drift_up=0.0 tier_max=0
  run[outside]: t=62.80 done=true drift_up=0.0 tier_max=0
  run[inside]: t=58.42 done=true drift_up=0.0 tier_max=0
  run[drift]: t=55.98 done=true drift_up=32.8 tier_max=3
FEEL|t_none=58.86 t_outside=62.80 t_inside=58.42 t_drift=55.98
FEEL|line_advantage=4.38 (outside-inside, target >= 0.8)
FEEL|drift_gain=2.87 (none-drift, target >= 0.8) tier_max=3 uptime=32.8
FEEL|fov_range=20.9 (target >= 8)
FEEL|strip_charge_1s=30hz:0.780 60hz:0.780
FEEL|air_forward_alignment=1.000 (target >= 0.85)
FEEL|touch_countdown_rocket=0.90 (target >= 0.8)
FEEL|pause_bank=memory:2 disk:2 repeat:2
FEEL|save_generation_recovery=true generation:4
FEEL|second_place_commit=place:2 memory:true/true disk:true/true before_podium:true
FEEL|full_pack_race=done game=''
FEEL|zero_input_reward=none
FEEL|quit_restore=ok
FEEL|quit_pearl_delta=memory:3 disk:3 (target 3, no placement bonus)
KARTFEEL|ALL OK
