Godot Engine v4.7.2.stable.official.ed1daf0bf - https://godotengine.org
Vulkan 1.4.325 - Forward Mobile - Using Device #0: NVIDIA - NVIDIA GeForce RTX 3060 Ti

CURRENT_HALL_ART|OK|found ballerina shipping config
CURRENT_HALL_ART|OK|ballerina OperaAct.start
CURRENT_HALL_ART|OK|ballerina live career world
CURRENT_HALL_ART|OK|ballerina/practice task open
CURRENT_HALL_ART|OK|capture ballerina_practice_pearl_mirror_intro.png
CURRENT_HALL_ART|CAPTURE|{"animation_frame":null,"animation_state":"ballet_pose","career":"ballerina","mode":"ballet_pose","origin":"configured_phase_shortcut","part":"practice","path":"C:\\Users\\Peter\\Documents\\mermaid-roshan-reef\\.worktrees\\minigame-art-dev-reconcile-20260905\\tmp\\current-hall-art-capture\\run01\\captures/ballerina_practice_pearl_mirror_intro.png","performance_part":"practice","phase":"pearl_mirror","phase_index":0,"phase_label":"PEARL MIRROR","process_frames":20,"renderer":"mobile","sha256":"b3be3b44ea49228f6424c21947dd437f868a44641b3cf8b855aa0960b74e6fac","source_phase":0,"state":"intro","task_open":true,"ticks_msec":15915,"time_scale":1.0,"viewport":[1280,720]}
CURRENT_HALL_ART|OK|capture ballerina_practice_pearl_mirror_held_contact.png
CURRENT_HALL_ART|CAPTURE|{"animation_frame":null,"animation_state":"ballet_pose","career":"ballerina","mode":"ballet_pose","origin":"live_gui_input_held","part":"practice","path":"C:\\Users\\Peter\\Documents\\mermaid-roshan-reef\\.worktrees\\minigame-art-dev-reconcile-20260905\\tmp\\current-hall-art-capture\\run01\\captures/ballerina_practice_pearl_mirror_held_contact.png","performance_part":"practice","phase":"pearl_mirror","phase_index":0,"phase_label":"PEARL MIRROR","process_frames":24,"renderer":"mobile","sha256":"e871eb7fb2a4f74a762f410738b7d13c1c839acaa86879747f4f7999dddbbd94","source_phase":0,"state":"held_contact","task_open":true,"ticks_msec":16451,"time_scale":1.0,"viewport":[1280,720]}
CURRENT_HALL_ART|OK|ballerina/stage task open
CURRENT_HALL_ART|OK|capture ballerina_stage_pearl_mirror_intro.png
CURRENT_HALL_ART|CAPTURE|{"animation_frame":null,"animation_state":"ballet_pose","career":"ballerina","mode":"ballet_pose","origin":"configured_phase_shortcut","part":"stage","path":"C:\\Users\\Peter\\Documents\\mermaid-roshan-reef\\.worktrees\\minigame-art-dev-reconcile-20260905\\tmp\\current-hall-art-capture\\run01\\captures/ballerina_stage_pearl_mirror_intro.png","performance_part":"stage","phase":"pearl_mirror","phase_index":3,"phase_label":"PEARL MIRROR","process_frames":53,"renderer":"mobile","sha256":"5d3e65409070a9f206512a8a4ab3ab7ca1169d2465ae538592901ef2d3330bd1","source_phase":0,"state":"intro","task_open":true,"ticks_msec":20874,"time_scale":1.0,"viewport":[1280,720]}
CURRENT_HALL_ART|OK|capture ballerina_stage_pearl_mirror_held_contact.png
CURRENT_HALL_ART|CAPTURE|{"animation_frame":null,"animation_state":"ballet_pose","career":"ballerina","mode":"ballet_pose","origin":"live_gui_input_held","part":"stage","path":"C:\\Users\\Peter\\Documents\\mermaid-roshan-reef\\.worktrees\\minigame-art-dev-reconcile-20260905\\tmp\\current-hall-art-capture\\run01\\captures/ballerina_stage_pearl_mirror_held_contact.png","performance_part":"stage","phase":"pearl_mirror","phase_index":3,"phase_label":"PEARL MIRROR","process_frames":57,"renderer":"mobile","sha256":"f7a94e6ed5d8518c57b327cb5e21bfb1e45f0ca36601c58d0d0e204cc655f5d3","source_phase":0,"state":"held_contact","task_open":true,"ticks_msec":21673,"time_scale":1.0,"viewport":[1280,720]}
CURRENT_HALL_ART|OK|found magician shipping config
CURRENT_HALL_ART|OK|magician OperaAct.start
CURRENT_HALL_ART|OK|magician live career world
CURRENT_HALL_ART|OK|magician/practice task open
CURRENT_HALL_ART|OK|capture magician_practice_vanish_intro.png
CURRENT_HALL_ART|CAPTURE|{"animation_frame":null,"animation_state":"hold","career":"magician","mode":"hold","origin":"configured_phase_shortcut","part":"practice","path":"C:\\Users\\Peter\\Documents\\mermaid-roshan-reef\\.worktrees\\minigame-art-dev-reconcile-20260905\\tmp\\current-hall-art-capture\\run01\\captures/magician_practice_vanish_intro.png","performance_part":"practice","phase":"vanish","phase_index":0,"phase_label":"VANISH","process_frames":96,"renderer":"mobile","sha256":"47ae64097d272ecb80d63154c043ded0305c5895d3f7db48455ea8adbf8e924b","source_phase":0,"state":"intro","task_open":true,"ticks_msec":27318,"time_scale":1.0,"viewport":[1280,720]}
CURRENT_HALL_ART|OK|capture magician_practice_vanish_held_contact.png
CURRENT_HALL_ART|CAPTURE|{"animation_frame":null,"animation_state":"hold","career":"magician","mode":"hold","origin":"live_gui_input_held","part":"practice","path":"C:\\Users\\Peter\\Documents\\mermaid-roshan-reef\\.worktrees\\minigame-art-dev-reconcile-20260905\\tmp\\current-hall-art-capture\\run01\\captures/magician_practice_vanish_held_contact.png","performance_part":"practice","phase":"vanish","phase_index":0,"phase_label":"VANISH","process_frames":100,"renderer":"mobile","sha256":"a34e54b7df1d9f93d59a193fbe4f7843fe2a055c10ff8c8f28dd743c9082f30e","source_phase":0,"state":"held_contact","task_open":true,"ticks_msec":28030,"time_scale":1.0,"viewport":[1280,720]}
CURRENT_HALL_ART|OK|capture magician_practice_vanish_phase_payoff.png
CURRENT_HALL_ART|CAPTURE|{"animation_frame":null,"animation_state":"hold","career":"magician","mode":"hold","origin":"live_gui_input_completion","part":"practice","path":"C:\\Users\\Peter\\Documents\\mermaid-roshan-reef\\.worktrees\\minigame-art-dev-reconcile-20260905\\tmp\\current-hall-art-capture\\run01\\captures/magician_practice_vanish_phase_payoff.png","performance_part":"practice","phase":"vanish","phase_index":0,"phase_label":"VANISH","process_frames":148,"renderer":"mobile","sha256":"36f61c15a227958005dbf4974a8a79cad740b7eeaf40cfd226d72bfa40f144ba","source_phase":0,"state":"phase_payoff","task_open":true,"ticks_msec":35924,"time_scale":1.0,"viewport":[1280,720]}
CURRENT_HALL_ART|OK|magician/stage task open
CURRENT_HALL_ART|OK|capture magician_stage_vanish_intro.png
CURRENT_HALL_ART|CAPTURE|{"animation_frame":null,"animation_state":"hold","career":"magician","mode":"hold","origin":"configured_phase_shortcut","part":"stage","path":"C:\\Users\\Peter\\Documents\\mermaid-roshan-reef\\.worktrees\\minigame-art-dev-reconcile-20260905\\tmp\\current-hall-art-capture\\run01\\captures/magician_stage_vanish_intro.png","performance_part":"stage","phase":"vanish","phase_index":3,"phase_label":"VANISH","process_frames":157,"renderer":"mobile","sha256":"6ca96965051e71e78abb30ea45c3b4cce804342a3041541be41262b48551e2a4","source_phase":0,"state":"intro","task_open":true,"ticks_msec":37280,"time_scale":1.0,"viewport":[1280,720]}
CURRENT_HALL_ART|OK|capture magician_stage_vanish_held_contact.png
CURRENT_HALL_ART|CAPTURE|{"animation_frame":null,"animation_state":"hold","career":"magician","mode":"hold","origin":"live_gui_input_held","part":"stage","path":"C:\\Users\\Peter\\Documents\\mermaid-roshan-reef\\.worktrees\\minigame-art-dev-reconcile-20260905\\tmp\\current-hall-art-capture\\run01\\captures/magician_stage_vanish_held_contact.png","performance_part":"stage","phase":"vanish","phase_index":3,"phase_label":"VANISH","process_frames":161,"renderer":"mobile","sha256":"531ff5b6455db24416434bc9abeea2877e9eb7e0fc569e7fb5d9254ee03698fc","source_phase":0,"state":"held_contact","task_open":true,"ticks_msec":37930,"time_scale":1.0,"viewport":[1280,720]}
CURRENT_HALL_ART|OK|capture magician_stage_vanish_phase_payoff.png
CURRENT_HALL_ART|CAPTURE|{"animation_frame":null,"animation_state":"hold","career":"magician","mode":"hold","origin":"live_gui_input_completion","part":"stage","path":"C:\\Users\\Peter\\Documents\\mermaid-roshan-reef\\.worktrees\\minigame-art-dev-reconcile-20260905\\tmp\\current-hall-art-capture\\run01\\captures/magician_stage_vanish_phase_payoff.png","performance_part":"stage","phase":"vanish","phase_index":3,"phase_label":"VANISH","process_frames":208,"renderer":"mobile","sha256":"87aaa39b940bd0c2bd2a050cc73925dd77edf27d2ad3878f5b793d5dba08ed66","source_phase":0,"state":"phase_payoff","task_open":true,"ticks_msec":46202,"time_scale":1.0,"viewport":[1280,720]}
CURRENT_HALL_ART|OK|found popstar shipping config
CURRENT_HALL_ART|OK|popstar OperaAct.start
CURRENT_HALL_ART|OK|popstar live career world
CURRENT_HALL_ART|OK|popstar/practice task open
CURRENT_HALL_ART|OK|capture popstar_practice_sound_check_intro.png
CURRENT_HALL_ART|CAPTURE|{"animation_frame":null,"animation_state":"hold","career":"popstar","mode":"hold","origin":"configured_phase_shortcut","part":"practice","path":"C:\\Users\\Peter\\Documents\\mermaid-roshan-reef\\.worktrees\\minigame-art-dev-reconcile-20260905\\tmp\\current-hall-art-capture\\run01\\captures/popstar_practice_sound_check_intro.png","performance_part":"practice","phase":"sound_check","phase_index":0,"phase_label":"SOUND CHECK","process_frames":223,"renderer":"mobile","sha256":"d9edc7c43e9a0960abbea1939fdc94882a6eb258946b4691a35e6c5e40e6c329","source_phase":0,"state":"intro","task_open":true,"ticks_msec":48403,"time_scale":1.0,"viewport":[1280,720]}
CURRENT_HALL_ART|OK|capture popstar_practice_sound_check_held_contact.png
CURRENT_HALL_ART|CAPTURE|{"animation_frame":null,"animation_state":"hold","career":"popstar","mode":"hold","origin":"live_gui_input_held","part":"practice","path":"C:\\Users\\Peter\\Documents\\mermaid-roshan-reef\\.worktrees\\minigame-art-dev-reconcile-20260905\\tmp\\current-hall-art-capture\\run01\\captures/popstar_practice_sound_check_held_contact.png","performance_part":"practice","phase":"sound_check","phase_index":0,"phase_label":"SOUND CHECK","process_frames":227,"renderer":"mobile","sha256":"fa0a161e69f2ece5fd16fb71641198727e1e87fb14a552fb45670450709a809e","source_phase":0,"state":"held_contact","task_open":true,"ticks_msec":49011,"time_scale":1.0,"viewport":[1280,720]}
CURRENT_HALL_ART|OK|capture popstar_practice_sound_check_phase_payoff.png
CURRENT_HALL_ART|CAPTURE|{"animation_frame":null,"animation_state":"hold","career":"popstar","mode":"hold","origin":"live_gui_input_completion","part":"practice","path":"C:\\Users\\Peter\\Documents\\mermaid-roshan-reef\\.worktrees\\minigame-art-dev-reconcile-20260905\\tmp\\current-hall-art-capture\\run01\\captures/popstar_practice_sound_check_phase_payoff.png","performance_part":"practice","phase":"sound_check","phase_index":0,"phase_label":"SOUND CHECK","process_frames":275,"renderer":"mobile","sha256":"ef9f1e78b69cc9e50aceace591ca7addac60bde33f9ddd28e78d1650b35a93b8","source_phase":0,"state":"phase_payoff","task_open":true,"ticks_msec":55863,"time_scale":1.0,"viewport":[1280,720]}
CURRENT_HALL_ART|OK|popstar/stage task open
CURRENT_HALL_ART|OK|capture popstar_stage_sound_check_intro.png
CURRENT_HALL_ART|CAPTURE|{"animation_frame":null,"animation_state":"hold","career":"popstar","mode":"hold","origin":"configured_phase_shortcut","part":"stage","path":"C:\\Users\\Peter\\Documents\\mermaid-roshan-reef\\.worktrees\\minigame-art-dev-reconcile-20260905\\tmp\\current-hall-art-capture\\run01\\captures/popstar_stage_sound_check_intro.png","performance_part":"stage","phase":"sound_check","phase_index":3,"phase_label":"SOUND CHECK","process_frames":283,"renderer":"mobile","sha256":"a01f0aa5d180fa37a01bcbd71fbf39e8809c627f498d0d1edaff3ac6981b34b0","source_phase":0,"state":"intro","task_open":true,"ticks_msec":57763,"time_scale":1.0,"viewport":[1280,720]}
CURRENT_HALL_ART|OK|capture popstar_stage_sound_check_held_contact.png
CURRENT_HALL_ART|CAPTURE|{"animation_frame":null,"animation_state":"hold","career":"popstar","mode":"hold","origin":"live_gui_input_held","part":"stage","path":"C:\\Users\\Peter\\Documents\\mermaid-roshan-reef\\.worktrees\\minigame-art-dev-reconcile-20260905\\tmp\\current-hall-art-capture\\run01\\captures/popstar_stage_sound_check_held_contact.png","performance_part":"stage","phase":"sound_check","phase_index":3,"phase_label":"SOUND CHECK","process_frames":287,"renderer":"mobile","sha256":"0b6e2ac9e8ad2d80765afe17307edec97be976940310374242aa646e49baa5c3","source_phase":0,"state":"held_contact","task_open":true,"ticks_msec":58382,"time_scale":1.0,"viewport":[1280,720]}
CURRENT_HALL_ART|OK|capture popstar_stage_sound_check_phase_payoff.png
CURRENT_HALL_ART|CAPTURE|{"animation_frame":null,"animation_state":"hold","career":"popstar","mode":"hold","origin":"live_gui_input_completion","part":"stage","path":"C:\\Users\\Peter\\Documents\\mermaid-roshan-reef\\.worktrees\\minigame-art-dev-reconcile-20260905\\tmp\\current-hall-art-capture\\run01\\captures/popstar_stage_sound_check_phase_payoff.png","performance_part":"stage","phase":"sound_check","phase_index":3,"phase_label":"SOUND CHECK","process_frames":335,"renderer":"mobile","sha256":"61af121d5730fd1a06b1b272e989054881dbaa07b30e4fece8d69f7b028d9efe","source_phase":0,"state":"phase_payoff","task_open":true,"ticks_msec":64810,"time_scale":1.0,"viewport":[1280,720]}
CURRENT_HALL_ART|OK|manifest opened
CURRENT_HALL_ART|RESULT|PASS|captures=16|unsupported=2|elapsed_ms=55515
