Godot Engine v4.7.2.stable.official.ed1daf0bf - https://godotengine.org

WARNING: Loaded resource as image file, this will not work on export: 'res://assets/flats/castle/logo_studio_v2/castle_banner_motif_crown.png'. Instead, import the image file as an Image resource and load it normally as a resource.
   at: load_from_file (core/io/image.cpp:2780)
   GDScript backtrace (most recent call first):
       [0] _trim (res://tools/build_fashion_slots.gd:9)
       [1] _initialize (res://tools/build_fashion_slots.gd:64)
WARNING: Loaded resource as image file, this will not work on export: 'res://assets/fashion/skin_engine_v2/garments/ribbon.png'. Instead, import the image file as an Image resource and load it normally as a resource.
   at: load_from_file (core/io/image.cpp:2780)
   GDScript backtrace (most recent call first):
       [0] _trim (res://tools/build_fashion_slots.gd:9)
       [1] _initialize (res://tools/build_fashion_slots.gd:64)
WARNING: Loaded resource as image file, this will not work on export: 'res://assets/fashion/skin_engine_v2/atlases/daddy_original.png'. Instead, import the image file as an Image resource and load it normally as a resource.
   at: load_from_file (core/io/image.cpp:2780)
   GDScript backtrace (most recent call first):
       [0] _initialize (res://tools/build_fashion_slots.gd:73)
WARNING: Loaded resource as image file, this will not work on export: 'res://assets/characters/roshan_25d/roshan_base.png'. Instead, import the image file as an Image resource and load it normally as a resource.
   at: load_from_file (core/io/image.cpp:2780)
   GDScript backtrace (most recent call first):
       [0] _initialize (res://tools/build_fashion_slots.gd:73)
WARNING: Loaded resource as image file, this will not work on export: 'res://assets/characters/roshan_25d/roshan_directional.png'. Instead, import the image file as an Image resource and load it normally as a resource.
   at: load_from_file (core/io/image.cpp:2780)
   GDScript backtrace (most recent call first):
       [0] _initialize (res://tools/build_fashion_slots.gd:73)
WARNING: Loaded resource as image file, this will not work on export: 'res://assets/characters/roshan_25d/roshan_gesture_a.png'. Instead, import the image file as an Image resource and load it normally as a resource.
   at: load_from_file (core/io/image.cpp:2780)
   GDScript backtrace (most recent call first):
       [0] _initialize (res://tools/build_fashion_slots.gd:73)
WARNING: Loaded resource as image file, this will not work on export: 'res://assets/characters/roshan_25d/roshan_gesture_b.png'. Instead, import the image file as an Image resource and load it normally as a resource.
   at: load_from_file (core/io/image.cpp:2780)
   GDScript backtrace (most recent call first):
       [0] _initialize (res://tools/build_fashion_slots.gd:73)
WARNING: Loaded resource as image file, this will not work on export: 'res://assets/characters/roshan_25d/roshan_gesture_c.png'. Instead, import the image file as an Image resource and load it normally as a resource.
   at: load_from_file (core/io/image.cpp:2780)
   GDScript backtrace (most recent call first):
       [0] _initialize (res://tools/build_fashion_slots.gd:73)
WARNING: Loaded resource as image file, this will not work on export: 'res://assets/characters/roshan_25d/roshan_gesture_d.png'. Instead, import the image file as an Image resource and load it normally as a resource.
   at: load_from_file (core/io/image.cpp:2780)
   GDScript backtrace (most recent call first):
       [0] _initialize (res://tools/build_fashion_slots.gd:73)
WARNING: Loaded resource as image file, this will not work on export: 'res://assets/characters/roshan_25d/roshan_play_a.png'. Instead, import the image file as an Image resource and load it normally as a resource.
   at: load_from_file (core/io/image.cpp:2780)
   GDScript backtrace (most recent call first):
       [0] _initialize (res://tools/build_fashion_slots.gd:73)
WARNING: Loaded resource as image file, this will not work on export: 'res://assets/characters/roshan_25d/roshan_play_b.png'. Instead, import the image file as an Image resource and load it normally as a resource.
   at: load_from_file (core/io/image.cpp:2780)
   GDScript backtrace (most recent call first):
       [0] _initialize (res://tools/build_fashion_slots.gd:73)
WARNING: Loaded resource as image file, this will not work on export: 'res://assets/characters/roshan_25d/roshan_swim_back.png'. Instead, import the image file as an Image resource and load it normally as a resource.
   at: load_from_file (core/io/image.cpp:2780)
   GDScript backtrace (most recent call first):
       [0] _initialize (res://tools/build_fashion_slots.gd:73)
WARNING: Loaded resource as image file, this will not work on export: 'res://assets/characters/roshan_25d/roshan_swim_front.png'. Instead, import the image file as an Image resource and load it normally as a resource.
   at: load_from_file (core/io/image.cpp:2780)
   GDScript backtrace (most recent call first):
       [0] _initialize (res://tools/build_fashion_slots.gd:73)
WARNING: Loaded resource as image file, this will not work on export: 'res://assets/characters/rumi/rumi_eight_pose_runtime.png'. Instead, import the image file as an Image resource and load it normally as a resource.
   at: load_from_file (core/io/image.cpp:2780)
   GDScript backtrace (most recent call first):
       [0] _initialize (res://tools/build_fashion_slots.gd:73)
WARNING: Loaded resource as image file, this will not work on export: 'res://assets/characters/rumi/rumi_pool_idle_swim_atlas.png'. Instead, import the image file as an Image resource and load it normally as a resource.
   at: load_from_file (core/io/image.cpp:2780)
   GDScript backtrace (most recent call first):
       [0] _initialize (res://tools/build_fashion_slots.gd:73)
WARNING: Loaded resource as image file, this will not work on export: 'res://assets/fashion/slots_v1/items/strawberry_head.png'. Instead, import the image file as an Image resource and load it normally as a resource.
   at: load_from_file (core/io/image.cpp:2780)
   GDScript backtrace (most recent call first):
       [0] _initialize (res://tools/build_fashion_slots.gd:168)
WARNING: Loaded resource as image file, this will not work on export: 'res://assets/fashion/slots_v1/items/strawberry_body.png'. Instead, import the image file as an Image resource and load it normally as a resource.
   at: load_from_file (core/io/image.cpp:2780)
   GDScript backtrace (most recent call first):
       [0] _initialize (res://tools/build_fashion_slots.gd:168)
WARNING: Loaded resource as image file, this will not work on export: 'res://assets/fashion/slots_v1/items/strawberry_tail.png'. Instead, import the image file as an Image resource and load it normally as a resource.
   at: load_from_file (core/io/image.cpp:2780)
   GDScript backtrace (most recent call first):
       [0] _initialize (res://tools/build_fashion_slots.gd:168)
WARNING: Loaded resource as image file, this will not work on export: 'res://assets/fashion/slots_v1/items/chef_head.png'. Instead, import the image file as an Image resource and load it normally as a resource.
   at: load_from_file (core/io/image.cpp:2780)
   GDScript backtrace (most recent call first):
       [0] _initialize (res://tools/build_fashion_slots.gd:168)
WARNING: Loaded resource as image file, this will not work on export: 'res://assets/fashion/slots_v1/items/chef_body.png'. Instead, import the image file as an Image resource and load it normally as a resource.
   at: load_from_file (core/io/image.cpp:2780)
   GDScript backtrace (most recent call first):
       [0] _initialize (res://tools/build_fashion_slots.gd:168)
WARNING: Loaded resource as image file, this will not work on export: 'res://assets/fashion/slots_v1/items/chef_tail.png'. Instead, import the image file as an Image resource and load it normally as a resource.
   at: load_from_file (core/io/image.cpp:2780)
   GDScript backtrace (most recent call first):
       [0] _initialize (res://tools/build_fashion_slots.gd:168)
WARNING: Loaded resource as image file, this will not work on export: 'res://assets/fashion/slots_v1/items/painter_head.png'. Instead, import the image file as an Image resource and load it normally as a resource.
   at: load_from_file (core/io/image.cpp:2780)
   GDScript backtrace (most recent call first):
       [0] _initialize (res://tools/build_fashion_slots.gd:168)
WARNING: Loaded resource as image file, this will not work on export: 'res://assets/fashion/slots_v1/items/painter_body.png'. Instead, import the image file as an Image resource and load it normally as a resource.
   at: load_from_file (core/io/image.cpp:2780)
   GDScript backtrace (most recent call first):
       [0] _initialize (res://tools/build_fashion_slots.gd:168)
WARNING: Loaded resource as image file, this will not work on export: 'res://assets/fashion/slots_v1/items/painter_tail.png'. Instead, import the image file as an Image resource and load it normally as a resource.
   at: load_from_file (core/io/image.cpp:2780)
   GDScript backtrace (most recent call first):
       [0] _initialize (res://tools/build_fashion_slots.gd:168)
WARNING: Loaded resource as image file, this will not work on export: 'res://assets/fashion/slots_v1/items/star_head.png'. Instead, import the image file as an Image resource and load it normally as a resource.
   at: load_from_file (core/io/image.cpp:2780)
   GDScript backtrace (most recent call first):
       [0] _initialize (res://tools/build_fashion_slots.gd:168)
WARNING: Loaded resource as image file, this will not work on export: 'res://assets/fashion/slots_v1/items/star_body.png'. Instead, import the image file as an Image resource and load it normally as a resource.
   at: load_from_file (core/io/image.cpp:2780)
   GDScript backtrace (most recent call first):
       [0] _initialize (res://tools/build_fashion_slots.gd:168)
WARNING: Loaded resource as image file, this will not work on export: 'res://assets/fashion/slots_v1/items/star_tail.png'. Instead, import the image file as an Image resource and load it normally as a resource.
   at: load_from_file (core/io/image.cpp:2780)
   GDScript backtrace (most recent call first):
       [0] _initialize (res://tools/build_fashion_slots.gd:168)
WARNING: Loaded resource as image file, this will not work on export: 'res://assets/fashion/slots_v1/items/blossom_head.png'. Instead, import the image file as an Image resource and load it normally as a resource.
   at: load_from_file (core/io/image.cpp:2780)
   GDScript backtrace (most recent call first):
       [0] _initialize (res://tools/build_fashion_slots.gd:168)
WARNING: Loaded resource as image file, this will not work on export: 'res://assets/fashion/slots_v1/items/blossom_body.png'. Instead, import the image file as an Image resource and load it normally as a resource.
   at: load_from_file (core/io/image.cpp:2780)
   GDScript backtrace (most recent call first):
       [0] _initialize (res://tools/build_fashion_slots.gd:168)
WARNING: Loaded resource as image file, this will not work on export: 'res://assets/fashion/slots_v1/items/blossom_tail.png'. Instead, import the image file as an Image resource and load it normally as a resource.
   at: load_from_file (core/io/image.cpp:2780)
   GDScript backtrace (most recent call first):
       [0] _initialize (res://tools/build_fashion_slots.gd:168)
WARNING: Loaded resource as image file, this will not work on export: 'res://assets/fashion/slots_v1/items/winter_head.png'. Instead, import the image file as an Image resource and load it normally as a resource.
   at: load_from_file (core/io/image.cpp:2780)
   GDScript backtrace (most recent call first):
       [0] _initialize (res://tools/build_fashion_slots.gd:168)
WARNING: Loaded resource as image file, this will not work on export: 'res://assets/fashion/slots_v1/items/winter_body.png'. Instead, import the image file as an Image resource and load it normally as a resource.
   at: load_from_file (core/io/image.cpp:2780)
   GDScript backtrace (most recent call first):
       [0] _initialize (res://tools/build_fashion_slots.gd:168)
WARNING: Loaded resource as image file, this will not work on export: 'res://assets/fashion/slots_v1/items/winter_tail.png'. Instead, import the image file as an Image resource and load it normally as a resource.
   at: load_from_file (core/io/image.cpp:2780)
   GDScript backtrace (most recent call first):
       [0] _initialize (res://tools/build_fashion_slots.gd:168)
WARNING: Loaded resource as image file, this will not work on export: 'res://assets/fashion/slots_v1/items/royal_head.png'. Instead, import the image file as an Image resource and load it normally as a resource.
   at: load_from_file (core/io/image.cpp:2780)
   GDScript backtrace (most recent call first):
       [0] _initialize (res://tools/build_fashion_slots.gd:168)
WARNING: Loaded resource as image file, this will not work on export: 'res://assets/fashion/slots_v1/items/pearl_head.png'. Instead, import the image file as an Image resource and load it normally as a resource.
   at: load_from_file (core/io/image.cpp:2780)
   GDScript backtrace (most recent call first):
       [0] _initialize (res://tools/build_fashion_slots.gd:168)
FASHION_SLOTS_BUILD|ALL OK|22 items; 260 independent painted layers
