Godot Engine v4.7.2.stable.official.ed1daf0bf - https://godotengine.org

Unable to open Android 'build-tools' directory.
[   0% ] [90m[1mfirst_scan_filesystem[22m | Started Project initialization (5 steps)[39m[0m
[   0% ] [90m[1mfirst_scan_filesystem[22m | Scanning file structure...[39m[0m
[  16% ] [90m[1mfirst_scan_filesystem[22m | Loading global class names...[39m[0m
[  33% ] [90m[1mfirst_scan_filesystem[22m | Verifying GDExtensions...[39m[0m
[  50% ] [90m[1mfirst_scan_filesystem[22m | Creating autoload scripts...[39m[0m
[  66% ] [90m[1mfirst_scan_filesystem[22m | Initializing plugins...[39m[0m
[  83% ] [90m[1mfirst_scan_filesystem[22m | Starting file scan...[39m[0m
[92m[ DONE ][39m [1mfirst_scan_filesystem[22m
[0m
[   0% ] [90m[1mupdate_scripts_classes[22m | Started Registering global classes... (3 steps)[39m[0m
[   0% ] [90m[1mupdate_scripts_classes[22m | FashionParts[39m[0m
[  25% ] [90m[1mupdate_scripts_classes[22m | FashionPartsTestCase[39m[0m
[  50% ] [90m[1mupdate_scripts_classes[22m | FashionWardrobe[39m[0m
[92m[ DONE ][39m [1mupdate_scripts_classes[22m
[0m
[   0% ] [90m[1m_update_scan_actions[22m | Started Scanning actions... (281 steps)[39m[0m
[   0% ] [90m[1m_update_scan_actions[22m | blossom_body.png[39m[0m
[   0% ] [90m[1m_update_scan_actions[22m | blossom_head.png[39m[0m
[   0% ] [90m[1m_update_scan_actions[22m | blossom_tail.png[39m[0m
[   1% ] [90m[1m_update_scan_actions[22m | chef_body.png[39m[0m
[   1% ] [90m[1m_update_scan_actions[22m | chef_head.png[39m[0m
[   1% ] [90m[1m_update_scan_actions[22m | chef_tail.png[39m[0m
[   2% ] [90m[1m_update_scan_actions[22m | original_return.png[39m[0m
[   2% ] [90m[1m_update_scan_actions[22m | painter_body.png[39m[0m
[   2% ] [90m[1m_update_scan_actions[22m | painter_head.png[39m[0m
[   3% ] [90m[1m_update_scan_actions[22m | painter_tail.png[39m[0m
[   3% ] [90m[1m_update_scan_actions[22m | pearl_head.png[39m[0m
[   3% ] [90m[1m_update_scan_actions[22m | royal_head.png[39m[0m
[   4% ] [90m[1m_update_scan_actions[22m | star_body.png[39m[0m
[   4% ] [90m[1m_update_scan_actions[22m | star_head.png[39m[0m
[   4% ] [90m[1m_update_scan_actions[22m | star_tail.png[39m[0m
[   5% ] [90m[1m_update_scan_actions[22m | strawberry_body.png[39m[0m
[   5% ] [90m[1m_update_scan_actions[22m | strawberry_head.png[39m[0m
[   6% ] [90m[1m_update_scan_actions[22m | strawberry_tail.png[39m[0m
[   6% ] [90m[1m_update_scan_actions[22m | winter_body.png[39m[0m
[   6% ] [90m[1m_update_scan_actions[22m | winter_head.png[39m[0m
[   7% ] [90m[1m_update_scan_actions[22m | winter_tail.png[39m[0m
[   7% ] [90m[1m_update_scan_actions[22m | daddy_body_blossom_v1.png[39m[0m
[   7% ] [90m[1m_update_scan_actions[22m | daddy_body_chef_v1.png[39m[0m
[   8% ] [90m[1m_update_scan_actions[22m | daddy_body_painter_v1.png[39m[0m
[   8% ] [90m[1m_update_scan_actions[22m | daddy_body_star_v1.png[39m[0m
[   8% ] [90m[1m_update_scan_actions[22m | daddy_body_strawberry_v1.png[39m[0m
[   9% ] [90m[1m_update_scan_actions[22m | daddy_body_winter_v1.png[39m[0m
[   9% ] [90m[1m_update_scan_actions[22m | daddy_head_blossom_v1.png[39m[0m
[   9% ] [90m[1m_update_scan_actions[22m | daddy_head_chef_v1.png[39m[0m
[  10% ] [90m[1m_update_scan_actions[22m | daddy_head_painter_v1.png[39m[0m
[  10% ] [90m[1m_update_scan_actions[22m | daddy_head_pearl_v1.png[39m[0m
[  10% ] [90m[1m_update_scan_actions[22m | daddy_head_royal_v1.png[39m[0m
[  11% ] [90m[1m_update_scan_actions[22m | daddy_head_star_v1.png[39m[0m
[  11% ] [90m[1m_update_scan_actions[22m | daddy_head_strawberry_v1.png[39m[0m
[  12% ] [90m[1m_update_scan_actions[22m | daddy_head_winter_v1.png[39m[0m
[  12% ] [90m[1m_update_scan_actions[22m | daddy_tail_blossom_v1.png[39m[0m
[  12% ] [90m[1m_update_scan_actions[22m | daddy_tail_chef_v1.png[39m[0m
[  13% ] [90m[1m_update_scan_actions[22m | daddy_tail_painter_v1.png[39m[0m
[  13% ] [90m[1m_update_scan_actions[22m | daddy_tail_star_v1.png[39m[0m
[  13% ] [90m[1m_update_scan_actions[22m | daddy_tail_strawberry_v1.png[39m[0m
[  14% ] [90m[1m_update_scan_actions[22m | daddy_tail_winter_v1.png[39m[0m
[  14% ] [90m[1m_update_scan_actions[22m | roshan_base_body_blossom_v1.png[39m[0m
[  14% ] [90m[1m_update_scan_actions[22m | roshan_base_body_chef_v1.png[39m[0m
[  15% ] [90m[1m_update_scan_actions[22m | roshan_base_body_painter_v1.png[39m[0m
[  15% ] [90m[1m_update_scan_actions[22m | roshan_base_body_star_v1.png[39m[0m
[  15% ] [90m[1m_update_scan_actions[22m | roshan_base_body_strawberry_v1.png[39m[0m
[  16% ] [90m[1m_update_scan_actions[22m | roshan_base_body_winter_v1.png[39m[0m
[  16% ] [90m[1m_update_scan_actions[22m | roshan_base_head_blossom_v1.png[39m[0m
[  17% ] [90m[1m_update_scan_actions[22m | roshan_base_head_chef_v1.png[39m[0m
[  17% ] [90m[1m_update_scan_actions[22m | roshan_base_head_painter_v1.png[39m[0m
[  17% ] [90m[1m_update_scan_actions[22m | roshan_base_head_pearl_v1.png[39m[0m
[  18% ] [90m[1m_update_scan_actions[22m | roshan_base_head_royal_v1.png[39m[0m
[  18% ] [90m[1m_update_scan_actions[22m | roshan_base_head_star_v1.png[39m[0m
[  18% ] [90m[1m_update_scan_actions[22m | roshan_base_head_strawberry_v1.png[39m[0m
[  19% ] [90m[1m_update_scan_actions[22m | roshan_base_head_winter_v1.png[39m[0m
[  19% ] [90m[1m_update_scan_actions[22m | roshan_base_tail_blossom_v1.png[39m[0m
[  19% ] [90m[1m_update_scan_actions[22m | roshan_base_tail_chef_v1.png[39m[0m
[  20% ] [90m[1m_update_scan_actions[22m | roshan_base_tail_painter_v1.png[39m[0m
[  20% ] [90m[1m_update_scan_actions[22m | roshan_base_tail_star_v1.png[39m[0m
[  20% ] [90m[1m_update_scan_actions[22m | roshan_base_tail_strawberry_v1.png[39m[0m
[  21% ] [90m[1m_update_scan_actions[22m | roshan_base_tail_winter_v1.png[39m[0m
[  21% ] [90m[1m_update_scan_actions[22m | roshan_directional_body_blossom_v1.png[39m[0m
[  21% ] [90m[1m_update_scan_actions[22m | roshan_directional_body_chef_v1.png[39m[0m
[  22% ] [90m[1m_update_scan_actions[22m | roshan_directional_body_painter_v1.png[39m[0m
[  22% ] [90m[1m_update_scan_actions[22m | roshan_directional_body_star_v1.png[39m[0m
[  23% ] [90m[1m_update_scan_actions[22m | roshan_directional_body_strawberry_v1.png[39m[0m
[  23% ] [90m[1m_update_scan_actions[22m | roshan_directional_body_winter_v1.png[39m[0m
[  23% ] [90m[1m_update_scan_actions[22m | roshan_directional_head_blossom_v1.png[39m[0m
[  24% ] [90m[1m_update_scan_actions[22m | roshan_directional_head_chef_v1.png[39m[0m
[  24% ] [90m[1m_update_scan_actions[22m | roshan_directional_head_painter_v1.png[39m[0m
[  24% ] [90m[1m_update_scan_actions[22m | roshan_directional_head_pearl_v1.png[39m[0m
[  25% ] [90m[1m_update_scan_actions[22m | roshan_directional_head_royal_v1.png[39m[0m
[  25% ] [90m[1m_update_scan_actions[22m | roshan_directional_head_star_v1.png[39m[0m
[  25% ] [90m[1m_update_scan_actions[22m | roshan_directional_head_strawberry_v1.png[39m[0m
[  26% ] [90m[1m_update_scan_actions[22m | roshan_directional_head_winter_v1.png[39m[0m
[  26% ] [90m[1m_update_scan_actions[22m | roshan_directional_tail_blossom_v1.png[39m[0m
[  26% ] [90m[1m_update_scan_actions[22m | roshan_directional_tail_chef_v1.png[39m[0m
[  27% ] [90m[1m_update_scan_actions[22m | roshan_directional_tail_painter_v1.png[39m[0m
[  27% ] [90m[1m_update_scan_actions[22m | roshan_directional_tail_star_v1.png[39m[0m
[  28% ] [90m[1m_update_scan_actions[22m | roshan_directional_tail_strawberry_v1.png[39m[0m
[  28% ] [90m[1m_update_scan_actions[22m | roshan_directional_tail_winter_v1.png[39m[0m
[  28% ] [90m[1m_update_scan_actions[22m | roshan_gesture_a_body_blossom_v1.png[39m[0m
[  29% ] [90m[1m_update_scan_actions[22m | roshan_gesture_a_body_chef_v1.png[39m[0m
[  29% ] [90m[1m_update_scan_actions[22m | roshan_gesture_a_body_painter_v1.png[39m[0m
[  29% ] [90m[1m_update_scan_actions[22m | roshan_gesture_a_body_star_v1.png[39m[0m
[  30% ] [90m[1m_update_scan_actions[22m | roshan_gesture_a_body_strawberry_v1.png[39m[0m
[  30% ] [90m[1m_update_scan_actions[22m | roshan_gesture_a_body_winter_v1.png[39m[0m
[  30% ] [90m[1m_update_scan_actions[22m | roshan_gesture_a_head_blossom_v1.png[39m[0m
[  31% ] [90m[1m_update_scan_actions[22m | roshan_gesture_a_head_chef_v1.png[39m[0m
[  31% ] [90m[1m_update_scan_actions[22m | roshan_gesture_a_head_painter_v1.png[39m[0m
[  31% ] [90m[1m_update_scan_actions[22m | roshan_gesture_a_head_pearl_v1.png[39m[0m
[  32% ] [90m[1m_update_scan_actions[22m | roshan_gesture_a_head_royal_v1.png[39m[0m
[  32% ] [90m[1m_update_scan_actions[22m | roshan_gesture_a_head_star_v1.png[39m[0m
[  32% ] [90m[1m_update_scan_actions[22m | roshan_gesture_a_head_strawberry_v1.png[39m[0m
[  33% ] [90m[1m_update_scan_actions[22m | roshan_gesture_a_head_winter_v1.png[39m[0m
[  33% ] [90m[1m_update_scan_actions[22m | roshan_gesture_a_tail_blossom_v1.png[39m[0m
[  34% ] [90m[1m_update_scan_actions[22m | roshan_gesture_a_tail_chef_v1.png[39m[0m
[  34% ] [90m[1m_update_scan_actions[22m | roshan_gesture_a_tail_painter_v1.png[39m[0m
[  34% ] [90m[1m_update_scan_actions[22m | roshan_gesture_a_tail_star_v1.png[39m[0m
[  35% ] [90m[1m_update_scan_actions[22m | roshan_gesture_a_tail_strawberry_v1.png[39m[0m
[  35% ] [90m[1m_update_scan_actions[22m | roshan_gesture_a_tail_winter_v1.png[39m[0m
[  35% ] [90m[1m_update_scan_actions[22m | roshan_gesture_b_body_blossom_v1.png[39m[0m
[  36% ] [90m[1m_update_scan_actions[22m | roshan_gesture_b_body_chef_v1.png[39m[0m
[  36% ] [90m[1m_update_scan_actions[22m | roshan_gesture_b_body_painter_v1.png[39m[0m
[  36% ] [90m[1m_update_scan_actions[22m | roshan_gesture_b_body_star_v1.png[39m[0m
[  37% ] [90m[1m_update_scan_actions[22m | roshan_gesture_b_body_strawberry_v1.png[39m[0m
[  37% ] [90m[1m_update_scan_actions[22m | roshan_gesture_b_body_winter_v1.png[39m[0m
[  37% ] [90m[1m_update_scan_actions[22m | roshan_gesture_b_head_blossom_v1.png[39m[0m
[  38% ] [90m[1m_update_scan_actions[22m | roshan_gesture_b_head_chef_v1.png[39m[0m
[  38% ] [90m[1m_update_scan_actions[22m | roshan_gesture_b_head_painter_v1.png[39m[0m
[  39% ] [90m[1m_update_scan_actions[22m | roshan_gesture_b_head_pearl_v1.png[39m[0m
[  39% ] [90m[1m_update_scan_actions[22m | roshan_gesture_b_head_royal_v1.png[39m[0m
[  39% ] [90m[1m_update_scan_actions[22m | roshan_gesture_b_head_star_v1.png[39m[0m
[  40% ] [90m[1m_update_scan_actions[22m | roshan_gesture_b_head_strawberry_v1.png[39m[0m
[  40% ] [90m[1m_update_scan_actions[22m | roshan_gesture_b_head_winter_v1.png[39m[0m
[  40% ] [90m[1m_update_scan_actions[22m | roshan_gesture_b_tail_blossom_v1.png[39m[0m
[  41% ] [90m[1m_update_scan_actions[22m | roshan_gesture_b_tail_chef_v1.png[39m[0m
[  41% ] [90m[1m_update_scan_actions[22m | roshan_gesture_b_tail_painter_v1.png[39m[0m
[  41% ] [90m[1m_update_scan_actions[22m | roshan_gesture_b_tail_star_v1.png[39m[0m
[  42% ] [90m[1m_update_scan_actions[22m | roshan_gesture_b_tail_strawberry_v1.png[39m[0m
[  42% ] [90m[1m_update_scan_actions[22m | roshan_gesture_b_tail_winter_v1.png[39m[0m
[  42% ] [90m[1m_update_scan_actions[22m | roshan_gesture_c_body_blossom_v1.png[39m[0m
[  43% ] [90m[1m_update_scan_actions[22m | roshan_gesture_c_body_chef_v1.png[39m[0m
[  43% ] [90m[1m_update_scan_actions[22m | roshan_gesture_c_body_painter_v1.png[39m[0m
[  43% ] [90m[1m_update_scan_actions[22m | roshan_gesture_c_body_star_v1.png[39m[0m
[  44% ] [90m[1m_update_scan_actions[22m | roshan_gesture_c_body_strawberry_v1.png[39m[0m
[  44% ] [90m[1m_update_scan_actions[22m | roshan_gesture_c_body_winter_v1.png[39m[0m
[  45% ] [90m[1m_update_scan_actions[22m | roshan_gesture_c_head_blossom_v1.png[39m[0m
[  45% ] [90m[1m_update_scan_actions[22m | roshan_gesture_c_head_chef_v1.png[39m[0m
[  45% ] [90m[1m_update_scan_actions[22m | roshan_gesture_c_head_painter_v1.png[39m[0m
[  46% ] [90m[1m_update_scan_actions[22m | roshan_gesture_c_head_pearl_v1.png[39m[0m
[  46% ] [90m[1m_update_scan_actions[22m | roshan_gesture_c_head_royal_v1.png[39m[0m
[  46% ] [90m[1m_update_scan_actions[22m | roshan_gesture_c_head_star_v1.png[39m[0m
[  47% ] [90m[1m_update_scan_actions[22m | roshan_gesture_c_head_strawberry_v1.png[39m[0m
[  47% ] [90m[1m_update_scan_actions[22m | roshan_gesture_c_head_winter_v1.png[39m[0m
[  47% ] [90m[1m_update_scan_actions[22m | roshan_gesture_c_tail_blossom_v1.png[39m[0m
[  48% ] [90m[1m_update_scan_actions[22m | roshan_gesture_c_tail_chef_v1.png[39m[0m
[  48% ] [90m[1m_update_scan_actions[22m | roshan_gesture_c_tail_painter_v1.png[39m[0m
[  48% ] [90m[1m_update_scan_actions[22m | roshan_gesture_c_tail_star_v1.png[39m[0m
[  49% ] [90m[1m_update_scan_actions[22m | roshan_gesture_c_tail_strawberry_v1.png[39m[0m
[  49% ] [90m[1m_update_scan_actions[22m | roshan_gesture_c_tail_winter_v1.png[39m[0m
[  50% ] [90m[1m_update_scan_actions[22m | roshan_gesture_d_body_blossom_v1.png[39m[0m
[  50% ] [90m[1m_update_scan_actions[22m | roshan_gesture_d_body_chef_v1.png[39m[0m
[  50% ] [90m[1m_update_scan_actions[22m | roshan_gesture_d_body_painter_v1.png[39m[0m
[  51% ] [90m[1m_update_scan_actions[22m | roshan_gesture_d_body_star_v1.png[39m[0m
[  51% ] [90m[1m_update_scan_actions[22m | roshan_gesture_d_body_strawberry_v1.png[39m[0m
[  51% ] [90m[1m_update_scan_actions[22m | roshan_gesture_d_body_winter_v1.png[39m[0m
[  52% ] [90m[1m_update_scan_actions[22m | roshan_gesture_d_head_blossom_v1.png[39m[0m
[  52% ] [90m[1m_update_scan_actions[22m | roshan_gesture_d_head_chef_v1.png[39m[0m
[  52% ] [90m[1m_update_scan_actions[22m | roshan_gesture_d_head_painter_v1.png[39m[0m
[  53% ] [90m[1m_update_scan_actions[22m | roshan_gesture_d_head_pearl_v1.png[39m[0m
[  53% ] [90m[1m_update_scan_actions[22m | roshan_gesture_d_head_royal_v1.png[39m[0m
[  53% ] [90m[1m_update_scan_actions[22m | roshan_gesture_d_head_star_v1.png[39m[0m
[  54% ] [90m[1m_update_scan_actions[22m | roshan_gesture_d_head_strawberry_v1.png[39m[0m
[  54% ] [90m[1m_update_scan_actions[22m | roshan_gesture_d_head_winter_v1.png[39m[0m
[  54% ] [90m[1m_update_scan_actions[22m | roshan_gesture_d_tail_blossom_v1.png[39m[0m
[  55% ] [90m[1m_update_scan_actions[22m | roshan_gesture_d_tail_chef_v1.png[39m[0m
[  55% ] [90m[1m_update_scan_actions[22m | roshan_gesture_d_tail_painter_v1.png[39m[0m
[  56% ] [90m[1m_update_scan_actions[22m | roshan_gesture_d_tail_star_v1.png[39m[0m
[  56% ] [90m[1m_update_scan_actions[22m | roshan_gesture_d_tail_strawberry_v1.png[39m[0m
[  56% ] [90m[1m_update_scan_actions[22m | roshan_gesture_d_tail_winter_v1.png[39m[0m
[  57% ] [90m[1m_update_scan_actions[22m | roshan_play_a_body_blossom_v1.png[39m[0m
[  57% ] [90m[1m_update_scan_actions[22m | roshan_play_a_body_chef_v1.png[39m[0m
[  57% ] [90m[1m_update_scan_actions[22m | roshan_play_a_body_painter_v1.png[39m[0m
[  58% ] [90m[1m_update_scan_actions[22m | roshan_play_a_body_star_v1.png[39m[0m
[  58% ] [90m[1m_update_scan_actions[22m | roshan_play_a_body_strawberry_v1.png[39m[0m
[  58% ] [90m[1m_update_scan_actions[22m | roshan_play_a_body_winter_v1.png[39m[0m
[  59% ] [90m[1m_update_scan_actions[22m | roshan_play_a_head_blossom_v1.png[39m[0m
[  59% ] [90m[1m_update_scan_actions[22m | roshan_play_a_head_chef_v1.png[39m[0m
[  59% ] [90m[1m_update_scan_actions[22m | roshan_play_a_head_painter_v1.png[39m[0m
[  60% ] [90m[1m_update_scan_actions[22m | roshan_play_a_head_pearl_v1.png[39m[0m
[  60% ] [90m[1m_update_scan_actions[22m | roshan_play_a_head_royal_v1.png[39m[0m
[  60% ] [90m[1m_update_scan_actions[22m | roshan_play_a_head_star_v1.png[39m[0m
[  61% ] [90m[1m_update_scan_actions[22m | roshan_play_a_head_strawberry_v1.png[39m[0m
[  61% ] [90m[1m_update_scan_actions[22m | roshan_play_a_head_winter_v1.png[39m[0m
[  62% ] [90m[1m_update_scan_actions[22m | roshan_play_a_tail_blossom_v1.png[39m[0m
[  62% ] [90m[1m_update_scan_actions[22m | roshan_play_a_tail_chef_v1.png[39m[0m
[  62% ] [90m[1m_update_scan_actions[22m | roshan_play_a_tail_painter_v1.png[39m[0m
[  63% ] [90m[1m_update_scan_actions[22m | roshan_play_a_tail_star_v1.png[39m[0m
[  63% ] [90m[1m_update_scan_actions[22m | roshan_play_a_tail_strawberry_v1.png[39m[0m
[  63% ] [90m[1m_update_scan_actions[22m | roshan_play_a_tail_winter_v1.png[39m[0m
[  64% ] [90m[1m_update_scan_actions[22m | roshan_play_b_body_blossom_v1.png[39m[0m
[  64% ] [90m[1m_update_scan_actions[22m | roshan_play_b_body_chef_v1.png[39m[0m
[  64% ] [90m[1m_update_scan_actions[22m | roshan_play_b_body_painter_v1.png[39m[0m
[  65% ] [90m[1m_update_scan_actions[22m | roshan_play_b_body_star_v1.png[39m[0m
[  65% ] [90m[1m_update_scan_actions[22m | roshan_play_b_body_strawberry_v1.png[39m[0m
[  65% ] [90m[1m_update_scan_actions[22m | roshan_play_b_body_winter_v1.png[39m[0m
[  66% ] [90m[1m_update_scan_actions[22m | roshan_play_b_head_blossom_v1.png[39m[0m
[  66% ] [90m[1m_update_scan_actions[22m | roshan_play_b_head_chef_v1.png[39m[0m
[  67% ] [90m[1m_update_scan_actions[22m | roshan_play_b_head_painter_v1.png[39m[0m
[  67% ] [90m[1m_update_scan_actions[22m | roshan_play_b_head_pearl_v1.png[39m[0m
[  67% ] [90m[1m_update_scan_actions[22m | roshan_play_b_head_royal_v1.png[39m[0m
[  68% ] [90m[1m_update_scan_actions[22m | roshan_play_b_head_star_v1.png[39m[0m
[  68% ] [90m[1m_update_scan_actions[22m | roshan_play_b_head_strawberry_v1.png[39m[0m
[  68% ] [90m[1m_update_scan_actions[22m | roshan_play_b_head_winter_v1.png[39m[0m
[  69% ] [90m[1m_update_scan_actions[22m | roshan_play_b_tail_blossom_v1.png[39m[0m
[  69% ] [90m[1m_update_scan_actions[22m | roshan_play_b_tail_chef_v1.png[39m[0m
[  69% ] [90m[1m_update_scan_actions[22m | roshan_play_b_tail_painter_v1.png[39m[0m
[  70% ] [90m[1m_update_scan_actions[22m | roshan_play_b_tail_star_v1.png[39m[0m
[  70% ] [90m[1m_update_scan_actions[22m | roshan_play_b_tail_strawberry_v1.png[39m[0m
[  70% ] [90m[1m_update_scan_actions[22m | roshan_play_b_tail_winter_v1.png[39m[0m
[  71% ] [90m[1m_update_scan_actions[22m | roshan_swim_back_body_blossom_v1.png[39m[0m
[  71% ] [90m[1m_update_scan_actions[22m | roshan_swim_back_body_chef_v1.png[39m[0m
[  71% ] [90m[1m_update_scan_actions[22m | roshan_swim_back_body_painter_v1.png[39m[0m
[  72% ] [90m[1m_update_scan_actions[22m | roshan_swim_back_body_star_v1.png[39m[0m
[  72% ] [90m[1m_update_scan_actions[22m | roshan_swim_back_body_strawberry_v1.png[39m[0m
[  73% ] [90m[1m_update_scan_actions[22m | roshan_swim_back_body_winter_v1.png[39m[0m
[  73% ] [90m[1m_update_scan_actions[22m | roshan_swim_back_head_blossom_v1.png[39m[0m
[  73% ] [90m[1m_update_scan_actions[22m | roshan_swim_back_head_chef_v1.png[39m[0m
[  74% ] [90m[1m_update_scan_actions[22m | roshan_swim_back_head_painter_v1.png[39m[0m
[  74% ] [90m[1m_update_scan_actions[22m | roshan_swim_back_head_pearl_v1.png[39m[0m
[  74% ] [90m[1m_update_scan_actions[22m | roshan_swim_back_head_royal_v1.png[39m[0m
[  75% ] [90m[1m_update_scan_actions[22m | roshan_swim_back_head_star_v1.png[39m[0m
[  75% ] [90m[1m_update_scan_actions[22m | roshan_swim_back_head_strawberry_v1.png[39m[0m
[  75% ] [90m[1m_update_scan_actions[22m | roshan_swim_back_head_winter_v1.png[39m[0m
[  76% ] [90m[1m_update_scan_actions[22m | roshan_swim_back_tail_blossom_v1.png[39m[0m
[  76% ] [90m[1m_update_scan_actions[22m | roshan_swim_back_tail_chef_v1.png[39m[0m
[  76% ] [90m[1m_update_scan_actions[22m | roshan_swim_back_tail_painter_v1.png[39m[0m
[  77% ] [90m[1m_update_scan_actions[22m | roshan_swim_back_tail_star_v1.png[39m[0m
[  77% ] [90m[1m_update_scan_actions[22m | roshan_swim_back_tail_strawberry_v1.png[39m[0m
[  78% ] [90m[1m_update_scan_actions[22m | roshan_swim_back_tail_winter_v1.png[39m[0m
[  78% ] [90m[1m_update_scan_actions[22m | roshan_swim_front_body_blossom_v1.png[39m[0m
[  78% ] [90m[1m_update_scan_actions[22m | roshan_swim_front_body_chef_v1.png[39m[0m
[  79% ] [90m[1m_update_scan_actions[22m | roshan_swim_front_body_painter_v1.png[39m[0m
[  79% ] [90m[1m_update_scan_actions[22m | roshan_swim_front_body_star_v1.png[39m[0m
[  79% ] [90m[1m_update_scan_actions[22m | roshan_swim_front_body_strawberry_v1.png[39m[0m
[  80% ] [90m[1m_update_scan_actions[22m | roshan_swim_front_body_winter_v1.png[39m[0m
[  80% ] [90m[1m_update_scan_actions[22m | roshan_swim_front_head_blossom_v1.png[39m[0m
[  80% ] [90m[1m_update_scan_actions[22m | roshan_swim_front_head_chef_v1.png[39m[0m
[  81% ] [90m[1m_update_scan_actions[22m | roshan_swim_front_head_painter_v1.png[39m[0m
[  81% ] [90m[1m_update_scan_actions[22m | roshan_swim_front_head_pearl_v1.png[39m[0m
[  81% ] [90m[1m_update_scan_actions[22m | roshan_swim_front_head_royal_v1.png[39m[0m
[  82% ] [90m[1m_update_scan_actions[22m | roshan_swim_front_head_star_v1.png[39m[0m
[  82% ] [90m[1m_update_scan_actions[22m | roshan_swim_front_head_strawberry_v1.png[39m[0m
[  82% ] [90m[1m_update_scan_actions[22m | roshan_swim_front_head_winter_v1.png[39m[0m
[  83% ] [90m[1m_update_scan_actions[22m | roshan_swim_front_tail_blossom_v1.png[39m[0m
[  83% ] [90m[1m_update_scan_actions[22m | roshan_swim_front_tail_chef_v1.png[39m[0m
[  84% ] [90m[1m_update_scan_actions[22m | roshan_swim_front_tail_painter_v1.png[39m[0m
[  84% ] [90m[1m_update_scan_actions[22m | roshan_swim_front_tail_star_v1.png[39m[0m
[  84% ] [90m[1m_update_scan_actions[22m | roshan_swim_front_tail_strawberry_v1.png[39m[0m
[  85% ] [90m[1m_update_scan_actions[22m | roshan_swim_front_tail_winter_v1.png[39m[0m
[  85% ] [90m[1m_update_scan_actions[22m | rumi_eight_pose_runtime_body_blossom_v1.png[39m[0m
[  85% ] [90m[1m_update_scan_actions[22m | rumi_eight_pose_runtime_body_chef_v1.png[39m[0m
[  86% ] [90m[1m_update_scan_actions[22m | rumi_eight_pose_runtime_body_painter_v1.png[39m[0m
[  86% ] [90m[1m_update_scan_actions[22m | rumi_eight_pose_runtime_body_star_v1.png[39m[0m
[  86% ] [90m[1m_update_scan_actions[22m | rumi_eight_pose_runtime_body_strawberry_v1.png[39m[0m
[  87% ] [90m[1m_update_scan_actions[22m | rumi_eight_pose_runtime_body_winter_v1.png[39m[0m
[  87% ] [90m[1m_update_scan_actions[22m | rumi_eight_pose_runtime_head_blossom_v1.png[39m[0m
[  87% ] [90m[1m_update_scan_actions[22m | rumi_eight_pose_runtime_head_chef_v1.png[39m[0m
[  88% ] [90m[1m_update_scan_actions[22m | rumi_eight_pose_runtime_head_painter_v1.png[39m[0m
[  88% ] [90m[1m_update_scan_actions[22m | rumi_eight_pose_runtime_head_pearl_v1.png[39m[0m
[  89% ] [90m[1m_update_scan_actions[22m | rumi_eight_pose_runtime_head_royal_v1.png[39m[0m
[  89% ] [90m[1m_update_scan_actions[22m | rumi_eight_pose_runtime_head_star_v1.png[39m[0m
[  89% ] [90m[1m_update_scan_actions[22m | rumi_eight_pose_runtime_head_strawberry_v1.png[39m[0m
[  90% ] [90m[1m_update_scan_actions[22m | rumi_eight_pose_runtime_head_winter_v1.png[39m[0m
[  90% ] [90m[1m_update_scan_actions[22m | rumi_eight_pose_runtime_tail_blossom_v1.png[39m[0m
[  90% ] [90m[1m_update_scan_actions[22m | rumi_eight_pose_runtime_tail_chef_v1.png[39m[0m
[  91% ] [90m[1m_update_scan_actions[22m | rumi_eight_pose_runtime_tail_painter_v1.png[39m[0m
[  91% ] [90m[1m_update_scan_actions[22m | rumi_eight_pose_runtime_tail_star_v1.png[39m[0m
[  91% ] [90m[1m_update_scan_actions[22m | rumi_eight_pose_runtime_tail_strawberry_v1.png[39m[0m
[  92% ] [90m[1m_update_scan_actions[22m | rumi_eight_pose_runtime_tail_winter_v1.png[39m[0m
[  92% ] [90m[1m_update_scan_actions[22m | rumi_pool_idle_swim_atlas_body_blossom_v1.png[39m[0m
[  92% ] [90m[1m_update_scan_actions[22m | rumi_pool_idle_swim_atlas_body_chef_v1.png[39m[0m
[  93% ] [90m[1m_update_scan_actions[22m | rumi_pool_idle_swim_atlas_body_painter_v1.png[39m[0m
[  93% ] [90m[1m_update_scan_actions[22m | rumi_pool_idle_swim_atlas_body_star_v1.png[39m[0m
[  93% ] [90m[1m_update_scan_actions[22m | rumi_pool_idle_swim_atlas_body_strawberry_v1.png[39m[0m
[  94% ] [90m[1m_update_scan_actions[22m | rumi_pool_idle_swim_atlas_body_winter_v1.png[39m[0m
[  94% ] [90m[1m_update_scan_actions[22m | rumi_pool_idle_swim_atlas_head_blossom_v1.png[39m[0m
[  95% ] [90m[1m_update_scan_actions[22m | rumi_pool_idle_swim_atlas_head_chef_v1.png[39m[0m
[  95% ] [90m[1m_update_scan_actions[22m | rumi_pool_idle_swim_atlas_head_painter_v1.png[39m[0m
[  95% ] [90m[1m_update_scan_actions[22m | rumi_pool_idle_swim_atlas_head_pearl_v1.png[39m[0m
[  96% ] [90m[1m_update_scan_actions[22m | rumi_pool_idle_swim_atlas_head_royal_v1.png[39m[0m
[  96% ] [90m[1m_update_scan_actions[22m | rumi_pool_idle_swim_atlas_head_star_v1.png[39m[0m
[  96% ] [90m[1m_update_scan_actions[22m | rumi_pool_idle_swim_atlas_head_strawberry_v1.png[39m[0m
[  97% ] [90m[1m_update_scan_actions[22m | rumi_pool_idle_swim_atlas_head_winter_v1.png[39m[0m
[  97% ] [90m[1m_update_scan_actions[22m | rumi_pool_idle_swim_atlas_tail_blossom_v1.png[39m[0m
[  97% ] [90m[1m_update_scan_actions[22m | rumi_pool_idle_swim_atlas_tail_chef_v1.png[39m[0m
[  98% ] [90m[1m_update_scan_actions[22m | rumi_pool_idle_swim_atlas_tail_painter_v1.png[39m[0m
[  98% ] [90m[1m_update_scan_actions[22m | rumi_pool_idle_swim_atlas_tail_star_v1.png[39m[0m
[  98% ] [90m[1m_update_scan_actions[22m | rumi_pool_idle_swim_atlas_tail_strawberry_v1.png[39m[0m
[  99% ] [90m[1m_update_scan_actions[22m | rumi_pool_idle_swim_atlas_tail_winter_v1.png[39m[0m
[92m[ DONE ][39m [1m_update_scan_actions[22m
[0m
[   0% ] [90m[1mreimport[22m | Started (Re)Importing Assets (105 steps)[39m[0m
[   0% ] [90m[1mreimport[22m | Preparing files to reimport...[39m[0m
[   0% ] [90m[1mreimport[22m | Preparing files to reimport...[39m[0m
[   1% ] [90m[1mreimport[22m | Preparing files to reimport...[39m[0m
[   2% ] [90m[1mreimport[22m | Preparing files to reimport...[39m[0m
[   3% ] [90m[1mreimport[22m | Preparing files to reimport...[39m[0m
[   4% ] [90m[1mreimport[22m | Preparing files to reimport...[39m[0m
[   5% ] [90m[1mreimport[22m | Preparing files to reimport...[39m[0m
[   6% ] [90m[1mreimport[22m | Preparing files to reimport...[39m[0m
[   7% ] [90m[1mreimport[22m | Preparing files to reimport...[39m[0m
[   8% ] [90m[1mreimport[22m | Preparing files to reimport...[39m[0m
[   9% ] [90m[1mreimport[22m | Preparing files to reimport...[39m[0m
[  10% ] [90m[1mreimport[22m | Preparing files to reimport...[39m[0m
[  11% ] [90m[1mreimport[22m | Preparing files to reimport...[39m[0m
[  12% ] [90m[1mreimport[22m | Preparing files to reimport...[39m[0m
[  13% ] [90m[1mreimport[22m | Preparing files to reimport...[39m[0m
[  14% ] [90m[1mreimport[22m | Preparing files to reimport...[39m[0m
[  15% ] [90m[1mreimport[22m | Preparing files to reimport...[39m[0m
[  16% ] [90m[1mreimport[22m | Preparing files to reimport...[39m[0m
[  16% ] [90m[1mreimport[22m | Preparing files to reimport...[39m[0m
[  17% ] [90m[1mreimport[22m | Preparing files to reimport...[39m[0m
[  18% ] [90m[1mreimport[22m | Preparing files to reimport...[39m[0m
[  19% ] [90m[1mreimport[22m | Preparing files to reimport...[39m[0m
[  20% ] [90m[1mreimport[22m | Preparing files to reimport...[39m[0m
[  21% ] [90m[1mreimport[22m | Preparing files to reimport...[39m[0m
[  22% ] [90m[1mreimport[22m | Preparing files to reimport...[39m[0m
[  23% ] [90m[1mreimport[22m | Preparing files to reimport...[39m[0m
[  24% ] [90m[1mreimport[22m | Preparing files to reimport...[39m[0m
[  25% ] [90m[1mreimport[22m | Preparing files to reimport...[39m[0m
[  26% ] [90m[1mreimport[22m | Preparing files to reimport...[39m[0m
[  27% ] [90m[1mreimport[22m | Preparing files to reimport...[39m[0m
[  28% ] [90m[1mreimport[22m | Preparing files to reimport...[39m[0m
[  29% ] [90m[1mreimport[22m | Preparing files to reimport...[39m[0m
[  30% ] [90m[1mreimport[22m | Preparing files to reimport...[39m[0m
[  31% ] [90m[1mreimport[22m | Preparing files to reimport...[39m[0m
[  32% ] [90m[1mreimport[22m | Preparing files to reimport...[39m[0m
[  33% ] [90m[1mreimport[22m | Preparing files to reimport...[39m[0m
[  33% ] [90m[1mreimport[22m | Preparing files to reimport...[39m[0m
[  34% ] [90m[1mreimport[22m | Preparing files to reimport...[39m[0m
[  35% ] [90m[1mreimport[22m | Preparing files to reimport...[39m[0m
[  36% ] [90m[1mreimport[22m | Preparing files to reimport...[39m[0m
[  37% ] [90m[1mreimport[22m | Preparing files to reimport...[39m[0m
[  38% ] [90m[1mreimport[22m | Preparing files to reimport...[39m[0m
[  39% ] [90m[1mreimport[22m | Preparing files to reimport...[39m[0m
[  40% ] [90m[1mreimport[22m | Preparing files to reimport...[39m[0m
[  41% ] [90m[1mreimport[22m | Preparing files to reimport...[39m[0m
[  42% ] [90m[1mreimport[22m | Preparing files to reimport...[39m[0m
[  43% ] [90m[1mreimport[22m | Preparing files to reimport...[39m[0m
[  44% ] [90m[1mreimport[22m | Preparing files to reimport...[39m[0m
[  45% ] [90m[1mreimport[22m | Preparing files to reimport...[39m[0m
[  46% ] [90m[1mreimport[22m | Preparing files to reimport...[39m[0m
[  47% ] [90m[1mreimport[22m | Preparing files to reimport...[39m[0m
[  48% ] [90m[1mreimport[22m | Preparing files to reimport...[39m[0m
[  49% ] [90m[1mreimport[22m | Preparing files to reimport...[39m[0m
[  50% ] [90m[1mreimport[22m | Preparing files to reimport...[39m[0m
[  50% ] [90m[1mreimport[22m | Preparing files to reimport...[39m[0m
[  51% ] [90m[1mreimport[22m | Preparing files to reimport...[39m[0m
[  52% ] [90m[1mreimport[22m | Preparing files to reimport...[39m[0m
[  53% ] [90m[1mreimport[22m | Preparing files to reimport...[39m[0m
[  54% ] [90m[1mreimport[22m | Preparing files to reimport...[39m[0m
[  55% ] [90m[1mreimport[22m | Preparing files to reimport...[39m[0m
[  56% ] [90m[1mreimport[22m | Preparing files to reimport...[39m[0m
[  57% ] [90m[1mreimport[22m | Preparing files to reimport...[39m[0m
[  58% ] [90m[1mreimport[22m | Preparing files to reimport...[39m[0m
[  59% ] [90m[1mreimport[22m | Preparing files to reimport...[39m[0m
[  60% ] [90m[1mreimport[22m | Preparing files to reimport...[39m[0m
[  61% ] [90m[1mreimport[22m | Preparing files to reimport...[39m[0m
[  62% ] [90m[1mreimport[22m | Preparing files to reimport...[39m[0m
[  63% ] [90m[1mreimport[22m | Preparing files to reimport...[39m[0m
[  64% ] [90m[1mreimport[22m | Preparing files to reimport...[39m[0m
[  65% ] [90m[1mreimport[22m | Preparing files to reimport...[39m[0m
[  66% ] [90m[1mreimport[22m | Preparing files to reimport...[39m[0m
[  66% ] [90m[1mreimport[22m | Preparing files to reimport...[39m[0m
[  67% ] [90m[1mreimport[22m | Preparing files to reimport...[39m[0m
[  68% ] [90m[1mreimport[22m | Preparing files to reimport...[39m[0m
[  69% ] [90m[1mreimport[22m | Preparing files to reimport...[39m[0m
[  70% ] [90m[1mreimport[22m | Preparing files to reimport...[39m[0m
[  71% ] [90m[1mreimport[22m | Preparing files to reimport...[39m[0m
[  72% ] [90m[1mreimport[22m | Preparing files to reimport...[39m[0m
[  73% ] [90m[1mreimport[22m | Preparing files to reimport...[39m[0m
[  74% ] [90m[1mreimport[22m | Preparing files to reimport...[39m[0m
[  75% ] [90m[1mreimport[22m | Preparing files to reimport...[39m[0m
[  76% ] [90m[1mreimport[22m | Preparing files to reimport...[39m[0m
[  77% ] [90m[1mreimport[22m | Preparing files to reimport...[39m[0m
[  78% ] [90m[1mreimport[22m | Preparing files to reimport...[39m[0m
[  79% ] [90m[1mreimport[22m | Preparing files to reimport...[39m[0m
[  80% ] [90m[1mreimport[22m | Preparing files to reimport...[39m[0m
[  81% ] [90m[1mreimport[22m | Preparing files to reimport...[39m[0m
[  82% ] [90m[1mreimport[22m | Preparing files to reimport...[39m[0m
[  83% ] [90m[1mreimport[22m | Preparing files to reimport...[39m[0m
[  83% ] [90m[1mreimport[22m | Preparing files to reimport...[39m[0m
[  84% ] [90m[1mreimport[22m | Preparing files to reimport...[39m[0m
[  85% ] [90m[1mreimport[22m | Preparing files to reimport...[39m[0m
[  86% ] [90m[1mreimport[22m | Preparing files to reimport...[39m[0m
[  87% ] [90m[1mreimport[22m | Preparing files to reimport...[39m[0m
[  88% ] [90m[1mreimport[22m | Preparing files to reimport...[39m[0m
[  89% ] [90m[1mreimport[22m | Preparing files to reimport...[39m[0m
[  90% ] [90m[1mreimport[22m | Preparing files to reimport...[39m[0m
[  91% ] [90m[1mreimport[22m | Preparing files to reimport...[39m[0m
[  92% ] [90m[1mreimport[22m | Preparing files to reimport...[39m[0m
[  93% ] [90m[1mreimport[22m | Preparing files to reimport...[39m[0m
[  94% ] [90m[1mreimport[22m | Preparing files to reimport...[39m[0m
[  95% ] [90m[1mreimport[22m | Preparing files to reimport...[39m[0m
[  96% ] [90m[1mreimport[22m | Preparing files to reimport...[39m[0m
[  97% ] [90m[1mreimport[22m | Preparing files to reimport...[39m[0m
[  98% ] [90m[1mreimport[22m | Preparing files to reimport...[39m[0m
[   0% ] [90m[1mreimport[22m | Executing pre-reimport operations...[39m[0m
[   0% ] [90m[1mreimport[22m | roshan_swim_back_head_star_v1.png[39m[0m
[   0% ] [90m[1mreimport[22m | roshan_swim_back_head_royal_v1.png[39m[0m
[   1% ] [90m[1mreimport[22m | roshan_swim_back_head_pearl_v1.png[39m[0m
[   2% ] [90m[1mreimport[22m | roshan_swim_back_head_painter_v1.png[39m[0m
[   3% ] [90m[1mreimport[22m | roshan_swim_back_head_chef_v1.png[39m[0m
[   4% ] [90m[1mreimport[22m | roshan_swim_back_head_blossom_v1.png[39m[0m
[   5% ] [90m[1mreimport[22m | roshan_play_b_head_winter_v1.png[39m[0m
[   6% ] [90m[1mreimport[22m | roshan_play_b_head_strawberry_v1.png[39m[0m
[   7% ] [90m[1mreimport[22m | roshan_play_b_head_star_v1.png[39m[0m
[   8% ] [90m[1mreimport[22m | roshan_play_b_head_royal_v1.png[39m[0m
[   9% ] [90m[1mreimport[22m | roshan_play_b_head_pearl_v1.png[39m[0m
[  10% ] [90m[1mreimport[22m | roshan_play_b_head_painter_v1.png[39m[0m
[  11% ] [90m[1mreimport[22m | roshan_play_b_head_chef_v1.png[39m[0m
[  12% ] [90m[1mreimport[22m | roshan_play_b_head_blossom_v1.png[39m[0m
[  13% ] [90m[1mreimport[22m | roshan_play_a_head_winter_v1.png[39m[0m
[  14% ] [90m[1mreimport[22m | roshan_play_a_head_strawberry_v1.png[39m[0m
[  15% ] [90m[1mreimport[22m | roshan_play_a_head_star_v1.png[39m[0m
[  16% ] [90m[1mreimport[22m | roshan_play_a_head_royal_v1.png[39m[0m
[  16% ] [90m[1mreimport[22m | roshan_play_a_head_pearl_v1.png[39m[0m
[  17% ] [90m[1mreimport[22m | roshan_play_a_head_painter_v1.png[39m[0m
[  18% ] [90m[1mreimport[22m | roshan_play_a_head_chef_v1.png[39m[0m
[  19% ] [90m[1mreimport[22m | roshan_play_a_head_blossom_v1.png[39m[0m
[  20% ] [90m[1mreimport[22m | roshan_gesture_d_head_winter_v1.png[39m[0m
[  21% ] [90m[1mreimport[22m | roshan_gesture_d_head_strawberry_v1.png[39m[0m
[  22% ] [90m[1mreimport[22m | roshan_gesture_d_head_star_v1.png[39m[0m
[  23% ] [90m[1mreimport[22m | roshan_gesture_d_head_royal_v1.png[39m[0m
[  24% ] [90m[1mreimport[22m | rumi_pool_idle_swim_atlas_head_winter_v1.png[39m[0m
[  25% ] [90m[1mreimport[22m | rumi_pool_idle_swim_atlas_head_strawberry_v1.png[39m[0m
[  26% ] [90m[1mreimport[22m | rumi_pool_idle_swim_atlas_head_star_v1.png[39m[0m
[  27% ] [90m[1mreimport[22m | rumi_pool_idle_swim_atlas_head_royal_v1.png[39m[0m
[  28% ] [90m[1mreimport[22m | rumi_pool_idle_swim_atlas_head_pearl_v1.png[39m[0m
[  29% ] [90m[1mreimport[22m | rumi_pool_idle_swim_atlas_head_painter_v1.png[39m[0m
[  30% ] [90m[1mreimport[22m | rumi_pool_idle_swim_atlas_head_chef_v1.png[39m[0m
[  31% ] [90m[1mreimport[22m | rumi_pool_idle_swim_atlas_head_blossom_v1.png[39m[0m
[  32% ] [90m[1mreimport[22m | rumi_eight_pose_runtime_head_winter_v1.png[39m[0m
[  33% ] [90m[1mreimport[22m | rumi_eight_pose_runtime_head_strawberry_v1.png[39m[0m
[  33% ] [90m[1mreimport[22m | rumi_eight_pose_runtime_head_star_v1.png[39m[0m
[  34% ] [90m[1mreimport[22m | rumi_eight_pose_runtime_head_royal_v1.png[39m[0m
[  35% ] [90m[1mreimport[22m | rumi_eight_pose_runtime_head_pearl_v1.png[39m[0m
[  36% ] [90m[1mreimport[22m | rumi_eight_pose_runtime_head_painter_v1.png[39m[0m
[  37% ] [90m[1mreimport[22m | rumi_eight_pose_runtime_head_chef_v1.png[39m[0m
[  38% ] [90m[1mreimport[22m | rumi_eight_pose_runtime_head_blossom_v1.png[39m[0m
[  39% ] [90m[1mreimport[22m | roshan_swim_front_head_winter_v1.png[39m[0m
[  40% ] [90m[1mreimport[22m | roshan_swim_front_head_strawberry_v1.png[39m[0m
[  41% ] [90m[1mreimport[22m | roshan_swim_front_head_star_v1.png[39m[0m
[  42% ] [90m[1mreimport[22m | roshan_swim_front_head_royal_v1.png[39m[0m
[  43% ] [90m[1mreimport[22m | roshan_swim_front_head_pearl_v1.png[39m[0m
[  44% ] [90m[1mreimport[22m | roshan_swim_front_head_painter_v1.png[39m[0m
[  45% ] [90m[1mreimport[22m | roshan_swim_front_head_chef_v1.png[39m[0m
[  46% ] [90m[1mreimport[22m | roshan_swim_front_head_blossom_v1.png[39m[0m
[  47% ] [90m[1mreimport[22m | roshan_swim_back_head_winter_v1.png[39m[0m
[  48% ] [90m[1mreimport[22m | roshan_swim_back_head_strawberry_v1.png[39m[0m
[  49% ] [90m[1mreimport[22m | roshan_gesture_a_head_blossom_v1.png[39m[0m
[  50% ] [90m[1mreimport[22m | roshan_directional_head_winter_v1.png[39m[0m
[  50% ] [90m[1mreimport[22m | roshan_directional_head_strawberry_v1.png[39m[0m
[  51% ] [90m[1mreimport[22m | roshan_directional_head_star_v1.png[39m[0m
[  52% ] [90m[1mreimport[22m | roshan_directional_head_royal_v1.png[39m[0m
[  53% ] [90m[1mreimport[22m | roshan_directional_head_pearl_v1.png[39m[0m
[  54% ] [90m[1mreimport[22m | roshan_directional_head_painter_v1.png[39m[0m
[  55% ] [90m[1mreimport[22m | roshan_directional_head_chef_v1.png[39m[0m
[  56% ] [90m[1mreimport[22m | roshan_directional_head_blossom_v1.png[39m[0m
[  57% ] [90m[1mreimport[22m | roshan_base_head_winter_v1.png[39m[0m
[  58% ] [90m[1mreimport[22m | roshan_base_head_strawberry_v1.png[39m[0m
[  59% ] [90m[1mreimport[22m | roshan_base_head_star_v1.png[39m[0m
[  60% ] [90m[1mreimport[22m | roshan_base_head_royal_v1.png[39m[0m
[  61% ] [90m[1mreimport[22m | roshan_base_head_pearl_v1.png[39m[0m
[  62% ] [90m[1mreimport[22m | roshan_base_head_painter_v1.png[39m[0m
[  63% ] [90m[1mreimport[22m | roshan_base_head_chef_v1.png[39m[0m
[  64% ] [90m[1mreimport[22m | roshan_base_head_blossom_v1.png[39m[0m
[  65% ] [90m[1mreimport[22m | daddy_head_winter_v1.png[39m[0m
[  66% ] [90m[1mreimport[22m | daddy_head_strawberry_v1.png[39m[0m
[  66% ] [90m[1mreimport[22m | daddy_head_star_v1.png[39m[0m
[  67% ] [90m[1mreimport[22m | daddy_head_royal_v1.png[39m[0m
[  68% ] [90m[1mreimport[22m | daddy_head_pearl_v1.png[39m[0m
[  69% ] [90m[1mreimport[22m | daddy_head_painter_v1.png[39m[0m
[  70% ] [90m[1mreimport[22m | daddy_head_chef_v1.png[39m[0m
[  71% ] [90m[1mreimport[22m | daddy_head_blossom_v1.png[39m[0m
[  72% ] [90m[1mreimport[22m | original_return.png[39m[0m
[  73% ] [90m[1mreimport[22m | roshan_gesture_d_head_pearl_v1.png[39m[0m
[  74% ] [90m[1mreimport[22m | roshan_gesture_d_head_painter_v1.png[39m[0m
[  75% ] [90m[1mreimport[22m | roshan_gesture_d_head_chef_v1.png[39m[0m
[  76% ] [90m[1mreimport[22m | roshan_gesture_d_head_blossom_v1.png[39m[0m
[  77% ] [90m[1mreimport[22m | roshan_gesture_c_head_winter_v1.png[39m[0m
[  78% ] [90m[1mreimport[22m | roshan_gesture_c_head_strawberry_v1.png[39m[0m
[  79% ] [90m[1mreimport[22m | roshan_gesture_c_head_star_v1.png[39m[0m
[  80% ] [90m[1mreimport[22m | roshan_gesture_c_head_royal_v1.png[39m[0m
[  81% ] [90m[1mreimport[22m | roshan_gesture_c_head_pearl_v1.png[39m[0m
[  82% ] [90m[1mreimport[22m | roshan_gesture_c_head_painter_v1.png[39m[0m
[  83% ] [90m[1mreimport[22m | roshan_gesture_c_head_chef_v1.png[39m[0m
[  83% ] [90m[1mreimport[22m | roshan_gesture_c_head_blossom_v1.png[39m[0m
[  84% ] [90m[1mreimport[22m | roshan_gesture_b_head_winter_v1.png[39m[0m
[  85% ] [90m[1mreimport[22m | roshan_gesture_b_head_strawberry_v1.png[39m[0m
[  86% ] [90m[1mreimport[22m | roshan_gesture_b_head_star_v1.png[39m[0m
[  87% ] [90m[1mreimport[22m | roshan_gesture_b_head_royal_v1.png[39m[0m
[  88% ] [90m[1mreimport[22m | roshan_gesture_b_head_pearl_v1.png[39m[0m
[  89% ] [90m[1mreimport[22m | roshan_gesture_b_head_painter_v1.png[39m[0m
[  90% ] [90m[1mreimport[22m | roshan_gesture_b_head_chef_v1.png[39m[0m
[  91% ] [90m[1mreimport[22m | roshan_gesture_b_head_blossom_v1.png[39m[0m
[  92% ] [90m[1mreimport[22m | roshan_gesture_a_head_winter_v1.png[39m[0m
[  93% ] [90m[1mreimport[22m | roshan_gesture_a_head_strawberry_v1.png[39m[0m
[  94% ] [90m[1mreimport[22m | roshan_gesture_a_head_star_v1.png[39m[0m
[  95% ] [90m[1mreimport[22m | roshan_gesture_a_head_royal_v1.png[39m[0m
[  96% ] [90m[1mreimport[22m | roshan_gesture_a_head_pearl_v1.png[39m[0m
[  97% ] [90m[1mreimport[22m | roshan_gesture_a_head_painter_v1.png[39m[0m
[  98% ] [90m[1mreimport[22m | roshan_gesture_a_head_chef_v1.png[39m[0m
[  99% ] [90m[1mreimport[22m | Finalizing Asset Import...[39m[0m
[92m[ DONE ][39m [1mreimport[22m
[0m
[   0% ] [90m[1mreimport[22m | Started (Re)Importing Assets (105 steps)[39m[0m
[   0% ] [90m[1mreimport[22m | Executing post-reimport operations...[39m[0m
[92m[ DONE ][39m [1mreimport[22m
[0m
[   0% ] [90m[1mloading_editor_layout[22m | Started Loading editor (5 steps)[39m[0m
[   0% ] [90m[1mloading_editor_layout[22m | Loading editor layout...[39m[0m
[  16% ] [90m[1mloading_editor_layout[22m | Loading docks...[39m[0m
[92m[ DONE ][39m [1mloading_editor_layout[22m
[0m
