Godot Engine v4.7.2.stable.official.ed1daf0bf - https://godotengine.org
Vulkan 1.4.325 - Forward Mobile - Using Device #0: NVIDIA - NVIDIA GeForce RTX 3060 Ti

BOXING_LIVE_ACTION|{"hand":0,"hits":1,"mode":"boxing_guide","progress":1.0,"stars":0,"width":1280}
BOXING_LIVE_ACTION|{"hand":1,"hits":1,"mode":"boxing_guide","progress":1.0,"stars":0,"width":1280}
BOXING_LIVE_ACTION|{"hand":0,"hits":1,"mode":"boxing_jab","progress":1.0,"stars":0,"width":1280}
BOXING_LIVE_ACTION|{"hand":1,"hits":1,"mode":"boxing_jab","progress":1.0,"stars":0,"width":1280}
BOXING_LIVE_ACTION|{"hand":0,"hits":0,"mode":"boxing_guard","progress":1.0,"stars":0,"width":1280}
BOXING_LIVE_ACTION|{"hand":1,"hits":0,"mode":"boxing_guard","progress":1.0,"stars":0,"width":1280}
BOXING_LIVE_ACTION|{"hand":0,"hits":1,"mode":"boxing_imp","progress":1.0,"stars":0,"width":1280}
BOXING_LIVE_ACTION|{"hand":1,"hits":1,"mode":"boxing_imp","progress":1.0,"stars":0,"width":1280}
BOXING_LIVE_ACTION|{"hand":0,"hits":1,"mode":"boxing_belt","progress":1.0,"stars":0,"width":1280}
BOXING_LIVE_ACTION|{"hand":1,"hits":1,"mode":"boxing_belt","progress":1.0,"stars":0,"width":1280}
BOXING_LIVE_ACTION|{"hand":0,"hits":1,"mode":"boxing_guide","progress":1.0,"stars":0,"width":1600}
BOXING_LIVE_ACTION|{"hand":1,"hits":1,"mode":"boxing_guide","progress":1.0,"stars":0,"width":1600}
BOXING_LIVE_ACTION|{"hand":0,"hits":1,"mode":"boxing_jab","progress":1.0,"stars":0,"width":1600}
BOXING_LIVE_ACTION|{"hand":1,"hits":1,"mode":"boxing_jab","progress":1.0,"stars":0,"width":1600}
BOXING_LIVE_ACTION|{"hand":0,"hits":0,"mode":"boxing_guard","progress":1.0,"stars":0,"width":1600}
BOXING_LIVE_ACTION|{"hand":1,"hits":0,"mode":"boxing_guard","progress":1.0,"stars":0,"width":1600}
BOXING_LIVE_ACTION|{"hand":0,"hits":1,"mode":"boxing_imp","progress":1.0,"stars":0,"width":1600}
BOXING_LIVE_ACTION|{"hand":1,"hits":1,"mode":"boxing_imp","progress":1.0,"stars":0,"width":1600}
BOXING_LIVE_ACTION|{"hand":0,"hits":1,"mode":"boxing_belt","progress":1.0,"stars":0,"width":1600}
BOXING_LIVE_ACTION|{"hand":1,"hits":1,"mode":"boxing_belt","progress":1.0,"stars":0,"width":1600}
BOXING_LIVE|PASS|20 all-mode both-hand cases|current source
