...
----------------------------------------------------------------------
Ran 3 tests in 0.007s

OK
........s...............................
----------------------------------------------------------------------
Ran 40 tests in 26.729s

OK (skipped=1)
...
----------------------------------------------------------------------
Ran 3 tests in 0.154s

OK
.............................................................................
----------------------------------------------------------------------
Ran 77 tests in 79.510s

OK
.....
----------------------------------------------------------------------
Ran 5 tests in 0.104s

OK
.........................................
----------------------------------------------------------------------
Ran 41 tests in 0.342s

OK
...........
----------------------------------------------------------------------
Ran 11 tests in 9.623s

OK
........
----------------------------------------------------------------------
Ran 8 tests in 1.257s

OK
.........................
----------------------------------------------------------------------
Ran 25 tests in 0.603s

OK
...............................................................................................
----------------------------------------------------------------------
Ran 95 tests in 408.371s

OK
..
----------------------------------------------------------------------
Ran 2 tests in 0.005s

OK
................................................................
----------------------------------------------------------------------
Ran 64 tests in 7.657s

OK
