...
----------------------------------------------------------------------
Ran 3 tests in 0.007s

OK
........s...............................
----------------------------------------------------------------------
Ran 40 tests in 24.401s

OK (skipped=1)
...
----------------------------------------------------------------------
Ran 3 tests in 0.125s

OK
...........................................................................
----------------------------------------------------------------------
Ran 75 tests in 47.097s

OK
.....
----------------------------------------------------------------------
Ran 5 tests in 0.084s

OK
.........................................
----------------------------------------------------------------------
Ran 41 tests in 0.232s

OK
...........
----------------------------------------------------------------------
Ran 11 tests in 7.047s

OK
........
----------------------------------------------------------------------
Ran 8 tests in 1.141s

OK
.........................
----------------------------------------------------------------------
Ran 25 tests in 0.503s

OK
...............................................................................................
----------------------------------------------------------------------
Ran 95 tests in 321.710s

OK
..
----------------------------------------------------------------------
Ran 2 tests in 0.003s

OK
................................................................
----------------------------------------------------------------------
Ran 64 tests in 7.210s

OK
