Godot Engine v4.7.2.stable.official.ed1daf0bf - https://godotengine.org
Vulkan 1.4.325 - Forward Mobile - Using Device #0: NVIDIA - NVIDIA GeForce RTX 3060 Ti

NURSERY_CONTACT|OK|catch-1280x720 normal freeplay caller starts
NURSERY_CONTACT|OK|catch-1280x720 exact source atlas and three measured feet loaded
NURSERY_CONTACT|OK|native frame save captures/catch-1280x720/0000.webp
NURSERY_CONTACT|OK|native frame save captures/catch-1280x720/0001.webp
NURSERY_CONTACT|OK|native frame save captures/catch-1280x720/0002.webp
NURSERY_CONTACT|OK|native frame save captures/catch-1280x720/0003.webp
NURSERY_CONTACT|OK|native frame save captures/catch-1280x720/0004.webp
NURSERY_CONTACT|OK|native frame save captures/catch-1280x720/0005.webp
NURSERY_CONTACT|OK|native frame save captures/catch-1280x720/0006.webp
NURSERY_CONTACT|OK|native frame save captures/catch-1280x720/0007.webp
NURSERY_CONTACT|OK|native frame save captures/catch-1280x720/0008.webp
NURSERY_CONTACT|OK|native frame save captures/catch-1280x720/0009.webp
NURSERY_CONTACT|OK|native frame save captures/catch-1280x720/0010.webp
NURSERY_CONTACT|OK|native frame save captures/catch-1280x720/0011.webp
NURSERY_CONTACT|OK|native frame save captures/catch-1280x720/0012.webp
NURSERY_CONTACT|OK|native frame save captures/catch-1280x720/0013.webp
NURSERY_CONTACT|OK|native frame save captures/catch-1280x720/0014.webp
NURSERY_CONTACT|OK|native frame save captures/catch-1280x720/0015.webp
NURSERY_CONTACT|OK|native frame save captures/catch-1280x720/0016.webp
NURSERY_CONTACT|OK|native frame save captures/catch-1280x720/0017.webp
NURSERY_CONTACT|OK|native frame save captures/catch-1280x720/0018.webp
NURSERY_CONTACT|OK|native frame save captures/catch-1280x720/0019.webp
NURSERY_CONTACT|OK|native frame save captures/catch-1280x720/0020.webp
NURSERY_CONTACT|OK|native frame save captures/catch-1280x720/0021.webp
NURSERY_CONTACT|OK|native frame save captures/catch-1280x720/0022.webp
NURSERY_CONTACT|OK|native frame save captures/catch-1280x720/0023.webp
NURSERY_CONTACT|OK|native frame save captures/catch-1280x720/0024.webp
NURSERY_CONTACT|OK|native frame save captures/catch-1280x720/0025.webp
NURSERY_CONTACT|OK|native frame save captures/catch-1280x720/0026.webp
NURSERY_CONTACT|OK|native frame save captures/catch-1280x720/0027.webp
NURSERY_CONTACT|OK|native frame save captures/catch-1280x720/0028.webp
NURSERY_CONTACT|OK|native frame save captures/catch-1280x720/0029.webp
NURSERY_CONTACT|OK|native frame save captures/catch-1280x720/0030.webp
NURSERY_CONTACT|OK|native frame save captures/catch-1280x720/0031.webp
NURSERY_CONTACT|OK|native frame save captures/catch-1280x720/0032.webp
NURSERY_CONTACT|OK|native frame save captures/catch-1280x720/0033.webp
NURSERY_CONTACT|OK|native frame save captures/catch-1280x720/0034.webp
NURSERY_CONTACT|OK|native frame save captures/catch-1280x720/0035.webp
NURSERY_CONTACT|OK|native frame save captures/catch-1280x720/0036.webp
NURSERY_CONTACT|OK|native frame save captures/catch-1280x720/0037.webp
NURSERY_CONTACT|OK|native frame save captures/catch-1280x720/0038.webp
NURSERY_CONTACT|OK|native frame save captures/catch-1280x720/0039.webp
NURSERY_CONTACT|OK|native frame save captures/catch-1280x720/0040.webp
NURSERY_CONTACT|OK|native frame save captures/catch-1280x720/0041.webp
NURSERY_CONTACT|OK|native frame save captures/catch-1280x720/0042.webp
NURSERY_CONTACT|OK|native frame save captures/catch-1280x720/0043.webp
NURSERY_CONTACT|OK|native frame save captures/catch-1280x720/0044.webp
NURSERY_CONTACT|OK|native frame save captures/catch-1280x720/0045.webp
NURSERY_CONTACT|OK|native frame save captures/catch-1280x720/0046.webp
NURSERY_CONTACT|OK|native frame save captures/catch-1280x720/0047.webp
NURSERY_CONTACT|OK|native frame save captures/catch-1280x720/0048.webp
NURSERY_CONTACT|OK|native frame save captures/catch-1280x720/0049.webp
NURSERY_CONTACT|OK|native frame save captures/catch-1280x720/0050.webp
NURSERY_CONTACT|OK|native frame save captures/catch-1280x720/0051.webp
NURSERY_CONTACT|OK|native frame save captures/catch-1280x720/0052.webp
NURSERY_CONTACT|OK|native frame save captures/catch-1280x720/0053.webp
NURSERY_CONTACT|OK|native frame save captures/catch-1280x720/0054.webp
NURSERY_CONTACT|OK|native frame save captures/catch-1280x720/0055.webp
NURSERY_CONTACT|OK|native frame save captures/catch-1280x720/0056.webp
NURSERY_CONTACT|OK|native frame save captures/catch-1280x720/0057.webp
NURSERY_CONTACT|OK|native frame save captures/catch-1280x720/0058.webp
NURSERY_CONTACT|OK|native frame save captures/catch-1280x720/0059.webp
NURSERY_CONTACT|OK|native frame save captures/catch-1280x720/0060.webp
NURSERY_CONTACT|OK|native frame save captures/catch-1280x720/0061.webp
NURSERY_CONTACT|OK|native frame save captures/catch-1280x720/0062.webp
NURSERY_CONTACT|OK|native frame save captures/catch-1280x720/0063.webp
NURSERY_CONTACT|OK|native frame save captures/catch-1280x720/0064.webp
NURSERY_CONTACT|OK|native frame save captures/catch-1280x720/0065.webp
NURSERY_CONTACT|OK|native frame save captures/catch-1280x720/0066.webp
NURSERY_CONTACT|OK|native frame save captures/catch-1280x720/0067.webp
NURSERY_CONTACT|OK|native frame save captures/catch-1280x720/0068.webp
NURSERY_CONTACT|OK|native frame save captures/catch-1280x720/0069.webp
NURSERY_CONTACT|OK|native frame save captures/catch-1280x720/0070.webp
NURSERY_CONTACT|OK|native frame save captures/catch-1280x720/0071.webp
NURSERY_CONTACT|OK|native frame save captures/catch-1280x720/0072.webp
NURSERY_CONTACT|OK|native frame save captures/catch-1280x720/0073.webp
NURSERY_CONTACT|OK|native frame save captures/catch-1280x720/0074.webp
NURSERY_CONTACT|OK|native frame save captures/catch-1280x720/0075.webp
NURSERY_CONTACT|OK|native frame save captures/catch-1280x720/0076.webp
NURSERY_CONTACT|OK|native frame save captures/catch-1280x720/0077.webp
NURSERY_CONTACT|OK|native frame save captures/catch-1280x720/0078.webp
NURSERY_CONTACT|OK|native frame save captures/catch-1280x720/0079.webp
NURSERY_CONTACT|OK|native frame save captures/catch-1280x720/0080.webp
NURSERY_CONTACT|OK|native frame save captures/catch-1280x720/0081.webp
NURSERY_CONTACT|OK|native frame save captures/catch-1280x720/0082.webp
NURSERY_CONTACT|OK|native frame save captures/catch-1280x720/0083.webp
NURSERY_CONTACT|OK|native frame save captures/catch-1280x720/0084.webp
NURSERY_CONTACT|OK|native frame save captures/catch-1280x720/0085.webp
NURSERY_CONTACT|OK|native frame save captures/catch-1280x720/0086.webp
NURSERY_CONTACT|OK|catch-1280x720 genuine single touch catches five
NURSERY_CONTACT|OK|catch-1280x720 final transfer settles before next phase
NURSERY_CONTACT|OK|catch-1280x720 all receiving and lowering authored keys were sampled
NURSERY_CONTACT|OK|catch-1280x720 normal route Roshan returns for feeding
NURSERY_CONTACT|OK|catch-1600x720 normal freeplay caller starts
NURSERY_CONTACT|OK|catch-1600x720 exact source atlas and three measured feet loaded
NURSERY_CONTACT|OK|native frame save captures/catch-1600x720/0000.webp
NURSERY_CONTACT|OK|native frame save captures/catch-1600x720/0001.webp
NURSERY_CONTACT|OK|native frame save captures/catch-1600x720/0002.webp
NURSERY_CONTACT|OK|native frame save captures/catch-1600x720/0003.webp
NURSERY_CONTACT|OK|native frame save captures/catch-1600x720/0004.webp
NURSERY_CONTACT|OK|native frame save captures/catch-1600x720/0005.webp
NURSERY_CONTACT|OK|native frame save captures/catch-1600x720/0006.webp
NURSERY_CONTACT|OK|native frame save captures/catch-1600x720/0007.webp
NURSERY_CONTACT|OK|native frame save captures/catch-1600x720/0008.webp
NURSERY_CONTACT|OK|native frame save captures/catch-1600x720/0009.webp
NURSERY_CONTACT|OK|native frame save captures/catch-1600x720/0010.webp
NURSERY_CONTACT|OK|native frame save captures/catch-1600x720/0011.webp
NURSERY_CONTACT|OK|native frame save captures/catch-1600x720/0012.webp
NURSERY_CONTACT|OK|native frame save captures/catch-1600x720/0013.webp
NURSERY_CONTACT|OK|native frame save captures/catch-1600x720/0014.webp
NURSERY_CONTACT|OK|native frame save captures/catch-1600x720/0015.webp
NURSERY_CONTACT|OK|native frame save captures/catch-1600x720/0016.webp
NURSERY_CONTACT|OK|native frame save captures/catch-1600x720/0017.webp
NURSERY_CONTACT|OK|native frame save captures/catch-1600x720/0018.webp
NURSERY_CONTACT|OK|native frame save captures/catch-1600x720/0019.webp
NURSERY_CONTACT|OK|native frame save captures/catch-1600x720/0020.webp
NURSERY_CONTACT|OK|native frame save captures/catch-1600x720/0021.webp
NURSERY_CONTACT|OK|native frame save captures/catch-1600x720/0022.webp
NURSERY_CONTACT|OK|native frame save captures/catch-1600x720/0023.webp
NURSERY_CONTACT|OK|native frame save captures/catch-1600x720/0024.webp
NURSERY_CONTACT|OK|native frame save captures/catch-1600x720/0025.webp
NURSERY_CONTACT|OK|native frame save captures/catch-1600x720/0026.webp
NURSERY_CONTACT|OK|native frame save captures/catch-1600x720/0027.webp
NURSERY_CONTACT|OK|native frame save captures/catch-1600x720/0028.webp
NURSERY_CONTACT|OK|native frame save captures/catch-1600x720/0029.webp
NURSERY_CONTACT|OK|native frame save captures/catch-1600x720/0030.webp
NURSERY_CONTACT|OK|native frame save captures/catch-1600x720/0031.webp
NURSERY_CONTACT|OK|native frame save captures/catch-1600x720/0032.webp
NURSERY_CONTACT|OK|native frame save captures/catch-1600x720/0033.webp
NURSERY_CONTACT|OK|native frame save captures/catch-1600x720/0034.webp
NURSERY_CONTACT|OK|native frame save captures/catch-1600x720/0035.webp
NURSERY_CONTACT|OK|native frame save captures/catch-1600x720/0036.webp
NURSERY_CONTACT|OK|native frame save captures/catch-1600x720/0037.webp
NURSERY_CONTACT|OK|native frame save captures/catch-1600x720/0038.webp
NURSERY_CONTACT|OK|native frame save captures/catch-1600x720/0039.webp
NURSERY_CONTACT|OK|native frame save captures/catch-1600x720/0040.webp
NURSERY_CONTACT|OK|native frame save captures/catch-1600x720/0041.webp
NURSERY_CONTACT|OK|native frame save captures/catch-1600x720/0042.webp
NURSERY_CONTACT|OK|native frame save captures/catch-1600x720/0043.webp
NURSERY_CONTACT|OK|native frame save captures/catch-1600x720/0044.webp
NURSERY_CONTACT|OK|native frame save captures/catch-1600x720/0045.webp
NURSERY_CONTACT|OK|native frame save captures/catch-1600x720/0046.webp
NURSERY_CONTACT|OK|native frame save captures/catch-1600x720/0047.webp
NURSERY_CONTACT|OK|native frame save captures/catch-1600x720/0048.webp
NURSERY_CONTACT|OK|native frame save captures/catch-1600x720/0049.webp
NURSERY_CONTACT|OK|native frame save captures/catch-1600x720/0050.webp
NURSERY_CONTACT|OK|native frame save captures/catch-1600x720/0051.webp
NURSERY_CONTACT|OK|native frame save captures/catch-1600x720/0052.webp
NURSERY_CONTACT|OK|native frame save captures/catch-1600x720/0053.webp
NURSERY_CONTACT|OK|native frame save captures/catch-1600x720/0054.webp
NURSERY_CONTACT|OK|native frame save captures/catch-1600x720/0055.webp
NURSERY_CONTACT|OK|native frame save captures/catch-1600x720/0056.webp
NURSERY_CONTACT|OK|native frame save captures/catch-1600x720/0057.webp
NURSERY_CONTACT|OK|native frame save captures/catch-1600x720/0058.webp
NURSERY_CONTACT|OK|native frame save captures/catch-1600x720/0059.webp
NURSERY_CONTACT|OK|native frame save captures/catch-1600x720/0060.webp
NURSERY_CONTACT|OK|native frame save captures/catch-1600x720/0061.webp
NURSERY_CONTACT|OK|native frame save captures/catch-1600x720/0062.webp
NURSERY_CONTACT|OK|native frame save captures/catch-1600x720/0063.webp
NURSERY_CONTACT|OK|native frame save captures/catch-1600x720/0064.webp
NURSERY_CONTACT|OK|native frame save captures/catch-1600x720/0065.webp
NURSERY_CONTACT|OK|native frame save captures/catch-1600x720/0066.webp
NURSERY_CONTACT|OK|native frame save captures/catch-1600x720/0067.webp
NURSERY_CONTACT|OK|native frame save captures/catch-1600x720/0068.webp
NURSERY_CONTACT|OK|native frame save captures/catch-1600x720/0069.webp
NURSERY_CONTACT|OK|native frame save captures/catch-1600x720/0070.webp
NURSERY_CONTACT|OK|native frame save captures/catch-1600x720/0071.webp
NURSERY_CONTACT|OK|native frame save captures/catch-1600x720/0072.webp
NURSERY_CONTACT|OK|native frame save captures/catch-1600x720/0073.webp
NURSERY_CONTACT|OK|native frame save captures/catch-1600x720/0074.webp
NURSERY_CONTACT|OK|native frame save captures/catch-1600x720/0075.webp
NURSERY_CONTACT|OK|native frame save captures/catch-1600x720/0076.webp
NURSERY_CONTACT|OK|native frame save captures/catch-1600x720/0077.webp
NURSERY_CONTACT|OK|native frame save captures/catch-1600x720/0078.webp
NURSERY_CONTACT|OK|native frame save captures/catch-1600x720/0079.webp
NURSERY_CONTACT|OK|native frame save captures/catch-1600x720/0080.webp
NURSERY_CONTACT|OK|native frame save captures/catch-1600x720/0081.webp
NURSERY_CONTACT|OK|native frame save captures/catch-1600x720/0082.webp
NURSERY_CONTACT|OK|native frame save captures/catch-1600x720/0083.webp
NURSERY_CONTACT|OK|native frame save captures/catch-1600x720/0084.webp
NURSERY_CONTACT|OK|native frame save captures/catch-1600x720/0085.webp
NURSERY_CONTACT|OK|native frame save captures/catch-1600x720/0086.webp
NURSERY_CONTACT|OK|catch-1600x720 genuine single touch catches five
NURSERY_CONTACT|OK|catch-1600x720 final transfer settles before next phase
NURSERY_CONTACT|OK|catch-1600x720 all receiving and lowering authored keys were sampled
NURSERY_CONTACT|OK|catch-1600x720 normal route Roshan returns for feeding
NURSERY_CONTACT|OK|all production/harness/contact data bytes stayed unchanged throughout both captures
NURSERY_CONTACT|RESULT|PASS
