Godot Engine v4.7.2.stable.official.ed1daf0bf - https://godotengine.org
Vulkan 1.4.325 - Forward Mobile - Using Device #0: NVIDIA - NVIDIA GeForce RTX 3060 Ti

DIAGNOSTIC|STAGED|chef_01_pourt.png|menu=false|size=(1280, 720)
DIAGNOSTIC|STAGED|chef_02_circle.png|menu=false|size=(1280, 720)
DIAGNOSTIC|STAGED|chef_03_oven.png|menu=false|size=(1280, 720)
DIAGNOSTIC|STAGED|chef_04_swipe.png|menu=false|size=(1280, 720)
DIAGNOSTIC|STAGED|chef_05_tap.png|menu=false|size=(1280, 720)
DIAGNOSTIC|STAGED|detective_01_lens.png|menu=false|size=(1280, 720)
DIAGNOSTIC|STAGED|detective_02_clue_board.png|menu=false|size=(1280, 720)
DIAGNOSTIC|STAGED|detective_03_crown_chest.png|menu=false|size=(1280, 720)
DIAGNOSTIC|STAGED|ballerina_01_ballet_pose.png|menu=false|size=(1280, 720)
DIAGNOSTIC|STAGED|ballerina_02_ballet_ribbon.png|menu=false|size=(1280, 720)
DIAGNOSTIC|STAGED|ballerina_03_ballet_twirl.png|menu=false|size=(1280, 720)
DIAGNOSTIC|STAGED|candymaker_01_pourt.png|menu=false|size=(1280, 720)
DIAGNOSTIC|STAGED|candymaker_02_candy_sort.png|menu=false|size=(1280, 720)
DIAGNOSTIC|STAGED|candymaker_03_circle.png|menu=false|size=(1280, 720)
DIAGNOSTIC|STAGED|candymaker_04_tap.png|menu=false|size=(1280, 720)
DIAGNOSTIC|STAGED|doctor_01_hold.png|menu=false|size=(1280, 720)
DIAGNOSTIC|STAGED|doctor_02_choice.png|menu=false|size=(1280, 720)
DIAGNOSTIC|STAGED|doctor_03_xray_scan.png|menu=false|size=(1280, 720)
DIAGNOSTIC|STAGED|doctor_04_circle.png|menu=false|size=(1280, 720)
DIAGNOSTIC|STAGED|doctor_05_swipe.png|menu=false|size=(1280, 720)
DIAGNOSTIC|STAGED|farmer_01_garden_plant.png|menu=false|size=(1280, 720)
DIAGNOSTIC|STAGED|farmer_02_farm_lob.png|menu=false|size=(1280, 720)
DIAGNOSTIC|STAGED|farmer_03_swipe.png|menu=false|size=(1280, 720)
DIAGNOSTIC|STAGED|farmer_04_tap.png|menu=false|size=(1280, 720)
DIAGNOSTIC|STAGED|boxer_01_boxing_guide.png|menu=false|size=(1280, 720)
DIAGNOSTIC|STAGED|boxer_02_boxing_jab.png|menu=false|size=(1280, 720)
DIAGNOSTIC|STAGED|boxer_03_boxing_guard.png|menu=false|size=(1280, 720)
DIAGNOSTIC|STAGED|boxer_04_boxing_imp.png|menu=false|size=(1280, 720)
DIAGNOSTIC|STAGED|boxer_05_boxing_belt.png|menu=false|size=(1280, 720)
DIAGNOSTIC|STAGED|magician_01_hold.png|menu=false|size=(1280, 720)
DIAGNOSTIC|STAGED|magician_02_choice.png|menu=false|size=(1280, 720)
DIAGNOSTIC|STAGED|magician_03_swipe.png|menu=false|size=(1280, 720)
DIAGNOSTIC|STAGED|magician_04_magic_cabinet.png|menu=false|size=(1280, 720)
DIAGNOSTIC|STAGED|magician_05_circle.png|menu=false|size=(1280, 720)
DIAGNOSTIC|STAGED|painter_01_paint_reveal.png|menu=false|size=(1280, 720)
DIAGNOSTIC|STAGED|painter_02_tap.png|menu=false|size=(1280, 720)
DIAGNOSTIC|STAGED|painter_03_choice.png|menu=false|size=(1280, 720)
DIAGNOSTIC|STAGED|astronaut_01_pipe.png|menu=false|size=(1280, 720)
DIAGNOSTIC|STAGED|astronaut_02_tap.png|menu=false|size=(1280, 720)
DIAGNOSTIC|STAGED|astronaut_03_circle.png|menu=false|size=(1280, 720)
DIAGNOSTIC|STAGED|astronaut_04_hold.png|menu=false|size=(1280, 720)
DIAGNOSTIC|STAGED|racer_01_circle.png|menu=false|size=(1280, 720)
DIAGNOSTIC|STAGED|racer_02_swipe.png|menu=false|size=(1280, 720)
DIAGNOSTIC|STAGED|racer_03_circle.png|menu=false|size=(1280, 720)
DIAGNOSTIC|STAGED|popstar_01_hold.png|menu=false|size=(1280, 720)
DIAGNOSTIC|STAGED|popstar_02_choice.png|menu=false|size=(1280, 720)
DIAGNOSTIC|STAGED|popstar_03_echo.png|menu=false|size=(1280, 720)
DIAGNOSTIC|STAGED|popstar_04_circle.png|menu=false|size=(1280, 720)
DIAGNOSTIC|STAGED|nursery_01_hold.png|menu=false|size=(1280, 720)
DIAGNOSTIC|STAGED|nursery_02_catch.png|menu=false|size=(1280, 720)
DIAGNOSTIC|STAGED|nursery_03_hold.png|menu=false|size=(1280, 720)
DIAGNOSTIC|STAGED|nursery_04_tap.png|menu=false|size=(1280, 720)
DIAGNOSTIC|STAGED|nursery_05_swipe.png|menu=false|size=(1280, 720)
DIAGNOSTIC|STAGED|geologist_01_choice.png|menu=false|size=(1280, 720)
DIAGNOSTIC|STAGED|geologist_02_swipe.png|menu=false|size=(1280, 720)
DIAGNOSTIC|STAGED|geologist_03_geology_sort.png|menu=false|size=(1280, 720)
DIAGNOSTIC|STAGED|geologist_04_hold.png|menu=false|size=(1280, 720)
DIAGNOSTIC|COMPLETE|programmatic staging, not child playtest or acceptance
