Godot Engine v4.7.2.stable.official.ed1daf0bf - https://godotengine.org
Vulkan 1.4.325 - Forward Mobile - Using Device #0: NVIDIA - NVIDIA GeForce RTX 3060 Ti

OPERASHOT|GLOBAL|FAIL|engine_version|4.7.2-stable (official)
OPERASHOT|1280x720|castle_career_routes_kitchen|PASS
OPERASHOT|1280x720|castle_career_routes_library|PASS
OPERASHOT|1280x720|castle_career_routes_craft_room|PASS
OPERASHOT|1280x720|castle_career_routes_playroom|PASS
OPERASHOT|1280x720|castle_career_routes_bubble_bath|PASS
OPERASHOT|1280x720|castle_career_routes_mermaid_pool|PASS
OPERASHOT|1280x720|castle_career_routes_dining_room|PASS
OPERASHOT|1280x720|castle_career_routes_movie_lounge|PASS
OPERASHOT|1280x720|opera_venue_floor_01_ballerina|PASS
OPERASHOT|1280x720|opera_venue_floor_02_magician|PASS
OPERASHOT|1280x720|opera_venue_floor_03_popstar|PASS
OPERASHOT|1280x720|opera_act_01_pastry_chef_from_kitchen|PASS
OPERASHOT|1280x720|opera_act_02_detective_from_library|PASS
OPERASHOT|1280x720|opera_act_03_ballerina_from_opera_hall|PASS
OPERASHOT|1280x720|opera_act_04_candy_maker_from_kitchen|PASS
OPERASHOT|1280x720|opera_act_06_stuffie_surgeon_from_playroom|PASS
OPERASHOT|1280x720|opera_act_07_farmer_from_dining_room|PASS
OPERASHOT|1280x720|opera_act_08_boxer_from_playroom|PASS
OPERASHOT|1280x720|opera_act_09_magician_from_opera_hall|PASS
OPERASHOT|1280x720|opera_act_11_painter_from_craft_room|PASS
OPERASHOT|1280x720|opera_act_12_astronaut_engineer_from_mermaid_pool|PASS
OPERASHOT|1280x720|opera_act_13_racecar_driver_from_movie_lounge|PASS
OPERASHOT|1280x720|opera_act_14_pop_star_from_opera_hall|PASS
OPERASHOT|1280x720|opera_act_16_nursery_nurse_from_bubble_bath|PASS
OPERASHOT|1280x720|opera_act_17_geologist_from_library|PASS
OPERASHOT|1280x720|MANIFEST|C:/Users/Peter/Documents/mermaid-roshan-reef/tmp/opera-reaudit-20260905/route-captures-post-import/1280x720/opera_capture_manifest.json
OPERASHOT|GLOBAL|FAIL|engine_version|4.7.2-stable (official)
OPERASHOT|1600x720|castle_career_routes_kitchen|PASS
OPERASHOT|1600x720|castle_career_routes_library|PASS
OPERASHOT|1600x720|castle_career_routes_craft_room|PASS
OPERASHOT|1600x720|castle_career_routes_playroom|PASS
OPERASHOT|1600x720|castle_career_routes_bubble_bath|PASS
OPERASHOT|1600x720|castle_career_routes_mermaid_pool|PASS
OPERASHOT|1600x720|castle_career_routes_dining_room|PASS
OPERASHOT|1600x720|castle_career_routes_movie_lounge|PASS
OPERASHOT|1600x720|opera_venue_floor_01_ballerina|PASS
OPERASHOT|1600x720|opera_venue_floor_02_magician|PASS
OPERASHOT|1600x720|opera_venue_floor_03_popstar|PASS
OPERASHOT|1600x720|opera_act_01_pastry_chef_from_kitchen|PASS
OPERASHOT|1600x720|opera_act_02_detective_from_library|PASS
OPERASHOT|1600x720|opera_act_03_ballerina_from_opera_hall|PASS
OPERASHOT|1600x720|opera_act_04_candy_maker_from_kitchen|PASS
OPERASHOT|1600x720|opera_act_06_stuffie_surgeon_from_playroom|PASS
OPERASHOT|1600x720|opera_act_07_farmer_from_dining_room|PASS
OPERASHOT|1600x720|opera_act_08_boxer_from_playroom|PASS
OPERASHOT|1600x720|opera_act_09_magician_from_opera_hall|PASS
OPERASHOT|1600x720|opera_act_11_painter_from_craft_room|PASS
OPERASHOT|1600x720|opera_act_12_astronaut_engineer_from_mermaid_pool|PASS
OPERASHOT|1600x720|opera_act_13_racecar_driver_from_movie_lounge|PASS
OPERASHOT|1600x720|opera_act_14_pop_star_from_opera_hall|PASS
OPERASHOT|1600x720|opera_act_16_nursery_nurse_from_bubble_bath|PASS
OPERASHOT|1600x720|opera_act_17_geologist_from_library|PASS
OPERASHOT|1600x720|MANIFEST|C:/Users/Peter/Documents/mermaid-roshan-reef/tmp/opera-reaudit-20260905/route-captures-post-import/1600x720/opera_capture_manifest.json
OPERASHOT|RESULT|FAIL|C:/Users/Peter/Documents/mermaid-roshan-reef/tmp/opera-reaudit-20260905/route-captures-post-import
