Godot Engine v4.7.2.stable.official.ed1daf0bf - https://godotengine.org
Vulkan 1.4.325 - Forward Mobile - Using Device #0: NVIDIA - NVIDIA GeForce RTX 3060 Ti

POOL_ART_V2|MOUNT|room=mermaid_pool stage=true composition=true tiles=true background=true cleanup=true day_one=true
POOL_ART_V2|OK|real Mermaid Pool composition mounted
POOL_ART_V2|OK|real dirty arrival and waterfall fixture registered
POOL_ART_V2|OK|capture 00_real_room_dirty_arrival
POOL_ART_V2|CAPTURE|configured_route_diagnostic|00_real_room_dirty_arrival|C:\Users\Peter\Documents\mermaid-roshan-reef\.worktrees\minigame-art-dev-reconcile-20260905\tmp\pool-art-review\run04\captures/00_real_room_dirty_arrival.png
POOL_ART_V2|OK|capture 01_real_room_skimmer_partial_held
POOL_ART_V2|CAPTURE|configured_route_diagnostic|01_real_room_skimmer_partial_held|C:\Users\Peter\Documents\mermaid-roshan-reef\.worktrees\minigame-art-dev-reconcile-20260905\tmp\pool-art-review\run04\captures/01_real_room_skimmer_partial_held.png
POOL_ART_V2|OK|six live skimmer drags complete only the skimmer
POOL_ART_V2|OK|capture 02_real_room_skimmer_complete_waterfall_ready
POOL_ART_V2|CAPTURE|configured_route_diagnostic|02_real_room_skimmer_complete_waterfall_ready|C:\Users\Peter\Documents\mermaid-roshan-reef\.worktrees\minigame-art-dev-reconcile-20260905\tmp\pool-art-review\run04\captures/02_real_room_skimmer_complete_waterfall_ready.png
POOL_ART_V2|OK|capture 03_real_room_waterfall_partial_held
POOL_ART_V2|CAPTURE|configured_route_diagnostic|03_real_room_waterfall_partial_held|C:\Users\Peter\Documents\mermaid-roshan-reef\.worktrees\minigame-art-dev-reconcile-20260905\tmp\pool-art-review\run04\captures/03_real_room_waterfall_partial_held.png
POOL_ART_V2|OK|three live waterfall strokes unlock the seahorse
POOL_ART_V2|OK|capture 04_real_room_waterfall_complete_seahorse_ready
POOL_ART_V2|CAPTURE|configured_route_diagnostic|04_real_room_waterfall_complete_seahorse_ready|C:\Users\Peter\Documents\mermaid-roshan-reef\.worktrees\minigame-art-dev-reconcile-20260905\tmp\pool-art-review\run04\captures/04_real_room_waterfall_complete_seahorse_ready.png
POOL_ART_V2|OK|capture 05_real_room_seahorse_mid_tug
POOL_ART_V2|CAPTURE|configured_route_diagnostic|05_real_room_seahorse_mid_tug|C:\Users\Peter\Documents\mermaid-roshan-reef\.worktrees\minigame-art-dev-reconcile-20260905\tmp\pool-art-review\run04\captures/05_real_room_seahorse_mid_tug.png
POOL_ART_V2|OK|capture 06_real_room_seahorse_release
POOL_ART_V2|CAPTURE|configured_route_diagnostic|06_real_room_seahorse_release|C:\Users\Peter\Documents\mermaid-roshan-reef\.worktrees\minigame-art-dev-reconcile-20260905\tmp\pool-art-review\run04\captures/06_real_room_seahorse_release.png
POOL_ART_V2|OK|eight live seahorse taps complete the room once
POOL_ART_V2|OK|capture 07_real_room_rainbow_reveal
POOL_ART_V2|CAPTURE|configured_route_diagnostic|07_real_room_rainbow_reveal|C:\Users\Peter\Documents\mermaid-roshan-reef\.worktrees\minigame-art-dev-reconcile-20260905\tmp\pool-art-review\run04\captures/07_real_room_rainbow_reveal.png
POOL_ART_V2|OK|capture 08_real_room_rumi_settle
POOL_ART_V2|CAPTURE|configured_route_diagnostic|08_real_room_rumi_settle|C:\Users\Peter\Documents\mermaid-roshan-reef\.worktrees\minigame-art-dev-reconcile-20260905\tmp\pool-art-review\run04\captures/08_real_room_rumi_settle.png
POOL_ART_V2|RESULT|PASS|failures=0
