...
----------------------------------------------------------------------
Ran 3 tests in 0.032s

OK
........s...............................
----------------------------------------------------------------------
Ran 40 tests in 35.383s

OK (skipped=1)
...
----------------------------------------------------------------------
Ran 3 tests in 0.163s

OK
...........................................................................
----------------------------------------------------------------------
Ran 75 tests in 303.067s

OK
.....
----------------------------------------------------------------------
Ran 5 tests in 0.149s

OK
.........................................
----------------------------------------------------------------------
Ran 41 tests in 0.663s

OK
...........
----------------------------------------------------------------------
Ran 11 tests in 11.878s

OK
........
----------------------------------------------------------------------
Ran 8 tests in 1.997s

OK
.........................
----------------------------------------------------------------------
Ran 25 tests in 0.841s

OK
...............................................................................................
----------------------------------------------------------------------
Ran 95 tests in 458.826s

OK
..
----------------------------------------------------------------------
Ran 2 tests in 0.013s

OK
................................................................
----------------------------------------------------------------------
Ran 64 tests in 9.771s

OK
