warning: in the working copy of 'ASSET_LICENSES.md', LF will be replaced by CRLF the next time Git touches it
warning: in the working copy of 'audit/MASTER_AUDIT_2026-08-09.md', LF will be replaced by CRLF the next time Git touches it
warning: in the working copy of 'audit/findings/ACTIVE_FINDINGS_2026-08-13.md', LF will be replaced by CRLF the next time Git touches it
warning: in the working copy of 'design/05_DOC_LEDGER.md', LF will be replaced by CRLF the next time Git touches it
warning: in the working copy of 'scripts/opera_geology_surface.gd', LF will be replaced by CRLF the next time Git touches it
warning: in the working copy of 'assets/opera/worlds/geology/painted_river_v1_20261002/dry_junctions.png.import', LF will be replaced by CRLF the next time Git touches it
warning: in the working copy of 'assets/opera/worlds/geology/painted_river_v1_20261002/dry_straight.png.import', LF will be replaced by CRLF the next time Git touches it
warning: in the working copy of 'assets/opera/worlds/geology/painted_river_v1_20261002/earth_bed.png.import', LF will be replaced by CRLF the next time Git touches it
warning: in the working copy of 'assets/opera/worlds/geology/painted_river_v1_20261002/nodes.png.import', LF will be replaced by CRLF the next time Git touches it
warning: in the working copy of 'assets/opera/worlds/geology/painted_river_v1_20261002/wet_junctions.png.import', LF will be replaced by CRLF the next time Git touches it
warning: in the working copy of 'assets/opera/worlds/geology/painted_river_v1_20261002/wet_straight.png.import', LF will be replaced by CRLF the next time Git touches it
warning: in the working copy of 'assets_src/imagegen/geologist_geode_coherent_states_v1_20261002/NORMALIZATION.json', LF will be replaced by CRLF the next time Git touches it
warning: in the working copy of 'assets_src/imagegen/geologist_geode_coherent_states_v1_20261002/PLAN.json', LF will be replaced by CRLF the next time Git touches it
warning: in the working copy of 'assets_src/imagegen/geologist_geode_coherent_states_v1_20261002/REVIEW.json', LF will be replaced by CRLF the next time Git touches it
warning: in the working copy of 'assets_src/imagegen/geologist_geode_coherent_states_v1_20261002/SELECTED_PILOT_STATES.json', LF will be replaced by CRLF the next time Git touches it
warning: in the working copy of 'assets_src/imagegen/geologist_geode_coherent_states_v1_20261002/attempt_01/GENERATION.json', LF will be replaced by CRLF the next time Git touches it
warning: in the working copy of 'assets_src/imagegen/geologist_geode_coherent_states_v1_20261002/attempt_01/REVIEW.json', LF will be replaced by CRLF the next time Git touches it
warning: in the working copy of 'assets_src/imagegen/geologist_geode_coherent_states_v1_20261002/attempt_02/GENERATION.json', LF will be replaced by CRLF the next time Git touches it
warning: in the working copy of 'assets_src/imagegen/geologist_geode_coherent_states_v1_20261002/attempt_02/PLAN.json', LF will be replaced by CRLF the next time Git touches it
warning: in the working copy of 'assets_src/imagegen/geologist_geode_coherent_states_v1_20261002/attempt_02/REVIEW.json', LF will be replaced by CRLF the next time Git touches it
warning: in the working copy of 'assets_src/imagegen/geologist_geode_coherent_states_v1_20261002/attempt_03/GENERATION.json', LF will be replaced by CRLF the next time Git touches it
warning: in the working copy of 'assets_src/imagegen/geologist_geode_coherent_states_v1_20261002/attempt_03/PLAN.json', LF will be replaced by CRLF the next time Git touches it
warning: in the working copy of 'assets_src/imagegen/geologist_geode_coherent_states_v1_20261002/attempt_03/REVIEW.json', LF will be replaced by CRLF the next time Git touches it
warning: in the working copy of 'assets_src/imagegen/geologist_geode_coherent_states_v1_20261002/attempt_04/GENERATION.json', LF will be replaced by CRLF the next time Git touches it
warning: in the working copy of 'assets_src/imagegen/geologist_geode_coherent_states_v1_20261002/attempt_04/PLAN.json', LF will be replaced by CRLF the next time Git touches it
warning: in the working copy of 'assets_src/imagegen/geologist_geode_coherent_states_v1_20261002/attempt_04/REVIEW.json', LF will be replaced by CRLF the next time Git touches it
warning: in the working copy of 'assets_src/imagegen/geologist_geode_coherent_states_v1_20261002/attempt_05/GENERATION.json', LF will be replaced by CRLF the next time Git touches it
warning: in the working copy of 'assets_src/imagegen/geologist_geode_coherent_states_v1_20261002/attempt_05/PLAN.json', LF will be replaced by CRLF the next time Git touches it
warning: in the working copy of 'assets_src/imagegen/geologist_geode_coherent_states_v1_20261002/attempt_05/REVIEW.json', LF will be replaced by CRLF the next time Git touches it
warning: in the working copy of 'assets_src/imagegen/geologist_geode_coherent_states_v1_20261002/attempt_06/GENERATION.json', LF will be replaced by CRLF the next time Git touches it
warning: in the working copy of 'assets_src/imagegen/geologist_geode_coherent_states_v1_20261002/attempt_06/PLAN.json', LF will be replaced by CRLF the next time Git touches it
warning: in the working copy of 'assets_src/imagegen/geologist_geode_coherent_states_v1_20261002/attempt_06/REVIEW.json', LF will be replaced by CRLF the next time Git touches it
warning: in the working copy of 'assets_src/imagegen/geologist_geode_coherent_states_v1_20261002/attempt_07/GENERATION.json', LF will be replaced by CRLF the next time Git touches it
warning: in the working copy of 'assets_src/imagegen/geologist_geode_coherent_states_v1_20261002/attempt_07/PLAN.json', LF will be replaced by CRLF the next time Git touches it
warning: in the working copy of 'assets_src/imagegen/geologist_geode_coherent_states_v1_20261002/attempt_07/REVIEW.json', LF will be replaced by CRLF the next time Git touches it
warning: in the working copy of 'assets_src/imagegen/geologist_geode_coherent_states_v1_20261002/attempt_08/GENERATION.json', LF will be replaced by CRLF the next time Git touches it
warning: in the working copy of 'assets_src/imagegen/geologist_geode_coherent_states_v1_20261002/attempt_08/PLAN.json', LF will be replaced by CRLF the next time Git touches it
warning: in the working copy of 'assets_src/imagegen/geologist_geode_coherent_states_v1_20261002/attempt_08/REVIEW.json', LF will be replaced by CRLF the next time Git touches it
warning: in the working copy of 'assets_src/imagegen/geologist_geode_coherent_states_v1_20261002/attempt_09/FAILURE.json', LF will be replaced by CRLF the next time Git touches it
warning: in the working copy of 'assets_src/imagegen/geologist_geode_coherent_states_v1_20261002/attempt_09/PLAN.json', LF will be replaced by CRLF the next time Git touches it
warning: in the working copy of 'assets_src/imagegen/geologist_geode_coherent_states_v1_20261002/attempt_10/GENERATION.json', LF will be replaced by CRLF the next time Git touches it
warning: in the working copy of 'assets_src/imagegen/geologist_geode_coherent_states_v1_20261002/attempt_10/PLAN.json', LF will be replaced by CRLF the next time Git touches it
warning: in the working copy of 'assets_src/imagegen/geologist_geode_coherent_states_v1_20261002/attempt_10/REVIEW.json', LF will be replaced by CRLF the next time Git touches it
warning: in the working copy of 'assets_src/imagegen/geologist_geode_coherent_states_v1_20261002/review_tools/build_geode_source_library_v237.py', LF will be replaced by CRLF the next time Git touches it
warning: in the working copy of 'assets_src/imagegen/geologist_geode_coherent_states_v1_20261002/review_tools/prepare_geode_bridge_states_v234.py', LF will be replaced by CRLF the next time Git touches it
warning: in the working copy of 'assets_src/imagegen/geologist_geode_coherent_states_v1_20261002/review_tools/prepare_geode_coherent_states_v225.py', LF will be replaced by CRLF the next time Git touches it
warning: in the working copy of 'assets_src/imagegen/geologist_geode_coherent_states_v1_20261002/review_tools/preserve_geode_bridge_failure_prepare_retry_v235.py', LF will be replaced by CRLF the next time Git touches it
warning: in the working copy of 'assets_src/imagegen/geologist_geode_coherent_states_v1_20261002/review_tools/preserve_geode_coherent_a1_prepare_a2_v226.py', LF will be replaced by CRLF the next time Git touches it
warning: in the working copy of 'assets_src/imagegen/geologist_geode_coherent_states_v1_20261002/review_tools/preserve_geode_coherent_a2_prepare_a3_v227.py', LF will be replaced by CRLF the next time Git touches it
warning: in the working copy of 'assets_src/imagegen/geologist_geode_coherent_states_v1_20261002/review_tools/preserve_geode_coherent_a3_prepare_a4_v228.py', LF will be replaced by CRLF the next time Git touches it
warning: in the working copy of 'assets_src/imagegen/geologist_geode_coherent_states_v1_20261002/review_tools/preserve_geode_coherent_a4_prepare_a5_v229.py', LF will be replaced by CRLF the next time Git touches it
warning: in the working copy of 'assets_src/imagegen/geologist_geode_coherent_states_v1_20261002/review_tools/preserve_geode_coherent_a5_prepare_a6_v230.py', LF will be replaced by CRLF the next time Git touches it
warning: in the working copy of 'assets_src/imagegen/geologist_geode_coherent_states_v1_20261002/review_tools/preserve_geode_coherent_a6_prepare_a7_v231.py', LF will be replaced by CRLF the next time Git touches it
warning: in the working copy of 'assets_src/imagegen/geologist_geode_coherent_states_v1_20261002/review_tools/preserve_geode_coherent_a7_prepare_a8_v232.py', LF will be replaced by CRLF the next time Git touches it
warning: in the working copy of 'assets_src/imagegen/geologist_geode_coherent_states_v1_20261002/review_tools/preserve_geode_coherent_a8_v233.py', LF will be replaced by CRLF the next time Git touches it
warning: in the working copy of 'assets_src/imagegen/geologist_river_bed_v1_20261002/GENERATION_PENDING.json', LF will be replaced by CRLF the next time Git touches it
warning: in the working copy of 'assets_src/imagegen/geologist_river_bed_v1_20261002/PROMPT_ATTEMPT_01.txt', LF will be replaced by CRLF the next time Git touches it
warning: in the working copy of 'assets_src/imagegen/geologist_river_bed_v1_20261002/REUSE_INVENTORY.json', LF will be replaced by CRLF the next time Git touches it
warning: in the working copy of 'assets_src/imagegen/geologist_river_bed_v1_20261002/REVIEW.json', LF will be replaced by CRLF the next time Git touches it
warning: in the working copy of 'assets_src/imagegen/geologist_river_bed_v1_20261002/TECHNICAL_DERIVATIVES.json', LF will be replaced by CRLF the next time Git touches it
warning: in the working copy of 'assets_src/imagegen/geologist_river_bed_v1_20261002/attempt_01/PROVENANCE.json', LF will be replaced by CRLF the next time Git touches it
warning: in the working copy of 'assets_src/imagegen/geologist_river_bed_v1_20261002/attempt_01/REVIEW.json', LF will be replaced by CRLF the next time Git touches it
warning: in the working copy of 'assets_src/imagegen/geologist_river_bed_v1_20261002/prepare_river_bed_gap_v203.py', LF will be replaced by CRLF the next time Git touches it
warning: in the working copy of 'assets_src/imagegen/geologist_river_bed_v1_20261002/preserve_soil_and_prepare_study_v204.py', LF will be replaced by CRLF the next time Git touches it
warning: in the working copy of 'assets_src/imagegen/geologist_river_junctions_v1_20261001/GENERATION_DRY_PENDING.json', LF will be replaced by CRLF the next time Git touches it
warning: in the working copy of 'assets_src/imagegen/geologist_river_junctions_v1_20261001/GENERATION_PENDING.json', LF will be replaced by CRLF the next time Git touches it
warning: in the working copy of 'assets_src/imagegen/geologist_river_junctions_v1_20261001/PAIR_GEOMETRY.json', LF will be replaced by CRLF the next time Git touches it
warning: in the working copy of 'assets_src/imagegen/geologist_river_junctions_v1_20261001/PROMPT_DRY_ATTEMPT_01.txt', LF will be replaced by CRLF the next time Git touches it
warning: in the working copy of 'assets_src/imagegen/geologist_river_junctions_v1_20261001/PROMPT_DRY_ATTEMPT_02.txt', LF will be replaced by CRLF the next time Git touches it
warning: in the working copy of 'assets_src/imagegen/geologist_river_junctions_v1_20261001/PROMPT_DRY_ATTEMPT_03.txt', LF will be replaced by CRLF the next time Git touches it
warning: in the working copy of 'assets_src/imagegen/geologist_river_junctions_v1_20261001/PROMPT_DRY_ATTEMPT_04.txt', LF will be replaced by CRLF the next time Git touches it
warning: in the working copy of 'assets_src/imagegen/geologist_river_junctions_v1_20261001/PROMPT_DRY_ATTEMPT_05.txt', LF will be replaced by CRLF the next time Git touches it
warning: in the working copy of 'assets_src/imagegen/geologist_river_junctions_v1_20261001/PROMPT_STRAIGHT_ATTEMPT_02.txt', LF will be replaced by CRLF the next time Git touches it
warning: in the working copy of 'assets_src/imagegen/geologist_river_junctions_v1_20261001/PROMPT_WET_ATTEMPT_01.txt', LF will be replaced by CRLF the next time Git touches it
warning: in the working copy of 'assets_src/imagegen/geologist_river_junctions_v1_20261001/PROMPT_WET_ATTEMPT_02.txt', LF will be replaced by CRLF the next time Git touches it
warning: in the working copy of 'assets_src/imagegen/geologist_river_junctions_v1_20261001/REUSE_INVENTORY.json', LF will be replaced by CRLF the next time Git touches it
warning: in the working copy of 'assets_src/imagegen/geologist_river_junctions_v1_20261001/REVIEW.json', LF will be replaced by CRLF the next time Git touches it
warning: in the working copy of 'assets_src/imagegen/geologist_river_junctions_v1_20261001/REVIEW_V1.json', LF will be replaced by CRLF the next time Git touches it
warning: in the working copy of 'assets_src/imagegen/geologist_river_junctions_v1_20261001/REVIEW_V2.json', LF will be replaced by CRLF the next time Git touches it
warning: in the working copy of 'assets_src/imagegen/geologist_river_junctions_v1_20261001/TECHNICAL_DERIVATIVES.json', LF will be replaced by CRLF the next time Git touches it
warning: in the working copy of 'assets_src/imagegen/geologist_river_junctions_v1_20261001/dry_attempt_01/PROVENANCE.json', LF will be replaced by CRLF the next time Git touches it
warning: in the working copy of 'assets_src/imagegen/geologist_river_junctions_v1_20261001/dry_attempt_01/REVIEW.json', LF will be replaced by CRLF the next time Git touches it
warning: in the working copy of 'assets_src/imagegen/geologist_river_junctions_v1_20261001/dry_attempt_02/EDGE_REVIEW_V2.json', LF will be replaced by CRLF the next time Git touches it
warning: in the working copy of 'assets_src/imagegen/geologist_river_junctions_v1_20261001/dry_attempt_02/GENERATION_PENDING.json', LF will be replaced by CRLF the next time Git touches it
warning: in the working copy of 'assets_src/imagegen/geologist_river_junctions_v1_20261001/dry_attempt_02/PROVENANCE.json', LF will be replaced by CRLF the next time Git touches it
warning: in the working copy of 'assets_src/imagegen/geologist_river_junctions_v1_20261001/dry_attempt_02/REVIEW.json', LF will be replaced by CRLF the next time Git touches it
warning: in the working copy of 'assets_src/imagegen/geologist_river_junctions_v1_20261001/dry_attempt_02/REVIEW_INITIAL_V1.json', LF will be replaced by CRLF the next time Git touches it
warning: in the working copy of 'assets_src/imagegen/geologist_river_junctions_v1_20261001/dry_attempt_02/TECHNICAL_DERIVATIVE.json', LF will be replaced by CRLF the next time Git touches it
warning: in the working copy of 'assets_src/imagegen/geologist_river_junctions_v1_20261001/dry_attempt_03/GENERATION_PENDING.json', LF will be replaced by CRLF the next time Git touches it
warning: in the working copy of 'assets_src/imagegen/geologist_river_junctions_v1_20261001/dry_attempt_03/PROVENANCE.json', LF will be replaced by CRLF the next time Git touches it
warning: in the working copy of 'assets_src/imagegen/geologist_river_junctions_v1_20261001/dry_attempt_03/REVIEW.json', LF will be replaced by CRLF the next time Git touches it
warning: in the working copy of 'assets_src/imagegen/geologist_river_junctions_v1_20261001/dry_attempt_04/GENERATION_PENDING.json', LF will be replaced by CRLF the next time Git touches it
warning: in the working copy of 'assets_src/imagegen/geologist_river_junctions_v1_20261001/dry_attempt_04/PROVENANCE.json', LF will be replaced by CRLF the next time Git touches it
warning: in the working copy of 'assets_src/imagegen/geologist_river_junctions_v1_20261001/dry_attempt_04/REVIEW.json', LF will be replaced by CRLF the next time Git touches it
warning: in the working copy of 'assets_src/imagegen/geologist_river_junctions_v1_20261001/dry_attempt_05/GENERATION_PENDING.json', LF will be replaced by CRLF the next time Git touches it
warning: in the working copy of 'assets_src/imagegen/geologist_river_junctions_v1_20261001/dry_attempt_05/PROVENANCE.json', LF will be replaced by CRLF the next time Git touches it
warning: in the working copy of 'assets_src/imagegen/geologist_river_junctions_v1_20261001/dry_attempt_05/REVIEW.json', LF will be replaced by CRLF the next time Git touches it
warning: in the working copy of 'assets_src/imagegen/geologist_river_junctions_v1_20261001/prepare_river_port_lighting_v206.py', LF will be replaced by CRLF the next time Git touches it
warning: in the working copy of 'assets_src/imagegen/geologist_river_junctions_v1_20261001/preserve_dry_and_prepare_river_v210.py', LF will be replaced by CRLF the next time Git touches it
warning: in the working copy of 'assets_src/imagegen/geologist_river_junctions_v1_20261001/preserve_dry_junctions_and_normalize_v198.py', LF will be replaced by CRLF the next time Git touches it
warning: in the working copy of 'assets_src/imagegen/geologist_river_junctions_v1_20261001/preserve_fresh_river_prepare_cutout_v214.py', LF will be replaced by CRLF the next time Git touches it
warning: in the working copy of 'assets_src/imagegen/geologist_river_junctions_v1_20261001/preserve_river_edge_failure_prepare_fresh_v212.py', LF will be replaced by CRLF the next time Git touches it
warning: in the working copy of 'assets_src/imagegen/geologist_river_junctions_v1_20261001/preserve_river_glow_failure_v215.py', LF will be replaced by CRLF the next time Git touches it
warning: in the working copy of 'assets_src/imagegen/geologist_river_junctions_v1_20261001/preserve_river_port_water_v207.py', LF will be replaced by CRLF the next time Git touches it
warning: in the working copy of 'assets_src/imagegen/geologist_river_junctions_v1_20261001/preserve_straight_and_prepare_river_v208.py', LF will be replaced by CRLF the next time Git touches it
warning: in the working copy of 'assets_src/imagegen/geologist_river_junctions_v1_20261001/preserve_wet_junctions_and_prepare_dry_v197.py', LF will be replaced by CRLF the next time Git touches it
warning: in the working copy of 'assets_src/imagegen/geologist_river_junctions_v1_20261001/straight_attempt_02/GENERATION_PENDING.json', LF will be replaced by CRLF the next time Git touches it
warning: in the working copy of 'assets_src/imagegen/geologist_river_junctions_v1_20261001/straight_attempt_02/PROVENANCE.json', LF will be replaced by CRLF the next time Git touches it
warning: in the working copy of 'assets_src/imagegen/geologist_river_junctions_v1_20261001/straight_attempt_02/REVIEW.json', LF will be replaced by CRLF the next time Git touches it
warning: in the working copy of 'assets_src/imagegen/geologist_river_junctions_v1_20261001/straight_attempt_02/TECHNICAL_DERIVATIVE.json', LF will be replaced by CRLF the next time Git touches it
warning: in the working copy of 'assets_src/imagegen/geologist_river_junctions_v1_20261001/wet_attempt_01/PROVENANCE.json', LF will be replaced by CRLF the next time Git touches it
warning: in the working copy of 'assets_src/imagegen/geologist_river_junctions_v1_20261001/wet_attempt_01/REVIEW.json', LF will be replaced by CRLF the next time Git touches it
warning: in the working copy of 'assets_src/imagegen/geologist_river_junctions_v1_20261001/wet_attempt_02/GENERATION_PENDING.json', LF will be replaced by CRLF the next time Git touches it
warning: in the working copy of 'assets_src/imagegen/geologist_river_junctions_v1_20261001/wet_attempt_02/PAIR_GEOMETRY.json', LF will be replaced by CRLF the next time Git touches it
warning: in the working copy of 'assets_src/imagegen/geologist_river_junctions_v1_20261001/wet_attempt_02/PROVENANCE.json', LF will be replaced by CRLF the next time Git touches it
warning: in the working copy of 'assets_src/imagegen/geologist_river_junctions_v1_20261001/wet_attempt_02/REVIEW.json', LF will be replaced by CRLF the next time Git touches it
warning: in the working copy of 'assets_src/imagegen/geologist_river_junctions_v1_20261001/wet_attempt_02/TECHNICAL_DERIVATIVE.json', LF will be replaced by CRLF the next time Git touches it
warning: in the working copy of 'audit/job_geode_coherent_pilot_v1_20261002/BOARD_MANIFEST_1280.json', LF will be replaced by CRLF the next time Git touches it
warning: in the working copy of 'audit/job_geode_coherent_pilot_v1_20261002/BOARD_MANIFEST_1600.json', LF will be replaced by CRLF the next time Git touches it
warning: in the working copy of 'audit/job_geode_coherent_pilot_v1_20261002/REVIEW.json', LF will be replaced by CRLF the next time Git touches it
warning: in the working copy of 'audit/job_geode_coherent_pilot_v1_20261002/attempt_01/CAPTURE_1280.json', LF will be replaced by CRLF the next time Git touches it
warning: in the working copy of 'audit/job_geode_coherent_pilot_v1_20261002/attempt_01/CAPTURE_1600.json', LF will be replaced by CRLF the next time Git touches it
warning: in the working copy of 'audit/job_geode_coherent_pilot_v1_20261002/capture.gd', LF will be replaced by CRLF the next time Git touches it
warning: in the working copy of 'audit/job_geode_coherent_pilot_v1_20261002/review_tools/prepare_coherent_pilot_boards_v238.py', LF will be replaced by CRLF the next time Git touches it
warning: in the working copy of 'audit/job_geode_coherent_pilot_v1_20261002/review_tools/prepare_geode_coherent_pilot_v236.py', LF will be replaced by CRLF the next time Git touches it
warning: in the working copy of 'audit/job_geode_coherent_pilot_v1_20261002/review_tools/record_coherent_geode_review_v239.py', LF will be replaced by CRLF the next time Git touches it
warning: in the working copy of 'audit/job_geode_coherent_pilot_v1_20261002/review_tools/run_coherent_pilot_gates_v236.py', LF will be replaced by CRLF the next time Git touches it
warning: in the working copy of 'audit/job_geode_coherent_pilot_v1_20261002/runtime_gate/analyzerv1.receipt.json', LF will be replaced by CRLF the next time Git touches it
warning: in the working copy of 'audit/job_geode_coherent_pilot_v1_20261002/runtime_gate/capture1280v1.receipt.json', LF will be replaced by CRLF the next time Git touches it
warning: in the working copy of 'audit/job_geode_coherent_pilot_v1_20261002/runtime_gate/capture1600v1.receipt.json', LF will be replaced by CRLF the next time Git touches it
warning: in the working copy of 'audit/job_geode_coherent_pilot_v1_20261002/runtime_gate/inferencev1.receipt.json', LF will be replaced by CRLF the next time Git touches it
warning: in the working copy of 'audit/job_geode_coherent_pilot_v1_20261002/runtime_gate/parserv1.receipt.json', LF will be replaced by CRLF the next time Git touches it
warning: in the working copy of 'audit/job_geode_coherent_pilot_v1_20261002/study_surface.gd', LF will be replaced by CRLF the next time Git touches it
warning: in the working copy of 'audit/job_geology_river_runtime_v1_20261002/ARTWORK_ITEMS.json', LF will be replaced by CRLF the next time Git touches it
warning: in the working copy of 'audit/job_geology_river_runtime_v1_20261002/BASELINE_OPERA_GEOLOGY_SURFACE.txt', LF will be replaced by CRLF the next time Git touches it
warning: in the working copy of 'audit/job_geology_river_runtime_v1_20261002/BROWSER_QA_V26_ACTUAL.json', LF will be replaced by CRLF the next time Git touches it
warning: in the working copy of 'audit/job_geology_river_runtime_v1_20261002/BROWSER_QA_V27_PILOT.json', LF will be replaced by CRLF the next time Git touches it
warning: in the working copy of 'audit/job_geology_river_runtime_v1_20261002/IMPLEMENTATION.json', LF will be replaced by CRLF the next time Git touches it
warning: in the working copy of 'audit/job_geology_river_runtime_v1_20261002/MECHANIC_UNCHANGED.json', LF will be replaced by CRLF the next time Git touches it
warning: in the working copy of 'audit/job_geology_river_runtime_v1_20261002/NETWORK_REVIEW.json', LF will be replaced by CRLF the next time Git touches it
warning: in the working copy of 'audit/job_geology_river_runtime_v1_20261002/REVIEW.json', LF will be replaced by CRLF the next time Git touches it
warning: in the working copy of 'audit/job_geology_river_runtime_v1_20261002/TIMED_CAPTURE_MANIFEST.json', LF will be replaced by CRLF the next time Git touches it
warning: in the working copy of 'audit/job_geology_river_runtime_v1_20261002/TIMED_REVIEW.json', LF will be replaced by CRLF the next time Git touches it
warning: in the working copy of 'audit/job_geology_river_runtime_v1_20261002/attempt_01/CAPTURE_1280.json', LF will be replaced by CRLF the next time Git touches it
warning: in the working copy of 'audit/job_geology_river_runtime_v1_20261002/attempt_01/CAPTURE_1600.json', LF will be replaced by CRLF the next time Git touches it
warning: in the working copy of 'audit/job_geology_river_runtime_v1_20261002/capture_geode_timed_sequence.gd', LF will be replaced by CRLF the next time Git touches it
warning: in the working copy of 'audit/job_geology_river_runtime_v1_20261002/capture_geology_river_runtime.gd', LF will be replaced by CRLF the next time Git touches it
warning: in the working copy of 'audit/job_geology_river_runtime_v1_20261002/capture_production_river_network.gd', LF will be replaced by CRLF the next time Git touches it
warning: in the working copy of 'audit/job_geology_river_runtime_v1_20261002/full_ci_v1/process.exit', LF will be replaced by CRLF the next time Git touches it
warning: in the working copy of 'audit/job_geology_river_runtime_v1_20261002/full_ci_v1/stdout.log', LF will be replaced by CRLF the next time Git touches it
warning: in the working copy of 'audit/job_geology_river_runtime_v1_20261002/network_attempt_01/MANIFEST_1280.json', LF will be replaced by CRLF the next time Git touches it
warning: in the working copy of 'audit/job_geology_river_runtime_v1_20261002/network_attempt_01/MANIFEST_1600.json', LF will be replaced by CRLF the next time Git touches it
warning: in the working copy of 'audit/job_geology_river_runtime_v1_20261002/review_tools/bind_painted_river_runtime_v216.py', LF will be replaced by CRLF the next time Git touches it
warning: in the working copy of 'audit/job_geology_river_runtime_v1_20261002/review_tools/prepare_geode_boards_v223.py', LF will be replaced by CRLF the next time Git touches it
warning: in the working copy of 'audit/job_geology_river_runtime_v1_20261002/review_tools/prepare_geode_timed_capture_v222.py', LF will be replaced by CRLF the next time Git touches it
warning: in the working copy of 'audit/job_geology_river_runtime_v1_20261002/review_tools/prepare_geology_checkpoint_j_v240.py', LF will be replaced by CRLF the next time Git touches it
warning: in the working copy of 'audit/job_geology_river_runtime_v1_20261002/review_tools/prepare_river_current_gates_v217.py', LF will be replaced by CRLF the next time Git touches it
warning: in the working copy of 'audit/job_geology_river_runtime_v1_20261002/review_tools/prepare_river_register_gates_v219.py', LF will be replaced by CRLF the next time Git touches it
warning: in the working copy of 'audit/job_geology_river_runtime_v1_20261002/review_tools/publish_geology_checkpoint_j_v242.py', LF will be replaced by CRLF the next time Git touches it
warning: in the working copy of 'audit/job_geology_river_runtime_v1_20261002/review_tools/record_actual_river_review_v218.py', LF will be replaced by CRLF the next time Git touches it
warning: in the working copy of 'audit/job_geology_river_runtime_v1_20261002/review_tools/record_geode_timed_review_v224.py', LF will be replaced by CRLF the next time Git touches it
warning: in the working copy of 'audit/job_geology_river_runtime_v1_20261002/review_tools/record_production_network_v221.py', LF will be replaced by CRLF the next time Git touches it
warning: in the working copy of 'audit/job_geology_river_runtime_v1_20261002/review_tools/run_geology_river_full_ci_v216.py', LF will be replaced by CRLF the next time Git touches it
warning: in the working copy of 'audit/job_geology_river_runtime_v1_20261002/review_tools/run_geology_river_gates_v216.py', LF will be replaced by CRLF the next time Git touches it
warning: in the working copy of 'audit/job_geology_river_runtime_v1_20261002/review_tools/run_geology_river_gates_v219.py', LF will be replaced by CRLF the next time Git touches it
warning: in the working copy of 'audit/job_geology_river_runtime_v1_20261002/review_tools/run_geology_river_gates_v222.py', LF will be replaced by CRLF the next time Git touches it
warning: in the working copy of 'audit/job_geology_river_runtime_v1_20261002/review_tools/seal_geology_checkpoint_j_v241.py', LF will be replaced by CRLF the next time Git touches it
warning: in the working copy of 'audit/job_geology_river_runtime_v1_20261002/review_tools/update_river_authority_v220.py', LF will be replaced by CRLF the next time Git touches it
warning: in the working copy of 'audit/job_geology_river_runtime_v1_20261002/runtime_gate/2dv1.receipt.json', LF will be replaced by CRLF the next time Git touches it
warning: in the working copy of 'audit/job_geology_river_runtime_v1_20261002/runtime_gate/analyzerv1.receipt.json', LF will be replaced by CRLF the next time Git touches it
warning: in the working copy of 'audit/job_geology_river_runtime_v1_20261002/runtime_gate/authorityv1.receipt.json', LF will be replaced by CRLF the next time Git touches it
warning: in the working copy of 'audit/job_geology_river_runtime_v1_20261002/runtime_gate/authorityv2.receipt.json', LF will be replaced by CRLF the next time Git touches it
warning: in the working copy of 'audit/job_geology_river_runtime_v1_20261002/runtime_gate/capture1280v1.receipt.json', LF will be replaced by CRLF the next time Git touches it
warning: in the working copy of 'audit/job_geology_river_runtime_v1_20261002/runtime_gate/capture1600v1.receipt.json', LF will be replaced by CRLF the next time Git touches it
warning: in the working copy of 'audit/job_geology_river_runtime_v1_20261002/runtime_gate/capturetimed1280v1.receipt.json', LF will be replaced by CRLF the next time Git touches it
warning: in the working copy of 'audit/job_geology_river_runtime_v1_20261002/runtime_gate/capturetimed1600v1.receipt.json', LF will be replaced by CRLF the next time Git touches it
warning: in the working copy of 'audit/job_geology_river_runtime_v1_20261002/runtime_gate/developmentv1.receipt.json', LF will be replaced by CRLF the next time Git touches it
warning: in the working copy of 'audit/job_geology_river_runtime_v1_20261002/runtime_gate/developmentv2.receipt.json', LF will be replaced by CRLF the next time Git touches it
warning: in the working copy of 'audit/job_geology_river_runtime_v1_20261002/runtime_gate/importv1.receipt.json', LF will be replaced by CRLF the next time Git touches it
warning: in the working copy of 'audit/job_geology_river_runtime_v1_20261002/runtime_gate/inferencev1.receipt.json', LF will be replaced by CRLF the next time Git touches it
warning: in the working copy of 'audit/job_geology_river_runtime_v1_20261002/runtime_gate/inferencev2.receipt.json', LF will be replaced by CRLF the next time Git touches it
warning: in the working copy of 'audit/job_geology_river_runtime_v1_20261002/runtime_gate/inferencev3.receipt.json', LF will be replaced by CRLF the next time Git touches it
warning: in the working copy of 'audit/job_geology_river_runtime_v1_20261002/runtime_gate/network1280v1.receipt.json', LF will be replaced by CRLF the next time Git touches it
warning: in the working copy of 'audit/job_geology_river_runtime_v1_20261002/runtime_gate/network1280v2.validation.json', LF will be replaced by CRLF the next time Git touches it
warning: in the working copy of 'audit/job_geology_river_runtime_v1_20261002/runtime_gate/network1600v1.receipt.json', LF will be replaced by CRLF the next time Git touches it
warning: in the working copy of 'audit/job_geology_river_runtime_v1_20261002/runtime_gate/network1600v2.validation.json', LF will be replaced by CRLF the next time Git touches it
warning: in the working copy of 'audit/job_geology_river_runtime_v1_20261002/runtime_gate/networkanalyzerv1.receipt.json', LF will be replaced by CRLF the next time Git touches it
warning: in the working copy of 'audit/job_geology_river_runtime_v1_20261002/runtime_gate/parserv1.receipt.json', LF will be replaced by CRLF the next time Git touches it
warning: in the working copy of 'audit/job_geology_river_runtime_v1_20261002/runtime_gate/parserv2.receipt.json', LF will be replaced by CRLF the next time Git touches it
warning: in the working copy of 'audit/job_geology_river_runtime_v1_20261002/runtime_gate/parserv3.receipt.json', LF will be replaced by CRLF the next time Git touches it
warning: in the working copy of 'audit/job_geology_river_runtime_v1_20261002/runtime_gate/timedanalyzerv1.receipt.json', LF will be replaced by CRLF the next time Git touches it
warning: in the working copy of 'audit/job_geology_river_runtime_v1_20261002/timed_attempt_01/CAPTURE_1280.json', LF will be replaced by CRLF the next time Git touches it
warning: in the working copy of 'audit/job_geology_river_runtime_v1_20261002/timed_attempt_01/CAPTURE_1600.json', LF will be replaced by CRLF the next time Git touches it
warning: in the working copy of 'audit/job_review_v2_20261001/GEOLOGY_RIVER_GEODE_REVIEW_SUPPLEMENT_FILES_V8.json', LF will be replaced by CRLF the next time Git touches it
warning: in the working copy of 'audit/job_review_v2_20261001/review_tools/build_current_job_item_register_v23.py', LF will be replaced by CRLF the next time Git touches it
warning: in the working copy of 'audit/job_review_v2_20261001/review_tools/build_current_job_item_register_v24.py', LF will be replaced by CRLF the next time Git touches it
warning: in the working copy of 'audit/job_review_v2_20261001/review_tools/build_current_job_item_register_v25.py', LF will be replaced by CRLF the next time Git touches it
warning: in the working copy of 'audit/job_review_v2_20261001/review_tools/build_current_job_item_register_v26.py', LF will be replaced by CRLF the next time Git touches it
warning: in the working copy of 'audit/job_river_join_study_v1_20261001/BED_MOUNT_V5.json', LF will be replaced by CRLF the next time Git touches it
warning: in the working copy of 'audit/job_river_join_study_v1_20261001/BROWSER_QA_V25_V7_SOURCEV2.json', LF will be replaced by CRLF the next time Git touches it
warning: in the working copy of 'audit/job_river_join_study_v1_20261001/LIBRARY_RENDER_QA_V23.json', LF will be replaced by CRLF the next time Git touches it
warning: in the working copy of 'audit/job_river_join_study_v1_20261001/PRODUCTION_UNCHANGED_V4.json', LF will be replaced by CRLF the next time Git touches it
warning: in the working copy of 'audit/job_river_join_study_v1_20261001/PRODUCTION_UNCHANGED_V5.json', LF will be replaced by CRLF the next time Git touches it
warning: in the working copy of 'audit/job_river_join_study_v1_20261001/PRODUCTION_UNCHANGED_V7.json', LF will be replaced by CRLF the next time Git touches it
warning: in the working copy of 'audit/job_river_join_study_v1_20261001/REVIEW.json', LF will be replaced by CRLF the next time Git touches it
warning: in the working copy of 'audit/job_river_join_study_v1_20261001/REVIEW_V3.json', LF will be replaced by CRLF the next time Git touches it
warning: in the working copy of 'audit/job_river_join_study_v1_20261001/REVIEW_V4.json', LF will be replaced by CRLF the next time Git touches it
warning: in the working copy of 'audit/job_river_join_study_v1_20261001/REVIEW_V5.json', LF will be replaced by CRLF the next time Git touches it
warning: in the working copy of 'audit/job_river_join_study_v1_20261001/REVIEW_V6.json', LF will be replaced by CRLF the next time Git touches it
warning: in the working copy of 'audit/job_river_join_study_v1_20261001/REVIEW_V7.json', LF will be replaced by CRLF the next time Git touches it
warning: in the working copy of 'audit/job_river_join_study_v1_20261001/SOURCE_INVENTORY.json', LF will be replaced by CRLF the next time Git touches it
warning: in the working copy of 'audit/job_river_join_study_v1_20261001/TILE_CALIBRATION_V3.json', LF will be replaced by CRLF the next time Git touches it
warning: in the working copy of 'audit/job_river_join_study_v1_20261001/TILE_CALIBRATION_V4.json', LF will be replaced by CRLF the next time Git touches it
warning: in the working copy of 'audit/job_river_join_study_v1_20261001/WATER_SOURCE_CHANGE_V6.json', LF will be replaced by CRLF the next time Git touches it
warning: in the working copy of 'audit/job_river_join_study_v1_20261001/attempt_02/MANIFEST_1280.json', LF will be replaced by CRLF the next time Git touches it
warning: in the working copy of 'audit/job_river_join_study_v1_20261001/attempt_02/MANIFEST_1600.json', LF will be replaced by CRLF the next time Git touches it
warning: in the working copy of 'audit/job_river_join_study_v1_20261001/attempt_03/DIRECT_REVIEW.json', LF will be replaced by CRLF the next time Git touches it
warning: in the working copy of 'audit/job_river_join_study_v1_20261001/attempt_03/MANIFEST_1280.json', LF will be replaced by CRLF the next time Git touches it
warning: in the working copy of 'audit/job_river_join_study_v1_20261001/attempt_03/MANIFEST_1600.json', LF will be replaced by CRLF the next time Git touches it
warning: in the working copy of 'audit/job_river_join_study_v1_20261001/attempt_04/DIRECT_REVIEW.json', LF will be replaced by CRLF the next time Git touches it
warning: in the working copy of 'audit/job_river_join_study_v1_20261001/attempt_04/MANIFEST_1280.json', LF will be replaced by CRLF the next time Git touches it
warning: in the working copy of 'audit/job_river_join_study_v1_20261001/attempt_04/MANIFEST_1600.json', LF will be replaced by CRLF the next time Git touches it
warning: in the working copy of 'audit/job_river_join_study_v1_20261001/attempt_05/DIRECT_REVIEW.json', LF will be replaced by CRLF the next time Git touches it
warning: in the working copy of 'audit/job_river_join_study_v1_20261001/attempt_05/MANIFEST_1280.json', LF will be replaced by CRLF the next time Git touches it
warning: in the working copy of 'audit/job_river_join_study_v1_20261001/attempt_05/MANIFEST_1600.json', LF will be replaced by CRLF the next time Git touches it
warning: in the working copy of 'audit/job_river_join_study_v1_20261001/attempt_06/DIRECT_REVIEW.json', LF will be replaced by CRLF the next time Git touches it
warning: in the working copy of 'audit/job_river_join_study_v1_20261001/attempt_06/MANIFEST_1280.json', LF will be replaced by CRLF the next time Git touches it
warning: in the working copy of 'audit/job_river_join_study_v1_20261001/attempt_06/MANIFEST_1600.json', LF will be replaced by CRLF the next time Git touches it
warning: in the working copy of 'audit/job_river_join_study_v1_20261001/attempt_07/DIRECT_REVIEW.json', LF will be replaced by CRLF the next time Git touches it
warning: in the working copy of 'audit/job_river_join_study_v1_20261001/attempt_07/MANIFEST_1280.json', LF will be replaced by CRLF the next time Git touches it
warning: in the working copy of 'audit/job_river_join_study_v1_20261001/attempt_07/MANIFEST_1600.json', LF will be replaced by CRLF the next time Git touches it
warning: in the working copy of 'audit/job_river_join_study_v1_20261001/capture_join_study.gd', LF will be replaced by CRLF the next time Git touches it
warning: in the working copy of 'audit/job_river_join_study_v1_20261001/capture_join_study_v2.gd', LF will be replaced by CRLF the next time Git touches it
warning: in the working copy of 'audit/job_river_join_study_v1_20261001/capture_join_study_v3.gd', LF will be replaced by CRLF the next time Git touches it
warning: in the working copy of 'audit/job_river_join_study_v1_20261001/capture_join_study_v4.gd', LF will be replaced by CRLF the next time Git touches it
warning: in the working copy of 'audit/job_river_join_study_v1_20261001/capture_join_study_v5.gd', LF will be replaced by CRLF the next time Git touches it
warning: in the working copy of 'audit/job_river_join_study_v1_20261001/capture_join_study_v6.gd', LF will be replaced by CRLF the next time Git touches it
warning: in the working copy of 'audit/job_river_join_study_v1_20261001/capture_join_study_v7.gd', LF will be replaced by CRLF the next time Git touches it
warning: in the working copy of 'audit/job_river_join_study_v1_20261001/check_river_library_v202.py', LF will be replaced by CRLF the next time Git touches it
warning: in the working copy of 'audit/job_river_join_study_v1_20261001/index.html', LF will be replaced by CRLF the next time Git touches it
warning: in the working copy of 'audit/job_river_join_study_v1_20261001/join_surface.gd', LF will be replaced by CRLF the next time Git touches it
warning: in the working copy of 'audit/job_river_join_study_v1_20261001/join_surface_v3.gd', LF will be replaced by CRLF the next time Git touches it
warning: in the working copy of 'audit/job_river_join_study_v1_20261001/join_surface_v4.gd', LF will be replaced by CRLF the next time Git touches it
warning: in the working copy of 'audit/job_river_join_study_v1_20261001/join_surface_v5.gd', LF will be replaced by CRLF the next time Git touches it
warning: in the working copy of 'audit/job_river_join_study_v1_20261001/join_surface_v6.gd', LF will be replaced by CRLF the next time Git touches it
warning: in the working copy of 'audit/job_river_join_study_v1_20261001/join_surface_v7.gd', LF will be replaced by CRLF the next time Git touches it
warning: in the working copy of 'audit/job_river_join_study_v1_20261001/painted_work_remote_verified_i/PUBLISH_RECEIPT.json', LF will be replaced by CRLF the next time Git touches it
warning: in the working copy of 'audit/job_river_join_study_v1_20261001/painted_work_remote_verified_i/RESULT.json', LF will be replaced by CRLF the next time Git touches it
warning: in the working copy of 'audit/job_river_join_study_v1_20261001/painted_work_remote_verified_i/SEAL_RECEIPT.json', LF will be replaced by CRLF the next time Git touches it
warning: in the working copy of 'audit/job_river_join_study_v1_20261001/painted_work_remote_verified_i/VERIFICATION_JOURNAL.jsonl', LF will be replaced by CRLF the next time Git touches it
warning: in the working copy of 'audit/job_river_join_study_v1_20261001/prepare_calibrated_river_tiles_v199.py', LF will be replaced by CRLF the next time Git touches it
warning: in the working copy of 'audit/job_river_join_study_v1_20261001/prepare_river_join_retry_v195.py', LF will be replaced by CRLF the next time Git touches it
warning: in the working copy of 'audit/job_river_join_study_v1_20261001/prepare_river_join_study_v193.py', LF will be replaced by CRLF the next time Git touches it
warning: in the working copy of 'audit/job_river_join_study_v1_20261001/record_river_bed_v5_and_register_v205.py', LF will be replaced by CRLF the next time Git touches it
warning: in the working copy of 'audit/job_river_join_study_v1_20261001/record_river_v4_and_register_v201.py', LF will be replaced by CRLF the next time Git touches it
warning: in the working copy of 'audit/job_river_join_study_v1_20261001/record_river_v7_prepare_fringe_v211.py', LF will be replaced by CRLF the next time Git touches it
warning: in the working copy of 'audit/job_river_join_study_v1_20261001/record_river_water_v6_and_prepare_dry_v209.py', LF will be replaced by CRLF the next time Git touches it
warning: in the working copy of 'audit/job_river_join_study_v1_20261001/refresh_river_source_library_v213.py', LF will be replaced by CRLF the next time Git touches it
warning: in the working copy of 'audit/job_river_join_study_v1_20261001/review_river_joins_and_prepare_junctions_v196.py', LF will be replaced by CRLF the next time Git touches it
warning: in the working copy of 'audit/job_river_join_study_v1_20261001/review_river_tiles_and_prepare_v200.py', LF will be replaced by CRLF the next time Git touches it
warning: in the working copy of 'audit/job_river_join_study_v1_20261001/run_river_join_capture_v194.py', LF will be replaced by CRLF the next time Git touches it
warning: in the working copy of 'audit/job_river_join_study_v1_20261001/run_river_join_capture_v195.py', LF will be replaced by CRLF the next time Git touches it
warning: in the working copy of 'audit/job_river_join_study_v1_20261001/run_river_join_capture_v199.py', LF will be replaced by CRLF the next time Git touches it
warning: in the working copy of 'audit/job_river_join_study_v1_20261001/run_river_join_capture_v200.py', LF will be replaced by CRLF the next time Git touches it
warning: in the working copy of 'audit/job_river_join_study_v1_20261001/run_river_join_capture_v204.py', LF will be replaced by CRLF the next time Git touches it
warning: in the working copy of 'audit/job_river_join_study_v1_20261001/run_river_join_capture_v208.py', LF will be replaced by CRLF the next time Git touches it
warning: in the working copy of 'audit/job_river_join_study_v1_20261001/run_river_join_capture_v210.py', LF will be replaced by CRLF the next time Git touches it
warning: in the working copy of 'audit/job_river_join_study_v1_20261001/runtime_gate/analyzer_v4.receipt.json', LF will be replaced by CRLF the next time Git touches it
warning: in the working copy of 'audit/job_river_join_study_v1_20261001/runtime_gate/authority_v1.receipt.json', LF will be replaced by CRLF the next time Git touches it
warning: in the working copy of 'audit/job_river_join_study_v1_20261001/runtime_gate/capture1280.receipt.json', LF will be replaced by CRLF the next time Git touches it
warning: in the working copy of 'audit/job_river_join_study_v1_20261001/runtime_gate/capture1280v2.receipt.json', LF will be replaced by CRLF the next time Git touches it
warning: in the working copy of 'audit/job_river_join_study_v1_20261001/runtime_gate/capture1280v3.receipt.json', LF will be replaced by CRLF the next time Git touches it
warning: in the working copy of 'audit/job_river_join_study_v1_20261001/runtime_gate/capture1280v4.receipt.json', LF will be replaced by CRLF the next time Git touches it
warning: in the working copy of 'audit/job_river_join_study_v1_20261001/runtime_gate/capture1280v5.receipt.json', LF will be replaced by CRLF the next time Git touches it
warning: in the working copy of 'audit/job_river_join_study_v1_20261001/runtime_gate/capture1280v6.receipt.json', LF will be replaced by CRLF the next time Git touches it
warning: in the working copy of 'audit/job_river_join_study_v1_20261001/runtime_gate/capture1280v7.receipt.json', LF will be replaced by CRLF the next time Git touches it
warning: in the working copy of 'audit/job_river_join_study_v1_20261001/runtime_gate/capture1600.receipt.json', LF will be replaced by CRLF the next time Git touches it
warning: in the working copy of 'audit/job_river_join_study_v1_20261001/runtime_gate/capture1600v2.receipt.json', LF will be replaced by CRLF the next time Git touches it
warning: in the working copy of 'audit/job_river_join_study_v1_20261001/runtime_gate/capture1600v3.receipt.json', LF will be replaced by CRLF the next time Git touches it
warning: in the working copy of 'audit/job_river_join_study_v1_20261001/runtime_gate/capture1600v4.receipt.json', LF will be replaced by CRLF the next time Git touches it
warning: in the working copy of 'audit/job_river_join_study_v1_20261001/runtime_gate/capture1600v5.receipt.json', LF will be replaced by CRLF the next time Git touches it
warning: in the working copy of 'audit/job_river_join_study_v1_20261001/runtime_gate/capture1600v6.receipt.json', LF will be replaced by CRLF the next time Git touches it
warning: in the working copy of 'audit/job_river_join_study_v1_20261001/runtime_gate/capture1600v7.receipt.json', LF will be replaced by CRLF the next time Git touches it
warning: in the working copy of 'audit/job_river_join_study_v1_20261001/runtime_gate/development_v1.receipt.json', LF will be replaced by CRLF the next time Git touches it
warning: in the working copy of 'audit/job_river_join_study_v1_20261001/runtime_gate/inference_v1.receipt.json', LF will be replaced by CRLF the next time Git touches it
warning: in the working copy of 'audit/job_river_join_study_v1_20261001/runtime_gate/parser_v1.receipt.json', LF will be replaced by CRLF the next time Git touches it
warning: in the working copy of 'design/audit_impacts/job-geode-coherent-opening-20261002.json', LF will be replaced by CRLF the next time Git touches it
warning: in the working copy of 'design/audit_impacts/job-geology-river-bed-source-20261002.json', LF will be replaced by CRLF the next time Git touches it
warning: in the working copy of 'design/audit_impacts/job-geology-river-join-study-20261001.json', LF will be replaced by CRLF the next time Git touches it
warning: in the working copy of 'design/audit_impacts/job-geology-river-junction-source-20261001.json', LF will be replaced by CRLF the next time Git touches it
warning: in the working copy of 'design/audit_impacts/job-geology-river-painted-runtime-20261002.json', LF will be replaced by CRLF the next time Git touches it
