Godot Engine v4.7.2.stable.official.ed1daf0bf - https://godotengine.org
Vulkan 1.4.325 - Forward Mobile - Using Device #0: NVIDIA - NVIDIA GeForce RTX 3060 Ti

LIVINGCARD|canvas_living_card_contract|OK|cards=5 bad=
LIVINGCARD|quiet_loop_budget_per_screen|OK|p1=0,p2=1,p3=2
LIVINGCARD|real_rear_base_foreground_parallax|OK|deltas=(368.64, 0.0, -122.88)
LIVINGCARD|living_stage_page_1|OK
LIVINGCARD|living_stage_page_2|OK
LIVINGCARD|living_stage_page_3|OK
LIVINGCARD|idle_event_is_bounded_canvas_state|OK
LIVINGCARD|input_clears_idle_event_without_rebuild|OK
LIVINGCARD|speedy_transparent_coverage|OK|1024:1.5%/0;3072:1.5%/0;5120:5.7%/0
LIVINGCARD|canvas_node_inventory|OK|{"ambient":6,"backdrops":12,"contacts":5,"spatial":0,"sprites":88}
LIVINGCARD|capture_has_no_start_menu_canvas_screen_1_day|OK
LIVINGCARD|capture_has_live_stage_canvas_screen_1_day|OK
LIVINGCARD|capture_canvas_screen_1_day|OK
LIVINGCARD|whole_scene_runtime_cards_present|OK
LIVINGCARD|cloud_imported_grid_WholeScene_arrival_high_left|OK
LIVINGCARD|cloud_imported_grid_WholeScene_arrival_high_right|OK
LIVINGCARD|cloud_imported_grid_WholeScene_meadow_high_left|OK
LIVINGCARD|cloud_imported_grid_WholeScene_meadow_high_right|OK
LIVINGCARD|cloud_imported_grid_WholeScene_castle_high|OK
LIVINGCARD|five_imported_shaped_clouds|OK
LIVINGCARD|whole_scene_berry_palette_SkyLagoonHuckleberry_0|OK
LIVINGCARD|whole_scene_berry_palette_SkyLagoonHuckleberry_1|OK
LIVINGCARD|whole_scene_leaf_palette_SkyLagoonBellflower_0|OK
LIVINGCARD|whole_scene_leaf_palette_SkyLagoonBellflower_1|OK
LIVINGCARD|capture_canvas_screen_1_day_0_00|OK
LIVINGCARD|capture_canvas_screen_1_day_0_01|OK
LIVINGCARD|capture_canvas_screen_1_day_0_02|OK
LIVINGCARD|capture_canvas_screen_1_day_0_03|OK
LIVINGCARD|capture_canvas_screen_1_day_0_04|OK
LIVINGCARD|capture_canvas_screen_1_day_0_05|OK
LIVINGCARD|capture_canvas_screen_1_day_0_06|OK
LIVINGCARD|capture_canvas_screen_1_day_0_07|OK
LIVINGCARD|capture_canvas_screen_1_day_0_08|OK
LIVINGCARD|capture_canvas_screen_1_day_0_09|OK
LIVINGCARD|capture_canvas_screen_1_day_0_10|OK
LIVINGCARD|capture_canvas_screen_1_day_0_11|OK
LIVINGCARD|capture_canvas_screen_1_day_0_12|OK
LIVINGCARD|capture_canvas_screen_1_day_0_13|OK
LIVINGCARD|capture_canvas_screen_1_day_0_14|OK
LIVINGCARD|capture_canvas_screen_1_day_0_15|OK
LIVINGCARD|capture_canvas_screen_1_day_0_16|OK
LIVINGCARD|capture_canvas_screen_1_day_0_17|OK
LIVINGCARD|capture_canvas_screen_1_day_0_18|OK
LIVINGCARD|capture_canvas_screen_1_day_0_19|OK
LIVINGCARD|capture_canvas_screen_1_day_0_20|OK
LIVINGCARD|capture_canvas_screen_1_day_0_21|OK
LIVINGCARD|capture_canvas_screen_1_day_0_22|OK
LIVINGCARD|capture_canvas_screen_1_day_0_23|OK
LIVINGCARD|capture_canvas_screen_1_day_0_24|OK
LIVINGCARD|capture_canvas_screen_1_day_0_25|OK
LIVINGCARD|capture_canvas_screen_1_day_0_26|OK
LIVINGCARD|capture_canvas_screen_1_day_0_27|OK
LIVINGCARD|capture_canvas_screen_1_day_0_28|OK
LIVINGCARD|capture_canvas_screen_1_day_0_29|OK
LIVINGCARD|capture_canvas_screen_1_day_0_30|OK
LIVINGCARD|capture_canvas_screen_1_day_0_31|OK
LIVINGCARD|capture_canvas_screen_1_day_0_32|OK
LIVINGCARD|capture_canvas_screen_1_day_0_33|OK
LIVINGCARD|capture_canvas_screen_1_day_0_34|OK
LIVINGCARD|capture_canvas_screen_1_day_0_35|OK
LIVINGCARD|capture_canvas_screen_1_day_0_36|OK
LIVINGCARD|capture_canvas_screen_1_day_0_37|OK
LIVINGCARD|capture_canvas_screen_1_day_0_38|OK
LIVINGCARD|capture_canvas_screen_1_day_0_39|OK
LIVINGCARD|capture_canvas_screen_1_day_0_40|OK
LIVINGCARD|capture_canvas_screen_1_day_0_41|OK
LIVINGCARD|capture_canvas_screen_1_day_0_42|OK
LIVINGCARD|capture_canvas_screen_1_day_0_43|OK
LIVINGCARD|capture_canvas_screen_1_day_0_44|OK
LIVINGCARD|capture_canvas_screen_1_day_0_45|OK
LIVINGCARD|capture_canvas_screen_1_day_0_46|OK
LIVINGCARD|capture_canvas_screen_1_day_0_47|OK
LIVINGCARD|observed_cels_canvas_screen_1_dayWholeScene_arrival_whole_tree|OK
LIVINGCARD|observed_cels_canvas_screen_1_dayWholeScene_arrival_lawn|OK
LIVINGCARD|observed_cels_canvas_screen_1_dayWholeScene_arrival_front_edge|OK
LIVINGCARD|observed_cels_canvas_screen_1_dayWholeScene_meadow_upper_left|OK
LIVINGCARD|observed_cels_canvas_screen_1_dayWholeScene_meadow_upper_right|OK
LIVINGCARD|observed_cels_canvas_screen_1_dayWholeScene_meadow_lower_lawn|OK
LIVINGCARD|observed_cels_canvas_screen_1_dayWholeScene_castle_left_verge|OK
LIVINGCARD|observed_cels_canvas_screen_1_dayWholeScene_castle_right_verge|OK
LIVINGCARD|observed_cels_canvas_screen_1_dayWholeScene_arrival_bank_left|OK
LIVINGCARD|observed_cels_canvas_screen_1_dayWholeScene_arrival_bank_right|OK
LIVINGCARD|observed_cels_canvas_screen_1_dayWholeScene_meadow_hedge_left|OK
LIVINGCARD|observed_cels_canvas_screen_1_dayWholeScene_meadow_hedge_right|OK
LIVINGCARD|observed_cels_canvas_screen_1_dayWholeScene_castle_approach_bank|OK
LIVINGCARD|observed_cels_canvas_screen_1_dayWholeScene_castle_far_bank|OK
LIVINGCARD|observed_cels_canvas_screen_1_dayWholeScene_arrival_high_left|OK
LIVINGCARD|observed_cels_canvas_screen_1_dayWholeScene_arrival_high_right|OK
LIVINGCARD|observed_cels_canvas_screen_1_dayWholeScene_arrival_small_center|OK
LIVINGCARD|observed_cels_canvas_screen_1_dayWholeScene_arrival_small_right|OK
LIVINGCARD|observed_cels_canvas_screen_1_dayWholeScene_arrival_mid_right|OK
LIVINGCARD|observed_cels_canvas_screen_1_dayWholeScene_meadow_high_left|OK
LIVINGCARD|observed_cels_canvas_screen_1_dayWholeScene_meadow_high_right|OK
LIVINGCARD|observed_cels_canvas_screen_1_dayWholeScene_meadow_small_left|OK
LIVINGCARD|observed_cels_canvas_screen_1_dayWholeScene_meadow_mid_right|OK
LIVINGCARD|observed_cels_canvas_screen_1_dayWholeScene_meadow_small_center|OK
LIVINGCARD|observed_cels_canvas_screen_1_dayWholeScene_meadow_small_far|OK
LIVINGCARD|observed_cels_canvas_screen_1_dayWholeScene_castle_high|OK
LIVINGCARD|observed_cels_canvas_screen_1_dayWholeScene_castle_foreground_rosette|OK
LIVINGCARD|observed_cels_canvas_screen_1_dayWholeScene_meadow_boundary_berry_fan|OK
LIVINGCARD|capture_has_no_start_menu_canvas_screen_2_day|OK
LIVINGCARD|capture_has_live_stage_canvas_screen_2_day|OK
LIVINGCARD|capture_canvas_screen_2_day|OK
LIVINGCARD|capture_canvas_screen_2_day_0_00|OK
LIVINGCARD|capture_canvas_screen_2_day_0_01|OK
LIVINGCARD|capture_canvas_screen_2_day_0_02|OK
LIVINGCARD|capture_canvas_screen_2_day_0_03|OK
LIVINGCARD|capture_canvas_screen_2_day_0_04|OK
LIVINGCARD|capture_canvas_screen_2_day_0_05|OK
LIVINGCARD|capture_canvas_screen_2_day_0_06|OK
LIVINGCARD|capture_canvas_screen_2_day_0_07|OK
LIVINGCARD|capture_canvas_screen_2_day_0_08|OK
LIVINGCARD|capture_canvas_screen_2_day_0_09|OK
LIVINGCARD|capture_canvas_screen_2_day_0_10|OK
LIVINGCARD|capture_canvas_screen_2_day_0_11|OK
LIVINGCARD|capture_canvas_screen_2_day_0_12|OK
LIVINGCARD|capture_canvas_screen_2_day_0_13|OK
LIVINGCARD|capture_canvas_screen_2_day_0_14|OK
LIVINGCARD|capture_canvas_screen_2_day_0_15|OK
LIVINGCARD|capture_canvas_screen_2_day_0_16|OK
LIVINGCARD|capture_canvas_screen_2_day_0_17|OK
LIVINGCARD|capture_canvas_screen_2_day_0_18|OK
LIVINGCARD|capture_canvas_screen_2_day_0_19|OK
LIVINGCARD|capture_canvas_screen_2_day_0_20|OK
LIVINGCARD|capture_canvas_screen_2_day_0_21|OK
LIVINGCARD|capture_canvas_screen_2_day_0_22|OK
LIVINGCARD|capture_canvas_screen_2_day_0_23|OK
LIVINGCARD|capture_canvas_screen_2_day_0_24|OK
LIVINGCARD|capture_canvas_screen_2_day_0_25|OK
LIVINGCARD|capture_canvas_screen_2_day_0_26|OK
LIVINGCARD|capture_canvas_screen_2_day_0_27|OK
LIVINGCARD|capture_canvas_screen_2_day_0_28|OK
LIVINGCARD|capture_canvas_screen_2_day_0_29|OK
LIVINGCARD|capture_canvas_screen_2_day_0_30|OK
LIVINGCARD|capture_canvas_screen_2_day_0_31|OK
LIVINGCARD|capture_canvas_screen_2_day_0_32|OK
LIVINGCARD|capture_canvas_screen_2_day_0_33|OK
LIVINGCARD|capture_canvas_screen_2_day_0_34|OK
LIVINGCARD|capture_canvas_screen_2_day_0_35|OK
LIVINGCARD|capture_canvas_screen_2_day_0_36|OK
LIVINGCARD|capture_canvas_screen_2_day_0_37|OK
LIVINGCARD|capture_canvas_screen_2_day_0_38|OK
LIVINGCARD|capture_canvas_screen_2_day_0_39|OK
LIVINGCARD|capture_canvas_screen_2_day_0_40|OK
LIVINGCARD|capture_canvas_screen_2_day_0_41|OK
LIVINGCARD|capture_canvas_screen_2_day_0_42|OK
LIVINGCARD|capture_canvas_screen_2_day_0_43|OK
LIVINGCARD|capture_canvas_screen_2_day_0_44|OK
LIVINGCARD|capture_canvas_screen_2_day_0_45|OK
LIVINGCARD|capture_canvas_screen_2_day_0_46|OK
LIVINGCARD|capture_canvas_screen_2_day_0_47|OK
LIVINGCARD|observed_cels_canvas_screen_2_dayWholeScene_arrival_whole_tree|OK
LIVINGCARD|observed_cels_canvas_screen_2_dayWholeScene_arrival_lawn|OK
LIVINGCARD|observed_cels_canvas_screen_2_dayWholeScene_arrival_front_edge|OK
LIVINGCARD|observed_cels_canvas_screen_2_dayWholeScene_meadow_upper_left|OK
LIVINGCARD|observed_cels_canvas_screen_2_dayWholeScene_meadow_upper_right|OK
LIVINGCARD|observed_cels_canvas_screen_2_dayWholeScene_meadow_lower_lawn|OK
LIVINGCARD|observed_cels_canvas_screen_2_dayWholeScene_castle_left_verge|OK
LIVINGCARD|observed_cels_canvas_screen_2_dayWholeScene_castle_right_verge|OK
LIVINGCARD|observed_cels_canvas_screen_2_dayWholeScene_arrival_bank_left|OK
LIVINGCARD|observed_cels_canvas_screen_2_dayWholeScene_arrival_bank_right|OK
LIVINGCARD|observed_cels_canvas_screen_2_dayWholeScene_meadow_hedge_left|OK
LIVINGCARD|observed_cels_canvas_screen_2_dayWholeScene_meadow_hedge_right|OK
LIVINGCARD|observed_cels_canvas_screen_2_dayWholeScene_castle_approach_bank|OK
LIVINGCARD|observed_cels_canvas_screen_2_dayWholeScene_castle_far_bank|OK
LIVINGCARD|observed_cels_canvas_screen_2_dayWholeScene_arrival_high_left|OK
LIVINGCARD|observed_cels_canvas_screen_2_dayWholeScene_arrival_high_right|OK
LIVINGCARD|observed_cels_canvas_screen_2_dayWholeScene_arrival_small_center|OK
LIVINGCARD|observed_cels_canvas_screen_2_dayWholeScene_arrival_small_right|OK
LIVINGCARD|observed_cels_canvas_screen_2_dayWholeScene_arrival_mid_right|OK
LIVINGCARD|observed_cels_canvas_screen_2_dayWholeScene_meadow_high_left|OK
LIVINGCARD|observed_cels_canvas_screen_2_dayWholeScene_meadow_high_right|OK
LIVINGCARD|observed_cels_canvas_screen_2_dayWholeScene_meadow_small_left|OK
LIVINGCARD|observed_cels_canvas_screen_2_dayWholeScene_meadow_mid_right|OK
LIVINGCARD|observed_cels_canvas_screen_2_dayWholeScene_meadow_small_center|OK
LIVINGCARD|observed_cels_canvas_screen_2_dayWholeScene_meadow_small_far|OK
LIVINGCARD|observed_cels_canvas_screen_2_dayWholeScene_castle_high|OK
LIVINGCARD|observed_cels_canvas_screen_2_dayWholeScene_castle_foreground_rosette|OK
LIVINGCARD|observed_cels_canvas_screen_2_dayWholeScene_meadow_boundary_berry_fan|OK
LIVINGCARD|capture_has_no_start_menu_canvas_screen_3_day|OK
LIVINGCARD|capture_has_live_stage_canvas_screen_3_day|OK
LIVINGCARD|capture_canvas_screen_3_day|OK
LIVINGCARD|conifer_uses_six_fixed_base_cels|OK
LIVINGCARD|conifer_all_six_frames_and_fixed_base|OK
LIVINGCARD|ambient_pause_freezes|OK
LIVINGCARD|ambient_static_freezes_and_tree_rests|OK
LIVINGCARD|two_painted_water_clips|OK
LIVINGCARD|capture_water_shimmer_0|OK
LIVINGCARD|capture_water_shimmer_1|OK
LIVINGCARD|capture_water_shimmer_2|OK
LIVINGCARD|water_visible_pool_accepts_tap|OK
LIVINGCARD|capture_water_ripple_day|OK
LIVINGCARD|water_path_rejects|OK
LIVINGCARD|bridge_near_rail_in_front_of_actor|OK
LIVINGCARD|bridge_patch_loaded|OK
LIVINGCARD|bridge_contact_requires_route_crossing|OK
LIVINGCARD|bridge_contact_samples_motion_cel|OK
LIVINGCARD|capture_bridge_contact_day|OK
LIVINGCARD|capture_canvas_screen_3_day_0_00|OK
LIVINGCARD|capture_canvas_screen_3_day_0_01|OK
LIVINGCARD|capture_canvas_screen_3_day_0_02|OK
LIVINGCARD|capture_canvas_screen_3_day_0_03|OK
LIVINGCARD|capture_canvas_screen_3_day_0_04|OK
LIVINGCARD|capture_canvas_screen_3_day_0_05|OK
LIVINGCARD|capture_canvas_screen_3_day_0_06|OK
LIVINGCARD|capture_canvas_screen_3_day_0_07|OK
LIVINGCARD|capture_canvas_screen_3_day_0_08|OK
LIVINGCARD|capture_canvas_screen_3_day_0_09|OK
LIVINGCARD|capture_canvas_screen_3_day_0_10|OK
LIVINGCARD|capture_canvas_screen_3_day_0_11|OK
LIVINGCARD|capture_canvas_screen_3_day_0_12|OK
LIVINGCARD|capture_canvas_screen_3_day_0_13|OK
LIVINGCARD|capture_canvas_screen_3_day_0_14|OK
LIVINGCARD|capture_canvas_screen_3_day_0_15|OK
LIVINGCARD|capture_canvas_screen_3_day_0_16|OK
LIVINGCARD|capture_canvas_screen_3_day_0_17|OK
LIVINGCARD|capture_canvas_screen_3_day_0_18|OK
LIVINGCARD|capture_canvas_screen_3_day_0_19|OK
LIVINGCARD|capture_canvas_screen_3_day_0_20|OK
LIVINGCARD|capture_canvas_screen_3_day_0_21|OK
LIVINGCARD|capture_canvas_screen_3_day_0_22|OK
LIVINGCARD|capture_canvas_screen_3_day_0_23|OK
LIVINGCARD|capture_canvas_screen_3_day_0_24|OK
LIVINGCARD|capture_canvas_screen_3_day_0_25|OK
LIVINGCARD|capture_canvas_screen_3_day_0_26|OK
LIVINGCARD|capture_canvas_screen_3_day_0_27|OK
LIVINGCARD|capture_canvas_screen_3_day_0_28|OK
LIVINGCARD|capture_canvas_screen_3_day_0_29|OK
LIVINGCARD|capture_canvas_screen_3_day_0_30|OK
LIVINGCARD|capture_canvas_screen_3_day_0_31|OK
LIVINGCARD|capture_canvas_screen_3_day_0_32|OK
LIVINGCARD|capture_canvas_screen_3_day_0_33|OK
LIVINGCARD|capture_canvas_screen_3_day_0_34|OK
LIVINGCARD|capture_canvas_screen_3_day_0_35|OK
LIVINGCARD|capture_canvas_screen_3_day_0_36|OK
LIVINGCARD|capture_canvas_screen_3_day_0_37|OK
LIVINGCARD|capture_canvas_screen_3_day_0_38|OK
LIVINGCARD|capture_canvas_screen_3_day_0_39|OK
LIVINGCARD|capture_canvas_screen_3_day_0_40|OK
LIVINGCARD|capture_canvas_screen_3_day_0_41|OK
LIVINGCARD|capture_canvas_screen_3_day_0_42|OK
LIVINGCARD|capture_canvas_screen_3_day_0_43|OK
LIVINGCARD|capture_canvas_screen_3_day_0_44|OK
LIVINGCARD|capture_canvas_screen_3_day_0_45|OK
LIVINGCARD|capture_canvas_screen_3_day_0_46|OK
LIVINGCARD|capture_canvas_screen_3_day_0_47|OK
LIVINGCARD|observed_cels_canvas_screen_3_dayWholeScene_arrival_whole_tree|OK
LIVINGCARD|observed_cels_canvas_screen_3_dayWholeScene_arrival_lawn|OK
LIVINGCARD|observed_cels_canvas_screen_3_dayWholeScene_arrival_front_edge|OK
LIVINGCARD|observed_cels_canvas_screen_3_dayWholeScene_meadow_upper_left|OK
LIVINGCARD|observed_cels_canvas_screen_3_dayWholeScene_meadow_upper_right|OK
LIVINGCARD|observed_cels_canvas_screen_3_dayWholeScene_meadow_lower_lawn|OK
LIVINGCARD|observed_cels_canvas_screen_3_dayWholeScene_castle_left_verge|OK
LIVINGCARD|observed_cels_canvas_screen_3_dayWholeScene_castle_right_verge|OK
LIVINGCARD|observed_cels_canvas_screen_3_dayWholeScene_arrival_bank_left|OK
LIVINGCARD|observed_cels_canvas_screen_3_dayWholeScene_arrival_bank_right|OK
LIVINGCARD|observed_cels_canvas_screen_3_dayWholeScene_meadow_hedge_left|OK
LIVINGCARD|observed_cels_canvas_screen_3_dayWholeScene_meadow_hedge_right|OK
LIVINGCARD|observed_cels_canvas_screen_3_dayWholeScene_castle_approach_bank|OK
LIVINGCARD|observed_cels_canvas_screen_3_dayWholeScene_castle_far_bank|OK
LIVINGCARD|observed_cels_canvas_screen_3_dayWholeScene_arrival_high_left|OK
LIVINGCARD|observed_cels_canvas_screen_3_dayWholeScene_arrival_high_right|OK
LIVINGCARD|observed_cels_canvas_screen_3_dayWholeScene_arrival_small_center|OK
LIVINGCARD|observed_cels_canvas_screen_3_dayWholeScene_arrival_small_right|OK
LIVINGCARD|observed_cels_canvas_screen_3_dayWholeScene_arrival_mid_right|OK
LIVINGCARD|observed_cels_canvas_screen_3_dayWholeScene_meadow_high_left|OK
LIVINGCARD|observed_cels_canvas_screen_3_dayWholeScene_meadow_high_right|OK
LIVINGCARD|observed_cels_canvas_screen_3_dayWholeScene_meadow_small_left|OK
LIVINGCARD|observed_cels_canvas_screen_3_dayWholeScene_meadow_mid_right|OK
LIVINGCARD|observed_cels_canvas_screen_3_dayWholeScene_meadow_small_center|OK
LIVINGCARD|observed_cels_canvas_screen_3_dayWholeScene_meadow_small_far|OK
LIVINGCARD|observed_cels_canvas_screen_3_dayWholeScene_castle_high|OK
LIVINGCARD|observed_cels_canvas_screen_3_dayWholeScene_castle_foreground_rosette|OK
LIVINGCARD|observed_cels_canvas_screen_3_dayWholeScene_meadow_boundary_berry_fan|OK
LIVINGCARD|lifecycle_teardown_is_synchronous|OK
LIVINGCARD|cold_build_determinism|OK
LIVINGCARD|night_canvas_congruence|OK
LIVINGCARD|capture_has_no_start_menu_canvas_screen_3_night|OK
LIVINGCARD|capture_has_live_stage_canvas_screen_3_night|OK
LIVINGCARD|capture_canvas_screen_3_night|OK
LIVINGCARD|night_prop_grade_SkyLagoonCastleFourTower|OK
LIVINGCARD|night_prop_grade_SkyLagoonSlide|OK
LIVINGCARD|night_prop_grade_SkyLagoonPromenadeSwingFrame|OK
LIVINGCARD|night_prop_grade_SkyLagoonSeesaw|OK
LIVINGCARD|night_bridge_has_one_tint_per_surface|OK
LIVINGCARD|capture_canvas_screen_3_night_0_00|OK
LIVINGCARD|capture_canvas_screen_3_night_0_01|OK
LIVINGCARD|capture_canvas_screen_3_night_0_02|OK
LIVINGCARD|capture_canvas_screen_3_night_0_03|OK
LIVINGCARD|capture_canvas_screen_3_night_0_04|OK
LIVINGCARD|capture_canvas_screen_3_night_0_05|OK
LIVINGCARD|capture_canvas_screen_3_night_0_06|OK
LIVINGCARD|capture_canvas_screen_3_night_0_07|OK
LIVINGCARD|capture_canvas_screen_3_night_0_08|OK
LIVINGCARD|capture_canvas_screen_3_night_0_09|OK
LIVINGCARD|capture_canvas_screen_3_night_0_10|OK
LIVINGCARD|capture_canvas_screen_3_night_0_11|OK
LIVINGCARD|capture_canvas_screen_3_night_0_12|OK
LIVINGCARD|capture_canvas_screen_3_night_0_13|OK
LIVINGCARD|capture_canvas_screen_3_night_0_14|OK
LIVINGCARD|capture_canvas_screen_3_night_0_15|OK
LIVINGCARD|capture_canvas_screen_3_night_0_16|OK
LIVINGCARD|capture_canvas_screen_3_night_0_17|OK
LIVINGCARD|capture_canvas_screen_3_night_0_18|OK
LIVINGCARD|capture_canvas_screen_3_night_0_19|OK
LIVINGCARD|capture_canvas_screen_3_night_0_20|OK
LIVINGCARD|capture_canvas_screen_3_night_0_21|OK
LIVINGCARD|capture_canvas_screen_3_night_0_22|OK
LIVINGCARD|capture_canvas_screen_3_night_0_23|OK
LIVINGCARD|capture_canvas_screen_3_night_0_24|OK
LIVINGCARD|capture_canvas_screen_3_night_0_25|OK
LIVINGCARD|capture_canvas_screen_3_night_0_26|OK
LIVINGCARD|capture_canvas_screen_3_night_0_27|OK
LIVINGCARD|capture_canvas_screen_3_night_0_28|OK
LIVINGCARD|capture_canvas_screen_3_night_0_29|OK
LIVINGCARD|capture_canvas_screen_3_night_0_30|OK
LIVINGCARD|capture_canvas_screen_3_night_0_31|OK
LIVINGCARD|capture_canvas_screen_3_night_0_32|OK
LIVINGCARD|capture_canvas_screen_3_night_0_33|OK
LIVINGCARD|capture_canvas_screen_3_night_0_34|OK
LIVINGCARD|capture_canvas_screen_3_night_0_35|OK
LIVINGCARD|capture_canvas_screen_3_night_0_36|OK
LIVINGCARD|capture_canvas_screen_3_night_0_37|OK
LIVINGCARD|capture_canvas_screen_3_night_0_38|OK
LIVINGCARD|capture_canvas_screen_3_night_0_39|OK
LIVINGCARD|capture_canvas_screen_3_night_0_40|OK
LIVINGCARD|capture_canvas_screen_3_night_0_41|OK
LIVINGCARD|capture_canvas_screen_3_night_0_42|OK
LIVINGCARD|capture_canvas_screen_3_night_0_43|OK
LIVINGCARD|capture_canvas_screen_3_night_0_44|OK
LIVINGCARD|capture_canvas_screen_3_night_0_45|OK
LIVINGCARD|capture_canvas_screen_3_night_0_46|OK
LIVINGCARD|capture_canvas_screen_3_night_0_47|OK
LIVINGCARD|capture_canvas_screen_3_night_1_00|OK
LIVINGCARD|capture_canvas_screen_3_night_1_01|OK
LIVINGCARD|capture_canvas_screen_3_night_1_02|OK
LIVINGCARD|capture_canvas_screen_3_night_1_03|OK
LIVINGCARD|capture_canvas_screen_3_night_1_04|OK
LIVINGCARD|capture_canvas_screen_3_night_1_05|OK
LIVINGCARD|capture_canvas_screen_3_night_1_06|OK
LIVINGCARD|capture_canvas_screen_3_night_1_07|OK
LIVINGCARD|capture_canvas_screen_3_night_1_08|OK
LIVINGCARD|capture_canvas_screen_3_night_1_09|OK
LIVINGCARD|capture_canvas_screen_3_night_1_10|OK
LIVINGCARD|capture_canvas_screen_3_night_1_11|OK
LIVINGCARD|capture_canvas_screen_3_night_1_12|OK
LIVINGCARD|capture_canvas_screen_3_night_1_13|OK
LIVINGCARD|capture_canvas_screen_3_night_1_14|OK
LIVINGCARD|capture_canvas_screen_3_night_1_15|OK
LIVINGCARD|capture_canvas_screen_3_night_1_16|OK
LIVINGCARD|capture_canvas_screen_3_night_1_17|OK
LIVINGCARD|capture_canvas_screen_3_night_1_18|OK
LIVINGCARD|capture_canvas_screen_3_night_1_19|OK
LIVINGCARD|capture_canvas_screen_3_night_1_20|OK
LIVINGCARD|capture_canvas_screen_3_night_1_21|OK
LIVINGCARD|capture_canvas_screen_3_night_1_22|OK
LIVINGCARD|capture_canvas_screen_3_night_1_23|OK
LIVINGCARD|capture_canvas_screen_3_night_1_24|OK
LIVINGCARD|capture_canvas_screen_3_night_1_25|OK
LIVINGCARD|capture_canvas_screen_3_night_1_26|OK
LIVINGCARD|capture_canvas_screen_3_night_1_27|OK
LIVINGCARD|capture_canvas_screen_3_night_1_28|OK
LIVINGCARD|capture_canvas_screen_3_night_1_29|OK
LIVINGCARD|capture_canvas_screen_3_night_1_30|OK
LIVINGCARD|capture_canvas_screen_3_night_1_31|OK
LIVINGCARD|capture_canvas_screen_3_night_1_32|OK
LIVINGCARD|capture_canvas_screen_3_night_1_33|OK
LIVINGCARD|capture_canvas_screen_3_night_1_34|OK
LIVINGCARD|capture_canvas_screen_3_night_1_35|OK
LIVINGCARD|capture_canvas_screen_3_night_1_36|OK
LIVINGCARD|capture_canvas_screen_3_night_1_37|OK
LIVINGCARD|capture_canvas_screen_3_night_1_38|OK
LIVINGCARD|capture_canvas_screen_3_night_1_39|OK
LIVINGCARD|capture_canvas_screen_3_night_1_40|OK
LIVINGCARD|capture_canvas_screen_3_night_1_41|OK
LIVINGCARD|capture_canvas_screen_3_night_1_42|OK
LIVINGCARD|capture_canvas_screen_3_night_1_43|OK
LIVINGCARD|capture_canvas_screen_3_night_1_44|OK
LIVINGCARD|capture_canvas_screen_3_night_1_45|OK
LIVINGCARD|capture_canvas_screen_3_night_1_46|OK
LIVINGCARD|capture_canvas_screen_3_night_1_47|OK
LIVINGCARD|capture_canvas_screen_3_night_2_00|OK
LIVINGCARD|capture_canvas_screen_3_night_2_01|OK
LIVINGCARD|capture_canvas_screen_3_night_2_02|OK
LIVINGCARD|capture_canvas_screen_3_night_2_03|OK
LIVINGCARD|capture_canvas_screen_3_night_2_04|OK
LIVINGCARD|capture_canvas_screen_3_night_2_05|OK
LIVINGCARD|capture_canvas_screen_3_night_2_06|OK
LIVINGCARD|capture_canvas_screen_3_night_2_07|OK
LIVINGCARD|capture_canvas_screen_3_night_2_08|OK
LIVINGCARD|capture_canvas_screen_3_night_2_09|OK
LIVINGCARD|capture_canvas_screen_3_night_2_10|OK
LIVINGCARD|capture_canvas_screen_3_night_2_11|OK
LIVINGCARD|capture_canvas_screen_3_night_2_12|OK
LIVINGCARD|capture_canvas_screen_3_night_2_13|OK
LIVINGCARD|capture_canvas_screen_3_night_2_14|OK
LIVINGCARD|capture_canvas_screen_3_night_2_15|OK
LIVINGCARD|capture_canvas_screen_3_night_2_16|OK
LIVINGCARD|capture_canvas_screen_3_night_2_17|OK
LIVINGCARD|capture_canvas_screen_3_night_2_18|OK
LIVINGCARD|capture_canvas_screen_3_night_2_19|OK
LIVINGCARD|capture_canvas_screen_3_night_2_20|OK
LIVINGCARD|capture_canvas_screen_3_night_2_21|OK
LIVINGCARD|capture_canvas_screen_3_night_2_22|OK
LIVINGCARD|capture_canvas_screen_3_night_2_23|OK
LIVINGCARD|capture_canvas_screen_3_night_2_24|OK
LIVINGCARD|capture_canvas_screen_3_night_2_25|OK
LIVINGCARD|capture_canvas_screen_3_night_2_26|OK
LIVINGCARD|capture_canvas_screen_3_night_2_27|OK
LIVINGCARD|capture_canvas_screen_3_night_2_28|OK
LIVINGCARD|capture_canvas_screen_3_night_2_29|OK
LIVINGCARD|capture_canvas_screen_3_night_2_30|OK
LIVINGCARD|capture_canvas_screen_3_night_2_31|OK
LIVINGCARD|capture_canvas_screen_3_night_2_32|OK
LIVINGCARD|capture_canvas_screen_3_night_2_33|OK
LIVINGCARD|capture_canvas_screen_3_night_2_34|OK
LIVINGCARD|capture_canvas_screen_3_night_2_35|OK
LIVINGCARD|capture_canvas_screen_3_night_2_36|OK
LIVINGCARD|capture_canvas_screen_3_night_2_37|OK
LIVINGCARD|capture_canvas_screen_3_night_2_38|OK
LIVINGCARD|capture_canvas_screen_3_night_2_39|OK
LIVINGCARD|capture_canvas_screen_3_night_2_40|OK
LIVINGCARD|capture_canvas_screen_3_night_2_41|OK
LIVINGCARD|capture_canvas_screen_3_night_2_42|OK
LIVINGCARD|capture_canvas_screen_3_night_2_43|OK
LIVINGCARD|capture_canvas_screen_3_night_2_44|OK
LIVINGCARD|capture_canvas_screen_3_night_2_45|OK
LIVINGCARD|capture_canvas_screen_3_night_2_46|OK
LIVINGCARD|capture_canvas_screen_3_night_2_47|OK
LIVINGCARD|observed_cels_canvas_screen_3_nightWholeScene_arrival_whole_tree|OK
LIVINGCARD|observed_cels_canvas_screen_3_nightWholeScene_arrival_lawn|OK
LIVINGCARD|observed_cels_canvas_screen_3_nightWholeScene_arrival_front_edge|OK
LIVINGCARD|observed_cels_canvas_screen_3_nightWholeScene_meadow_upper_left|OK
LIVINGCARD|observed_cels_canvas_screen_3_nightWholeScene_meadow_upper_right|OK
LIVINGCARD|observed_cels_canvas_screen_3_nightWholeScene_meadow_lower_lawn|OK
LIVINGCARD|observed_cels_canvas_screen_3_nightWholeScene_castle_left_verge|OK
LIVINGCARD|observed_cels_canvas_screen_3_nightWholeScene_castle_right_verge|OK
LIVINGCARD|observed_cels_canvas_screen_3_nightWholeScene_arrival_bank_left|OK
LIVINGCARD|observed_cels_canvas_screen_3_nightWholeScene_arrival_bank_right|OK
LIVINGCARD|observed_cels_canvas_screen_3_nightWholeScene_meadow_hedge_left|OK
LIVINGCARD|observed_cels_canvas_screen_3_nightWholeScene_meadow_hedge_right|OK
LIVINGCARD|observed_cels_canvas_screen_3_nightWholeScene_castle_approach_bank|OK
LIVINGCARD|observed_cels_canvas_screen_3_nightWholeScene_castle_far_bank|OK
LIVINGCARD|observed_cels_canvas_screen_3_nightWholeScene_arrival_high_left|OK
LIVINGCARD|observed_cels_canvas_screen_3_nightWholeScene_arrival_high_right|OK
LIVINGCARD|observed_cels_canvas_screen_3_nightWholeScene_arrival_small_center|OK
LIVINGCARD|observed_cels_canvas_screen_3_nightWholeScene_arrival_small_right|OK
LIVINGCARD|observed_cels_canvas_screen_3_nightWholeScene_arrival_mid_right|OK
LIVINGCARD|observed_cels_canvas_screen_3_nightWholeScene_meadow_high_left|OK
LIVINGCARD|observed_cels_canvas_screen_3_nightWholeScene_meadow_high_right|OK
LIVINGCARD|observed_cels_canvas_screen_3_nightWholeScene_meadow_small_left|OK
LIVINGCARD|observed_cels_canvas_screen_3_nightWholeScene_meadow_mid_right|OK
LIVINGCARD|observed_cels_canvas_screen_3_nightWholeScene_meadow_small_center|OK
LIVINGCARD|observed_cels_canvas_screen_3_nightWholeScene_meadow_small_far|OK
LIVINGCARD|observed_cels_canvas_screen_3_nightWholeScene_castle_high|OK
LIVINGCARD|observed_cels_canvas_screen_3_nightWholeScene_castle_foreground_rosette|OK
LIVINGCARD|observed_cels_canvas_screen_3_nightWholeScene_meadow_boundary_berry_fan|OK
LIVINGCARD|ALL|OK
