WorkerThreadPool: 12 threads, 3 max low-priority.
Godot Engine v4.7.2.stable.official.ed1daf0bf - https://godotengine.org
TextServer: Added interface "Dummy"
TextServer: Added interface "ICU / HarfBuzz / Graphite (Built-in)"
Using "default" pen tablet driver...

TextServer: Primary interface set to: "ICU / HarfBuzz / Graphite (Built-in)".
Loading resource: res://default_bus_layout.tres remapped: res://default_bus_layout.tres
Completed load for: 'res://default_bus_layout.tres' remapped 'res://default_bus_layout.tres' at thread -1
CORE API HASH: 2004498165
EDITOR API HASH: 1696660745
Loading resource: res://scripts/probe_bathroom_props.gd remapped: res://scripts/probe_bathroom_props.gd
Completed load for: 'res://scripts/probe_bathroom_props.gd' remapped 'res://scripts/probe_bathroom_props.gd' at thread -1
SceneTreeFTI: traversal method DEFAULT
Loaded system CA certificates
Loading resource: res://assets/flats/castle/rooms/room_bubble_bath_background.png remapped: res://assets/flats/castle/rooms/room_bubble_bath_background.png
Loading resource: res://.godot/imported/room_bubble_bath_background.png-31df36a601e1eb3d4ca35434bca8a607.ctex remapped: res://.godot/imported/room_bubble_bath_background.png-31df36a601e1eb3d4ca35434bca8a607.ctex
Completed load for: 'res://assets/flats/castle/rooms/room_bubble_bath_background.png' remapped 'res://assets/flats/castle/rooms/room_bubble_bath_background.png' at thread -1
BATHROOM|sprite=room_bubble_bath_background.png size=(1024.0, 576.0)
Loading resource: res://assets/flats/castle/rooms/room_bubble_bath_front_left.png remapped: res://assets/flats/castle/rooms/room_bubble_bath_front_left.png
Loading resource: res://.godot/imported/room_bubble_bath_front_left.png-4d2d580e9de83b32cf61b37097bba3f8.ctex remapped: res://.godot/imported/room_bubble_bath_front_left.png-4d2d580e9de83b32cf61b37097bba3f8.ctex
Completed load for: 'res://assets/flats/castle/rooms/room_bubble_bath_front_left.png' remapped 'res://assets/flats/castle/rooms/room_bubble_bath_front_left.png' at thread -1
BATHROOM|sprite=room_bubble_bath_front_left.png size=(226.0, 218.0)
Loading resource: res://assets/flats/castle/rooms/room_bubble_bath_front_right.png remapped: res://assets/flats/castle/rooms/room_bubble_bath_front_right.png
Loading resource: res://.godot/imported/room_bubble_bath_front_right.png-74c152cbb2dbd40d875ca8b9f4633af0.ctex remapped: res://.godot/imported/room_bubble_bath_front_right.png-74c152cbb2dbd40d875ca8b9f4633af0.ctex
Completed load for: 'res://assets/flats/castle/rooms/room_bubble_bath_front_right.png' remapped 'res://assets/flats/castle/rooms/room_bubble_bath_front_right.png' at thread -1
BATHROOM|sprite=room_bubble_bath_front_right.png size=(226.0, 218.0)
Loading resource: res://assets/flats/castle/rooms/room_bubble_bath_item_bathtub.png remapped: res://assets/flats/castle/rooms/room_bubble_bath_item_bathtub.png
Loading resource: res://.godot/imported/room_bubble_bath_item_bathtub.png-eba29e9c84884ee0751b89cb9640d990.ctex remapped: res://.godot/imported/room_bubble_bath_item_bathtub.png-eba29e9c84884ee0751b89cb9640d990.ctex
Completed load for: 'res://assets/flats/castle/rooms/room_bubble_bath_item_bathtub.png' remapped 'res://assets/flats/castle/rooms/room_bubble_bath_item_bathtub.png' at thread -1
BATHROOM|sprite=room_bubble_bath_item_bathtub.png size=(321.0, 198.0)
Loading resource: res://assets/flats/castle/rooms/room_bubble_bath_item_sink.png remapped: res://assets/flats/castle/rooms/room_bubble_bath_item_sink.png
Loading resource: res://.godot/imported/room_bubble_bath_item_sink.png-3f903808a01dc1e9dcca2587f1515bce.ctex remapped: res://.godot/imported/room_bubble_bath_item_sink.png-3f903808a01dc1e9dcca2587f1515bce.ctex
Completed load for: 'res://assets/flats/castle/rooms/room_bubble_bath_item_sink.png' remapped 'res://assets/flats/castle/rooms/room_bubble_bath_item_sink.png' at thread -1
BATHROOM|sprite=room_bubble_bath_item_sink.png size=(205.0, 173.0)
Loading resource: res://assets/flats/castle/rooms/room_bubble_bath_item_toilet.png remapped: res://assets/flats/castle/rooms/room_bubble_bath_item_toilet.png
Loading resource: res://.godot/imported/room_bubble_bath_item_toilet.png-b890bb0f3df51ffc160be3e9e1ce0200.ctex remapped: res://.godot/imported/room_bubble_bath_item_toilet.png-b890bb0f3df51ffc160be3e9e1ce0200.ctex
Completed load for: 'res://assets/flats/castle/rooms/room_bubble_bath_item_toilet.png' remapped 'res://assets/flats/castle/rooms/room_bubble_bath_item_toilet.png' at thread -1
BATHROOM|sprite=room_bubble_bath_item_toilet.png size=(153.0, 192.0)
Loading resource: res://assets/flats/castle/rooms/room_bubble_bath_item_rubber_duck.png remapped: res://assets/flats/castle/rooms/room_bubble_bath_item_rubber_duck.png
Loading resource: res://.godot/imported/room_bubble_bath_item_rubber_duck.png-2e2ca8a2907468a91d5f5e5374cfd155.ctex remapped: res://.godot/imported/room_bubble_bath_item_rubber_duck.png-2e2ca8a2907468a91d5f5e5374cfd155.ctex
Completed load for: 'res://assets/flats/castle/rooms/room_bubble_bath_item_rubber_duck.png' remapped 'res://assets/flats/castle/rooms/room_bubble_bath_item_rubber_duck.png' at thread -1
BATHROOM|sprite=room_bubble_bath_item_rubber_duck.png size=(41.0, 40.0)
Loading resource: res://assets/flats/castle/interactions/bubble_bath_bathtub_atlas.png remapped: res://assets/flats/castle/interactions/bubble_bath_bathtub_atlas.png
Loading resource: res://.godot/imported/bubble_bath_bathtub_atlas.png-7f3544af276c4797164f226fc66c9779.ctex remapped: res://.godot/imported/bubble_bath_bathtub_atlas.png-7f3544af276c4797164f226fc66c9779.ctex
Completed load for: 'res://assets/flats/castle/interactions/bubble_bath_bathtub_atlas.png' remapped 'res://assets/flats/castle/interactions/bubble_bath_bathtub_atlas.png' at thread -1
BATHROOM|atlas=bubble_bath_bathtub_atlas.png size=(963.0, 594.0) frames=8
Loading resource: res://assets/flats/castle/interactions/bubble_bath_sink_atlas.png remapped: res://assets/flats/castle/interactions/bubble_bath_sink_atlas.png
Loading resource: res://.godot/imported/bubble_bath_sink_atlas.png-8996b67ea438af34eccef01af3ad7c6f.ctex remapped: res://.godot/imported/bubble_bath_sink_atlas.png-8996b67ea438af34eccef01af3ad7c6f.ctex
Completed load for: 'res://assets/flats/castle/interactions/bubble_bath_sink_atlas.png' remapped 'res://assets/flats/castle/interactions/bubble_bath_sink_atlas.png' at thread -1
BATHROOM|atlas=bubble_bath_sink_atlas.png size=(820.0, 346.0) frames=8
Loading resource: res://assets/flats/castle/interactions/bubble_bath_toilet_atlas.png remapped: res://assets/flats/castle/interactions/bubble_bath_toilet_atlas.png
Loading resource: res://.godot/imported/bubble_bath_toilet_atlas.png-b88d0519006c6c07b3542ef439ba729e.ctex remapped: res://.godot/imported/bubble_bath_toilet_atlas.png-b88d0519006c6c07b3542ef439ba729e.ctex
Completed load for: 'res://assets/flats/castle/interactions/bubble_bath_toilet_atlas.png' remapped 'res://assets/flats/castle/interactions/bubble_bath_toilet_atlas.png' at thread -1
BATHROOM|atlas=bubble_bath_toilet_atlas.png size=(612.0, 384.0) frames=8
Loading resource: res://assets/flats/castle/interactions/bubble_bath_rubber_duck_atlas.png remapped: res://assets/flats/castle/interactions/bubble_bath_rubber_duck_atlas.png
Loading resource: res://.godot/imported/bubble_bath_rubber_duck_atlas.png-f6201b29c0c16d13757e7c21017a70c2.ctex remapped: res://.godot/imported/bubble_bath_rubber_duck_atlas.png-f6201b29c0c16d13757e7c21017a70c2.ctex
Completed load for: 'res://assets/flats/castle/interactions/bubble_bath_rubber_duck_atlas.png' remapped 'res://assets/flats/castle/interactions/bubble_bath_rubber_duck_atlas.png' at thread -1
BATHROOM|atlas=bubble_bath_rubber_duck_atlas.png size=(164.0, 80.0) frames=8
BATHROOM|RESULT=OK cards=11 pixels=1922269
XR: Clearing primary interface
XR: Removed interface "Native mobile"
XR: Removed interface "OpenXR"
