WorkerThreadPool: 12 threads, 3 max low-priority.
Godot Engine v4.7.2.stable.official.ed1daf0bf - https://godotengine.org
TextServer: Added interface "Dummy"
TextServer: Added interface "ICU / HarfBuzz / Graphite (Built-in)"
Using "default" pen tablet driver...

TextServer: Primary interface set to: "ICU / HarfBuzz / Graphite (Built-in)".
Loading resource: res://default_bus_layout.tres remapped: res://default_bus_layout.tres
Completed load for: 'res://default_bus_layout.tres' remapped 'res://default_bus_layout.tres' at thread -1
CORE API HASH: 2004498165
EDITOR API HASH: 1696660745
Loading resource: res://scripts/probe_day_one_pool_cleanup.gd remapped: res://scripts/probe_day_one_pool_cleanup.gd
Loading resource: res://shaders/castle_fixture_bloom.gdshader remapped: res://shaders/castle_fixture_bloom.gdshader
Completed load for: 'res://shaders/castle_fixture_bloom.gdshader' remapped 'res://shaders/castle_fixture_bloom.gdshader' at thread -1
Loading resource: res://assets/characters/roshan_25d/roshan_directional.png remapped: res://assets/characters/roshan_25d/roshan_directional.png
Loading resource: res://.godot/imported/roshan_directional.png-d625ae71ef68ca7b79f00f48e0d76cbb.s3tc.ctex remapped: res://.godot/imported/roshan_directional.png-d625ae71ef68ca7b79f00f48e0d76cbb.s3tc.ctex
Completed load for: 'res://assets/characters/roshan_25d/roshan_directional.png' remapped 'res://assets/characters/roshan_25d/roshan_directional.png' at thread -1
Loading resource: res://assets/characters/roshan_25d/roshan_swim_front.png remapped: res://assets/characters/roshan_25d/roshan_swim_front.png
Loading resource: res://.godot/imported/roshan_swim_front.png-42175e9e171cd7007cff3a9ae801e389.s3tc.ctex remapped: res://.godot/imported/roshan_swim_front.png-42175e9e171cd7007cff3a9ae801e389.s3tc.ctex
Completed load for: 'res://assets/characters/roshan_25d/roshan_swim_front.png' remapped 'res://assets/characters/roshan_25d/roshan_swim_front.png' at thread -1
Loading resource: res://assets/characters/roshan_25d/roshan_swim_back.png remapped: res://assets/characters/roshan_25d/roshan_swim_back.png
Loading resource: res://.godot/imported/roshan_swim_back.png-e93afa07bbddede1e856e92c5cdc462a.s3tc.ctex remapped: res://.godot/imported/roshan_swim_back.png-e93afa07bbddede1e856e92c5cdc462a.s3tc.ctex
Completed load for: 'res://assets/characters/roshan_25d/roshan_swim_back.png' remapped 'res://assets/characters/roshan_25d/roshan_swim_back.png' at thread -1
Loading resource: res://assets/shaders/castle_fixture_water.gdshader remapped: res://assets/shaders/castle_fixture_water.gdshader
Completed load for: 'res://assets/shaders/castle_fixture_water.gdshader' remapped 'res://assets/shaders/castle_fixture_water.gdshader' at thread -1
Loading resource: res://assets/terrain/up_water_nrm.jpg remapped: res://assets/terrain/up_water_nrm.jpg
Loading resource: res://.godot/imported/up_water_nrm.jpg-17f81a1afbb895061d198f7cd6fac5ca.ctex remapped: res://.godot/imported/up_water_nrm.jpg-17f81a1afbb895061d198f7cd6fac5ca.ctex
Completed load for: 'res://assets/terrain/up_water_nrm.jpg' remapped 'res://assets/terrain/up_water_nrm.jpg' at thread -1
Loading resource: res://assets/terrain/caustics.png remapped: res://assets/terrain/caustics.png
Loading resource: res://.godot/imported/caustics.png-3a5cbbf4f913abf47849e57640465f02.s3tc.ctex remapped: res://.godot/imported/caustics.png-3a5cbbf4f913abf47849e57640465f02.s3tc.ctex
Completed load for: 'res://assets/terrain/caustics.png' remapped 'res://assets/terrain/caustics.png' at thread -1
Loading resource: res://assets/sprites/fx_water/fx_water_bubble_burst_atlas.png remapped: res://assets/sprites/fx_water/fx_water_bubble_burst_atlas.png
Loading resource: res://.godot/imported/fx_water_bubble_burst_atlas.png-6756054a8ce0da3a133c2d2926db3fe9.s3tc.ctex remapped: res://.godot/imported/fx_water_bubble_burst_atlas.png-6756054a8ce0da3a133c2d2926db3fe9.s3tc.ctex
Completed load for: 'res://assets/sprites/fx_water/fx_water_bubble_burst_atlas.png' remapped 'res://assets/sprites/fx_water/fx_water_bubble_burst_atlas.png' at thread -1
Loading resource: res://assets/sprites/fx_water/fx_water_splash_medium_atlas.png remapped: res://assets/sprites/fx_water/fx_water_splash_medium_atlas.png
Loading resource: res://.godot/imported/fx_water_splash_medium_atlas.png-e51a9350ed55a41c49ea3d00f22151f4.s3tc.ctex remapped: res://.godot/imported/fx_water_splash_medium_atlas.png-e51a9350ed55a41c49ea3d00f22151f4.s3tc.ctex
Completed load for: 'res://assets/sprites/fx_water/fx_water_splash_medium_atlas.png' remapped 'res://assets/sprites/fx_water/fx_water_splash_medium_atlas.png' at thread -1
Loading resource: res://assets/flats/castle/rooms/room_actor_shadow.png remapped: res://assets/flats/castle/rooms/room_actor_shadow.png
Loading resource: res://.godot/imported/room_actor_shadow.png-f1d04727dc138f663653a3117bb0a06a.s3tc.ctex remapped: res://.godot/imported/room_actor_shadow.png-f1d04727dc138f663653a3117bb0a06a.s3tc.ctex
Completed load for: 'res://assets/flats/castle/rooms/room_actor_shadow.png' remapped 'res://assets/flats/castle/rooms/room_actor_shadow.png' at thread -1
Loading resource: res://assets/flats/castle/logo_studio_v2/castle_banner_pink.png remapped: res://assets/flats/castle/logo_studio_v2/castle_banner_pink.png
Loading resource: res://.godot/imported/castle_banner_pink.png-1f07d5f169916030a25ffc843a00a097.ctex remapped: res://.godot/imported/castle_banner_pink.png-1f07d5f169916030a25ffc843a00a097.ctex
Completed load for: 'res://assets/flats/castle/logo_studio_v2/castle_banner_pink.png' remapped 'res://assets/flats/castle/logo_studio_v2/castle_banner_pink.png' at thread -1
Loading resource: res://assets/flats/castle/logo_studio_v2/castle_banner_gold.png remapped: res://assets/flats/castle/logo_studio_v2/castle_banner_gold.png
Loading resource: res://.godot/imported/castle_banner_gold.png-5442446e7bc3ba706d422fcbb4922333.ctex remapped: res://.godot/imported/castle_banner_gold.png-5442446e7bc3ba706d422fcbb4922333.ctex
Completed load for: 'res://assets/flats/castle/logo_studio_v2/castle_banner_gold.png' remapped 'res://assets/flats/castle/logo_studio_v2/castle_banner_gold.png' at thread -1
Loading resource: res://assets/flats/castle/logo_studio_v2/castle_banner_mint.png remapped: res://assets/flats/castle/logo_studio_v2/castle_banner_mint.png
Loading resource: res://.godot/imported/castle_banner_mint.png-1bd0912452535d09563f5821ab572aa1.ctex remapped: res://.godot/imported/castle_banner_mint.png-1bd0912452535d09563f5821ab572aa1.ctex
Completed load for: 'res://assets/flats/castle/logo_studio_v2/castle_banner_mint.png' remapped 'res://assets/flats/castle/logo_studio_v2/castle_banner_mint.png' at thread -1
Loading resource: res://assets/flats/castle/logo_studio_v2/castle_banner_ocean.png remapped: res://assets/flats/castle/logo_studio_v2/castle_banner_ocean.png
Loading resource: res://.godot/imported/castle_banner_ocean.png-b4870497f6aa7ef8fd0fa9b03a7817e1.ctex remapped: res://.godot/imported/castle_banner_ocean.png-b4870497f6aa7ef8fd0fa9b03a7817e1.ctex
Completed load for: 'res://assets/flats/castle/logo_studio_v2/castle_banner_ocean.png' remapped 'res://assets/flats/castle/logo_studio_v2/castle_banner_ocean.png' at thread -1
Loading resource: res://assets/flats/castle/logo_studio_v2/castle_banner_purple.png remapped: res://assets/flats/castle/logo_studio_v2/castle_banner_purple.png
Loading resource: res://.godot/imported/castle_banner_purple.png-a711c2ef7be4134e857e2b0804f886f4.ctex remapped: res://.godot/imported/castle_banner_purple.png-a711c2ef7be4134e857e2b0804f886f4.ctex
Completed load for: 'res://assets/flats/castle/logo_studio_v2/castle_banner_purple.png' remapped 'res://assets/flats/castle/logo_studio_v2/castle_banner_purple.png' at thread -1
Loading resource: res://assets/flats/castle/logo_studio_v2/castle_banner_rainbow.png remapped: res://assets/flats/castle/logo_studio_v2/castle_banner_rainbow.png
Loading resource: res://.godot/imported/castle_banner_rainbow.png-51987bbcab3d63a5e6b8856c39d3e1f5.ctex remapped: res://.godot/imported/castle_banner_rainbow.png-51987bbcab3d63a5e6b8856c39d3e1f5.ctex
Completed load for: 'res://assets/flats/castle/logo_studio_v2/castle_banner_rainbow.png' remapped 'res://assets/flats/castle/logo_studio_v2/castle_banner_rainbow.png' at thread -1
Loading resource: res://assets/flats/castle/logo_studio_v2/castle_banner_motif_rainbow.png remapped: res://assets/flats/castle/logo_studio_v2/castle_banner_motif_rainbow.png
Loading resource: res://.godot/imported/castle_banner_motif_rainbow.png-7d37c39c57d9145c1662a600706a0215.ctex remapped: res://.godot/imported/castle_banner_motif_rainbow.png-7d37c39c57d9145c1662a600706a0215.ctex
Completed load for: 'res://assets/flats/castle/logo_studio_v2/castle_banner_motif_rainbow.png' remapped 'res://assets/flats/castle/logo_studio_v2/castle_banner_motif_rainbow.png' at thread -1
Loading resource: res://assets/flats/castle/logo_studio_v2/castle_banner_motif_shell.png remapped: res://assets/flats/castle/logo_studio_v2/castle_banner_motif_shell.png
Loading resource: res://.godot/imported/castle_banner_motif_shell.png-2ded8f0554ad78cbf31ed04692a2e95a.ctex remapped: res://.godot/imported/castle_banner_motif_shell.png-2ded8f0554ad78cbf31ed04692a2e95a.ctex
Completed load for: 'res://assets/flats/castle/logo_studio_v2/castle_banner_motif_shell.png' remapped 'res://assets/flats/castle/logo_studio_v2/castle_banner_motif_shell.png' at thread -1
Loading resource: res://assets/flats/castle/logo_studio_v2/castle_banner_motif_kitty.png remapped: res://assets/flats/castle/logo_studio_v2/castle_banner_motif_kitty.png
Loading resource: res://.godot/imported/castle_banner_motif_kitty.png-476ecb445ef20b8f0ee562bf74ffc1f3.ctex remapped: res://.godot/imported/castle_banner_motif_kitty.png-476ecb445ef20b8f0ee562bf74ffc1f3.ctex
Completed load for: 'res://assets/flats/castle/logo_studio_v2/castle_banner_motif_kitty.png' remapped 'res://assets/flats/castle/logo_studio_v2/castle_banner_motif_kitty.png' at thread -1
Loading resource: res://assets/flats/castle/logo_studio_v2/castle_banner_motif_dog.png remapped: res://assets/flats/castle/logo_studio_v2/castle_banner_motif_dog.png
Loading resource: res://.godot/imported/castle_banner_motif_dog.png-f60e00a475feefbed7e6b7b03314b4e3.ctex remapped: res://.godot/imported/castle_banner_motif_dog.png-f60e00a475feefbed7e6b7b03314b4e3.ctex
Completed load for: 'res://assets/flats/castle/logo_studio_v2/castle_banner_motif_dog.png' remapped 'res://assets/flats/castle/logo_studio_v2/castle_banner_motif_dog.png' at thread -1
Loading resource: res://assets/flats/castle/logo_studio_v2/castle_banner_motif_star.png remapped: res://assets/flats/castle/logo_studio_v2/castle_banner_motif_star.png
Loading resource: res://.godot/imported/castle_banner_motif_star.png-c2920063905028bbe428c242038dc858.ctex remapped: res://.godot/imported/castle_banner_motif_star.png-c2920063905028bbe428c242038dc858.ctex
Completed load for: 'res://assets/flats/castle/logo_studio_v2/castle_banner_motif_star.png' remapped 'res://assets/flats/castle/logo_studio_v2/castle_banner_motif_star.png' at thread -1
Loading resource: res://assets/flats/castle/logo_studio_v2/castle_banner_motif_heart.png remapped: res://assets/flats/castle/logo_studio_v2/castle_banner_motif_heart.png
Loading resource: res://.godot/imported/castle_banner_motif_heart.png-1e2c41e7d0fee88319aa5e07bebb840c.ctex remapped: res://.godot/imported/castle_banner_motif_heart.png-1e2c41e7d0fee88319aa5e07bebb840c.ctex
Completed load for: 'res://assets/flats/castle/logo_studio_v2/castle_banner_motif_heart.png' remapped 'res://assets/flats/castle/logo_studio_v2/castle_banner_motif_heart.png' at thread -1
Loading resource: res://assets/flats/castle/logo_studio_v2/castle_banner_motif_crown.png remapped: res://assets/flats/castle/logo_studio_v2/castle_banner_motif_crown.png
Loading resource: res://.godot/imported/castle_banner_motif_crown.png-a6e77f1d9ed0122ac2aa4567a6832a08.ctex remapped: res://.godot/imported/castle_banner_motif_crown.png-a6e77f1d9ed0122ac2aa4567a6832a08.ctex
Completed load for: 'res://assets/flats/castle/logo_studio_v2/castle_banner_motif_crown.png' remapped 'res://assets/flats/castle/logo_studio_v2/castle_banner_motif_crown.png' at thread -1
Loading resource: res://assets/flats/castle/logo_studio_v2/castle_banner_motif_butterfly.png remapped: res://assets/flats/castle/logo_studio_v2/castle_banner_motif_butterfly.png
Loading resource: res://.godot/imported/castle_banner_motif_butterfly.png-862a1cf8dacc6daab2058d435ea0ad5f.ctex remapped: res://.godot/imported/castle_banner_motif_butterfly.png-862a1cf8dacc6daab2058d435ea0ad5f.ctex
Completed load for: 'res://assets/flats/castle/logo_studio_v2/castle_banner_motif_butterfly.png' remapped 'res://assets/flats/castle/logo_studio_v2/castle_banner_motif_butterfly.png' at thread -1
Loading resource: res://assets/castle/training/ghost_hand.png remapped: res://assets/castle/training/ghost_hand.png
Loading resource: res://.godot/imported/ghost_hand.png-1de3e3644c9a46e5892c5a8fa86dad01.ctex remapped: res://.godot/imported/ghost_hand.png-1de3e3644c9a46e5892c5a8fa86dad01.ctex
Completed load for: 'res://assets/castle/training/ghost_hand.png' remapped 'res://assets/castle/training/ghost_hand.png' at thread -1
Loading resource: res://assets/ui/boot_splash_mermaid_roshan.png remapped: res://assets/ui/boot_splash_mermaid_roshan.png
Loading resource: res://.godot/imported/boot_splash_mermaid_roshan.png-b4f76f82b4095448b9258c74830dd0bf.ctex remapped: res://.godot/imported/boot_splash_mermaid_roshan.png-b4f76f82b4095448b9258c74830dd0bf.ctex
Completed load for: 'res://assets/ui/boot_splash_mermaid_roshan.png' remapped 'res://assets/ui/boot_splash_mermaid_roshan.png' at thread -1
Loading resource: res://assets/castle/day_one_art_studio/magic_cleaning_brush.png remapped: res://assets/castle/day_one_art_studio/magic_cleaning_brush.png
Loading resource: res://.godot/imported/magic_cleaning_brush.png-9aab3d5c1cf900b3b09e19eacb3d842d.ctex remapped: res://.godot/imported/magic_cleaning_brush.png-9aab3d5c1cf900b3b09e19eacb3d842d.ctex
Completed load for: 'res://assets/castle/day_one_art_studio/magic_cleaning_brush.png' remapped 'res://assets/castle/day_one_art_studio/magic_cleaning_brush.png' at thread -1
Loading resource: res://assets/castle/day_one_art_studio/loose_brush_bundle.png remapped: res://assets/castle/day_one_art_studio/loose_brush_bundle.png
Loading resource: res://.godot/imported/loose_brush_bundle.png-864136367585f2d9d14d7d1e8b20b7c8.ctex remapped: res://.godot/imported/loose_brush_bundle.png-864136367585f2d9d14d7d1e8b20b7c8.ctex
Completed load for: 'res://assets/castle/day_one_art_studio/loose_brush_bundle.png' remapped 'res://assets/castle/day_one_art_studio/loose_brush_bundle.png' at thread -1
Loading resource: res://assets/castle/day_one_art_studio/paint_bottle_pink.png remapped: res://assets/castle/day_one_art_studio/paint_bottle_pink.png
Loading resource: res://.godot/imported/paint_bottle_pink.png-c543c4d9f1f567c443e165a9fa714da8.ctex remapped: res://.godot/imported/paint_bottle_pink.png-c543c4d9f1f567c443e165a9fa714da8.ctex
Completed load for: 'res://assets/castle/day_one_art_studio/paint_bottle_pink.png' remapped 'res://assets/castle/day_one_art_studio/paint_bottle_pink.png' at thread -1
Loading resource: res://assets/castle/day_one_art_studio/paint_bottle_blue.png remapped: res://assets/castle/day_one_art_studio/paint_bottle_blue.png
Loading resource: res://.godot/imported/paint_bottle_blue.png-5095790b8453a9b3e2ea954bc927e605.ctex remapped: res://.godot/imported/paint_bottle_blue.png-5095790b8453a9b3e2ea954bc927e605.ctex
Completed load for: 'res://assets/castle/day_one_art_studio/paint_bottle_blue.png' remapped 'res://assets/castle/day_one_art_studio/paint_bottle_blue.png' at thread -1
Loading resource: res://assets/castle/day_one_art_studio/paint_cups.png remapped: res://assets/castle/day_one_art_studio/paint_cups.png
Loading resource: res://.godot/imported/paint_cups.png-100570cd9a806d4462c301ca08769707.ctex remapped: res://.godot/imported/paint_cups.png-100570cd9a806d4462c301ca08769707.ctex
Completed load for: 'res://assets/castle/day_one_art_studio/paint_cups.png' remapped 'res://assets/castle/day_one_art_studio/paint_cups.png' at thread -1
Loading resource: res://assets/castle/day_one_art_studio/grime_left.png remapped: res://assets/castle/day_one_art_studio/grime_left.png
Loading resource: res://.godot/imported/grime_left.png-9b85fce9291a82cc7fa602186defdc14.ctex remapped: res://.godot/imported/grime_left.png-9b85fce9291a82cc7fa602186defdc14.ctex
Completed load for: 'res://assets/castle/day_one_art_studio/grime_left.png' remapped 'res://assets/castle/day_one_art_studio/grime_left.png' at thread -1
Loading resource: res://assets/castle/day_one_art_studio/grime_desk.png remapped: res://assets/castle/day_one_art_studio/grime_desk.png
Loading resource: res://.godot/imported/grime_desk.png-38eed6c08bb917d3198d2d948f230b8b.ctex remapped: res://.godot/imported/grime_desk.png-38eed6c08bb917d3198d2d948f230b8b.ctex
Completed load for: 'res://assets/castle/day_one_art_studio/grime_desk.png' remapped 'res://assets/castle/day_one_art_studio/grime_desk.png' at thread -1
Loading resource: res://assets/castle/day_one_art_studio/grime_right.png remapped: res://assets/castle/day_one_art_studio/grime_right.png
Loading resource: res://.godot/imported/grime_right.png-9c83e9c00c88d0942dc2efe0b144a31b.ctex remapped: res://.godot/imported/grime_right.png-9c83e9c00c88d0942dc2efe0b144a31b.ctex
Completed load for: 'res://assets/castle/day_one_art_studio/grime_right.png' remapped 'res://assets/castle/day_one_art_studio/grime_right.png' at thread -1
Loading resource: res://assets/flats/castle/rooms/room_bubble_bath_dirty_day_one.png remapped: res://assets/flats/castle/rooms/room_bubble_bath_dirty_day_one.png
Loading resource: res://.godot/imported/room_bubble_bath_dirty_day_one.png-9e5525828616e0db5b9a3b8b28435c35.ctex remapped: res://.godot/imported/room_bubble_bath_dirty_day_one.png-9e5525828616e0db5b9a3b8b28435c35.ctex
Completed load for: 'res://assets/flats/castle/rooms/room_bubble_bath_dirty_day_one.png' remapped 'res://assets/flats/castle/rooms/room_bubble_bath_dirty_day_one.png' at thread -1
Loading resource: res://assets/flats/castle/rooms/room_bubble_bath_dirty_drained_day_one.png remapped: res://assets/flats/castle/rooms/room_bubble_bath_dirty_drained_day_one.png
Loading resource: res://.godot/imported/room_bubble_bath_dirty_drained_day_one.png-7e8d3b4c3b9d1f29e91ac035a5fb7262.ctex remapped: res://.godot/imported/room_bubble_bath_dirty_drained_day_one.png-7e8d3b4c3b9d1f29e91ac035a5fb7262.ctex
Completed load for: 'res://assets/flats/castle/rooms/room_bubble_bath_dirty_drained_day_one.png' remapped 'res://assets/flats/castle/rooms/room_bubble_bath_dirty_drained_day_one.png' at thread -1
Loading resource: res://assets/flats/castle/rooms/room_bubble_bath.png remapped: res://assets/flats/castle/rooms/room_bubble_bath.png
Loading resource: res://.godot/imported/room_bubble_bath.png-8ee98b24e8364131dc5cfc2232874cd7.ctex remapped: res://.godot/imported/room_bubble_bath.png-8ee98b24e8364131dc5cfc2232874cd7.ctex
Completed load for: 'res://assets/flats/castle/rooms/room_bubble_bath.png' remapped 'res://assets/flats/castle/rooms/room_bubble_bath.png' at thread -1
Loading resource: res://assets/castle/dirty_cleanup_2d/targets/target_sink_grime_v1.png remapped: res://assets/castle/dirty_cleanup_2d/targets/target_sink_grime_v1.png
Loading resource: res://.godot/imported/target_sink_grime_v1.png-5d01aaca3a2b34c04e93afaef486eb50.ctex remapped: res://.godot/imported/target_sink_grime_v1.png-5d01aaca3a2b34c04e93afaef486eb50.ctex
Completed load for: 'res://assets/castle/dirty_cleanup_2d/targets/target_sink_grime_v1.png' remapped 'res://assets/castle/dirty_cleanup_2d/targets/target_sink_grime_v1.png' at thread -1
Loading resource: res://assets/sprites/sky_lagoon/sky_lagoon_castle_four_tower_v4.png remapped: res://assets/sprites/sky_lagoon/sky_lagoon_castle_four_tower_v4.png
Loading resource: res://.godot/imported/sky_lagoon_castle_four_tower_v4.png-3db3791a13b15911d5b711360be9c503.ctex remapped: res://.godot/imported/sky_lagoon_castle_four_tower_v4.png-3db3791a13b15911d5b711360be9c503.ctex
Completed load for: 'res://assets/sprites/sky_lagoon/sky_lagoon_castle_four_tower_v4.png' remapped 'res://assets/sprites/sky_lagoon/sky_lagoon_castle_four_tower_v4.png' at thread -1
Loading resource: res://assets/sprites/sky_lagoon/sky_lagoon_cloud_family_v7_hd_grade.png remapped: res://assets/sprites/sky_lagoon/sky_lagoon_cloud_family_v7_hd_grade.png
Loading resource: res://.godot/imported/sky_lagoon_cloud_family_v7_hd_grade.png-dc0538f7caa6b853334b469234e73a2d.ctex remapped: res://.godot/imported/sky_lagoon_cloud_family_v7_hd_grade.png-dc0538f7caa6b853334b469234e73a2d.ctex
Completed load for: 'res://assets/sprites/sky_lagoon/sky_lagoon_cloud_family_v7_hd_grade.png' remapped 'res://assets/sprites/sky_lagoon/sky_lagoon_cloud_family_v7_hd_grade.png' at thread -1
Loading resource: res://assets/sprites/sky_lagoon/sky_lagoon_cloud_single_v1.png remapped: res://assets/sprites/sky_lagoon/sky_lagoon_cloud_single_v1.png
Loading resource: res://.godot/imported/sky_lagoon_cloud_single_v1.png-b03683c7f3026927cde33f24d92a67e5.ctex remapped: res://.godot/imported/sky_lagoon_cloud_single_v1.png-b03683c7f3026927cde33f24d92a67e5.ctex
Completed load for: 'res://assets/sprites/sky_lagoon/sky_lagoon_cloud_single_v1.png' remapped 'res://assets/sprites/sky_lagoon/sky_lagoon_cloud_single_v1.png' at thread -1
Loading resource: res://assets/ui/castle_room_buttons_v2/room_opera_hall.png remapped: res://assets/ui/castle_room_buttons_v2/room_opera_hall.png
Loading resource: res://.godot/imported/room_opera_hall.png-4be4ecc3703261914b8a9526019262cc.ctex remapped: res://.godot/imported/room_opera_hall.png-4be4ecc3703261914b8a9526019262cc.ctex
Completed load for: 'res://assets/ui/castle_room_buttons_v2/room_opera_hall.png' remapped 'res://assets/ui/castle_room_buttons_v2/room_opera_hall.png' at thread -1
Loading resource: res://assets/ui/castle_room_buttons_v2/room_craft_room.png remapped: res://assets/ui/castle_room_buttons_v2/room_craft_room.png
Loading resource: res://.godot/imported/room_craft_room.png-7dc4a5c01065ce328e731b6b38053da5.ctex remapped: res://.godot/imported/room_craft_room.png-7dc4a5c01065ce328e731b6b38053da5.ctex
Completed load for: 'res://assets/ui/castle_room_buttons_v2/room_craft_room.png' remapped 'res://assets/ui/castle_room_buttons_v2/room_craft_room.png' at thread -1
Loading resource: res://assets/ui/castle_room_buttons_v2/room_kitchen.png remapped: res://assets/ui/castle_room_buttons_v2/room_kitchen.png
Loading resource: res://.godot/imported/room_kitchen.png-61af0fca52cce833210f295107496cf7.ctex remapped: res://.godot/imported/room_kitchen.png-61af0fca52cce833210f295107496cf7.ctex
Completed load for: 'res://assets/ui/castle_room_buttons_v2/room_kitchen.png' remapped 'res://assets/ui/castle_room_buttons_v2/room_kitchen.png' at thread -1
Loading resource: res://assets/mg/sun.png remapped: res://assets/mg/sun.png
Loading resource: res://.godot/imported/sun.png-c8bf9605370f6e02d9b21d685d405f9b.ctex remapped: res://.godot/imported/sun.png-c8bf9605370f6e02d9b21d685d405f9b.ctex
Completed load for: 'res://assets/mg/sun.png' remapped 'res://assets/mg/sun.png' at thread -1
Loading resource: res://assets/props/story/play_swing_frame.png remapped: res://assets/props/story/play_swing_frame.png
Loading resource: res://.godot/imported/play_swing_frame.png-a81ab1af7d4b95737787aabcf622cdbc.ctex remapped: res://.godot/imported/play_swing_frame.png-a81ab1af7d4b95737787aabcf622cdbc.ctex
Completed load for: 'res://assets/props/story/play_swing_frame.png' remapped 'res://assets/props/story/play_swing_frame.png' at thread -1
Loading resource: res://assets/props/story/play_swing_seat.png remapped: res://assets/props/story/play_swing_seat.png
Loading resource: res://.godot/imported/play_swing_seat.png-fbc2feb15e1e0c3563f38dd6be314f41.ctex remapped: res://.godot/imported/play_swing_seat.png-fbc2feb15e1e0c3563f38dd6be314f41.ctex
Completed load for: 'res://assets/props/story/play_swing_seat.png' remapped 'res://assets/props/story/play_swing_seat.png' at thread -1
Loading resource: res://assets/characters/roshan_25d/roshan_gesture_a.png remapped: res://assets/characters/roshan_25d/roshan_gesture_a.png
Loading resource: res://.godot/imported/roshan_gesture_a.png-18a31aea6ac3722a9397d1f4c4f45867.s3tc.ctex remapped: res://.godot/imported/roshan_gesture_a.png-18a31aea6ac3722a9397d1f4c4f45867.s3tc.ctex
Completed load for: 'res://assets/characters/roshan_25d/roshan_gesture_a.png' remapped 'res://assets/characters/roshan_25d/roshan_gesture_a.png' at thread -1
Loading resource: res://assets/characters/roshan_25d/roshan_gesture_b.png remapped: res://assets/characters/roshan_25d/roshan_gesture_b.png
Loading resource: res://.godot/imported/roshan_gesture_b.png-8cb0fb1a0e3c6a3ff52f66869af29ee3.s3tc.ctex remapped: res://.godot/imported/roshan_gesture_b.png-8cb0fb1a0e3c6a3ff52f66869af29ee3.s3tc.ctex
Completed load for: 'res://assets/characters/roshan_25d/roshan_gesture_b.png' remapped 'res://assets/characters/roshan_25d/roshan_gesture_b.png' at thread -1
Loading resource: res://assets/characters/roshan_25d/roshan_gesture_c.png remapped: res://assets/characters/roshan_25d/roshan_gesture_c.png
Loading resource: res://.godot/imported/roshan_gesture_c.png-938a4e5c63b0fe35548d3f25bd960773.s3tc.ctex remapped: res://.godot/imported/roshan_gesture_c.png-938a4e5c63b0fe35548d3f25bd960773.s3tc.ctex
Completed load for: 'res://assets/characters/roshan_25d/roshan_gesture_c.png' remapped 'res://assets/characters/roshan_25d/roshan_gesture_c.png' at thread -1
Loading resource: res://assets/characters/roshan_25d/roshan_gesture_d.png remapped: res://assets/characters/roshan_25d/roshan_gesture_d.png
Loading resource: res://.godot/imported/roshan_gesture_d.png-08aed87dc09d080eaf1e4104fb084fdc.s3tc.ctex remapped: res://.godot/imported/roshan_gesture_d.png-08aed87dc09d080eaf1e4104fb084fdc.s3tc.ctex
Completed load for: 'res://assets/characters/roshan_25d/roshan_gesture_d.png' remapped 'res://assets/characters/roshan_25d/roshan_gesture_d.png' at thread -1
Loading resource: res://assets/characters/roshan_25d/roshan_play_a.png remapped: res://assets/characters/roshan_25d/roshan_play_a.png
Loading resource: res://.godot/imported/roshan_play_a.png-7836c4193fc7d229ea3c5f1583aa2038.s3tc.ctex remapped: res://.godot/imported/roshan_play_a.png-7836c4193fc7d229ea3c5f1583aa2038.s3tc.ctex
Completed load for: 'res://assets/characters/roshan_25d/roshan_play_a.png' remapped 'res://assets/characters/roshan_25d/roshan_play_a.png' at thread -1
Loading resource: res://assets/characters/roshan_25d/roshan_play_b.png remapped: res://assets/characters/roshan_25d/roshan_play_b.png
Loading resource: res://.godot/imported/roshan_play_b.png-115ffaa3712f999ce1caf531c6fbc9ec.s3tc.ctex remapped: res://.godot/imported/roshan_play_b.png-115ffaa3712f999ce1caf531c6fbc9ec.s3tc.ctex
Completed load for: 'res://assets/characters/roshan_25d/roshan_play_b.png' remapped 'res://assets/characters/roshan_25d/roshan_play_b.png' at thread -1
Loading resource: res://assets/flats/castle/boss/dusty_attic_arena_2048.png remapped: res://assets/flats/castle/boss/dusty_attic_arena_2048.png
Loading resource: res://.godot/imported/dusty_attic_arena_2048.png-d3ca08103aa6a7020e840963166fbe19.ctex remapped: res://.godot/imported/dusty_attic_arena_2048.png-d3ca08103aa6a7020e840963166fbe19.ctex
Completed load for: 'res://assets/flats/castle/boss/dusty_attic_arena_2048.png' remapped 'res://assets/flats/castle/boss/dusty_attic_arena_2048.png' at thread -1
Loading resource: res://assets/opera/worlds/props/fx_stolen_sparkle.png remapped: res://assets/opera/worlds/props/fx_stolen_sparkle.png
Loading resource: res://.godot/imported/fx_stolen_sparkle.png-78d191c055130f9a82753b3c1b5d08ac.s3tc.ctex remapped: res://.godot/imported/fx_stolen_sparkle.png-78d191c055130f9a82753b3c1b5d08ac.s3tc.ctex
Completed load for: 'res://assets/opera/worlds/props/fx_stolen_sparkle.png' remapped 'res://assets/opera/worlds/props/fx_stolen_sparkle.png' at thread -1
Loading resource: res://assets/opera/worlds/props/fx_dust_puff.png remapped: res://assets/opera/worlds/props/fx_dust_puff.png
Loading resource: res://.godot/imported/fx_dust_puff.png-c19e7c817e63296b4a7808774d821915.ctex remapped: res://.godot/imported/fx_dust_puff.png-c19e7c817e63296b4a7808774d821915.ctex
Completed load for: 'res://assets/opera/worlds/props/fx_dust_puff.png' remapped 'res://assets/opera/worlds/props/fx_dust_puff.png' at thread -1
Loading resource: res://assets/effects/grand_puff/purple_vortex_v4.png remapped: res://assets/effects/grand_puff/purple_vortex_v4.png
Loading resource: res://.godot/imported/purple_vortex_v4.png-73637daaea783585b2d9d0dcf967aace.ctex remapped: res://.godot/imported/purple_vortex_v4.png-73637daaea783585b2d9d0dcf967aace.ctex
Completed load for: 'res://assets/effects/grand_puff/purple_vortex_v4.png' remapped 'res://assets/effects/grand_puff/purple_vortex_v4.png' at thread -1
Loading resource: res://assets/castle/dirty_cleanup_2d/effects/fx_soap_bubbles.png remapped: res://assets/castle/dirty_cleanup_2d/effects/fx_soap_bubbles.png
Loading resource: res://.godot/imported/fx_soap_bubbles.png-8f04cce33abb3c3312d7afe57e1021e1.ctex remapped: res://.godot/imported/fx_soap_bubbles.png-8f04cce33abb3c3312d7afe57e1021e1.ctex
Completed load for: 'res://assets/castle/dirty_cleanup_2d/effects/fx_soap_bubbles.png' remapped 'res://assets/castle/dirty_cleanup_2d/effects/fx_soap_bubbles.png' at thread -1
Completed load for: 'res://scripts/probe_day_one_pool_cleanup.gd' remapped 'res://scripts/probe_day_one_pool_cleanup.gd' at thread -1
SceneTreeFTI: traversal method DEFAULT
Loaded system CA certificates
Loading resource: res://assets/castle/day_one_pool/activities/seahorse_sick_clear_mouth.png remapped: res://assets/castle/day_one_pool/activities/seahorse_sick_clear_mouth.png
Loading resource: res://.godot/imported/seahorse_sick_clear_mouth.png-fae7f14a382631009cd54ba4591163a4.ctex remapped: res://.godot/imported/seahorse_sick_clear_mouth.png-fae7f14a382631009cd54ba4591163a4.ctex
Completed load for: 'res://assets/castle/day_one_pool/activities/seahorse_sick_clear_mouth.png' remapped 'res://assets/castle/day_one_pool/activities/seahorse_sick_clear_mouth.png' at thread -1
Loading resource: res://assets/castle/day_one_pool/activities/seahorse_mouth_trash.png remapped: res://assets/castle/day_one_pool/activities/seahorse_mouth_trash.png
Loading resource: res://.godot/imported/seahorse_mouth_trash.png-b6f2a981437eadb815659dd11155339f.ctex remapped: res://.godot/imported/seahorse_mouth_trash.png-b6f2a981437eadb815659dd11155339f.ctex
Completed load for: 'res://assets/castle/day_one_pool/activities/seahorse_mouth_trash.png' remapped 'res://assets/castle/day_one_pool/activities/seahorse_mouth_trash.png' at thread -1
Loading resource: res://assets/castle/day_one_pool/activities/cleanup_basket.png remapped: res://assets/castle/day_one_pool/activities/cleanup_basket.png
Loading resource: res://.godot/imported/cleanup_basket.png-26c5aaff3d6ee8890c1e4b05b3f8c107.ctex remapped: res://.godot/imported/cleanup_basket.png-26c5aaff3d6ee8890c1e4b05b3f8c107.ctex
Completed load for: 'res://assets/castle/day_one_pool/activities/cleanup_basket.png' remapped 'res://assets/castle/day_one_pool/activities/cleanup_basket.png' at thread -1
DAY_ONE_POOL|seahorse stem stays in mouth through restored/slow/rapid/stopped tugs (208.75, 241.25): OK
DAY_ONE_POOL|socket animation preserves partial progress without completing: OK
DAY_ONE_POOL|seahorse stem stays in mouth through restored/slow/rapid/stopped tugs (400.0, 160.0): OK
DAY_ONE_POOL|socket animation preserves partial progress without completing: OK
DAY_ONE_POOL|seahorse stem stays in mouth through restored/slow/rapid/stopped tugs (120.0, 360.0): OK
DAY_ONE_POOL|socket animation preserves partial progress without completing: OK
Loading resource: res://assets/castle/day_one_pool/activities/seahorse_sick_clear_mouth.png remapped: res://assets/castle/day_one_pool/activities/seahorse_sick_clear_mouth.png
Loading resource: res://.godot/imported/seahorse_sick_clear_mouth.png-fae7f14a382631009cd54ba4591163a4.ctex remapped: res://.godot/imported/seahorse_sick_clear_mouth.png-fae7f14a382631009cd54ba4591163a4.ctex
Completed load for: 'res://assets/castle/day_one_pool/activities/seahorse_sick_clear_mouth.png' remapped 'res://assets/castle/day_one_pool/activities/seahorse_sick_clear_mouth.png' at thread -1
Loading resource: res://assets/castle/day_one_pool/activities/seahorse_mouth_trash.png remapped: res://assets/castle/day_one_pool/activities/seahorse_mouth_trash.png
Loading resource: res://.godot/imported/seahorse_mouth_trash.png-b6f2a981437eadb815659dd11155339f.ctex remapped: res://.godot/imported/seahorse_mouth_trash.png-b6f2a981437eadb815659dd11155339f.ctex
Completed load for: 'res://assets/castle/day_one_pool/activities/seahorse_mouth_trash.png' remapped 'res://assets/castle/day_one_pool/activities/seahorse_mouth_trash.png' at thread -1
Loading resource: res://assets/castle/day_one_pool/activities/cleanup_basket.png remapped: res://assets/castle/day_one_pool/activities/cleanup_basket.png
Loading resource: res://.godot/imported/cleanup_basket.png-26c5aaff3d6ee8890c1e4b05b3f8c107.ctex remapped: res://.godot/imported/cleanup_basket.png-26c5aaff3d6ee8890c1e4b05b3f8c107.ctex
Completed load for: 'res://assets/castle/day_one_pool/activities/cleanup_basket.png' remapped 'res://assets/castle/day_one_pool/activities/cleanup_basket.png' at thread -1
DAY_ONE_POOL|off-target seahorse taps never earn rescue (208.75, 241.25): OK
DAY_ONE_POOL|held/secondary seahorse presses preserve the first owner (208.75, 241.25): OK
DAY_ONE_POOL|canceled press earns nothing and releases its owner (208.75, 241.25): OK
DAY_ONE_POOL|eight deliberate seahorse taps start one rescue (208.75, 241.25): OK
DAY_ONE_POOL|off-target seahorse taps never earn rescue (400.0, 160.0): OK
DAY_ONE_POOL|held/secondary seahorse presses preserve the first owner (400.0, 160.0): OK
DAY_ONE_POOL|canceled press earns nothing and releases its owner (400.0, 160.0): OK
DAY_ONE_POOL|eight deliberate seahorse taps start one rescue (400.0, 160.0): OK
DAY_ONE_POOL|off-target seahorse taps never earn rescue (120.0, 360.0): OK
DAY_ONE_POOL|held/secondary seahorse presses preserve the first owner (120.0, 360.0): OK
DAY_ONE_POOL|canceled press earns nothing and releases its owner (120.0, 360.0): OK
DAY_ONE_POOL|eight deliberate seahorse taps start one rescue (120.0, 360.0): OK
DAY_ONE_POOL|contact action accepts one deliberate job: OK
DAY_ONE_POOL|a second job cannot steal the active approach: OK
DAY_ONE_POOL|travel and waiting never award before hand contact: OK
DAY_ONE_POOL|arrival and local work complete exactly once: OK
DAY_ONE_POOL|focus interruption cancels unearned local work: OK
Loading resource: res://assets/castle/day_one_pool/activities/seahorse_sick_clear_mouth.png remapped: res://assets/castle/day_one_pool/activities/seahorse_sick_clear_mouth.png
Loading resource: res://.godot/imported/seahorse_sick_clear_mouth.png-fae7f14a382631009cd54ba4591163a4.ctex remapped: res://.godot/imported/seahorse_sick_clear_mouth.png-fae7f14a382631009cd54ba4591163a4.ctex
Completed load for: 'res://assets/castle/day_one_pool/activities/seahorse_sick_clear_mouth.png' remapped 'res://assets/castle/day_one_pool/activities/seahorse_sick_clear_mouth.png' at thread -1
Loading resource: res://assets/castle/day_one_pool/activities/seahorse_mouth_trash.png remapped: res://assets/castle/day_one_pool/activities/seahorse_mouth_trash.png
Loading resource: res://.godot/imported/seahorse_mouth_trash.png-b6f2a981437eadb815659dd11155339f.ctex remapped: res://.godot/imported/seahorse_mouth_trash.png-b6f2a981437eadb815659dd11155339f.ctex
Completed load for: 'res://assets/castle/day_one_pool/activities/seahorse_mouth_trash.png' remapped 'res://assets/castle/day_one_pool/activities/seahorse_mouth_trash.png' at thread -1
Loading resource: res://assets/castle/day_one_pool/activities/cleanup_basket.png remapped: res://assets/castle/day_one_pool/activities/cleanup_basket.png
Loading resource: res://.godot/imported/cleanup_basket.png-26c5aaff3d6ee8890c1e4b05b3f8c107.ctex remapped: res://.godot/imported/cleanup_basket.png-26c5aaff3d6ee8890c1e4b05b3f8c107.ctex
Completed load for: 'res://assets/castle/day_one_pool/activities/cleanup_basket.png' remapped 'res://assets/castle/day_one_pool/activities/cleanup_basket.png' at thread -1
DAY_ONE_POOL|seahorse tap requests work without instant credit: OK
DAY_ONE_POOL|seahorse earns one tug after real contact: OK
Loading resource: res://assets/castle/day_one_pool/activities/waterfall_clogged_original_match.png remapped: res://assets/castle/day_one_pool/activities/waterfall_clogged_original_match.png
Loading resource: res://.godot/imported/waterfall_clogged_original_match.png-c672c4e975f5087413ab5f2b96326b6d.ctex remapped: res://.godot/imported/waterfall_clogged_original_match.png-c672c4e975f5087413ab5f2b96326b6d.ctex
Completed load for: 'res://assets/castle/day_one_pool/activities/waterfall_clogged_original_match.png' remapped 'res://assets/castle/day_one_pool/activities/waterfall_clogged_original_match.png' at thread -1
Loading resource: res://assets/castle/day_one_pool/activities/waterfall_scrubber.png remapped: res://assets/castle/day_one_pool/activities/waterfall_scrubber.png
Loading resource: res://.godot/imported/waterfall_scrubber.png-0c6cdb16252741a323fd89b6e5e2cc2e.ctex remapped: res://.godot/imported/waterfall_scrubber.png-0c6cdb16252741a323fd89b6e5e2cc2e.ctex
Completed load for: 'res://assets/castle/day_one_pool/activities/waterfall_scrubber.png' remapped 'res://assets/castle/day_one_pool/activities/waterfall_scrubber.png' at thread -1
DAY_ONE_POOL|waterfall tap waits for contact and rejects a second job: OK
DAY_ONE_POOL|canceled waterfall work earns no progress: OK
DAY_ONE_POOL|waterfall earns one local scrub after arrival: OK
DAY_ONE_POOL|quick waterfall swipe waits for contact without remote credit: OK
DAY_ONE_POOL|released quick stroke completes locally and frees its owner: OK
DAY_ONE_POOL|waterfall accepts the next gesture after a quick stroke: OK
Loading resource: res://assets/castle/dirty_cleanup_2d/critters/dust_bunnies/dust_bunny_swimming.png remapped: res://assets/castle/dirty_cleanup_2d/critters/dust_bunnies/dust_bunny_swimming.png
Loading resource: res://.godot/imported/dust_bunny_swimming.png-1df90387154781e2f6b6b1e09378aaea.ctex remapped: res://.godot/imported/dust_bunny_swimming.png-1df90387154781e2f6b6b1e09378aaea.ctex
Completed load for: 'res://assets/castle/dirty_cleanup_2d/critters/dust_bunnies/dust_bunny_swimming.png' remapped 'res://assets/castle/dirty_cleanup_2d/critters/dust_bunnies/dust_bunny_swimming.png' at thread -1
Loading resource: res://assets/castle/day_one_pool/activities/floating_trash_atlas.png remapped: res://assets/castle/day_one_pool/activities/floating_trash_atlas.png
Loading resource: res://.godot/imported/floating_trash_atlas.png-bbcb06a9f9c515755b1cfdd25c4e0734.ctex remapped: res://.godot/imported/floating_trash_atlas.png-bbcb06a9f9c515755b1cfdd25c4e0734.ctex
Completed load for: 'res://assets/castle/day_one_pool/activities/floating_trash_atlas.png' remapped 'res://assets/castle/day_one_pool/activities/floating_trash_atlas.png' at thread -1
Loading resource: res://assets/castle/day_one_pool/activities/cleanup_basket.png remapped: res://assets/castle/day_one_pool/activities/cleanup_basket.png
Loading resource: res://.godot/imported/cleanup_basket.png-26c5aaff3d6ee8890c1e4b05b3f8c107.ctex remapped: res://.godot/imported/cleanup_basket.png-26c5aaff3d6ee8890c1e4b05b3f8c107.ctex
Completed load for: 'res://assets/castle/day_one_pool/activities/cleanup_basket.png' remapped 'res://assets/castle/day_one_pool/activities/cleanup_basket.png' at thread -1
Loading resource: res://assets/castle/day_one_pool/activities/pool_skimmer.png remapped: res://assets/castle/day_one_pool/activities/pool_skimmer.png
Loading resource: res://.godot/imported/pool_skimmer.png-7314bdab606e9d03911bcadd2d8e59bc.ctex remapped: res://.godot/imported/pool_skimmer.png-7314bdab606e9d03911bcadd2d8e59bc.ctex
Completed load for: 'res://assets/castle/day_one_pool/activities/pool_skimmer.png' remapped 'res://assets/castle/day_one_pool/activities/pool_skimmer.png' at thread -1
Loading resource: res://assets/castle/day_one_pool/activities/waterfall_clogged_original_match.png remapped: res://assets/castle/day_one_pool/activities/waterfall_clogged_original_match.png
Loading resource: res://.godot/imported/waterfall_clogged_original_match.png-c672c4e975f5087413ab5f2b96326b6d.ctex remapped: res://.godot/imported/waterfall_clogged_original_match.png-c672c4e975f5087413ab5f2b96326b6d.ctex
Completed load for: 'res://assets/castle/day_one_pool/activities/waterfall_clogged_original_match.png' remapped 'res://assets/castle/day_one_pool/activities/waterfall_clogged_original_match.png' at thread -1
Loading resource: res://assets/castle/day_one_pool/activities/waterfall_scrubber.png remapped: res://assets/castle/day_one_pool/activities/waterfall_scrubber.png
Loading resource: res://.godot/imported/waterfall_scrubber.png-0c6cdb16252741a323fd89b6e5e2cc2e.ctex remapped: res://.godot/imported/waterfall_scrubber.png-0c6cdb16252741a323fd89b6e5e2cc2e.ctex
Completed load for: 'res://assets/castle/day_one_pool/activities/waterfall_scrubber.png' remapped 'res://assets/castle/day_one_pool/activities/waterfall_scrubber.png' at thread -1
Loading resource: res://assets/castle/day_one_pool/activities/seahorse_sick_clear_mouth.png remapped: res://assets/castle/day_one_pool/activities/seahorse_sick_clear_mouth.png
Loading resource: res://.godot/imported/seahorse_sick_clear_mouth.png-fae7f14a382631009cd54ba4591163a4.ctex remapped: res://.godot/imported/seahorse_sick_clear_mouth.png-fae7f14a382631009cd54ba4591163a4.ctex
Completed load for: 'res://assets/castle/day_one_pool/activities/seahorse_sick_clear_mouth.png' remapped 'res://assets/castle/day_one_pool/activities/seahorse_sick_clear_mouth.png' at thread -1
Loading resource: res://assets/castle/day_one_pool/activities/seahorse_mouth_trash.png remapped: res://assets/castle/day_one_pool/activities/seahorse_mouth_trash.png
Loading resource: res://.godot/imported/seahorse_mouth_trash.png-b6f2a981437eadb815659dd11155339f.ctex remapped: res://.godot/imported/seahorse_mouth_trash.png-b6f2a981437eadb815659dd11155339f.ctex
Completed load for: 'res://assets/castle/day_one_pool/activities/seahorse_mouth_trash.png' remapped 'res://assets/castle/day_one_pool/activities/seahorse_mouth_trash.png' at thread -1
DAY_ONE_POOL|trash 0 sampled region contains the complete measured subject: OK
DAY_ONE_POOL|trash 0 live texture has transparent sampled edges without neighbor pixels: OK
DAY_ONE_POOL|trash 1 sampled region contains the complete measured subject: OK
DAY_ONE_POOL|trash 1 live texture has transparent sampled edges without neighbor pixels: OK
DAY_ONE_POOL|both wrapper and can live textures were checked: OK
DAY_ONE_POOL|three bespoke ordered activities: OK
DAY_ONE_POOL|dirty arrival starts skimmer only: OK
DAY_ONE_POOL|dirty arrival hides pristine rainbow and flow: OK
DAY_ONE_POOL|canvas no-fail contract: OK
DAY_ONE_POOL|pool has exact pickup and lane cue wiring: OK
DAY_ONE_POOL|pool has monotonic seahorse milestones and finale cues: OK
DAY_ONE_POOL|pool activity has no generic voice fallback: OK
DAY_ONE_POOL|one visible Roshan owns the held skimmer: OK
DAY_ONE_POOL|far touch cannot collect remotely: OK
DAY_ONE_POOL|Roshan travels at bounded speed before collection: OK
DAY_ONE_POOL|second finger cannot steal cleaning target: OK
DAY_ONE_POOL|canceled touch cannot finish later: OK
DAY_ONE_POOL|scoop keeps hand attached before awarding progress: OK
DAY_ONE_POOL|scoop keeps hand attached before awarding progress: OK
DAY_ONE_POOL|scoop keeps hand attached before awarding progress: OK
DAY_ONE_POOL|scoop keeps hand attached before awarding progress: OK
DAY_ONE_POOL|scoop keeps hand attached before awarding progress: OK
DAY_ONE_POOL|scoop keeps hand attached before awarding progress: OK
DAY_ONE_POOL|scoop keeps hand attached before awarding progress: OK
DAY_ONE_POOL|scoop keeps hand attached before awarding progress: OK
DAY_ONE_POOL|scoop keeps hand attached before awarding progress: OK
DAY_ONE_POOL|scoop keeps hand attached before awarding progress: OK
DAY_ONE_POOL|scoop keeps hand attached before awarding progress: OK
DAY_ONE_POOL|scoop keeps hand attached before awarding progress: OK
DAY_ONE_POOL|scoop keeps hand attached before awarding progress: OK
DAY_ONE_POOL|scoop keeps hand attached before awarding progress: OK
DAY_ONE_POOL|scoop keeps hand attached before awarding progress: OK
DAY_ONE_POOL|scoop keeps hand attached before awarding progress: OK
DAY_ONE_POOL|scoop keeps hand attached before awarding progress: OK
DAY_ONE_POOL|scoop keeps hand attached before awarding progress: OK
DAY_ONE_POOL|scoop keeps hand attached before awarding progress: OK
DAY_ONE_POOL|scoop keeps hand attached before awarding progress: OK
DAY_ONE_POOL|scoop keeps hand attached before awarding progress: OK
DAY_ONE_POOL|scoop keeps hand attached before awarding progress: OK
DAY_ONE_POOL|scoop keeps hand attached before awarding progress: OK
DAY_ONE_POOL|scoop keeps hand attached before awarding progress: OK
DAY_ONE_POOL|scoop keeps hand attached before awarding progress: OK
DAY_ONE_POOL|quick tap travels then visibly scoops exactly one item: OK
DAY_ONE_POOL|stop restores room actor at the action location: OK
DAY_ONE_POOL|re-entry and focus cancellation retain only completed work: OK
DAY_ONE_POOL|drag retarget cancels old work and slow frames never teleport: OK
Loading resource: res://assets/characters/skins/fairy_mermaid.png remapped: res://assets/characters/skins/fairy_mermaid.png
Loading resource: res://.godot/imported/fairy_mermaid.png-8feede5a1576f4428883f409d154a852.ctex remapped: res://.godot/imported/fairy_mermaid.png-8feede5a1576f4428883f409d154a852.ctex
Completed load for: 'res://assets/characters/skins/fairy_mermaid.png' remapped 'res://assets/characters/skins/fairy_mermaid.png' at thread -1
DAY_ONE_POOL|cleaner retains selected fairy cutout and hand socket: OK
Loading resource: res://assets/characters/friends/huluu.png remapped: res://assets/characters/friends/huluu.png
Loading resource: res://.godot/imported/huluu.png-6fee73331b3d0600210812844b67ef58.ctex remapped: res://.godot/imported/huluu.png-6fee73331b3d0600210812844b67ef58.ctex
Completed load for: 'res://assets/characters/friends/huluu.png' remapped 'res://assets/characters/friends/huluu.png' at thread -1
DAY_ONE_POOL|cleaner retains selected huluu cutout and hand socket: OK
DAY_ONE_POOL|restored complete mask never creates a second Roshan: OK
DAY_ONE_POOL|exact pool bunny cast keeps one land and one swimmer: OK
DAY_ONE_POOL|swimmer remains inside central water with a simple 2D loop: OK
DAY_ONE_POOL|runtime asset pool_skimmer.png: OK
DAY_ONE_POOL|runtime asset floating_trash_atlas.png: OK
DAY_ONE_POOL|runtime asset cleanup_basket.png: OK
DAY_ONE_POOL|runtime asset waterfall_clogged_original_match.png: OK
DAY_ONE_POOL|runtime asset waterfall_scrubber.png: OK
DAY_ONE_POOL|runtime asset seahorse_sick_clear_mouth.png: OK
DAY_ONE_POOL|runtime asset seahorse_mouth_trash.png: OK
Loading resource: res://assets/characters/rumi/rumi_pool_idle_swim_atlas.png remapped: res://assets/characters/rumi/rumi_pool_idle_swim_atlas.png
Loading resource: res://.godot/imported/rumi_pool_idle_swim_atlas.png-ff86ee961efff3ac43000b17958f27ef.ctex remapped: res://.godot/imported/rumi_pool_idle_swim_atlas.png-ff86ee961efff3ac43000b17958f27ef.ctex
Completed load for: 'res://assets/characters/rumi/rumi_pool_idle_swim_atlas.png' remapped 'res://assets/characters/rumi/rumi_pool_idle_swim_atlas.png' at thread -1
DAY_ONE_POOL|runtime asset rumi_pool_idle_swim_atlas.png: OK
Loading resource: res://assets/characters/rumi/rumi_eight_pose_runtime.png remapped: res://assets/characters/rumi/rumi_eight_pose_runtime.png
Loading resource: res://.godot/imported/rumi_eight_pose_runtime.png-4d3d7e9eed391ec400be6a483fbbd59d.ctex remapped: res://.godot/imported/rumi_eight_pose_runtime.png-4d3d7e9eed391ec400be6a483fbbd59d.ctex
Completed load for: 'res://assets/characters/rumi/rumi_eight_pose_runtime.png' remapped 'res://assets/characters/rumi/rumi_eight_pose_runtime.png' at thread -1
DAY_ONE_POOL|runtime asset rumi_eight_pose_runtime.png: OK
DAY_ONE_POOL|runtime asset dust_bunny_swimming.png: OK
DAY_ONE_POOL|restored complete pool activities emit once: OK
DAY_ONE_POOL|re-entered complete pool activities stay one-shot: OK
DAY_ONE_POOL|passive demo never advances: OK
DAY_ONE_POOL|skimmer activity accepts six real collections: OK
DAY_ONE_POOL|skimmer completion persists and unlocks waterfall: OK
DAY_ONE_POOL|dirty waterfall is registered to live V4 fixture: OK
DAY_ONE_POOL|clean stripe feedback sits above dirty waterfall lanes: OK
DAY_ONE_POOL|static clean card under scrub lanes but flow remains stopped: OK
DAY_ONE_POOL|waterfall activity clears three independent lanes: OK
DAY_ONE_POOL|waterfall completion persists and unlocks seahorse: OK
DAY_ONE_POOL|sick seahorse uses exact live V4 fixture bounds: OK
DAY_ONE_POOL|rainbow animation still waits for rescue finale: OK
DAY_ONE_POOL|one seahorse tap advances monotonically: OK
DAY_ONE_POOL|partial tug saves without premature finale: OK
DAY_ONE_POOL|remaining rapid taps start causal extraction: OK
Loading resource: res://assets/characters/rumi/rumi_pool_idle_swim_atlas.png remapped: res://assets/characters/rumi/rumi_pool_idle_swim_atlas.png
Loading resource: res://.godot/imported/rumi_pool_idle_swim_atlas.png-ff86ee961efff3ac43000b17958f27ef.ctex remapped: res://.godot/imported/rumi_pool_idle_swim_atlas.png-ff86ee961efff3ac43000b17958f27ef.ctex
Completed load for: 'res://assets/characters/rumi/rumi_pool_idle_swim_atlas.png' remapped 'res://assets/characters/rumi/rumi_pool_idle_swim_atlas.png' at thread -1
Loading resource: res://assets/characters/rumi/rumi_eight_pose_runtime.png remapped: res://assets/characters/rumi/rumi_eight_pose_runtime.png
Loading resource: res://.godot/imported/rumi_eight_pose_runtime.png-4d3d7e9eed391ec400be6a483fbbd59d.ctex remapped: res://.godot/imported/rumi_eight_pose_runtime.png-4d3d7e9eed391ec400be6a483fbbd59d.ctex
Completed load for: 'res://assets/characters/rumi/rumi_eight_pose_runtime.png' remapped 'res://assets/characters/rumi/rumi_eight_pose_runtime.png' at thread -1
DAY_ONE_POOL|seahorse extraction completes legacy step four: OK
DAY_ONE_POOL|finale creates approved Rumi reveal: OK
DAY_ONE_POOL|ambient swimmer yields the finale focal point: OK
DAY_ONE_POOL|Rumi performs authored wave after rising: OK
DAY_ONE_POOL|Rumi settles into authored idle: OK
DAY_ONE_POOL|teardown frees cleanup: OK
DAY_ONE_POOL|teardown restores clean fixtures: OK
DAY_ONE_POOL|RESULT: PASS checks_failed=0
XR: Clearing primary interface
XR: Removed interface "Native mobile"
XR: Removed interface "OpenXR"
