WorkerThreadPool: 12 threads, 3 max low-priority.
Godot Engine v4.7.2.stable.official.ed1daf0bf - https://godotengine.org
TextServer: Added interface "Dummy"
TextServer: Added interface "ICU / HarfBuzz / Graphite (Built-in)"
Using "default" pen tablet driver...

TextServer: Primary interface set to: "ICU / HarfBuzz / Graphite (Built-in)".
Loading resource: res://default_bus_layout.tres remapped: res://default_bus_layout.tres
Completed load for: 'res://default_bus_layout.tres' remapped 'res://default_bus_layout.tres' at thread -1
CORE API HASH: 2004498165
EDITOR API HASH: 1696660745
Loading resource: res://scripts/probe_day_one_castle_dressing.gd remapped: res://scripts/probe_day_one_castle_dressing.gd
Completed load for: 'res://scripts/probe_day_one_castle_dressing.gd' remapped 'res://scripts/probe_day_one_castle_dressing.gd' at thread -1
SceneTreeFTI: traversal method DEFAULT
Loaded system CA certificates
Loading resource: res://assets/castle/dirty_cleanup_2d/critters/dust_bunnies/dust_bunny_shell_hide.png remapped: res://assets/castle/dirty_cleanup_2d/critters/dust_bunnies/dust_bunny_shell_hide.png
Loading resource: res://.godot/imported/dust_bunny_shell_hide.png-587fcac704c7b1a79d58a8298254b5e2.ctex remapped: res://.godot/imported/dust_bunny_shell_hide.png-587fcac704c7b1a79d58a8298254b5e2.ctex
Completed load for: 'res://assets/castle/dirty_cleanup_2d/critters/dust_bunnies/dust_bunny_shell_hide.png' remapped 'res://assets/castle/dirty_cleanup_2d/critters/dust_bunnies/dust_bunny_shell_hide.png' at thread -1
Loading resource: res://assets/castle/dirty_cleanup_2d/critters/dust_bunnies/dust_bunny_curl_ears.png remapped: res://assets/castle/dirty_cleanup_2d/critters/dust_bunnies/dust_bunny_curl_ears.png
Loading resource: res://.godot/imported/dust_bunny_curl_ears.png-062f1a2a5fcc942de8a0ff74d61a25a7.ctex remapped: res://.godot/imported/dust_bunny_curl_ears.png-062f1a2a5fcc942de8a0ff74d61a25a7.ctex
Completed load for: 'res://assets/castle/dirty_cleanup_2d/critters/dust_bunnies/dust_bunny_curl_ears.png' remapped 'res://assets/castle/dirty_cleanup_2d/critters/dust_bunnies/dust_bunny_curl_ears.png' at thread -1
DAY_ONE_DRESSING|rooms: OK four rooms
DAY_ONE_DRESSING|interior overlay: OK four dirty rooms
DAY_ONE_DRESSING|door handoff: OK no independent glows
DAY_ONE_DRESSING|2D contract: OK
DAY_ONE_DRESSING|two-pin rescue has no duplicate family: OK
DAY_ONE_DRESSING|pool shore bunny: OK one landlocked cutout
DAY_ONE_DRESSING|approved bunny: OK visible room card
DAY_ONE_DRESSING|clean room visibility: OK bunny hidden
DAY_ONE_DRESSING|state update: OK
DAY_ONE_DRESSING|teardown: OK
DAY_ONE_DRESSING|result: ALL OK
XR: Clearing primary interface
XR: Removed interface "Native mobile"
XR: Removed interface "OpenXR"
