WorkerThreadPool: 12 threads, 3 max low-priority.
Godot Engine v4.7.2.stable.official.ed1daf0bf - https://godotengine.org
TextServer: Added interface "Dummy"
TextServer: Added interface "ICU / HarfBuzz / Graphite (Built-in)"
Using "default" pen tablet driver...

TextServer: Primary interface set to: "ICU / HarfBuzz / Graphite (Built-in)".
Loading resource: res://default_bus_layout.tres remapped: res://default_bus_layout.tres
Completed load for: 'res://default_bus_layout.tres' remapped 'res://default_bus_layout.tres' at thread -1
CORE API HASH: 2004498165
EDITOR API HASH: 1696660745
Loading resource: res://scripts/probe_fairy_art.gd remapped: res://scripts/probe_fairy_art.gd
Completed load for: 'res://scripts/probe_fairy_art.gd' remapped 'res://scripts/probe_fairy_art.gd' at thread -1
SceneTreeFTI: traversal method DEFAULT
Loaded system CA certificates
FAIRY_ART|texture=pond_panorama.png size=(4096, 1024) alpha=false
FAIRY_ART|texture=bug_jewel.png size=(1024, 1024) alpha=true
FAIRY_ART|texture=bug_moth.png size=(1024, 1024) alpha=true
FAIRY_ART|texture=bug_firefly.png size=(1024, 1024) alpha=true
FAIRY_ART|texture=boss_leaf.png size=(1024, 1024) alpha=true
FAIRY_ART|texture=boss_seed.png size=(1024, 1024) alpha=true
FAIRY_ART|texture=boss_sprout.png size=(1024, 1024) alpha=true
FAIRY_ART|texture=boss_bud.png size=(1024, 1024) alpha=true
FAIRY_ART|texture=boss_opening.png size=(1024, 1024) alpha=true
FAIRY_ART|texture=boss_bloom.png size=(1024, 1024) alpha=true
FAIRY_ART|texture=helpful_flower_gate.png size=(1024, 1024) alpha=true
FAIRY_ART|texture=danger_thorn_halo.png size=(1024, 1024) alpha=true
FAIRY_ART|texture=ornament_lily_cluster.png size=(1024, 1024) alpha=true
FAIRY_ART|texture=ornament_lavender_reeds.png size=(1024, 1024) alpha=true
FAIRY_ART|RESULT=OK sprites=13
XR: Clearing primary interface
XR: Removed interface "Native mobile"
XR: Removed interface "OpenXR"
