WorkerThreadPool: 12 threads, 3 max low-priority.
Godot Engine v4.7.2.stable.official.ed1daf0bf - https://godotengine.org
TextServer: Added interface "Dummy"
TextServer: Added interface "ICU / HarfBuzz / Graphite (Built-in)"
Using "default" pen tablet driver...

TextServer: Primary interface set to: "ICU / HarfBuzz / Graphite (Built-in)".
Loading resource: res://default_bus_layout.tres remapped: res://default_bus_layout.tres
Completed load for: 'res://default_bus_layout.tres' remapped 'res://default_bus_layout.tres' at thread -1
CORE API HASH: 2004498165
EDITOR API HASH: 1696660745
Loading resource: res://scripts/probe_imp_ai.gd remapped: res://scripts/probe_imp_ai.gd
Completed load for: 'res://scripts/probe_imp_ai.gd' remapped 'res://scripts/probe_imp_ai.gd' at thread -1
SceneTreeFTI: traversal method DEFAULT
IMPAI|the crew actually acts instead of waiting to be tapped: OK
IMPAI|no imp ever charges without telegraphing first: OK
IMPAI|every telegraph is at least the readability floor: OK
IMPAI|the crew never exceeds its simultaneous-attacker ceiling: OK
IMPAI|landed bumps keep the crew-wide breathing gap: OK
IMPAI|the crew plays its whole repertoire of poses: OK
IMPAI|every pose it asks a renderer for is a declared pose: OK
IMPAI|the brain only emits declared, harmless events: OK
IMPAI|the brain never pops an imp by itself: OK
IMPAI|an untouched crew grows bolder instead of stalling: OK
IMPAI|a committed charge can be stepped out of: OK
IMPAI|a charge never re-homes onto her once committed: OK
IMPAI|a thinned crew loses its nerve and scampers: OK
IMPAI|the captain rallies what is left of the crew: OK
IMPAI|a thinned crew stops swarming: OK
IMPAI|a rally is a beat, not a loop: OK
IMPAI|a hit that does not pop leaves the imp reeling: OK
IMPAI|a staggered captain comes up guarding: OK
IMPAI|a guard always drops on its own clock: OK
IMPAI|a popped imp leaves the fight for good: OK
IMPAI|a QTE fight keeps attacking to itself: OK
IMPAI|a QTE fight still gets crew spacing and showmanship: OK
IMPAI|a long fight eases into full mercy: OK
IMPAI|mercy makes it a one-at-a-time fight: OK
IMPAI|mercy lengthens the telegraph, never shortens it: OK
IMPAI|the readability floor survives a fully bold crew: OK
IMPAI|the same fight replays exactly the same way: OK
IMPAI|a different fight is a different fight: OK
IMPAI|result: ALL OK
Loaded system CA certificates
XR: Clearing primary interface
XR: Removed interface "Native mobile"
XR: Removed interface "OpenXR"
