...
----------------------------------------------------------------------
Ran 3 tests in 0.007s

OK
........s...............................
----------------------------------------------------------------------
Ran 40 tests in 24.152s

OK (skipped=1)
...
----------------------------------------------------------------------
Ran 3 tests in 0.146s

OK
...........................................................................
----------------------------------------------------------------------
Ran 75 tests in 47.387s

OK
.....
----------------------------------------------------------------------
Ran 5 tests in 0.090s

OK
.........................................
----------------------------------------------------------------------
Ran 41 tests in 0.219s

OK
...........
----------------------------------------------------------------------
Ran 11 tests in 6.966s

OK
........
----------------------------------------------------------------------
Ran 8 tests in 1.132s

OK
.........................
----------------------------------------------------------------------
Ran 25 tests in 0.491s

OK
...............................................................................................
----------------------------------------------------------------------
Ran 95 tests in 321.004s

OK
..
----------------------------------------------------------------------
Ran 2 tests in 0.003s

OK
................................................................
----------------------------------------------------------------------
Ran 64 tests in 7.505s

OK
