...
----------------------------------------------------------------------
Ran 3 tests in 0.010s

OK
........s...............................
----------------------------------------------------------------------
Ran 40 tests in 25.009s

OK (skipped=1)
...
----------------------------------------------------------------------
Ran 3 tests in 0.124s

OK
...........................................................................
----------------------------------------------------------------------
Ran 75 tests in 49.079s

OK
.....
----------------------------------------------------------------------
Ran 5 tests in 0.104s

OK
.........................................
----------------------------------------------------------------------
Ran 41 tests in 0.309s

OK
...........
----------------------------------------------------------------------
Ran 11 tests in 7.202s

OK
........
----------------------------------------------------------------------
Ran 8 tests in 1.300s

OK
.........................
----------------------------------------------------------------------
Ran 25 tests in 0.569s

OK
...............................................................................................
----------------------------------------------------------------------
Ran 95 tests in 326.120s

OK
..
----------------------------------------------------------------------
Ran 2 tests in 0.003s

OK
................................................................
----------------------------------------------------------------------
Ran 64 tests in 7.316s

OK
