Input #0, concat, from 'C:\Users\Peter\Documents\mermaid-roshan-reef\tmp\day2_graphics_audit_20260930\assets_src\imagegen\day1_pool_trash_v2_20261001\native_buffered_all_props_1280\item_03.ffconcat':
  Duration: 00:00:02.31, start: 0.000000, bitrate: 14 kb/s
  Stream #0:0: Video: webp, yuv420p(tv, bt470bg/unknown/unknown), 1280x720, 1k fps, 1k tbr, 1k tbn
Stream mapping:
  Stream #0:0 -> #0:0 (webp (native) -> h264 (libx264))
[libx264 @ 0000018fc4e2f200] using cpu capabilities: MMX2 SSE2Fast SSSE3 SSE4.2 AVX FMA3 BMI2 AVX2
[libx264 @ 0000018fc4e2f200] profile High, level 6.0, 4:2:0, 8-bit
[libx264 @ 0000018fc4e2f200] 264 - core 165 r3223 0480cb0 - H.264/MPEG-4 AVC codec - Copyleft 2003-2025 - http://www.videolan.org/x264.html - options: cabac=1 ref=3 deblock=1:0:0 analyse=0x3:0x113 me=hex subme=7 psy=1 psy_rd=1.00:0.00 mixed_ref=1 me_range=16 chroma_me=1 trellis=1 8x8dct=1 cqm=0 deadzone=21,11 fast_pskip=1 chroma_qp_offset=-2 threads=18 lookahead_threads=3 sliced_threads=0 nr=0 decimate=1 interlaced=0 bluray_compat=0 constrained_intra=0 bframes=3 b_pyramid=2 b_adapt=1 b_bias=0 direct=1 weightb=1 open_gop=0 weightp=2 keyint=250 keyint_min=25 scenecut=40 intra_refresh=0 rc_lookahead=40 rc=crf mbtree=1 crf=16.0 qcomp=0.60 qpmin=0 qpmax=69 qpstep=4 ip_ratio=1.40 aq=1:1.00
Output #0, mp4, to 'C:\Users\Peter\Documents\mermaid-roshan-reef\tmp\day2_graphics_audit_20260930\assets_src\imagegen\day1_pool_trash_v2_20261001\native_buffered_all_props_1280\item_03_native_timestamps.mp4':
  Metadata:
    encoder         : Lavf62.12.102
  Stream #0:0: Video: h264 (avc1 / 0x31637661), yuv420p(tv, bt470bg/unknown/unknown, progressive), 1280x720, q=2-31, 1k fps, 16k tbn
    Metadata:
      encoder         : Lavc62.28.102 libx264
    Side data:
      CPB properties: bitrate max/min/avg: 0/0/0 buffer size: 0 vbv_delay: N/A
frame=    0 fps=0.0 q=0.0 size=       0KiB time=N/A bitrate=N/A speed=N/A elapsed=0:00:00.51    frame=    0 fps=0.0 q=0.0 size=       0KiB time=N/A bitrate=N/A speed=N/A elapsed=0:00:01.03    frame=    0 fps=0.0 q=0.0 size=       0KiB time=N/A bitrate=N/A speed=N/A elapsed=0:00:01.55    frame=   36 fps= 17 q=22.0 size=     512KiB time=N/A bitrate=N/A speed=N/A elapsed=0:00:02.07    [mp4 @ 0000018fc4e29640] Starting second pass: moving the moov atom to the beginning of the file
[out#0/mp4 @ 0000018fc4ddc880] video:990KiB audio:0KiB subtitle:0KiB other streams:0KiB global headers:0KiB muxing overhead: 0.199185%
frame=   67 fps= 31 q=-1.0 Lsize=     992KiB time=00:00:02.20 bitrate=3681.6kbits/s speed=1.03x elapsed=0:00:02.14    
[libx264 @ 0000018fc4e2f200] frame I:1     Avg QP:12.79  size:359039
[libx264 @ 0000018fc4e2f200] frame P:25    Avg QP:14.05  size: 18289
[libx264 @ 0000018fc4e2f200] frame B:41    Avg QP:20.54  size:  4797
[libx264 @ 0000018fc4e2f200] consecutive B-frames: 11.9% 14.9% 13.4% 59.7%
[libx264 @ 0000018fc4e2f200] mb I  I16..4:  6.9%  7.2% 85.9%
[libx264 @ 0000018fc4e2f200] mb P  I16..4:  0.0%  0.1%  0.4%  P16..4:  8.6%  1.8%  3.3%  0.0%  0.0%    skip:85.7%
[libx264 @ 0000018fc4e2f200] mb B  I16..4:  0.0%  0.0%  0.0%  B16..8:  2.3%  0.8%  1.1%  direct: 1.1%  skip:94.8%  L0:35.1% L1:43.9% BI:21.0%
[libx264 @ 0000018fc4e2f200] 8x8 transform intra:8.2% inter:30.7%
[libx264 @ 0000018fc4e2f200] coded y,uvDC,uvAC intra: 96.9% 97.9% 96.3% inter: 4.3% 6.0% 5.3%
[libx264 @ 0000018fc4e2f200] i16 v,h,dc,p: 27% 34% 28% 11%
[libx264 @ 0000018fc4e2f200] i8 v,h,dc,ddl,ddr,vr,hd,vl,hu:  6% 36% 11%  4%  4%  2% 12%  6% 20%
[libx264 @ 0000018fc4e2f200] i4 v,h,dc,ddl,ddr,vr,hd,vl,hu: 11% 29% 11%  6%  7%  5% 11%  6% 14%
[libx264 @ 0000018fc4e2f200] i8c dc,h,v,p: 49% 28% 11% 12%
[libx264 @ 0000018fc4e2f200] Weighted P-Frames: Y:4.0% UV:4.0%
[libx264 @ 0000018fc4e2f200] ref P L0: 72.6%  6.8% 11.2%  9.0%  0.4%
[libx264 @ 0000018fc4e2f200] ref B L0: 81.5% 13.3%  5.2%
[libx264 @ 0000018fc4e2f200] ref B L1: 89.9% 10.1%
[libx264 @ 0000018fc4e2f200] kb/s:3515.63
