Input #0, concat, from 'C:\Users\Peter\Documents\mermaid-roshan-reef\tmp\day2_graphics_audit_20260930\assets_src\imagegen\day1_pool_trash_v2_20261001\native_buffered_all_props_1280\item_01.ffconcat':
  Duration: 00:00:01.96, start: 0.000000, bitrate: 14 kb/s
  Stream #0:0: Video: webp, yuv420p(tv, bt470bg/unknown/unknown), 1280x720, 1k fps, 1k tbr, 1k tbn
Stream mapping:
  Stream #0:0 -> #0:0 (webp (native) -> h264 (libx264))
[libx264 @ 0000019ce9112f40] using cpu capabilities: MMX2 SSE2Fast SSSE3 SSE4.2 AVX FMA3 BMI2 AVX2
[libx264 @ 0000019ce9112f40] profile High, level 6.0, 4:2:0, 8-bit
[libx264 @ 0000019ce9112f40] 264 - core 165 r3223 0480cb0 - H.264/MPEG-4 AVC codec - Copyleft 2003-2025 - http://www.videolan.org/x264.html - options: cabac=1 ref=3 deblock=1:0:0 analyse=0x3:0x113 me=hex subme=7 psy=1 psy_rd=1.00:0.00 mixed_ref=1 me_range=16 chroma_me=1 trellis=1 8x8dct=1 cqm=0 deadzone=21,11 fast_pskip=1 chroma_qp_offset=-2 threads=18 lookahead_threads=3 sliced_threads=0 nr=0 decimate=1 interlaced=0 bluray_compat=0 constrained_intra=0 bframes=3 b_pyramid=2 b_adapt=1 b_bias=0 direct=1 weightb=1 open_gop=0 weightp=2 keyint=250 keyint_min=25 scenecut=40 intra_refresh=0 rc_lookahead=40 rc=crf mbtree=1 crf=16.0 qcomp=0.60 qpmin=0 qpmax=69 qpstep=4 ip_ratio=1.40 aq=1:1.00
Output #0, mp4, to 'C:\Users\Peter\Documents\mermaid-roshan-reef\tmp\day2_graphics_audit_20260930\assets_src\imagegen\day1_pool_trash_v2_20261001\native_buffered_all_props_1280\item_01_native_timestamps.mp4':
  Metadata:
    encoder         : Lavf62.12.102
  Stream #0:0: Video: h264 (avc1 / 0x31637661), yuv420p(tv, bt470bg/unknown/unknown, progressive), 1280x720, q=2-31, 1k fps, 16k tbn
    Metadata:
      encoder         : Lavc62.28.102 libx264
    Side data:
      CPB properties: bitrate max/min/avg: 0/0/0 buffer size: 0 vbv_delay: N/A
frame=    0 fps=0.0 q=0.0 size=       0KiB time=N/A bitrate=N/A speed=N/A elapsed=0:00:00.50    frame=    0 fps=0.0 q=0.0 size=       0KiB time=N/A bitrate=N/A speed=N/A elapsed=0:00:01.02    frame=   15 fps=9.7 q=22.0 size=     512KiB time=N/A bitrate=N/A speed=N/A elapsed=0:00:01.54    [mp4 @ 0000019cead1ab40] Starting second pass: moving the moov atom to the beginning of the file
[out#0/mp4 @ 0000019ce906d540] video:907KiB audio:0KiB subtitle:0KiB other streams:0KiB global headers:0KiB muxing overhead: 0.197598%
frame=   55 fps= 33 q=-1.0 Lsize=     909KiB time=00:00:01.86 bitrate=3993.5kbits/s speed=1.11x elapsed=0:00:01.67    
[libx264 @ 0000019ce9112f40] frame I:1     Avg QP:12.80  size:354885
[libx264 @ 0000019ce9112f40] frame P:19    Avg QP:14.80  size: 20840
[libx264 @ 0000019ce9112f40] frame B:35    Avg QP:20.83  size:  5060
[libx264 @ 0000019ce9112f40] consecutive B-frames: 10.9% 10.9%  5.5% 72.7%
[libx264 @ 0000019ce9112f40] mb I  I16..4:  8.5%  7.7% 83.9%
[libx264 @ 0000019ce9112f40] mb P  I16..4:  0.0%  0.1%  0.5%  P16..4: 13.7%  1.9%  3.5%  0.0%  0.0%    skip:80.4%
[libx264 @ 0000019ce9112f40] mb B  I16..4:  0.0%  0.0%  0.0%  B16..8:  2.5%  0.8%  1.1%  direct: 1.1%  skip:94.4%  L0:32.6% L1:49.0% BI:18.4%
[libx264 @ 0000019ce9112f40] 8x8 transform intra:8.2% inter:37.7%
[libx264 @ 0000019ce9112f40] coded y,uvDC,uvAC intra: 96.7% 98.0% 96.1% inter: 4.7% 7.5% 6.7%
[libx264 @ 0000019ce9112f40] i16 v,h,dc,p: 27% 42% 25%  7%
[libx264 @ 0000019ce9112f40] i8 v,h,dc,ddl,ddr,vr,hd,vl,hu:  5% 34%  8%  6%  4%  3% 16%  5% 19%
[libx264 @ 0000019ce9112f40] i4 v,h,dc,ddl,ddr,vr,hd,vl,hu: 11% 29% 11%  6%  7%  6% 11%  6% 13%
[libx264 @ 0000019ce9112f40] i8c dc,h,v,p: 49% 28% 11% 12%
[libx264 @ 0000019ce9112f40] Weighted P-Frames: Y:5.3% UV:5.3%
[libx264 @ 0000019ce9112f40] ref P L0: 79.0%  4.9%  9.0%  6.6%  0.5%
[libx264 @ 0000019ce9112f40] ref B L0: 79.5% 16.8%  3.7%
[libx264 @ 0000019ce9112f40] ref B L1: 91.0%  9.0%
[libx264 @ 0000019ce9112f40] kb/s:3781.81
