Input #0, concat, from 'C:\Users\Peter\Documents\mermaid-roshan-reef\tmp\day2_graphics_audit_20260930\assets_src\imagegen\day1_pool_trash_v2_20261001\native_buffered_all_props_1280\item_05.ffconcat':
  Duration: 00:00:02.03, start: 0.000000, bitrate: 14 kb/s
  Stream #0:0: Video: webp, yuv420p(tv, bt470bg/unknown/unknown), 1280x720, 1k fps, 1k tbr, 1k tbn
Stream mapping:
  Stream #0:0 -> #0:0 (webp (native) -> h264 (libx264))
[libx264 @ 000001ffad655100] using cpu capabilities: MMX2 SSE2Fast SSSE3 SSE4.2 AVX FMA3 BMI2 AVX2
[libx264 @ 000001ffad655100] profile High, level 6.0, 4:2:0, 8-bit
[libx264 @ 000001ffad655100] 264 - core 165 r3223 0480cb0 - H.264/MPEG-4 AVC codec - Copyleft 2003-2025 - http://www.videolan.org/x264.html - options: cabac=1 ref=3 deblock=1:0:0 analyse=0x3:0x113 me=hex subme=7 psy=1 psy_rd=1.00:0.00 mixed_ref=1 me_range=16 chroma_me=1 trellis=1 8x8dct=1 cqm=0 deadzone=21,11 fast_pskip=1 chroma_qp_offset=-2 threads=18 lookahead_threads=3 sliced_threads=0 nr=0 decimate=1 interlaced=0 bluray_compat=0 constrained_intra=0 bframes=3 b_pyramid=2 b_adapt=1 b_bias=0 direct=1 weightb=1 open_gop=0 weightp=2 keyint=250 keyint_min=25 scenecut=40 intra_refresh=0 rc_lookahead=40 rc=crf mbtree=1 crf=16.0 qcomp=0.60 qpmin=0 qpmax=69 qpstep=4 ip_ratio=1.40 aq=1:1.00
Output #0, mp4, to 'C:\Users\Peter\Documents\mermaid-roshan-reef\tmp\day2_graphics_audit_20260930\assets_src\imagegen\day1_pool_trash_v2_20261001\native_buffered_all_props_1280\item_05_native_timestamps.mp4':
  Metadata:
    encoder         : Lavf62.12.102
  Stream #0:0: Video: h264 (avc1 / 0x31637661), yuv420p(tv, bt470bg/unknown/unknown, progressive), 1280x720, q=2-31, 1k fps, 16k tbn
    Metadata:
      encoder         : Lavc62.28.102 libx264
    Side data:
      CPB properties: bitrate max/min/avg: 0/0/0 buffer size: 0 vbv_delay: N/A
frame=    0 fps=0.0 q=0.0 size=       0KiB time=N/A bitrate=N/A speed=N/A elapsed=0:00:00.52    frame=    0 fps=0.0 q=0.0 size=       0KiB time=N/A bitrate=N/A speed=N/A elapsed=0:00:01.03    frame=    0 fps=0.0 q=0.0 size=       0KiB time=N/A bitrate=N/A speed=N/A elapsed=0:00:01.55    [mp4 @ 000001ffad64a900] Starting second pass: moving the moov atom to the beginning of the file
[out#0/mp4 @ 000001ffad5fc380] video:1074KiB audio:0KiB subtitle:0KiB other streams:0KiB global headers:0KiB muxing overhead: 0.167522%
frame=   57 fps= 30 q=-1.0 Lsize=    1076KiB time=00:00:01.93 bitrate=4560.8kbits/s speed=1.03x elapsed=0:00:01.88    
[libx264 @ 000001ffad655100] frame I:1     Avg QP:13.01  size:357628
[libx264 @ 000001ffad655100] frame P:24    Avg QP:15.48  size: 21868
[libx264 @ 000001ffad655100] frame B:32    Avg QP:20.42  size:  6782
[libx264 @ 000001ffad655100] consecutive B-frames: 22.8%  7.0%  0.0% 70.2%
[libx264 @ 000001ffad655100] mb I  I16..4:  7.6%  8.6% 83.8%
[libx264 @ 000001ffad655100] mb P  I16..4:  0.3%  0.2%  0.9%  P16..4: 11.7%  3.7%  4.9%  0.0%  0.0%    skip:78.2%
[libx264 @ 000001ffad655100] mb B  I16..4:  0.0%  0.0%  0.0%  B16..8:  7.8%  1.3%  1.3%  direct: 1.8%  skip:87.7%  L0:36.2% L1:50.4% BI:13.5%
[libx264 @ 000001ffad655100] 8x8 transform intra:10.7% inter:49.1%
[libx264 @ 000001ffad655100] coded y,uvDC,uvAC intra: 92.3% 95.5% 91.8% inter: 6.4% 9.3% 7.6%
[libx264 @ 000001ffad655100] i16 v,h,dc,p: 19% 59% 14%  7%
[libx264 @ 000001ffad655100] i8 v,h,dc,ddl,ddr,vr,hd,vl,hu: 12% 36%  9%  5%  4%  2% 12%  5% 16%
[libx264 @ 000001ffad655100] i4 v,h,dc,ddl,ddr,vr,hd,vl,hu: 14% 27% 11%  6%  7%  6% 11%  6% 13%
[libx264 @ 000001ffad655100] i8c dc,h,v,p: 46% 31% 12% 12%
[libx264 @ 000001ffad655100] Weighted P-Frames: Y:4.2% UV:4.2%
[libx264 @ 000001ffad655100] ref P L0: 67.8%  7.2% 13.5% 11.3%  0.2%
[libx264 @ 000001ffad655100] ref B L0: 78.3% 16.6%  5.1%
[libx264 @ 000001ffad655100] ref B L1: 94.7%  5.3%
[libx264 @ 000001ffad655100] kb/s:4330.72
