Input #0, concat, from 'C:\Users\Peter\Documents\mermaid-roshan-reef\tmp\day2_graphics_audit_20260930\assets_src\imagegen\day1_pool_trash_v2_20261001\native_buffered_all_props_1280\item_02.ffconcat':
  Duration: 00:00:01.89, start: 0.000000, bitrate: 14 kb/s
  Stream #0:0: Video: webp, yuv420p(tv, bt470bg/unknown/unknown), 1280x720, 1k fps, 1k tbr, 1k tbn
Stream mapping:
  Stream #0:0 -> #0:0 (webp (native) -> h264 (libx264))
[libx264 @ 0000027731d9ad80] using cpu capabilities: MMX2 SSE2Fast SSSE3 SSE4.2 AVX FMA3 BMI2 AVX2
[libx264 @ 0000027731d9ad80] profile High, level 6.0, 4:2:0, 8-bit
[libx264 @ 0000027731d9ad80] 264 - core 165 r3223 0480cb0 - H.264/MPEG-4 AVC codec - Copyleft 2003-2025 - http://www.videolan.org/x264.html - options: cabac=1 ref=3 deblock=1:0:0 analyse=0x3:0x113 me=hex subme=7 psy=1 psy_rd=1.00:0.00 mixed_ref=1 me_range=16 chroma_me=1 trellis=1 8x8dct=1 cqm=0 deadzone=21,11 fast_pskip=1 chroma_qp_offset=-2 threads=18 lookahead_threads=3 sliced_threads=0 nr=0 decimate=1 interlaced=0 bluray_compat=0 constrained_intra=0 bframes=3 b_pyramid=2 b_adapt=1 b_bias=0 direct=1 weightb=1 open_gop=0 weightp=2 keyint=250 keyint_min=25 scenecut=40 intra_refresh=0 rc_lookahead=40 rc=crf mbtree=1 crf=16.0 qcomp=0.60 qpmin=0 qpmax=69 qpstep=4 ip_ratio=1.40 aq=1:1.00
Output #0, mp4, to 'C:\Users\Peter\Documents\mermaid-roshan-reef\tmp\day2_graphics_audit_20260930\assets_src\imagegen\day1_pool_trash_v2_20261001\native_buffered_all_props_1280\item_02_native_timestamps.mp4':
  Metadata:
    encoder         : Lavf62.12.102
  Stream #0:0: Video: h264 (avc1 / 0x31637661), yuv420p(tv, bt470bg/unknown/unknown, progressive), 1280x720, q=2-31, 1k fps, 16k tbn
    Metadata:
      encoder         : Lavc62.28.102 libx264
    Side data:
      CPB properties: bitrate max/min/avg: 0/0/0 buffer size: 0 vbv_delay: N/A
frame=    0 fps=0.0 q=0.0 size=       0KiB time=N/A bitrate=N/A speed=N/A elapsed=0:00:00.51    frame=    0 fps=0.0 q=0.0 size=       0KiB time=N/A bitrate=N/A speed=N/A elapsed=0:00:01.02    frame=   15 fps=9.7 q=22.0 size=     256KiB time=N/A bitrate=N/A speed=N/A elapsed=0:00:01.54    [mp4 @ 0000027731d9c200] Starting second pass: moving the moov atom to the beginning of the file
[out#0/mp4 @ 0000027731d3e9c0] video:843KiB audio:0KiB subtitle:0KiB other streams:0KiB global headers:0KiB muxing overhead: 0.213155%
frame=   54 fps= 32 q=-1.0 Lsize=     844KiB time=00:00:01.79 bitrate=3855.5kbits/s speed=1.07x elapsed=0:00:01.67    
[libx264 @ 0000027731d9ad80] frame I:1     Avg QP:12.79  size:356853
[libx264 @ 0000027731d9ad80] frame P:16    Avg QP:15.02  size: 20216
[libx264 @ 0000027731d9ad80] frame B:37    Avg QP:20.77  size:  4912
[libx264 @ 0000027731d9ad80] consecutive B-frames:  7.4%  3.7%  0.0% 88.9%
[libx264 @ 0000027731d9ad80] mb I  I16..4:  8.1%  7.3% 84.6%
[libx264 @ 0000027731d9ad80] mb P  I16..4:  0.0%  0.1%  0.4%  P16..4: 10.6%  2.0%  3.7%  0.0%  0.0%    skip:83.2%
[libx264 @ 0000027731d9ad80] mb B  I16..4:  0.0%  0.0%  0.0%  B16..8:  2.1%  0.8%  1.1%  direct: 1.1%  skip:95.0%  L0:31.2% L1:47.3% BI:21.5%
[libx264 @ 0000027731d9ad80] 8x8 transform intra:7.8% inter:33.2%
[libx264 @ 0000027731d9ad80] coded y,uvDC,uvAC intra: 96.8% 98.2% 96.2% inter: 4.2% 6.0% 5.2%
[libx264 @ 0000027731d9ad80] i16 v,h,dc,p: 26% 42% 23% 10%
[libx264 @ 0000027731d9ad80] i8 v,h,dc,ddl,ddr,vr,hd,vl,hu:  7% 37%  7%  6%  3%  4% 13%  4% 20%
[libx264 @ 0000027731d9ad80] i4 v,h,dc,ddl,ddr,vr,hd,vl,hu: 11% 29% 11%  5%  7%  6% 11%  6% 14%
[libx264 @ 0000027731d9ad80] i8c dc,h,v,p: 49% 29% 11% 12%
[libx264 @ 0000027731d9ad80] Weighted P-Frames: Y:6.2% UV:6.2%
[libx264 @ 0000027731d9ad80] ref P L0: 75.1%  6.5% 10.8%  7.3%  0.3%
[libx264 @ 0000027731d9ad80] ref B L0: 81.9% 16.1%  2.0%
[libx264 @ 0000027731d9ad80] ref B L1: 91.6%  8.4%
[libx264 @ 0000027731d9ad80] kb/s:3641.23
