[32m[INFO][0m setup plugin alembic.autogenerate.schemas
[32m[INFO][0m setup plugin alembic.autogenerate.tables
[32m[INFO][0m setup plugin alembic.autogenerate.types
[32m[INFO][0m setup plugin alembic.autogenerate.constraints
[32m[INFO][0m setup plugin alembic.autogenerate.defaults
[32m[INFO][0m setup plugin alembic.autogenerate.comments
[32m[INFO][0m setup plugin alembic.autogenerate.checkconstraint_byname
[32m[INFO][0m Adding extra search path diffusion_models H:\MermaidReefTools\LocalVideo\models\diffusion_models
[32m[INFO][0m Adding extra search path text_encoders H:\MermaidReefTools\LocalVideo\models\text_encoders
[32m[INFO][0m Adding extra search path vae H:\MermaidReefTools\LocalVideo\models\vae
[32m[INFO][0m Setting output directory to: H:\MermaidReefTools\LocalVideo\output
[32m[INFO][0m Setting input directory to: H:\MermaidReefTools\LocalVideo\input
[32m[INFO][0m Setting user directory to: H:\MermaidReefTools\LocalVideo\retake_user
[32m[INFO][0m Found comfy_kitchen backend eager: {'available': True, 'disabled': False, 'unavailable_reason': None, 'capabilities': ['adaln', 'apply_rope', 'apply_rope1', 'apply_rope1_', 'apply_rope_', 'apply_rope_split_half', 'apply_rope_split_half1', 'apply_rope_split_half1_', 'apply_rope_split_half_', 'convrot_w4a4_linear', 'dequantize_convrot_w4a4_weight', 'dequantize_int8_convrot_weight', 'dequantize_int8_convrot_weight_dtype', 'dequantize_int8_embedding', 'dequantize_int8_simple', 'dequantize_int8_simple_dtype', 'dequantize_mxfp8', 'dequantize_nvfp4', 'dequantize_per_tensor_fp8', 'dequantize_w4a8_int8_weight', 'gemv_awq_w4a16', 'int8_linear', 'na3d', 'prepare_int4_weight_for_int8_linear', 'quantize_and_rotate_rowwise', 'quantize_convrot_w4a4_weight', 'quantize_int8_convrot_weight', 'quantize_int8_rowwise', 'quantize_int8_tensorwise', 'quantize_mxfp8', 'quantize_nvfp4', 'quantize_per_tensor_fp8', 'quantize_svdquant_w4a4', 'quantize_w4a8_int8_weight', 'rms_adaln', 'rms_rope', 'rms_rope1', 'rms_rope1_', 'rms_rope_', 'rms_rope_split_half', 'rms_rope_split_half1', 'rms_rope_split_half1_', 'rms_rope_split_half_', 'rotate_int8_convrot_weight', 'scaled_mm_mxfp8', 'scaled_mm_nvfp4', 'scaled_mm_svdquant_w4a4', 'stochastic_rounding_fp8', 'w4a8_int8_linear']}
[32m[INFO][0m Found comfy_kitchen backend hip: {'available': False, 'disabled': False, 'unavailable_reason': 'PyTorch ROCm/HIP runtime not available', 'capabilities': []}
[32m[INFO][0m Found comfy_kitchen backend triton: {'available': False, 'disabled': True, 'unavailable_reason': "ImportError: No module named 'triton'", 'capabilities': []}
[32m[INFO][0m Found comfy_kitchen backend cuda: {'available': True, 'disabled': False, 'unavailable_reason': None, 'capabilities': ['adaln', 'apply_rope', 'apply_rope1', 'apply_rope1_', 'apply_rope_', 'apply_rope_split_half', 'apply_rope_split_half1', 'apply_rope_split_half1_', 'apply_rope_split_half_', 'convrot_w4a4_linear', 'dequantize_convrot_w4a4_weight', 'dequantize_int8_convrot_weight', 'dequantize_int8_convrot_weight_dtype', 'dequantize_int8_simple', 'dequantize_int8_simple_dtype', 'dequantize_nvfp4', 'dequantize_per_tensor_fp8', 'dequantize_w4a8_int8_weight', 'gemv_awq_w4a16', 'int8_linear', 'na3d', 'prepare_int4_weight_for_int8_linear', 'quantize_and_rotate_rowwise', 'quantize_convrot_w4a4_weight', 'quantize_int8_convrot_weight', 'quantize_int8_rowwise', 'quantize_int8_tensorwise', 'quantize_mxfp8', 'quantize_nvfp4', 'quantize_per_tensor_fp8', 'quantize_svdquant_w4a4', 'quantize_w4a8_int8_weight', 'rms_adaln', 'rms_rope', 'rms_rope1', 'rms_rope1_', 'rms_rope_', 'rms_rope_split_half', 'rms_rope_split_half1', 'rms_rope_split_half1_', 'rms_rope_split_half_', 'rotate_int8_convrot_weight', 'scaled_mm_nvfp4', 'scaled_mm_svdquant_w4a4', 'stochastic_rounding_fp8', 'w4a8_int8_linear']}
[32m[INFO][0m Checkpoint files will always be loaded safely.
[32m[INFO][0m Total VRAM 8192 MB, total RAM 49060 MB
[32m[INFO][0m pytorch version: 2.13.0+cu130
[32m[INFO][0m Set vram state to: LOW_VRAM
[32m[INFO][0m Device: cuda:0 NVIDIA GeForce RTX 3060 Ti : native
[32m[INFO][0m Using pytorch attention
[32m[INFO][0m Python version: 3.13.14 (tags/v3.13.14:fd17997, Jun 10 2026, 13:03:48) [MSC v.1944 64 bit (AMD64)]
[32m[INFO][0m ComfyUI version: 0.34.0
[32m[INFO][0m comfy-aimdo version: 0.4.15
[32m[INFO][0m comfy-kitchen version: 0.2.31
[1m[33m[WARNING][0m Dynamic vram disabled with argument. If you have any issues with dynamic vram enabled please give us a detailed reports as this argument will be removed soon. If you use gguf we recommend keeping dynamic vram enabled and using native ComfyUI model formats instead. ComfyUI native formats like fp8 will be faster even if they are larger than your memory.
[32m[INFO][0m Setting temp directory to: H:\MermaidReefTools\LocalVideo\retake_temp\temp
[32m[INFO][0m comfyui-frontend-package version: 1.49.6
[32m[INFO][0m comfyui-workflow-templates version: 0.11.48
[32m[INFO][0m comfyui-embedded-docs version: 0.5.10
[32m[INFO][0m comfy-kitchen version: 0.2.31
[32m[INFO][0m comfy-aimdo version: 0.4.15
[32m[INFO][0m [Prompt Server] web root: C:\Users\Peter\AppData\Local\Programs\MermaidReefTools\ComfyUI\0.34.0\ComfyUI_windows_portable\python_embeded\Lib\site-packages\comfyui_frontend_package\static
[32m[INFO][0m Asset seeder disabled
