...
----------------------------------------------------------------------
Ran 3 tests in 0.007s

OK
........s...............................
----------------------------------------------------------------------
Ran 40 tests in 25.466s

OK (skipped=1)
...
----------------------------------------------------------------------
Ran 3 tests in 0.124s

OK
...........................................................................
----------------------------------------------------------------------
Ran 75 tests in 46.806s

OK
.....
----------------------------------------------------------------------
Ran 5 tests in 0.085s

OK
.........................................
----------------------------------------------------------------------
Ran 41 tests in 0.234s

OK
...........
----------------------------------------------------------------------
Ran 11 tests in 6.841s

OK
........
----------------------------------------------------------------------
Ran 8 tests in 1.122s

OK
.........................
----------------------------------------------------------------------
Ran 25 tests in 0.495s

OK
...............................................................................................
----------------------------------------------------------------------
Ran 95 tests in 310.621s

OK
..
----------------------------------------------------------------------
Ran 2 tests in 0.003s

OK
................................................................
----------------------------------------------------------------------
Ran 64 tests in 7.212s

OK
