Godot Engine v4.7.2.stable.official.ed1daf0bf - https://godotengine.org

Unable to open Android 'build-tools' directory.
[   0% ] [90m[1mfirst_scan_filesystem[22m | Started Project initialization (5 steps)[39m[0m
[   0% ] [90m[1mfirst_scan_filesystem[22m | Scanning file structure...[39m[0m
[  16% ] [90m[1mfirst_scan_filesystem[22m | Loading global class names...[39m[0m
[  33% ] [90m[1mfirst_scan_filesystem[22m | Verifying GDExtensions...[39m[0m
[  50% ] [90m[1mfirst_scan_filesystem[22m | Creating autoload scripts...[39m[0m
[  66% ] [90m[1mfirst_scan_filesystem[22m | Initializing plugins...[39m[0m
[  83% ] [90m[1mfirst_scan_filesystem[22m | Starting file scan...[39m[0m
[92m[ DONE ][39m [1mfirst_scan_filesystem[22m
[0m
[   0% ] [90m[1mupdate_scripts_classes[22m | Started Registering global classes... (2 steps)[39m[0m
[   0% ] [90m[1mupdate_scripts_classes[22m | [39m[0m
[  33% ] [90m[1mupdate_scripts_classes[22m | [39m[0m
[92m[ DONE ][39m [1mupdate_scripts_classes[22m
[0m
[   0% ] [90m[1m_update_scan_actions[22m | Started Scanning actions... (40 steps)[39m[0m
[   0% ] [90m[1m_update_scan_actions[22m | arrival_bank_left.png[39m[0m
[   2% ] [90m[1m_update_scan_actions[22m | arrival_bank_right.png[39m[0m
[   4% ] [90m[1m_update_scan_actions[22m | arrival_front_edge.png[39m[0m
[   7% ] [90m[1m_update_scan_actions[22m | arrival_high_left.png[39m[0m
[   9% ] [90m[1m_update_scan_actions[22m | arrival_high_right.png[39m[0m
[  12% ] [90m[1m_update_scan_actions[22m | arrival_lawn.png[39m[0m
[  14% ] [90m[1m_update_scan_actions[22m | arrival_mid_right.png[39m[0m
[  17% ] [90m[1m_update_scan_actions[22m | arrival_small_center.png[39m[0m
[  19% ] [90m[1m_update_scan_actions[22m | arrival_small_right.png[39m[0m
[  21% ] [90m[1m_update_scan_actions[22m | arrival_whole_tree.png[39m[0m
[  24% ] [90m[1m_update_scan_actions[22m | base_r0_c0.png[39m[0m
[  26% ] [90m[1m_update_scan_actions[22m | base_r0_c1.png[39m[0m
[  29% ] [90m[1m_update_scan_actions[22m | base_r0_c2.png[39m[0m
[  31% ] [90m[1m_update_scan_actions[22m | base_r0_c3.png[39m[0m
[  34% ] [90m[1m_update_scan_actions[22m | base_r0_c4.png[39m[0m
[  36% ] [90m[1m_update_scan_actions[22m | base_r0_c5.png[39m[0m
[  39% ] [90m[1m_update_scan_actions[22m | base_r1_c0.png[39m[0m
[  41% ] [90m[1m_update_scan_actions[22m | base_r1_c1.png[39m[0m
[  43% ] [90m[1m_update_scan_actions[22m | base_r1_c2.png[39m[0m
[  46% ] [90m[1m_update_scan_actions[22m | base_r1_c3.png[39m[0m
[  48% ] [90m[1m_update_scan_actions[22m | base_r1_c4.png[39m[0m
[  51% ] [90m[1m_update_scan_actions[22m | base_r1_c5.png[39m[0m
[  53% ] [90m[1m_update_scan_actions[22m | castle_approach_bank.png[39m[0m
[  56% ] [90m[1m_update_scan_actions[22m | castle_far_bank.png[39m[0m
[  58% ] [90m[1m_update_scan_actions[22m | castle_foreground_rosette.png[39m[0m
[  60% ] [90m[1m_update_scan_actions[22m | castle_high.png[39m[0m
[  63% ] [90m[1m_update_scan_actions[22m | castle_left_verge.png[39m[0m
[  65% ] [90m[1m_update_scan_actions[22m | castle_right_verge.png[39m[0m
[  68% ] [90m[1m_update_scan_actions[22m | meadow_boundary_berry_fan.png[39m[0m
[  70% ] [90m[1m_update_scan_actions[22m | meadow_hedge_left.png[39m[0m
[  73% ] [90m[1m_update_scan_actions[22m | meadow_hedge_right.png[39m[0m
[  75% ] [90m[1m_update_scan_actions[22m | meadow_high_left.png[39m[0m
[  78% ] [90m[1m_update_scan_actions[22m | meadow_high_right.png[39m[0m
[  80% ] [90m[1m_update_scan_actions[22m | meadow_lower_lawn.png[39m[0m
[  82% ] [90m[1m_update_scan_actions[22m | meadow_mid_right.png[39m[0m
[  85% ] [90m[1m_update_scan_actions[22m | meadow_small_center.png[39m[0m
[  87% ] [90m[1m_update_scan_actions[22m | meadow_small_far.png[39m[0m
[  90% ] [90m[1m_update_scan_actions[22m | meadow_small_left.png[39m[0m
[  92% ] [90m[1m_update_scan_actions[22m | meadow_upper_left.png[39m[0m
[  95% ] [90m[1m_update_scan_actions[22m | meadow_upper_right.png[39m[0m
[92m[ DONE ][39m [1m_update_scan_actions[22m
[0m
[   0% ] [90m[1mreimport[22m | Started (Re)Importing Assets (1 steps)[39m[0m
[   0% ] [90m[1mreimport[22m | Preparing files to reimport...[39m[0m
[   0% ] [90m[1mreimport[22m | Executing pre-reimport operations...[39m[0m
[   0% ] [90m[1mreimport[22m | meadow_high_left.png[39m[0m
[  50% ] [90m[1mreimport[22m | Finalizing Asset Import...[39m[0m
[92m[ DONE ][39m [1mreimport[22m
[0m
[   0% ] [90m[1mreimport[22m | Started (Re)Importing Assets (1 steps)[39m[0m
[   0% ] [90m[1mreimport[22m | Executing post-reimport operations...[39m[0m
[92m[ DONE ][39m [1mreimport[22m
[0m
[   0% ] [90m[1mloading_editor_layout[22m | Started Loading editor (5 steps)[39m[0m
[   0% ] [90m[1mloading_editor_layout[22m | Loading editor layout...[39m[0m
[  16% ] [90m[1mloading_editor_layout[22m | Loading docks...[39m[0m
[92m[ DONE ][39m [1mloading_editor_layout[22m
[0m
