....
----------------------------------------------------------------------
Ran 4 tests in 0.186s

OK
GODOTBASELINE|ALL OK|4.7.2-stable|official.ed1daf0bf
........s...............................
----------------------------------------------------------------------
Ran 40 tests in 27.048s

OK (skipped=1)
TYPOGRAPHY_AUDIT status=OPEN
FONT assets=0 bindings=0 coverage=UNRESOLVED device=MISSING
GLYPHS observed=133 unclassified=0 critical=124 critical_unresolved=124
LABEL3D current=36 baseline=45 files=11 delta=-9
LABEL3D_FILE  7 scripts/arena/sky_lagoon.gd
LABEL3D_FILE  2 scripts/collection_system.gd
LABEL3D_FILE  1 scripts/combat_arena.gd
LABEL3D_FILE 11 scripts/companion.gd
LABEL3D_FILE  1 scripts/dungeon_puzzle_room.gd
LABEL3D_FILE  2 scripts/galaxy.gd
LABEL3D_FILE  4 scripts/games/shop.gd
LABEL3D_FILE  4 scripts/kart.gd
LABEL3D_FILE  2 scripts/main.gd
LABEL3D_FILE  1 scripts/reef_districts.gd
LABEL3D_FILE  1 scripts/stuffie_battle.gd
OPEN font authority, coverage, and/or device evidence remains unresolved
...
----------------------------------------------------------------------
Ran 3 tests in 0.164s

OK
ROSHAN2D| stress: 8 falsification cases ALL OK
ROSHAN2D| RESULT: ALL OK - active project is 2D Roshan only
...........................................................................
----------------------------------------------------------------------
Ran 75 tests in 34.423s

OK
GAME2D| stress: 14 falsification/control assertions ALL OK
GAME2D| stress: 14 falsification/control assertions ALL OK
.....
----------------------------------------------------------------------
Ran 5 tests in 0.129s

OK
naive 256px grid :      0 px of Roshan clipped,      0 px ghost
shipped windows  :      0 px of Roshan clipped,      0 px ghost
                   (0.00% -> 0.00% of her art lost)
playground poses :     12 whole, single-silhouette 512px frames
OK: every Roshan frame renders whole
PROBE_PARITY|stress missing loop: OK
PROBE_PARITY|stress duplicate probe: OK
PROBE_PARITY|stress local/remote mismatch: OK
PROBE_PARITY|stress missing probe file: OK
PROBE_PARITY|stress missing separate invocation: OK
PROBE_PARITY|stress missing parity gate: OK
PROBE_PARITY|stress missing local music verifier: OK
PROBE_PARITY|stress missing pinned music verifier: OK
PROBE_PARITY|result: ALL OK
.........................................
----------------------------------------------------------------------
Ran 41 tests in 0.325s

OK
DOCAUTH|STRESS|6/6
DOCAUTH|STRESS|6/6
.............
----------------------------------------------------------------------
Ran 13 tests in 6.657s

OK
...................................................................................................................................
----------------------------------------------------------------------
Ran 131 tests in 31.740s

OK
GOLDSTAR|RENDER|design/reference/GOLD_STAR.md
GOLDSTAR|RESULT|OK|2 games, 0 errors, 0 stale
GOLDSTAR|STALE_PAGE|design/reference/GOLD_STAR.md|run --render
GOLDSTAR|RESULT|OK|2 games, 0 errors, 0 stale
GOLDSTAR|STALE_PAGE|design/reference/GOLD_STAR.md|run --render
GOLDSTAR|RESULT|FAIL|2 games, 0 errors, 0 stale
GOLDSTAR|STALE|chapter2_lawn|re-assess, then --rebind: scripts/chapter_two_lawn_finale_2d.gd
GOLDSTAR|STALE|chapter2_party|re-assess, then --rebind: scripts/chapter_two_director.gd
GOLDSTAR|STALE|combat_arena|re-assess, then --rebind: scripts/combat_arena.gd
GOLDSTAR|STALE|combat_tutorial|re-assess, then --rebind: scripts/combat_tutorial.gd
GOLDSTAR|STALE|comfy_games|re-assess, then --rebind: scripts/comfy_games.gd
GOLDSTAR|STALE|companion_care|re-assess, then --rebind: scripts/companion.gd
GOLDSTAR|STALE|dungeon|re-assess, then --rebind: scripts/dungeon_puzzle_room.gd
GOLDSTAR|STALE|ember|re-assess, then --rebind: scripts/ember_fortress.gd
GOLDSTAR|STALE|fairy_conservatory|re-assess, then --rebind: scripts/arena/fairy_conservatory_handoff_2d.gd
GOLDSTAR|STALE|galaxy|re-assess, then --rebind: scripts/galaxy.gd
GOLDSTAR|STALE|kart|re-assess, then --rebind: scripts/kart.gd
GOLDSTAR|STALE|pearl_castle|re-assess, then --rebind: scripts/arena/castle_rooms_25d.gd
GOLDSTAR|STALE|sky_lagoon|re-assess, then --rebind: scripts/arena/sky_lagoon_promenade.gd, scripts/arena/sky_lagoon_layout.json
GOLDSTAR|STALE|wardrobe|re-assess, then --rebind: scripts/wardrobe_ui.gd
GOLDSTAR|STALE_PATTERN|GS-11 scripts/audio_director.gd::_say
GOLDSTAR|STALE_DRAWING|scripts/opera_career_world_2d.gd|re-read what it draws, update the classification and its sha256
GOLDSTAR|STALE_OVERDRAW|astronaut|re-measure: scripts/opera_career_world_2d.gd
GOLDSTAR|STALE_OVERDRAW|ballerina|re-measure: scripts/opera_career_world_2d.gd
GOLDSTAR|STALE_OVERDRAW|boxer|re-measure: scripts/opera_career_world_2d.gd
GOLDSTAR|STALE_OVERDRAW|candymaker|re-measure: scripts/opera_career_world_2d.gd
GOLDSTAR|STALE_OVERDRAW|chef|re-measure: scripts/opera_career_world_2d.gd
GOLDSTAR|STALE_OVERDRAW|detective|re-measure: scripts/opera_career_world_2d.gd
GOLDSTAR|STALE_OVERDRAW|doctor|re-measure: scripts/opera_career_world_2d.gd
GOLDSTAR|STALE_OVERDRAW|farmer|re-measure: scripts/opera_career_world_2d.gd
GOLDSTAR|STALE_OVERDRAW|geologist|re-measure: scripts/opera_career_world_2d.gd
GOLDSTAR|STALE_OVERDRAW|magician|re-measure: scripts/opera_career_world_2d.gd
GOLDSTAR|STALE_OVERDRAW|nursery|re-measure: scripts/opera_career_world_2d.gd
GOLDSTAR|STALE_OVERDRAW|painter|re-measure: scripts/opera_career_world_2d.gd
GOLDSTAR|STALE_OVERDRAW|popstar|re-measure: scripts/opera_career_world_2d.gd
GOLDSTAR|STALE_OVERDRAW|racer|re-measure: scripts/opera_career_world_2d.gd
GOLDSTAR|STALE_OVERDRAW|teacher|re-measure: scripts/opera_career_world_2d.gd
GOLDSTAR|STALE_PAGE|design/reference/GOLD_STAR.md|run --render
GOLDSTAR|RESULT|OK|60 games, 0 errors, 14 stale
AUDITDEV|BASE|245e9c543be771d297b60dafb91b8a3baf73e211
AUDITDEV|FAIL|no changed audit-impact record covers assets_src/animation/roshan_wave_repair_20261010/aseprite_paint_trial_01/cleanup_time_ledger.json
AUDITDEV|FAIL|no changed audit-impact record covers assets_src/animation/roshan_wave_repair_20261010/aseprite_paint_trial_01/record_cleanup.py
AUDITDEV|FAIL|no changed audit-impact record covers assets_src/animation/roshan_wave_repair_20261010/aseprite_paint_trial_01/rest_style_pilot_02/0001.png
AUDITDEV|FAIL|no changed audit-impact record covers assets_src/animation/roshan_wave_repair_20261010/aseprite_paint_trial_01/rest_style_pilot_02/0005.png
AUDITDEV|FAIL|no changed audit-impact record covers assets_src/animation/roshan_wave_repair_20261010/aseprite_paint_trial_01/rest_style_pilot_02/0006.png
AUDITDEV|FAIL|no changed audit-impact record covers assets_src/animation/roshan_wave_repair_20261010/aseprite_paint_trial_01/rest_style_pilot_02/0007.png
AUDITDEV|FAIL|no changed audit-impact record covers assets_src/animation/roshan_wave_repair_20261010/aseprite_paint_trial_01/rest_style_pilot_02/0014.png
AUDITDEV|FAIL|no changed audit-impact record covers assets_src/animation/roshan_wave_repair_20261010/aseprite_paint_trial_01/rest_style_pilot_02/0033.png
AUDITDEV|FAIL|no changed audit-impact record covers assets_src/animation/roshan_wave_repair_20261010/aseprite_paint_trial_01/rest_style_pilot_02/0039.png
AUDITDEV|FAIL|no changed audit-impact record covers assets_src/animation/roshan_wave_repair_20261010/aseprite_paint_trial_01/rest_style_pilot_02/joint_geometry.json
AUDITDEV|FAIL|no changed audit-impact record covers assets_src/animation/roshan_wave_repair_20261010/aseprite_paint_trial_01/rest_style_pilot_02/paint_connected.lua
AUDITDEV|FAIL|no changed audit-impact record covers assets_src/animation/roshan_wave_repair_20261010/aseprite_paint_trial_01/rest_style_pilot_02/recipe_profile.json
AUDITDEV|FAIL|no changed audit-impact record covers assets_src/animation/roshan_wave_repair_20261010/aseprite_paint_trial_01/rest_style_pilot_02/rest_style_pilot.aseprite
AUDITDEV|FAIL|no changed audit-impact record covers assets_src/animation/roshan_wave_repair_20261010/provenance/candidate_native_review_draft05.json
AUDITDEV|RESULT|14 ISSUE(S)
AUDIT DEVELOPMENT COVERAGE FAIL
