Godot Engine v4.7.2.stable.official.ed1daf0bf - https://godotengine.org
Vulkan 1.4.325 - Forward Mobile - Using Device #0: NVIDIA - NVIDIA GeForce RTX 3060 Ti

CURRENT_HALL_ART|OK|found ballerina shipping config
CURRENT_HALL_ART|OK|ballerina OperaAct.start
CURRENT_HALL_ART|OK|ballerina live career world
CURRENT_HALL_ART|OK|ballerina/practice task open
CURRENT_HALL_ART|OK|capture ballerina_practice_pearl_mirror_intro.png
CURRENT_HALL_ART|CAPTURE|{"animation_frame":3,"animation_state":"work","career":"ballerina","mode":"ballet_pose","origin":"configured_phase_shortcut","part":"practice","path":"C:\\Users\\Peter\\Documents\\mermaid-roshan-reef\\.worktrees\\minigame-art-dev-reconcile-20260905\\tmp\\current-hall-art-capture\\run02\\captures/ballerina_practice_pearl_mirror_intro.png","performance_part":"practice","phase":"pearl_mirror","phase_index":0,"phase_label":"PEARL MIRROR","process_frames":20,"renderer":"mobile","sha256":"617503cdb5d94ac6ab8b67283df36f2f8802d35948246fa0334b215d3bef12b9","source_phase":0,"state":"intro","task_open":true,"ticks_msec":15564,"time_scale":1.0,"viewport":[1280,720]}
CURRENT_HALL_ART|OK|capture ballerina_practice_pearl_mirror_held_contact.png
CURRENT_HALL_ART|CAPTURE|{"animation_frame":3,"animation_state":"work","career":"ballerina","mode":"ballet_pose","origin":"live_gui_input_held","part":"practice","path":"C:\\Users\\Peter\\Documents\\mermaid-roshan-reef\\.worktrees\\minigame-art-dev-reconcile-20260905\\tmp\\current-hall-art-capture\\run02\\captures/ballerina_practice_pearl_mirror_held_contact.png","performance_part":"practice","phase":"pearl_mirror","phase_index":0,"phase_label":"PEARL MIRROR","process_frames":24,"renderer":"mobile","sha256":"276939fd495985b7c90fd7e0ca9f25e49e08138627266078ffacfc95d9853f79","source_phase":0,"state":"held_contact","task_open":true,"ticks_msec":16182,"time_scale":1.0,"viewport":[1280,720]}
CURRENT_HALL_ART|OK|ballerina/stage task open
CURRENT_HALL_ART|OK|capture ballerina_stage_pearl_mirror_intro.png
CURRENT_HALL_ART|CAPTURE|{"animation_frame":3,"animation_state":"work","career":"ballerina","mode":"ballet_pose","origin":"configured_phase_shortcut","part":"stage","path":"C:\\Users\\Peter\\Documents\\mermaid-roshan-reef\\.worktrees\\minigame-art-dev-reconcile-20260905\\tmp\\current-hall-art-capture\\run02\\captures/ballerina_stage_pearl_mirror_intro.png","performance_part":"stage","phase":"pearl_mirror","phase_index":3,"phase_label":"PEARL MIRROR","process_frames":53,"renderer":"mobile","sha256":"a1fa8184049e1548be9ee38ec3084aa03396233a528b7c341e1af5e79127daf8","source_phase":0,"state":"intro","task_open":true,"ticks_msec":20668,"time_scale":1.0,"viewport":[1280,720]}
CURRENT_HALL_ART|OK|capture ballerina_stage_pearl_mirror_held_contact.png
CURRENT_HALL_ART|CAPTURE|{"animation_frame":3,"animation_state":"work","career":"ballerina","mode":"ballet_pose","origin":"live_gui_input_held","part":"stage","path":"C:\\Users\\Peter\\Documents\\mermaid-roshan-reef\\.worktrees\\minigame-art-dev-reconcile-20260905\\tmp\\current-hall-art-capture\\run02\\captures/ballerina_stage_pearl_mirror_held_contact.png","performance_part":"stage","phase":"pearl_mirror","phase_index":3,"phase_label":"PEARL MIRROR","process_frames":57,"renderer":"mobile","sha256":"3a824eb44873c109940ca9d0e983b4bd3d73f0a4d4ffbe56a00fe614d4c5f8e7","source_phase":0,"state":"held_contact","task_open":true,"ticks_msec":21367,"time_scale":1.0,"viewport":[1280,720]}
CURRENT_HALL_ART|OK|found magician shipping config
CURRENT_HALL_ART|OK|magician OperaAct.start
CURRENT_HALL_ART|OK|magician live career world
CURRENT_HALL_ART|OK|magician/practice task open
CURRENT_HALL_ART|OK|capture magician_practice_vanish_intro.png
CURRENT_HALL_ART|CAPTURE|{"animation_frame":2,"animation_state":"work","career":"magician","mode":"hold","origin":"configured_phase_shortcut","part":"practice","path":"C:\\Users\\Peter\\Documents\\mermaid-roshan-reef\\.worktrees\\minigame-art-dev-reconcile-20260905\\tmp\\current-hall-art-capture\\run02\\captures/magician_practice_vanish_intro.png","performance_part":"practice","phase":"vanish","phase_index":0,"phase_label":"VANISH","process_frames":96,"renderer":"mobile","sha256":"0aa3b6059bf124857c0de84253cd956974bf20aec7844f5ba79b328d6bb1c7b6","source_phase":0,"state":"intro","task_open":true,"ticks_msec":26632,"time_scale":1.0,"viewport":[1280,720]}
CURRENT_HALL_ART|OK|capture magician_practice_vanish_held_contact.png
CURRENT_HALL_ART|CAPTURE|{"animation_frame":3,"animation_state":"work","career":"magician","mode":"hold","origin":"live_gui_input_held","part":"practice","path":"C:\\Users\\Peter\\Documents\\mermaid-roshan-reef\\.worktrees\\minigame-art-dev-reconcile-20260905\\tmp\\current-hall-art-capture\\run02\\captures/magician_practice_vanish_held_contact.png","performance_part":"practice","phase":"vanish","phase_index":0,"phase_label":"VANISH","process_frames":100,"renderer":"mobile","sha256":"2d12ad5ed02fc02b8e45d5a345cdc16a2e30bbc8d3b8801ee73d5ded4273bb2f","source_phase":0,"state":"held_contact","task_open":true,"ticks_msec":27458,"time_scale":1.0,"viewport":[1280,720]}
CURRENT_HALL_ART|OK|capture magician_practice_vanish_phase_payoff.png
CURRENT_HALL_ART|CAPTURE|{"animation_frame":1,"animation_state":"cheer","career":"magician","mode":"hold","origin":"live_gui_input_completion","part":"practice","path":"C:\\Users\\Peter\\Documents\\mermaid-roshan-reef\\.worktrees\\minigame-art-dev-reconcile-20260905\\tmp\\current-hall-art-capture\\run02\\captures/magician_practice_vanish_phase_payoff.png","performance_part":"practice","phase":"vanish","phase_index":0,"phase_label":"VANISH","process_frames":144,"renderer":"mobile","sha256":"12565d31827c92a4979bc7b36c2a72c8e78ee7162d6aad80f942147fcde8ba34","source_phase":0,"state":"phase_payoff","task_open":true,"ticks_msec":33373,"time_scale":1.0,"viewport":[1280,720]}
CURRENT_HALL_ART|OK|magician/stage task open
CURRENT_HALL_ART|OK|capture magician_stage_vanish_intro.png
CURRENT_HALL_ART|CAPTURE|{"animation_frame":2,"animation_state":"work","career":"magician","mode":"hold","origin":"configured_phase_shortcut","part":"stage","path":"C:\\Users\\Peter\\Documents\\mermaid-roshan-reef\\.worktrees\\minigame-art-dev-reconcile-20260905\\tmp\\current-hall-art-capture\\run02\\captures/magician_stage_vanish_intro.png","performance_part":"stage","phase":"vanish","phase_index":3,"phase_label":"VANISH","process_frames":157,"renderer":"mobile","sha256":"958dc5eded88f3f6f59aaef7967a4ffe178953a53a7a6c30e10357d7f8ce9cfc","source_phase":0,"state":"intro","task_open":true,"ticks_msec":35213,"time_scale":1.0,"viewport":[1280,720]}
CURRENT_HALL_ART|OK|capture magician_stage_vanish_held_contact.png
CURRENT_HALL_ART|CAPTURE|{"animation_frame":3,"animation_state":"work","career":"magician","mode":"hold","origin":"live_gui_input_held","part":"stage","path":"C:\\Users\\Peter\\Documents\\mermaid-roshan-reef\\.worktrees\\minigame-art-dev-reconcile-20260905\\tmp\\current-hall-art-capture\\run02\\captures/magician_stage_vanish_held_contact.png","performance_part":"stage","phase":"vanish","phase_index":3,"phase_label":"VANISH","process_frames":161,"renderer":"mobile","sha256":"53fad80fd35a92eb2cf391e4334b1e53b5bb61871749857b0b08893b2049c883","source_phase":0,"state":"held_contact","task_open":true,"ticks_msec":35844,"time_scale":1.0,"viewport":[1280,720]}
CURRENT_HALL_ART|OK|capture magician_stage_vanish_phase_payoff.png
CURRENT_HALL_ART|CAPTURE|{"animation_frame":1,"animation_state":"cheer","career":"magician","mode":"hold","origin":"live_gui_input_completion","part":"stage","path":"C:\\Users\\Peter\\Documents\\mermaid-roshan-reef\\.worktrees\\minigame-art-dev-reconcile-20260905\\tmp\\current-hall-art-capture\\run02\\captures/magician_stage_vanish_phase_payoff.png","performance_part":"stage","phase":"vanish","phase_index":3,"phase_label":"VANISH","process_frames":204,"renderer":"mobile","sha256":"83c28a904e7f1ef52230a8d09c0eaa898d9a0c01ca9e9f059d60abe00a32417c","source_phase":0,"state":"phase_payoff","task_open":true,"ticks_msec":42378,"time_scale":1.0,"viewport":[1280,720]}
CURRENT_HALL_ART|OK|found popstar shipping config
CURRENT_HALL_ART|OK|popstar OperaAct.start
CURRENT_HALL_ART|OK|popstar live career world
CURRENT_HALL_ART|OK|popstar/practice task open
CURRENT_HALL_ART|OK|capture popstar_practice_sound_check_intro.png
CURRENT_HALL_ART|CAPTURE|{"animation_frame":2,"animation_state":"work","career":"popstar","mode":"hold","origin":"configured_phase_shortcut","part":"practice","path":"C:\\Users\\Peter\\Documents\\mermaid-roshan-reef\\.worktrees\\minigame-art-dev-reconcile-20260905\\tmp\\current-hall-art-capture\\run02\\captures/popstar_practice_sound_check_intro.png","performance_part":"practice","phase":"sound_check","phase_index":0,"phase_label":"SOUND CHECK","process_frames":225,"renderer":"mobile","sha256":"4aaeaad7884a450b8b7c70e25ebac66a96268fe925e8e96a4d67fb3f8f92760d","source_phase":0,"state":"intro","task_open":true,"ticks_msec":45351,"time_scale":1.0,"viewport":[1280,720]}
CURRENT_HALL_ART|OK|capture popstar_practice_sound_check_held_contact.png
CURRENT_HALL_ART|CAPTURE|{"animation_frame":3,"animation_state":"work","career":"popstar","mode":"hold","origin":"live_gui_input_held","part":"practice","path":"C:\\Users\\Peter\\Documents\\mermaid-roshan-reef\\.worktrees\\minigame-art-dev-reconcile-20260905\\tmp\\current-hall-art-capture\\run02\\captures/popstar_practice_sound_check_held_contact.png","performance_part":"practice","phase":"sound_check","phase_index":0,"phase_label":"SOUND CHECK","process_frames":229,"renderer":"mobile","sha256":"ec90c5b032bb05d798a2bcca53398794e1d2cc65045f220a700b5c1362f8ddf5","source_phase":0,"state":"held_contact","task_open":true,"ticks_msec":45964,"time_scale":1.0,"viewport":[1280,720]}
CURRENT_HALL_ART|OK|capture popstar_practice_sound_check_phase_payoff.png
CURRENT_HALL_ART|CAPTURE|{"animation_frame":0,"animation_state":"cheer","career":"popstar","mode":"hold","origin":"live_gui_input_completion","part":"practice","path":"C:\\Users\\Peter\\Documents\\mermaid-roshan-reef\\.worktrees\\minigame-art-dev-reconcile-20260905\\tmp\\current-hall-art-capture\\run02\\captures/popstar_practice_sound_check_phase_payoff.png","performance_part":"practice","phase":"sound_check","phase_index":0,"phase_label":"SOUND CHECK","process_frames":271,"renderer":"mobile","sha256":"17f407ee3a3b4b675f78c01f22ccfa675789fb51151282703d01f8b2422ba721","source_phase":0,"state":"phase_payoff","task_open":true,"ticks_msec":54572,"time_scale":1.0,"viewport":[1280,720]}
CURRENT_HALL_ART|OK|popstar/stage task open
CURRENT_HALL_ART|OK|capture popstar_stage_sound_check_intro.png
CURRENT_HALL_ART|CAPTURE|{"animation_frame":2,"animation_state":"work","career":"popstar","mode":"hold","origin":"configured_phase_shortcut","part":"stage","path":"C:\\Users\\Peter\\Documents\\mermaid-roshan-reef\\.worktrees\\minigame-art-dev-reconcile-20260905\\tmp\\current-hall-art-capture\\run02\\captures/popstar_stage_sound_check_intro.png","performance_part":"stage","phase":"sound_check","phase_index":3,"phase_label":"SOUND CHECK","process_frames":284,"renderer":"mobile","sha256":"c20b0c277e15aee2391c11b0ed30530de21630dcf6ea7a7bd50cfc5f3b752e06","source_phase":0,"state":"intro","task_open":true,"ticks_msec":56722,"time_scale":1.0,"viewport":[1280,720]}
CURRENT_HALL_ART|OK|capture popstar_stage_sound_check_held_contact.png
CURRENT_HALL_ART|CAPTURE|{"animation_frame":3,"animation_state":"work","career":"popstar","mode":"hold","origin":"live_gui_input_held","part":"stage","path":"C:\\Users\\Peter\\Documents\\mermaid-roshan-reef\\.worktrees\\minigame-art-dev-reconcile-20260905\\tmp\\current-hall-art-capture\\run02\\captures/popstar_stage_sound_check_held_contact.png","performance_part":"stage","phase":"sound_check","phase_index":3,"phase_label":"SOUND CHECK","process_frames":288,"renderer":"mobile","sha256":"1f4b0f2d09dcddc905e950d50c0d023ee5738013a742d849994aa6dae2249e93","source_phase":0,"state":"held_contact","task_open":true,"ticks_msec":57462,"time_scale":1.0,"viewport":[1280,720]}
CURRENT_HALL_ART|OK|capture popstar_stage_sound_check_phase_payoff.png
CURRENT_HALL_ART|CAPTURE|{"animation_frame":1,"animation_state":"cheer","career":"popstar","mode":"hold","origin":"live_gui_input_completion","part":"stage","path":"C:\\Users\\Peter\\Documents\\mermaid-roshan-reef\\.worktrees\\minigame-art-dev-reconcile-20260905\\tmp\\current-hall-art-capture\\run02\\captures/popstar_stage_sound_check_phase_payoff.png","performance_part":"stage","phase":"sound_check","phase_index":3,"phase_label":"SOUND CHECK","process_frames":332,"renderer":"mobile","sha256":"08ba7b2096c59a85d6541156686d1aad9b9391482365e27f725ae75347232d17","source_phase":0,"state":"phase_payoff","task_open":true,"ticks_msec":63554,"time_scale":1.0,"viewport":[1280,720]}
CURRENT_HALL_ART|OK|manifest opened
CURRENT_HALL_ART|RESULT|PASS|captures=16|unsupported=2|elapsed_ms=55748
