Godot Engine v4.7.2.stable.official.ed1daf0bf - https://godotengine.org
Vulkan 1.4.325 - Forward Mobile - Using Device #0: NVIDIA - NVIDIA GeForce RTX 3060 Ti

CURRENT_HALL_ART|OK|found ballerina shipping config
CURRENT_HALL_ART|OK|ballerina OperaAct.start
CURRENT_HALL_ART|OK|ballerina live career world
CURRENT_HALL_ART|OK|ballerina/practice task open
CURRENT_HALL_ART|OK|capture ballerina_practice_pearl_mirror_intro.png
CURRENT_HALL_ART|CAPTURE|{"animation_frame":3,"animation_state":"work","career":"ballerina","demo_active":true,"mode":"ballet_pose","origin":"configured_phase_shortcut","part":"practice","path":"C:\\Users\\Peter\\Documents\\mermaid-roshan-reef\\.worktrees\\minigame-art-dev-reconcile-20260905\\tmp\\current-hall-art-capture\\candidate05\\captures/ballerina_practice_pearl_mirror_intro.png","performance_part":"practice","phase":"pearl_mirror","phase_index":0,"phase_label":"PEARL MIRROR","pose_round":0,"process_frames":20,"renderer":"mobile","sha256":"86c2e66bfe506f01722820b9c13011352b254ea4a2353643e1ccc1510ed5be54","source_phase":0,"state":"intro","surface_held":false,"task_open":true,"ticks_msec":13796,"time_scale":1.0,"viewport":[1280,720]}
CURRENT_HALL_ART|OK|ballet demo released
CURRENT_HALL_ART|OK|ballet accepted correct option
CURRENT_HALL_ART|OK|capture ballerina_practice_pearl_mirror_held_contact.png
CURRENT_HALL_ART|CAPTURE|{"animation_frame":2,"animation_state":"work","career":"ballerina","demo_active":true,"mode":"ballet_pose","origin":"live_gui_input_held","part":"practice","path":"C:\\Users\\Peter\\Documents\\mermaid-roshan-reef\\.worktrees\\minigame-art-dev-reconcile-20260905\\tmp\\current-hall-art-capture\\candidate05\\captures/ballerina_practice_pearl_mirror_held_contact.png","performance_part":"practice","phase":"pearl_mirror","phase_index":0,"phase_label":"PEARL MIRROR","pose_round":1,"process_frames":37,"renderer":"mobile","sha256":"13147c4979def44c17afb682dd777535cf90d26fcf6fa230546e97d8b248a4a8","source_phase":0,"state":"held_contact","surface_held":true,"task_open":true,"ticks_msec":16341,"time_scale":1.0,"viewport":[1280,720]}
CURRENT_HALL_ART|OK|ballet demo released
CURRENT_HALL_ART|OK|ballet demo released
CURRENT_HALL_ART|OK|capture ballerina_practice_pearl_mirror_phase_payoff.png
CURRENT_HALL_ART|CAPTURE|{"animation_frame":1,"animation_state":"work","career":"ballerina","demo_active":false,"mode":"ballet_pose","origin":"live_gui_input_completion","part":"practice","path":"C:\\Users\\Peter\\Documents\\mermaid-roshan-reef\\.worktrees\\minigame-art-dev-reconcile-20260905\\tmp\\current-hall-art-capture\\candidate05\\captures/ballerina_practice_pearl_mirror_phase_payoff.png","performance_part":"practice","phase":"pearl_mirror","phase_index":0,"phase_label":"PEARL MIRROR","pose_round":3,"process_frames":75,"renderer":"mobile","sha256":"eaae55ca8cf297fedd69d4d925af8c4b1b2c96be2646e39f6900c68b0c2f6ccf","source_phase":0,"state":"phase_payoff","surface_held":true,"task_open":true,"ticks_msec":21700,"time_scale":1.0,"viewport":[1280,720]}
CURRENT_HALL_ART|OK|ballerina/stage task open
CURRENT_HALL_ART|OK|capture ballerina_stage_pearl_mirror_intro.png
CURRENT_HALL_ART|CAPTURE|{"animation_frame":3,"animation_state":"work","career":"ballerina","demo_active":true,"mode":"ballet_pose","origin":"configured_phase_shortcut","part":"stage","path":"C:\\Users\\Peter\\Documents\\mermaid-roshan-reef\\.worktrees\\minigame-art-dev-reconcile-20260905\\tmp\\current-hall-art-capture\\candidate05\\captures/ballerina_stage_pearl_mirror_intro.png","performance_part":"stage","phase":"pearl_mirror","phase_index":3,"phase_label":"PEARL MIRROR","pose_round":0,"process_frames":88,"renderer":"mobile","sha256":"f61b745c715fc50e693c926b796eeaa76ba534fd7ab0dbcbd96e4be18d6e8b00","source_phase":0,"state":"intro","surface_held":false,"task_open":true,"ticks_msec":23551,"time_scale":1.0,"viewport":[1280,720]}
CURRENT_HALL_ART|OK|ballet demo released
CURRENT_HALL_ART|OK|ballet accepted correct option
CURRENT_HALL_ART|OK|capture ballerina_stage_pearl_mirror_held_contact.png
CURRENT_HALL_ART|CAPTURE|{"animation_frame":2,"animation_state":"work","career":"ballerina","demo_active":true,"mode":"ballet_pose","origin":"live_gui_input_held","part":"stage","path":"C:\\Users\\Peter\\Documents\\mermaid-roshan-reef\\.worktrees\\minigame-art-dev-reconcile-20260905\\tmp\\current-hall-art-capture\\candidate05\\captures/ballerina_stage_pearl_mirror_held_contact.png","performance_part":"stage","phase":"pearl_mirror","phase_index":3,"phase_label":"PEARL MIRROR","pose_round":1,"process_frames":105,"renderer":"mobile","sha256":"fbdf156fd82c135965dbfc072a86d5e1621ffe37cfd8769c05fb682f7acf4394","source_phase":0,"state":"held_contact","surface_held":true,"task_open":true,"ticks_msec":25986,"time_scale":1.0,"viewport":[1280,720]}
CURRENT_HALL_ART|OK|ballet demo released
CURRENT_HALL_ART|OK|ballet demo released
CURRENT_HALL_ART|OK|capture ballerina_stage_pearl_mirror_phase_payoff.png
CURRENT_HALL_ART|CAPTURE|{"animation_frame":1,"animation_state":"work","career":"ballerina","demo_active":false,"mode":"ballet_pose","origin":"live_gui_input_completion","part":"stage","path":"C:\\Users\\Peter\\Documents\\mermaid-roshan-reef\\.worktrees\\minigame-art-dev-reconcile-20260905\\tmp\\current-hall-art-capture\\candidate05\\captures/ballerina_stage_pearl_mirror_phase_payoff.png","performance_part":"stage","phase":"pearl_mirror","phase_index":3,"phase_label":"PEARL MIRROR","pose_round":3,"process_frames":145,"renderer":"mobile","sha256":"a5099379f71c02b1c3baf6e249735f3114b2fac92ca13cc23d337fe224188ba4","source_phase":0,"state":"phase_payoff","surface_held":true,"task_open":true,"ticks_msec":32221,"time_scale":1.0,"viewport":[1280,720]}
CURRENT_HALL_ART|OK|found magician shipping config
CURRENT_HALL_ART|OK|magician OperaAct.start
CURRENT_HALL_ART|OK|magician live career world
CURRENT_HALL_ART|OK|magician/practice task open
CURRENT_HALL_ART|OK|capture magician_practice_vanish_intro.png
CURRENT_HALL_ART|CAPTURE|{"animation_frame":0,"animation_state":"work","career":"magician","demo_active":true,"mode":"hold","origin":"configured_phase_shortcut","part":"practice","path":"C:\\Users\\Peter\\Documents\\mermaid-roshan-reef\\.worktrees\\minigame-art-dev-reconcile-20260905\\tmp\\current-hall-art-capture\\candidate05\\captures/magician_practice_vanish_intro.png","performance_part":"practice","phase":"vanish","phase_index":0,"phase_label":"VANISH","pose_round":-1,"process_frames":167,"renderer":"mobile","sha256":"ab46d974b761ea5b7a96669e630df6d507f1815de194dd3fdf1e47cdc833156f","source_phase":0,"state":"intro","surface_held":false,"task_open":true,"ticks_msec":35263,"time_scale":1.0,"viewport":[1280,720]}
CURRENT_HALL_ART|OK|capture magician_practice_vanish_held_contact.png
CURRENT_HALL_ART|CAPTURE|{"animation_frame":0,"animation_state":"work","career":"magician","demo_active":false,"mode":"hold","origin":"live_gui_input_held","part":"practice","path":"C:\\Users\\Peter\\Documents\\mermaid-roshan-reef\\.worktrees\\minigame-art-dev-reconcile-20260905\\tmp\\current-hall-art-capture\\candidate05\\captures/magician_practice_vanish_held_contact.png","performance_part":"practice","phase":"vanish","phase_index":0,"phase_label":"VANISH","pose_round":-1,"process_frames":171,"renderer":"mobile","sha256":"fb6376a86bf5fa3ea2a6fbd43b9d7c938bccfa24a537f201a635e1033deefaf9","source_phase":0,"state":"held_contact","surface_held":true,"task_open":true,"ticks_msec":35935,"time_scale":1.0,"viewport":[1280,720]}
CURRENT_HALL_ART|OK|capture magician_practice_vanish_phase_payoff.png
CURRENT_HALL_ART|CAPTURE|{"animation_frame":0,"animation_state":"cheer","career":"magician","demo_active":false,"mode":"hold","origin":"live_gui_input_completion","part":"practice","path":"C:\\Users\\Peter\\Documents\\mermaid-roshan-reef\\.worktrees\\minigame-art-dev-reconcile-20260905\\tmp\\current-hall-art-capture\\candidate05\\captures/magician_practice_vanish_phase_payoff.png","performance_part":"practice","phase":"vanish","phase_index":0,"phase_label":"VANISH","pose_round":-1,"process_frames":216,"renderer":"mobile","sha256":"508293438918733af1044f7cdb738244aefb1bd44d7cf89be5b651596e22b3e5","source_phase":0,"state":"phase_payoff","surface_held":false,"task_open":true,"ticks_msec":41700,"time_scale":1.0,"viewport":[1280,720]}
CURRENT_HALL_ART|OK|magician/stage task open
CURRENT_HALL_ART|OK|capture magician_stage_vanish_intro.png
CURRENT_HALL_ART|CAPTURE|{"animation_frame":0,"animation_state":"work","career":"magician","demo_active":true,"mode":"hold","origin":"configured_phase_shortcut","part":"stage","path":"C:\\Users\\Peter\\Documents\\mermaid-roshan-reef\\.worktrees\\minigame-art-dev-reconcile-20260905\\tmp\\current-hall-art-capture\\candidate05\\captures/magician_stage_vanish_intro.png","performance_part":"stage","phase":"vanish","phase_index":3,"phase_label":"VANISH","pose_round":-1,"process_frames":229,"renderer":"mobile","sha256":"5ddd42b8aa88f8dd0946047268facf6fcd3d3aaba8b1b6012ff23e6e88751e3a","source_phase":0,"state":"intro","surface_held":false,"task_open":true,"ticks_msec":43486,"time_scale":1.0,"viewport":[1280,720]}
CURRENT_HALL_ART|OK|capture magician_stage_vanish_held_contact.png
CURRENT_HALL_ART|CAPTURE|{"animation_frame":0,"animation_state":"work","career":"magician","demo_active":false,"mode":"hold","origin":"live_gui_input_held","part":"stage","path":"C:\\Users\\Peter\\Documents\\mermaid-roshan-reef\\.worktrees\\minigame-art-dev-reconcile-20260905\\tmp\\current-hall-art-capture\\candidate05\\captures/magician_stage_vanish_held_contact.png","performance_part":"stage","phase":"vanish","phase_index":3,"phase_label":"VANISH","pose_round":-1,"process_frames":233,"renderer":"mobile","sha256":"267abdbcf1cf8276c7709393a1d7663b5bb8155f51f1b1bf2e08f142c98bbc43","source_phase":0,"state":"held_contact","surface_held":true,"task_open":true,"ticks_msec":44145,"time_scale":1.0,"viewport":[1280,720]}
CURRENT_HALL_ART|OK|capture magician_stage_vanish_phase_payoff.png
CURRENT_HALL_ART|CAPTURE|{"animation_frame":0,"animation_state":"cheer","career":"magician","demo_active":false,"mode":"hold","origin":"live_gui_input_completion","part":"stage","path":"C:\\Users\\Peter\\Documents\\mermaid-roshan-reef\\.worktrees\\minigame-art-dev-reconcile-20260905\\tmp\\current-hall-art-capture\\candidate05\\captures/magician_stage_vanish_phase_payoff.png","performance_part":"stage","phase":"vanish","phase_index":3,"phase_label":"VANISH","pose_round":-1,"process_frames":277,"renderer":"mobile","sha256":"038518970d55e49d83e9a2a697cf5a404109cb0016ed13239e12649687aa9ba2","source_phase":0,"state":"phase_payoff","surface_held":false,"task_open":true,"ticks_msec":51266,"time_scale":1.0,"viewport":[1280,720]}
CURRENT_HALL_ART|OK|found popstar shipping config
CURRENT_HALL_ART|OK|popstar OperaAct.start
CURRENT_HALL_ART|OK|popstar live career world
CURRENT_HALL_ART|OK|popstar/practice task open
CURRENT_HALL_ART|OK|capture popstar_practice_sound_check_intro.png
CURRENT_HALL_ART|CAPTURE|{"animation_frame":2,"animation_state":"work","career":"popstar","demo_active":true,"mode":"hold","origin":"configured_phase_shortcut","part":"practice","path":"C:\\Users\\Peter\\Documents\\mermaid-roshan-reef\\.worktrees\\minigame-art-dev-reconcile-20260905\\tmp\\current-hall-art-capture\\candidate05\\captures/popstar_practice_sound_check_intro.png","performance_part":"practice","phase":"sound_check","phase_index":0,"phase_label":"SOUND CHECK","pose_round":-1,"process_frames":300,"renderer":"mobile","sha256":"c3b544388f1ddd83f4ca381089fdf1e75e7a5f649054a9413bd7d79df9388bf6","source_phase":0,"state":"intro","surface_held":false,"task_open":true,"ticks_msec":54469,"time_scale":1.0,"viewport":[1280,720]}
CURRENT_HALL_ART|OK|capture popstar_practice_sound_check_held_contact.png
CURRENT_HALL_ART|CAPTURE|{"animation_frame":3,"animation_state":"work","career":"popstar","demo_active":false,"mode":"hold","origin":"live_gui_input_held","part":"practice","path":"C:\\Users\\Peter\\Documents\\mermaid-roshan-reef\\.worktrees\\minigame-art-dev-reconcile-20260905\\tmp\\current-hall-art-capture\\candidate05\\captures/popstar_practice_sound_check_held_contact.png","performance_part":"practice","phase":"sound_check","phase_index":0,"phase_label":"SOUND CHECK","pose_round":-1,"process_frames":304,"renderer":"mobile","sha256":"3169b0944e986056fedbe08413bb235c0ab4ad835ddb875f5481baa31058384e","source_phase":0,"state":"held_contact","surface_held":true,"task_open":true,"ticks_msec":55210,"time_scale":1.0,"viewport":[1280,720]}
CURRENT_HALL_ART|OK|capture popstar_practice_sound_check_phase_payoff.png
CURRENT_HALL_ART|CAPTURE|{"animation_frame":1,"animation_state":"cheer","career":"popstar","demo_active":false,"mode":"hold","origin":"live_gui_input_completion","part":"practice","path":"C:\\Users\\Peter\\Documents\\mermaid-roshan-reef\\.worktrees\\minigame-art-dev-reconcile-20260905\\tmp\\current-hall-art-capture\\candidate05\\captures/popstar_practice_sound_check_phase_payoff.png","performance_part":"practice","phase":"sound_check","phase_index":0,"phase_label":"SOUND CHECK","pose_round":-1,"process_frames":346,"renderer":"mobile","sha256":"a0b7162176630e6448da8d53418e480eb5f801b220d64fe8f38e2a963262ebed","source_phase":0,"state":"phase_payoff","surface_held":false,"task_open":true,"ticks_msec":61369,"time_scale":1.0,"viewport":[1280,720]}
CURRENT_HALL_ART|OK|popstar/stage task open
CURRENT_HALL_ART|OK|capture popstar_stage_sound_check_intro.png
CURRENT_HALL_ART|CAPTURE|{"animation_frame":2,"animation_state":"work","career":"popstar","demo_active":true,"mode":"hold","origin":"configured_phase_shortcut","part":"stage","path":"C:\\Users\\Peter\\Documents\\mermaid-roshan-reef\\.worktrees\\minigame-art-dev-reconcile-20260905\\tmp\\current-hall-art-capture\\candidate05\\captures/popstar_stage_sound_check_intro.png","performance_part":"stage","phase":"sound_check","phase_index":3,"phase_label":"SOUND CHECK","pose_round":-1,"process_frames":359,"renderer":"mobile","sha256":"f49088f25d28edceb125c9602818c27c5e7809b03366640ae5897d3e707bcad7","source_phase":0,"state":"intro","surface_held":false,"task_open":true,"ticks_msec":63251,"time_scale":1.0,"viewport":[1280,720]}
CURRENT_HALL_ART|OK|capture popstar_stage_sound_check_held_contact.png
CURRENT_HALL_ART|CAPTURE|{"animation_frame":3,"animation_state":"work","career":"popstar","demo_active":false,"mode":"hold","origin":"live_gui_input_held","part":"stage","path":"C:\\Users\\Peter\\Documents\\mermaid-roshan-reef\\.worktrees\\minigame-art-dev-reconcile-20260905\\tmp\\current-hall-art-capture\\candidate05\\captures/popstar_stage_sound_check_held_contact.png","performance_part":"stage","phase":"sound_check","phase_index":3,"phase_label":"SOUND CHECK","pose_round":-1,"process_frames":363,"renderer":"mobile","sha256":"1be6596cf2f62863a45b32bea59a011a4d6e446c59fe278c4b2683c8672eaa2e","source_phase":0,"state":"held_contact","surface_held":true,"task_open":true,"ticks_msec":64135,"time_scale":1.0,"viewport":[1280,720]}
CURRENT_HALL_ART|OK|capture popstar_stage_sound_check_phase_payoff.png
CURRENT_HALL_ART|CAPTURE|{"animation_frame":0,"animation_state":"cheer","career":"popstar","demo_active":false,"mode":"hold","origin":"live_gui_input_completion","part":"stage","path":"C:\\Users\\Peter\\Documents\\mermaid-roshan-reef\\.worktrees\\minigame-art-dev-reconcile-20260905\\tmp\\current-hall-art-capture\\candidate05\\captures/popstar_stage_sound_check_phase_payoff.png","performance_part":"stage","phase":"sound_check","phase_index":3,"phase_label":"SOUND CHECK","pose_round":-1,"process_frames":409,"renderer":"mobile","sha256":"e1d3fba46e941fba28cccbacbc2c0a34eb81deddeeac97390e05f5c31ffee8b0","source_phase":0,"state":"phase_payoff","surface_held":false,"task_open":true,"ticks_msec":70058,"time_scale":1.0,"viewport":[1280,720]}
CURRENT_HALL_ART|OK|manifest opened
CURRENT_HALL_ART|RESULT|PASS|captures=18|unsupported=0|elapsed_ms=63357
