Godot Engine v4.7.2.stable.official.ed1daf0bf - https://godotengine.org

THRONE|hall_open|OK|main_hall
THRONE|royal_hall_hotspot_built|OK|
THRONE|royal_hall_offscreen_at_spawn|OK|she starts two screens away from it
THRONE|floor_tap_walks_her|OK|foot 380 -> 900
THRONE|walking_brings_royal_hall_on_screen|OK|5 floor taps, foot=2615
THRONE|royal_hall_hitbox_is_child_sized|OK|(267.9426, 359.8086)
THRONE|locked_royal_hall_has_five_mist_cards|OK|
THRONE|locked_royal_hall_tap_reaches_real_button|OK|
THRONE|locked_mist_visibly_flutters|OK|feedback=true flutter=0.64 moved=true mist=5
THRONE|locked_gate_has_spoken_feedback|OK|voice_i=1->2 stream=res://assets/audio/voices/filler_v1/roshan_castle_mist_resting.ogg caption=The royal mist is resting. It will float away for a special royal adventure!
THRONE|locked_gate_does_not_award_or_open_picker|OK|crown=false picker=false mist=5 sfx=res://assets/audio/castle/curtain_swish.ogg
THRONE|generation_contract_incumbent_arms|OK|
THRONE|invalid_arm_preserves_incumbent|OK|token=1 current=1 id=probe_same_id
THRONE|same_id_event_rearms|OK|
THRONE|stale_same_id_clear_fails|OK|stale=1 current=2
THRONE|current_generation_clear_works|OK|
THRONE|crown_event_clears_royal_hall_mist|OK|event=crown_welcome mist=0
THRONE|touch_awards_crown_star|OK|
THRONE|royal_hall_offers_a_stuffie_friend|OK|companion_id=
THRONE|picker_closed|OK|
THRONE|royal_hall_re_offers_after_a_closed_picker|OK|
THRONE|combat_tutorial_follows_crown_and_companion|OK|
THRONE|mist_returns_after_first_combat_class|OK|
THRONE|no_re_offer_once_she_has_a_friend|OK|companion_id=eagle
THRONE|crown_progress_remains_recorded|OK|
THRONE|rapid_double_event_arms|OK|
THRONE|rapid_double_tap_preserves_callback_rearm|OK|first=1 next=0 token=6 pending=false
THRONE|rapid_double_rearm_can_be_cleared_by_owner|OK|
THRONE|menu_cancel_event_arms|OK|
THRONE|global_back_cancels_arrival_and_preserves_event|OK|open=false calls=0 pending=false token=8
THRONE|menu_cancel_owner_clears_event|OK|
THRONE|navigation_cancel_event_arms|OK|
THRONE|navigating_away_cancels_arrival_and_preserves_event|OK|room=library approach=true calls=0 pending=false id=probe_navigation_cancel token=10 expected=10 callable=true
THRONE|global_room_back_returns_to_hall|OK|
THRONE|room_back_returns_to_main_hall|OK|main_hall
THRONE|navigation_cancel_owner_clears_event|OK|
THRONE|reopen_event_arms|OK|
THRONE|real_back_closes_hall_but_preserves_event|OK|open=false token=12
THRONE|reopen_preserves_armed_event|OK|room=main_hall token=12
THRONE|reopened_event_can_be_cleared_by_same_owner|OK|
THRONE|floor_tap_walks_her_in_a_room_too|OK|foot 640 -> 920
THRONE|galaxy_running|OK|game=galaxy
THRONE|moon_throne_crowns_the_star_princess|OK|
THRONE|done: ALL OK
