Godot Engine v4.7.2.stable.official.ed1daf0bf - https://godotengine.org

DAY_ONE_HANDOFFS|mermaid_pool handoff builds: OK
DAY_ONE_HANDOFFS|mermaid_pool card visible and opaque: OK
DAY_ONE_HANDOFFS|mermaid_pool target intersects view: OK
DAY_ONE_HANDOFFS|mermaid_pool target is actionable and unobscured: OK
DAY_ONE_HANDOFFS|mermaid_pool actual preview fits entirely inside its card: FAIL
DAY_ONE_HANDOFFS|mermaid_pool pointer is visible and nonzero alpha: OK
DAY_ONE_HANDOFFS|mermaid_pool exact voice is same-frame: OK
DAY_ONE_HANDOFFS|playroom handoff builds: OK
DAY_ONE_HANDOFFS|playroom card visible and opaque: OK
DAY_ONE_HANDOFFS|playroom target intersects view: OK
DAY_ONE_HANDOFFS|playroom target is actionable and unobscured: OK
DAY_ONE_HANDOFFS|playroom actual preview fits entirely inside its card: FAIL
DAY_ONE_HANDOFFS|playroom pointer is visible and nonzero alpha: OK
DAY_ONE_HANDOFFS|playroom exact voice is same-frame: OK
DAY_ONE_HANDOFFS|craft_room handoff builds: OK
DAY_ONE_HANDOFFS|craft_room card visible and opaque: OK
DAY_ONE_HANDOFFS|craft_room target intersects view: OK
DAY_ONE_HANDOFFS|craft_room target is actionable and unobscured: OK
DAY_ONE_HANDOFFS|craft_room actual preview fits entirely inside its card: FAIL
DAY_ONE_HANDOFFS|craft_room pointer is visible and nonzero alpha: OK
DAY_ONE_HANDOFFS|craft_room exact voice is same-frame: OK
DAY_ONE_HANDOFFS|__royal_hall handoff builds: OK
DAY_ONE_HANDOFFS|__royal_hall card visible and opaque: OK
DAY_ONE_HANDOFFS|__royal_hall target intersects view: OK
DAY_ONE_HANDOFFS|__royal_hall target is actionable and unobscured: OK
DAY_ONE_HANDOFFS|__royal_hall actual preview fits entirely inside its card: FAIL
DAY_ONE_HANDOFFS|__royal_hall pointer is visible and nonzero alpha: OK
DAY_ONE_HANDOFFS|__royal_hall exact voice is same-frame: OK
DAY_ONE_HANDOFFS|RESULT: FAIL failures=4
