WorkerThreadPool: 12 threads, 3 max low-priority.
Godot Engine v4.7.2.stable.official.ed1daf0bf - https://godotengine.org
TextServer: Added interface "Dummy"
TextServer: Added interface "ICU / HarfBuzz / Graphite (Built-in)"
Using "default" pen tablet driver...

TextServer: Primary interface set to: "ICU / HarfBuzz / Graphite (Built-in)".
Loading resource: res://default_bus_layout.tres remapped: res://default_bus_layout.tres
Completed load for: 'res://default_bus_layout.tres' remapped 'res://default_bus_layout.tres' at thread -1
CORE API HASH: 2004498165
EDITOR API HASH: 1696660745
Loading resource: res://scripts/probe_opera_nursery.gd remapped: res://scripts/probe_opera_nursery.gd
Loading resource: res://shaders/castle_fixture_bloom.gdshader remapped: res://shaders/castle_fixture_bloom.gdshader
Completed load for: 'res://shaders/castle_fixture_bloom.gdshader' remapped 'res://shaders/castle_fixture_bloom.gdshader' at thread -1
Loading resource: res://assets/characters/roshan_25d/roshan_directional.png remapped: res://assets/characters/roshan_25d/roshan_directional.png
Loading resource: res://.godot/imported/roshan_directional.png-d625ae71ef68ca7b79f00f48e0d76cbb.s3tc.ctex remapped: res://.godot/imported/roshan_directional.png-d625ae71ef68ca7b79f00f48e0d76cbb.s3tc.ctex
Completed load for: 'res://assets/characters/roshan_25d/roshan_directional.png' remapped 'res://assets/characters/roshan_25d/roshan_directional.png' at thread -1
Loading resource: res://assets/characters/roshan_25d/roshan_swim_front.png remapped: res://assets/characters/roshan_25d/roshan_swim_front.png
Loading resource: res://.godot/imported/roshan_swim_front.png-42175e9e171cd7007cff3a9ae801e389.s3tc.ctex remapped: res://.godot/imported/roshan_swim_front.png-42175e9e171cd7007cff3a9ae801e389.s3tc.ctex
Completed load for: 'res://assets/characters/roshan_25d/roshan_swim_front.png' remapped 'res://assets/characters/roshan_25d/roshan_swim_front.png' at thread -1
Loading resource: res://assets/characters/roshan_25d/roshan_swim_back.png remapped: res://assets/characters/roshan_25d/roshan_swim_back.png
Loading resource: res://.godot/imported/roshan_swim_back.png-e93afa07bbddede1e856e92c5cdc462a.s3tc.ctex remapped: res://.godot/imported/roshan_swim_back.png-e93afa07bbddede1e856e92c5cdc462a.s3tc.ctex
Completed load for: 'res://assets/characters/roshan_25d/roshan_swim_back.png' remapped 'res://assets/characters/roshan_25d/roshan_swim_back.png' at thread -1
Loading resource: res://assets/flats/castle/rooms/room_actor_shadow.png remapped: res://assets/flats/castle/rooms/room_actor_shadow.png
Loading resource: res://.godot/imported/room_actor_shadow.png-f1d04727dc138f663653a3117bb0a06a.s3tc.ctex remapped: res://.godot/imported/room_actor_shadow.png-f1d04727dc138f663653a3117bb0a06a.s3tc.ctex
Completed load for: 'res://assets/flats/castle/rooms/room_actor_shadow.png' remapped 'res://assets/flats/castle/rooms/room_actor_shadow.png' at thread -1
Loading resource: res://assets/castle/dirty_cleanup_2d/effects/fx_soap_bubbles.png remapped: res://assets/castle/dirty_cleanup_2d/effects/fx_soap_bubbles.png
Loading resource: res://.godot/imported/fx_soap_bubbles.png-8f04cce33abb3c3312d7afe57e1021e1.ctex remapped: res://.godot/imported/fx_soap_bubbles.png-8f04cce33abb3c3312d7afe57e1021e1.ctex
Completed load for: 'res://assets/castle/dirty_cleanup_2d/effects/fx_soap_bubbles.png' remapped 'res://assets/castle/dirty_cleanup_2d/effects/fx_soap_bubbles.png' at thread -1
Loading resource: res://assets/shaders/castle_fixture_water.gdshader remapped: res://assets/shaders/castle_fixture_water.gdshader
Completed load for: 'res://assets/shaders/castle_fixture_water.gdshader' remapped 'res://assets/shaders/castle_fixture_water.gdshader' at thread -1
Loading resource: res://assets/terrain/up_water_nrm.jpg remapped: res://assets/terrain/up_water_nrm.jpg
Loading resource: res://.godot/imported/up_water_nrm.jpg-17f81a1afbb895061d198f7cd6fac5ca.ctex remapped: res://.godot/imported/up_water_nrm.jpg-17f81a1afbb895061d198f7cd6fac5ca.ctex
Completed load for: 'res://assets/terrain/up_water_nrm.jpg' remapped 'res://assets/terrain/up_water_nrm.jpg' at thread -1
Loading resource: res://assets/terrain/caustics.png remapped: res://assets/terrain/caustics.png
Loading resource: res://.godot/imported/caustics.png-3a5cbbf4f913abf47849e57640465f02.s3tc.ctex remapped: res://.godot/imported/caustics.png-3a5cbbf4f913abf47849e57640465f02.s3tc.ctex
Completed load for: 'res://assets/terrain/caustics.png' remapped 'res://assets/terrain/caustics.png' at thread -1
Loading resource: res://assets/sprites/fx_water/fx_water_bubble_burst_atlas.png remapped: res://assets/sprites/fx_water/fx_water_bubble_burst_atlas.png
Loading resource: res://.godot/imported/fx_water_bubble_burst_atlas.png-6756054a8ce0da3a133c2d2926db3fe9.s3tc.ctex remapped: res://.godot/imported/fx_water_bubble_burst_atlas.png-6756054a8ce0da3a133c2d2926db3fe9.s3tc.ctex
Completed load for: 'res://assets/sprites/fx_water/fx_water_bubble_burst_atlas.png' remapped 'res://assets/sprites/fx_water/fx_water_bubble_burst_atlas.png' at thread -1
Loading resource: res://assets/sprites/fx_water/fx_water_splash_medium_atlas.png remapped: res://assets/sprites/fx_water/fx_water_splash_medium_atlas.png
Loading resource: res://.godot/imported/fx_water_splash_medium_atlas.png-e51a9350ed55a41c49ea3d00f22151f4.s3tc.ctex remapped: res://.godot/imported/fx_water_splash_medium_atlas.png-e51a9350ed55a41c49ea3d00f22151f4.s3tc.ctex
Completed load for: 'res://assets/sprites/fx_water/fx_water_splash_medium_atlas.png' remapped 'res://assets/sprites/fx_water/fx_water_splash_medium_atlas.png' at thread -1
Loading resource: res://assets/flats/castle/logo_studio_v2/castle_banner_pink.png remapped: res://assets/flats/castle/logo_studio_v2/castle_banner_pink.png
Loading resource: res://.godot/imported/castle_banner_pink.png-1f07d5f169916030a25ffc843a00a097.ctex remapped: res://.godot/imported/castle_banner_pink.png-1f07d5f169916030a25ffc843a00a097.ctex
Completed load for: 'res://assets/flats/castle/logo_studio_v2/castle_banner_pink.png' remapped 'res://assets/flats/castle/logo_studio_v2/castle_banner_pink.png' at thread -1
Loading resource: res://assets/flats/castle/logo_studio_v2/castle_banner_gold.png remapped: res://assets/flats/castle/logo_studio_v2/castle_banner_gold.png
Loading resource: res://.godot/imported/castle_banner_gold.png-5442446e7bc3ba706d422fcbb4922333.ctex remapped: res://.godot/imported/castle_banner_gold.png-5442446e7bc3ba706d422fcbb4922333.ctex
Completed load for: 'res://assets/flats/castle/logo_studio_v2/castle_banner_gold.png' remapped 'res://assets/flats/castle/logo_studio_v2/castle_banner_gold.png' at thread -1
Loading resource: res://assets/flats/castle/logo_studio_v2/castle_banner_mint.png remapped: res://assets/flats/castle/logo_studio_v2/castle_banner_mint.png
Loading resource: res://.godot/imported/castle_banner_mint.png-1bd0912452535d09563f5821ab572aa1.ctex remapped: res://.godot/imported/castle_banner_mint.png-1bd0912452535d09563f5821ab572aa1.ctex
Completed load for: 'res://assets/flats/castle/logo_studio_v2/castle_banner_mint.png' remapped 'res://assets/flats/castle/logo_studio_v2/castle_banner_mint.png' at thread -1
Loading resource: res://assets/flats/castle/logo_studio_v2/castle_banner_ocean.png remapped: res://assets/flats/castle/logo_studio_v2/castle_banner_ocean.png
Loading resource: res://.godot/imported/castle_banner_ocean.png-b4870497f6aa7ef8fd0fa9b03a7817e1.ctex remapped: res://.godot/imported/castle_banner_ocean.png-b4870497f6aa7ef8fd0fa9b03a7817e1.ctex
Completed load for: 'res://assets/flats/castle/logo_studio_v2/castle_banner_ocean.png' remapped 'res://assets/flats/castle/logo_studio_v2/castle_banner_ocean.png' at thread -1
Loading resource: res://assets/flats/castle/logo_studio_v2/castle_banner_purple.png remapped: res://assets/flats/castle/logo_studio_v2/castle_banner_purple.png
Loading resource: res://.godot/imported/castle_banner_purple.png-a711c2ef7be4134e857e2b0804f886f4.ctex remapped: res://.godot/imported/castle_banner_purple.png-a711c2ef7be4134e857e2b0804f886f4.ctex
Completed load for: 'res://assets/flats/castle/logo_studio_v2/castle_banner_purple.png' remapped 'res://assets/flats/castle/logo_studio_v2/castle_banner_purple.png' at thread -1
Loading resource: res://assets/flats/castle/logo_studio_v2/castle_banner_rainbow.png remapped: res://assets/flats/castle/logo_studio_v2/castle_banner_rainbow.png
Loading resource: res://.godot/imported/castle_banner_rainbow.png-51987bbcab3d63a5e6b8856c39d3e1f5.ctex remapped: res://.godot/imported/castle_banner_rainbow.png-51987bbcab3d63a5e6b8856c39d3e1f5.ctex
Completed load for: 'res://assets/flats/castle/logo_studio_v2/castle_banner_rainbow.png' remapped 'res://assets/flats/castle/logo_studio_v2/castle_banner_rainbow.png' at thread -1
Loading resource: res://assets/flats/castle/logo_studio_v2/castle_banner_motif_rainbow.png remapped: res://assets/flats/castle/logo_studio_v2/castle_banner_motif_rainbow.png
Loading resource: res://.godot/imported/castle_banner_motif_rainbow.png-7d37c39c57d9145c1662a600706a0215.ctex remapped: res://.godot/imported/castle_banner_motif_rainbow.png-7d37c39c57d9145c1662a600706a0215.ctex
Completed load for: 'res://assets/flats/castle/logo_studio_v2/castle_banner_motif_rainbow.png' remapped 'res://assets/flats/castle/logo_studio_v2/castle_banner_motif_rainbow.png' at thread -1
Loading resource: res://assets/flats/castle/logo_studio_v2/castle_banner_motif_shell.png remapped: res://assets/flats/castle/logo_studio_v2/castle_banner_motif_shell.png
Loading resource: res://.godot/imported/castle_banner_motif_shell.png-2ded8f0554ad78cbf31ed04692a2e95a.ctex remapped: res://.godot/imported/castle_banner_motif_shell.png-2ded8f0554ad78cbf31ed04692a2e95a.ctex
Completed load for: 'res://assets/flats/castle/logo_studio_v2/castle_banner_motif_shell.png' remapped 'res://assets/flats/castle/logo_studio_v2/castle_banner_motif_shell.png' at thread -1
Loading resource: res://assets/flats/castle/logo_studio_v2/castle_banner_motif_kitty.png remapped: res://assets/flats/castle/logo_studio_v2/castle_banner_motif_kitty.png
Loading resource: res://.godot/imported/castle_banner_motif_kitty.png-476ecb445ef20b8f0ee562bf74ffc1f3.ctex remapped: res://.godot/imported/castle_banner_motif_kitty.png-476ecb445ef20b8f0ee562bf74ffc1f3.ctex
Completed load for: 'res://assets/flats/castle/logo_studio_v2/castle_banner_motif_kitty.png' remapped 'res://assets/flats/castle/logo_studio_v2/castle_banner_motif_kitty.png' at thread -1
Loading resource: res://assets/flats/castle/logo_studio_v2/castle_banner_motif_dog.png remapped: res://assets/flats/castle/logo_studio_v2/castle_banner_motif_dog.png
Loading resource: res://.godot/imported/castle_banner_motif_dog.png-f60e00a475feefbed7e6b7b03314b4e3.ctex remapped: res://.godot/imported/castle_banner_motif_dog.png-f60e00a475feefbed7e6b7b03314b4e3.ctex
Completed load for: 'res://assets/flats/castle/logo_studio_v2/castle_banner_motif_dog.png' remapped 'res://assets/flats/castle/logo_studio_v2/castle_banner_motif_dog.png' at thread -1
Loading resource: res://assets/flats/castle/logo_studio_v2/castle_banner_motif_star.png remapped: res://assets/flats/castle/logo_studio_v2/castle_banner_motif_star.png
Loading resource: res://.godot/imported/castle_banner_motif_star.png-c2920063905028bbe428c242038dc858.ctex remapped: res://.godot/imported/castle_banner_motif_star.png-c2920063905028bbe428c242038dc858.ctex
Completed load for: 'res://assets/flats/castle/logo_studio_v2/castle_banner_motif_star.png' remapped 'res://assets/flats/castle/logo_studio_v2/castle_banner_motif_star.png' at thread -1
Loading resource: res://assets/flats/castle/logo_studio_v2/castle_banner_motif_heart.png remapped: res://assets/flats/castle/logo_studio_v2/castle_banner_motif_heart.png
Loading resource: res://.godot/imported/castle_banner_motif_heart.png-1e2c41e7d0fee88319aa5e07bebb840c.ctex remapped: res://.godot/imported/castle_banner_motif_heart.png-1e2c41e7d0fee88319aa5e07bebb840c.ctex
Completed load for: 'res://assets/flats/castle/logo_studio_v2/castle_banner_motif_heart.png' remapped 'res://assets/flats/castle/logo_studio_v2/castle_banner_motif_heart.png' at thread -1
Loading resource: res://assets/flats/castle/logo_studio_v2/castle_banner_motif_crown.png remapped: res://assets/flats/castle/logo_studio_v2/castle_banner_motif_crown.png
Loading resource: res://.godot/imported/castle_banner_motif_crown.png-a6e77f1d9ed0122ac2aa4567a6832a08.ctex remapped: res://.godot/imported/castle_banner_motif_crown.png-a6e77f1d9ed0122ac2aa4567a6832a08.ctex
Completed load for: 'res://assets/flats/castle/logo_studio_v2/castle_banner_motif_crown.png' remapped 'res://assets/flats/castle/logo_studio_v2/castle_banner_motif_crown.png' at thread -1
Loading resource: res://assets/flats/castle/logo_studio_v2/castle_banner_motif_butterfly.png remapped: res://assets/flats/castle/logo_studio_v2/castle_banner_motif_butterfly.png
Loading resource: res://.godot/imported/castle_banner_motif_butterfly.png-862a1cf8dacc6daab2058d435ea0ad5f.ctex remapped: res://.godot/imported/castle_banner_motif_butterfly.png-862a1cf8dacc6daab2058d435ea0ad5f.ctex
Completed load for: 'res://assets/flats/castle/logo_studio_v2/castle_banner_motif_butterfly.png' remapped 'res://assets/flats/castle/logo_studio_v2/castle_banner_motif_butterfly.png' at thread -1
Loading resource: res://assets/castle/training/ghost_hand.png remapped: res://assets/castle/training/ghost_hand.png
Loading resource: res://.godot/imported/ghost_hand.png-1de3e3644c9a46e5892c5a8fa86dad01.ctex remapped: res://.godot/imported/ghost_hand.png-1de3e3644c9a46e5892c5a8fa86dad01.ctex
Completed load for: 'res://assets/castle/training/ghost_hand.png' remapped 'res://assets/castle/training/ghost_hand.png' at thread -1
Loading resource: res://assets/ui/boot_splash_mermaid_roshan.png remapped: res://assets/ui/boot_splash_mermaid_roshan.png
Loading resource: res://.godot/imported/boot_splash_mermaid_roshan.png-b4f76f82b4095448b9258c74830dd0bf.ctex remapped: res://.godot/imported/boot_splash_mermaid_roshan.png-b4f76f82b4095448b9258c74830dd0bf.ctex
Completed load for: 'res://assets/ui/boot_splash_mermaid_roshan.png' remapped 'res://assets/ui/boot_splash_mermaid_roshan.png' at thread -1
Loading resource: res://assets/castle/day_one_art_studio/magic_cleaning_brush.png remapped: res://assets/castle/day_one_art_studio/magic_cleaning_brush.png
Loading resource: res://.godot/imported/magic_cleaning_brush.png-9aab3d5c1cf900b3b09e19eacb3d842d.ctex remapped: res://.godot/imported/magic_cleaning_brush.png-9aab3d5c1cf900b3b09e19eacb3d842d.ctex
Completed load for: 'res://assets/castle/day_one_art_studio/magic_cleaning_brush.png' remapped 'res://assets/castle/day_one_art_studio/magic_cleaning_brush.png' at thread -1
Loading resource: res://assets/castle/day_one_art_studio/loose_brush_bundle.png remapped: res://assets/castle/day_one_art_studio/loose_brush_bundle.png
Loading resource: res://.godot/imported/loose_brush_bundle.png-864136367585f2d9d14d7d1e8b20b7c8.ctex remapped: res://.godot/imported/loose_brush_bundle.png-864136367585f2d9d14d7d1e8b20b7c8.ctex
Completed load for: 'res://assets/castle/day_one_art_studio/loose_brush_bundle.png' remapped 'res://assets/castle/day_one_art_studio/loose_brush_bundle.png' at thread -1
Loading resource: res://assets/castle/day_one_art_studio/paint_bottle_pink.png remapped: res://assets/castle/day_one_art_studio/paint_bottle_pink.png
Loading resource: res://.godot/imported/paint_bottle_pink.png-c543c4d9f1f567c443e165a9fa714da8.ctex remapped: res://.godot/imported/paint_bottle_pink.png-c543c4d9f1f567c443e165a9fa714da8.ctex
Completed load for: 'res://assets/castle/day_one_art_studio/paint_bottle_pink.png' remapped 'res://assets/castle/day_one_art_studio/paint_bottle_pink.png' at thread -1
Loading resource: res://assets/castle/day_one_art_studio/paint_bottle_blue.png remapped: res://assets/castle/day_one_art_studio/paint_bottle_blue.png
Loading resource: res://.godot/imported/paint_bottle_blue.png-5095790b8453a9b3e2ea954bc927e605.ctex remapped: res://.godot/imported/paint_bottle_blue.png-5095790b8453a9b3e2ea954bc927e605.ctex
Completed load for: 'res://assets/castle/day_one_art_studio/paint_bottle_blue.png' remapped 'res://assets/castle/day_one_art_studio/paint_bottle_blue.png' at thread -1
Loading resource: res://assets/castle/day_one_art_studio/paint_cups.png remapped: res://assets/castle/day_one_art_studio/paint_cups.png
Loading resource: res://.godot/imported/paint_cups.png-100570cd9a806d4462c301ca08769707.ctex remapped: res://.godot/imported/paint_cups.png-100570cd9a806d4462c301ca08769707.ctex
Completed load for: 'res://assets/castle/day_one_art_studio/paint_cups.png' remapped 'res://assets/castle/day_one_art_studio/paint_cups.png' at thread -1
Loading resource: res://assets/castle/day_one_art_studio/grime_left.png remapped: res://assets/castle/day_one_art_studio/grime_left.png
Loading resource: res://.godot/imported/grime_left.png-9b85fce9291a82cc7fa602186defdc14.ctex remapped: res://.godot/imported/grime_left.png-9b85fce9291a82cc7fa602186defdc14.ctex
Completed load for: 'res://assets/castle/day_one_art_studio/grime_left.png' remapped 'res://assets/castle/day_one_art_studio/grime_left.png' at thread -1
Loading resource: res://assets/castle/day_one_art_studio/grime_desk.png remapped: res://assets/castle/day_one_art_studio/grime_desk.png
Loading resource: res://.godot/imported/grime_desk.png-38eed6c08bb917d3198d2d948f230b8b.ctex remapped: res://.godot/imported/grime_desk.png-38eed6c08bb917d3198d2d948f230b8b.ctex
Completed load for: 'res://assets/castle/day_one_art_studio/grime_desk.png' remapped 'res://assets/castle/day_one_art_studio/grime_desk.png' at thread -1
Loading resource: res://assets/castle/day_one_art_studio/grime_right.png remapped: res://assets/castle/day_one_art_studio/grime_right.png
Loading resource: res://.godot/imported/grime_right.png-9c83e9c00c88d0942dc2efe0b144a31b.ctex remapped: res://.godot/imported/grime_right.png-9c83e9c00c88d0942dc2efe0b144a31b.ctex
Completed load for: 'res://assets/castle/day_one_art_studio/grime_right.png' remapped 'res://assets/castle/day_one_art_studio/grime_right.png' at thread -1
Loading resource: res://assets/flats/castle/rooms/room_bubble_bath_dirty_day_one.png remapped: res://assets/flats/castle/rooms/room_bubble_bath_dirty_day_one.png
Loading resource: res://.godot/imported/room_bubble_bath_dirty_day_one.png-9e5525828616e0db5b9a3b8b28435c35.ctex remapped: res://.godot/imported/room_bubble_bath_dirty_day_one.png-9e5525828616e0db5b9a3b8b28435c35.ctex
Completed load for: 'res://assets/flats/castle/rooms/room_bubble_bath_dirty_day_one.png' remapped 'res://assets/flats/castle/rooms/room_bubble_bath_dirty_day_one.png' at thread -1
Loading resource: res://assets/flats/castle/rooms/room_bubble_bath_dirty_drained_day_one.png remapped: res://assets/flats/castle/rooms/room_bubble_bath_dirty_drained_day_one.png
Loading resource: res://.godot/imported/room_bubble_bath_dirty_drained_day_one.png-7e8d3b4c3b9d1f29e91ac035a5fb7262.ctex remapped: res://.godot/imported/room_bubble_bath_dirty_drained_day_one.png-7e8d3b4c3b9d1f29e91ac035a5fb7262.ctex
Completed load for: 'res://assets/flats/castle/rooms/room_bubble_bath_dirty_drained_day_one.png' remapped 'res://assets/flats/castle/rooms/room_bubble_bath_dirty_drained_day_one.png' at thread -1
Loading resource: res://assets/flats/castle/rooms/room_bubble_bath.png remapped: res://assets/flats/castle/rooms/room_bubble_bath.png
Loading resource: res://.godot/imported/room_bubble_bath.png-8ee98b24e8364131dc5cfc2232874cd7.ctex remapped: res://.godot/imported/room_bubble_bath.png-8ee98b24e8364131dc5cfc2232874cd7.ctex
Completed load for: 'res://assets/flats/castle/rooms/room_bubble_bath.png' remapped 'res://assets/flats/castle/rooms/room_bubble_bath.png' at thread -1
Loading resource: res://assets/castle/dirty_cleanup_2d/targets/target_sink_grime_v1.png remapped: res://assets/castle/dirty_cleanup_2d/targets/target_sink_grime_v1.png
Loading resource: res://.godot/imported/target_sink_grime_v1.png-5d01aaca3a2b34c04e93afaef486eb50.ctex remapped: res://.godot/imported/target_sink_grime_v1.png-5d01aaca3a2b34c04e93afaef486eb50.ctex
Completed load for: 'res://assets/castle/dirty_cleanup_2d/targets/target_sink_grime_v1.png' remapped 'res://assets/castle/dirty_cleanup_2d/targets/target_sink_grime_v1.png' at thread -1
Loading resource: res://assets/sprites/sky_lagoon/sky_lagoon_castle_four_tower_v4.png remapped: res://assets/sprites/sky_lagoon/sky_lagoon_castle_four_tower_v4.png
Loading resource: res://.godot/imported/sky_lagoon_castle_four_tower_v4.png-3db3791a13b15911d5b711360be9c503.ctex remapped: res://.godot/imported/sky_lagoon_castle_four_tower_v4.png-3db3791a13b15911d5b711360be9c503.ctex
Completed load for: 'res://assets/sprites/sky_lagoon/sky_lagoon_castle_four_tower_v4.png' remapped 'res://assets/sprites/sky_lagoon/sky_lagoon_castle_four_tower_v4.png' at thread -1
Loading resource: res://assets/sprites/sky_lagoon/sky_lagoon_cloud_family_v7_hd_grade.png remapped: res://assets/sprites/sky_lagoon/sky_lagoon_cloud_family_v7_hd_grade.png
Loading resource: res://.godot/imported/sky_lagoon_cloud_family_v7_hd_grade.png-dc0538f7caa6b853334b469234e73a2d.ctex remapped: res://.godot/imported/sky_lagoon_cloud_family_v7_hd_grade.png-dc0538f7caa6b853334b469234e73a2d.ctex
Completed load for: 'res://assets/sprites/sky_lagoon/sky_lagoon_cloud_family_v7_hd_grade.png' remapped 'res://assets/sprites/sky_lagoon/sky_lagoon_cloud_family_v7_hd_grade.png' at thread -1
Loading resource: res://assets/sprites/sky_lagoon/sky_lagoon_cloud_single_v1.png remapped: res://assets/sprites/sky_lagoon/sky_lagoon_cloud_single_v1.png
Loading resource: res://.godot/imported/sky_lagoon_cloud_single_v1.png-b03683c7f3026927cde33f24d92a67e5.ctex remapped: res://.godot/imported/sky_lagoon_cloud_single_v1.png-b03683c7f3026927cde33f24d92a67e5.ctex
Completed load for: 'res://assets/sprites/sky_lagoon/sky_lagoon_cloud_single_v1.png' remapped 'res://assets/sprites/sky_lagoon/sky_lagoon_cloud_single_v1.png' at thread -1
Loading resource: res://assets/ui/castle_room_buttons_v2/room_opera_hall.png remapped: res://assets/ui/castle_room_buttons_v2/room_opera_hall.png
Loading resource: res://.godot/imported/room_opera_hall.png-4be4ecc3703261914b8a9526019262cc.ctex remapped: res://.godot/imported/room_opera_hall.png-4be4ecc3703261914b8a9526019262cc.ctex
Completed load for: 'res://assets/ui/castle_room_buttons_v2/room_opera_hall.png' remapped 'res://assets/ui/castle_room_buttons_v2/room_opera_hall.png' at thread -1
Loading resource: res://assets/ui/castle_room_buttons_v2/room_craft_room.png remapped: res://assets/ui/castle_room_buttons_v2/room_craft_room.png
Loading resource: res://.godot/imported/room_craft_room.png-7dc4a5c01065ce328e731b6b38053da5.ctex remapped: res://.godot/imported/room_craft_room.png-7dc4a5c01065ce328e731b6b38053da5.ctex
Completed load for: 'res://assets/ui/castle_room_buttons_v2/room_craft_room.png' remapped 'res://assets/ui/castle_room_buttons_v2/room_craft_room.png' at thread -1
Loading resource: res://assets/ui/castle_room_buttons_v2/room_kitchen.png remapped: res://assets/ui/castle_room_buttons_v2/room_kitchen.png
Loading resource: res://.godot/imported/room_kitchen.png-61af0fca52cce833210f295107496cf7.ctex remapped: res://.godot/imported/room_kitchen.png-61af0fca52cce833210f295107496cf7.ctex
Completed load for: 'res://assets/ui/castle_room_buttons_v2/room_kitchen.png' remapped 'res://assets/ui/castle_room_buttons_v2/room_kitchen.png' at thread -1
Loading resource: res://assets/mg/sun.png remapped: res://assets/mg/sun.png
Loading resource: res://.godot/imported/sun.png-c8bf9605370f6e02d9b21d685d405f9b.ctex remapped: res://.godot/imported/sun.png-c8bf9605370f6e02d9b21d685d405f9b.ctex
Completed load for: 'res://assets/mg/sun.png' remapped 'res://assets/mg/sun.png' at thread -1
Loading resource: res://assets/props/story/play_swing_frame.png remapped: res://assets/props/story/play_swing_frame.png
Loading resource: res://.godot/imported/play_swing_frame.png-a81ab1af7d4b95737787aabcf622cdbc.ctex remapped: res://.godot/imported/play_swing_frame.png-a81ab1af7d4b95737787aabcf622cdbc.ctex
Completed load for: 'res://assets/props/story/play_swing_frame.png' remapped 'res://assets/props/story/play_swing_frame.png' at thread -1
Loading resource: res://assets/props/story/play_swing_seat.png remapped: res://assets/props/story/play_swing_seat.png
Loading resource: res://.godot/imported/play_swing_seat.png-fbc2feb15e1e0c3563f38dd6be314f41.ctex remapped: res://.godot/imported/play_swing_seat.png-fbc2feb15e1e0c3563f38dd6be314f41.ctex
Completed load for: 'res://assets/props/story/play_swing_seat.png' remapped 'res://assets/props/story/play_swing_seat.png' at thread -1
Loading resource: res://assets/characters/roshan_25d/roshan_gesture_a.png remapped: res://assets/characters/roshan_25d/roshan_gesture_a.png
Loading resource: res://.godot/imported/roshan_gesture_a.png-18a31aea6ac3722a9397d1f4c4f45867.s3tc.ctex remapped: res://.godot/imported/roshan_gesture_a.png-18a31aea6ac3722a9397d1f4c4f45867.s3tc.ctex
Completed load for: 'res://assets/characters/roshan_25d/roshan_gesture_a.png' remapped 'res://assets/characters/roshan_25d/roshan_gesture_a.png' at thread -1
Loading resource: res://assets/characters/roshan_25d/roshan_gesture_b.png remapped: res://assets/characters/roshan_25d/roshan_gesture_b.png
Loading resource: res://.godot/imported/roshan_gesture_b.png-8cb0fb1a0e3c6a3ff52f66869af29ee3.s3tc.ctex remapped: res://.godot/imported/roshan_gesture_b.png-8cb0fb1a0e3c6a3ff52f66869af29ee3.s3tc.ctex
Completed load for: 'res://assets/characters/roshan_25d/roshan_gesture_b.png' remapped 'res://assets/characters/roshan_25d/roshan_gesture_b.png' at thread -1
Loading resource: res://assets/characters/roshan_25d/roshan_gesture_c.png remapped: res://assets/characters/roshan_25d/roshan_gesture_c.png
Loading resource: res://.godot/imported/roshan_gesture_c.png-938a4e5c63b0fe35548d3f25bd960773.s3tc.ctex remapped: res://.godot/imported/roshan_gesture_c.png-938a4e5c63b0fe35548d3f25bd960773.s3tc.ctex
Completed load for: 'res://assets/characters/roshan_25d/roshan_gesture_c.png' remapped 'res://assets/characters/roshan_25d/roshan_gesture_c.png' at thread -1
Loading resource: res://assets/characters/roshan_25d/roshan_gesture_d.png remapped: res://assets/characters/roshan_25d/roshan_gesture_d.png
Loading resource: res://.godot/imported/roshan_gesture_d.png-08aed87dc09d080eaf1e4104fb084fdc.s3tc.ctex remapped: res://.godot/imported/roshan_gesture_d.png-08aed87dc09d080eaf1e4104fb084fdc.s3tc.ctex
Completed load for: 'res://assets/characters/roshan_25d/roshan_gesture_d.png' remapped 'res://assets/characters/roshan_25d/roshan_gesture_d.png' at thread -1
Loading resource: res://assets/characters/roshan_25d/roshan_play_a.png remapped: res://assets/characters/roshan_25d/roshan_play_a.png
Loading resource: res://.godot/imported/roshan_play_a.png-7836c4193fc7d229ea3c5f1583aa2038.s3tc.ctex remapped: res://.godot/imported/roshan_play_a.png-7836c4193fc7d229ea3c5f1583aa2038.s3tc.ctex
Completed load for: 'res://assets/characters/roshan_25d/roshan_play_a.png' remapped 'res://assets/characters/roshan_25d/roshan_play_a.png' at thread -1
Loading resource: res://assets/characters/roshan_25d/roshan_play_b.png remapped: res://assets/characters/roshan_25d/roshan_play_b.png
Loading resource: res://.godot/imported/roshan_play_b.png-115ffaa3712f999ce1caf531c6fbc9ec.s3tc.ctex remapped: res://.godot/imported/roshan_play_b.png-115ffaa3712f999ce1caf531c6fbc9ec.s3tc.ctex
Completed load for: 'res://assets/characters/roshan_25d/roshan_play_b.png' remapped 'res://assets/characters/roshan_25d/roshan_play_b.png' at thread -1
Loading resource: res://assets/flats/castle/boss/dusty_attic_arena_2048.png remapped: res://assets/flats/castle/boss/dusty_attic_arena_2048.png
Loading resource: res://.godot/imported/dusty_attic_arena_2048.png-d3ca08103aa6a7020e840963166fbe19.ctex remapped: res://.godot/imported/dusty_attic_arena_2048.png-d3ca08103aa6a7020e840963166fbe19.ctex
Completed load for: 'res://assets/flats/castle/boss/dusty_attic_arena_2048.png' remapped 'res://assets/flats/castle/boss/dusty_attic_arena_2048.png' at thread -1
Loading resource: res://assets/opera/worlds/props/fx_stolen_sparkle.png remapped: res://assets/opera/worlds/props/fx_stolen_sparkle.png
Loading resource: res://.godot/imported/fx_stolen_sparkle.png-78d191c055130f9a82753b3c1b5d08ac.s3tc.ctex remapped: res://.godot/imported/fx_stolen_sparkle.png-78d191c055130f9a82753b3c1b5d08ac.s3tc.ctex
Completed load for: 'res://assets/opera/worlds/props/fx_stolen_sparkle.png' remapped 'res://assets/opera/worlds/props/fx_stolen_sparkle.png' at thread -1
Loading resource: res://assets/opera/worlds/props/fx_dust_puff.png remapped: res://assets/opera/worlds/props/fx_dust_puff.png
Loading resource: res://.godot/imported/fx_dust_puff.png-c19e7c817e63296b4a7808774d821915.ctex remapped: res://.godot/imported/fx_dust_puff.png-c19e7c817e63296b4a7808774d821915.ctex
Completed load for: 'res://assets/opera/worlds/props/fx_dust_puff.png' remapped 'res://assets/opera/worlds/props/fx_dust_puff.png' at thread -1
Loading resource: res://assets/effects/grand_puff/purple_vortex_v4.png remapped: res://assets/effects/grand_puff/purple_vortex_v4.png
Loading resource: res://.godot/imported/purple_vortex_v4.png-73637daaea783585b2d9d0dcf967aace.ctex remapped: res://.godot/imported/purple_vortex_v4.png-73637daaea783585b2d9d0dcf967aace.ctex
Completed load for: 'res://assets/effects/grand_puff/purple_vortex_v4.png' remapped 'res://assets/effects/grand_puff/purple_vortex_v4.png' at thread -1
Completed load for: 'res://scripts/probe_opera_nursery.gd' remapped 'res://scripts/probe_opera_nursery.gd' at thread -1
SceneTreeFTI: traversal method DEFAULT
Loading resource: res://scenes/main.tscn remapped: res://scenes/main.tscn
Completed load for: 'res://scenes/main.tscn' remapped 'res://scenes/main.tscn' at thread -1
Loaded system CA certificates
Loading resource: res://assets/audio/ambience_reef.ogg remapped: res://assets/audio/ambience_reef.ogg
Loading resource: res://.godot/imported/ambience_reef.ogg-30031e4868dd5f41925c6b3f42f0f9b1.oggvorbisstr remapped: res://.godot/imported/ambience_reef.ogg-30031e4868dd5f41925c6b3f42f0f9b1.oggvorbisstr
Completed load for: 'res://assets/audio/ambience_reef.ogg' remapped 'res://assets/audio/ambience_reef.ogg' at thread -1
Loading resource: res://assets/audio/music/world.ogg remapped: res://assets/audio/music/world.ogg
Loading resource: res://.godot/imported/world.ogg-bfec9819aa7fa229c0057fe76832cfa3.oggvorbisstr remapped: res://.godot/imported/world.ogg-bfec9819aa7fa229c0057fe76832cfa3.oggvorbisstr
Completed load for: 'res://assets/audio/music/world.ogg' remapped 'res://assets/audio/music/world.ogg' at thread -1
Loading resource: res://assets/audio/voices/filler_v1/yay.ogg remapped: res://assets/audio/voices/filler_v1/yay.ogg
Loading resource: res://.godot/imported/yay.ogg-a4cd419929b402130d14f60cd99b5355.oggvorbisstr remapped: res://.godot/imported/yay.ogg-a4cd419929b402130d14f60cd99b5355.oggvorbisstr
Completed load for: 'res://assets/audio/voices/filler_v1/yay.ogg' remapped 'res://assets/audio/voices/filler_v1/yay.ogg' at thread -1
Loading resource: res://assets/audio/chime.ogg remapped: res://assets/audio/chime.ogg
Loading resource: res://.godot/imported/chime.ogg-ccbd9039a16fca2270295f3df3042e4a.oggvorbisstr remapped: res://.godot/imported/chime.ogg-ccbd9039a16fca2270295f3df3042e4a.oggvorbisstr
Completed load for: 'res://assets/audio/chime.ogg' remapped 'res://assets/audio/chime.ogg' at thread -1
Loading resource: res://assets/audio/hop_boing.ogg remapped: res://assets/audio/hop_boing.ogg
Loading resource: res://.godot/imported/hop_boing.ogg-23491bc7346e37a3c3a7e5718a1c6334.oggvorbisstr remapped: res://.godot/imported/hop_boing.ogg-23491bc7346e37a3c3a7e5718a1c6334.oggvorbisstr
Completed load for: 'res://assets/audio/hop_boing.ogg' remapped 'res://assets/audio/hop_boing.ogg' at thread -1
Loading resource: res://assets/audio/penguin_giggle.ogg remapped: res://assets/audio/penguin_giggle.ogg
Loading resource: res://.godot/imported/penguin_giggle.ogg-1caa548251b7585be1b157de4e41c1b8.oggvorbisstr remapped: res://.godot/imported/penguin_giggle.ogg-1caa548251b7585be1b157de4e41c1b8.oggvorbisstr
Completed load for: 'res://assets/audio/penguin_giggle.ogg' remapped 'res://assets/audio/penguin_giggle.ogg' at thread -1
Loading resource: res://assets/audio/buy.ogg remapped: res://assets/audio/buy.ogg
Loading resource: res://.godot/imported/buy.ogg-ccfb5d2b9f2837f43f22621a6d87b91c.oggvorbisstr remapped: res://.godot/imported/buy.ogg-ccfb5d2b9f2837f43f22621a6d87b91c.oggvorbisstr
Completed load for: 'res://assets/audio/buy.ogg' remapped 'res://assets/audio/buy.ogg' at thread -1
Loading resource: res://assets/audio/music/banjo.ogg remapped: res://assets/audio/music/banjo.ogg
Loading resource: res://.godot/imported/banjo.ogg-6ace2633ccde608d168cb04a28077650.oggvorbisstr remapped: res://.godot/imported/banjo.ogg-6ace2633ccde608d168cb04a28077650.oggvorbisstr
Completed load for: 'res://assets/audio/music/banjo.ogg' remapped 'res://assets/audio/music/banjo.ogg' at thread -1
Loading resource: res://assets/audio/voices/filler_v1/roshan_intro1.ogg remapped: res://assets/audio/voices/filler_v1/roshan_intro1.ogg
Loading resource: res://.godot/imported/roshan_intro1.ogg-f820084970fc77bf53c9fa3fc87e9d14.oggvorbisstr remapped: res://.godot/imported/roshan_intro1.ogg-f820084970fc77bf53c9fa3fc87e9d14.oggvorbisstr
Completed load for: 'res://assets/audio/voices/filler_v1/roshan_intro1.ogg' remapped 'res://assets/audio/voices/filler_v1/roshan_intro1.ogg' at thread -1
Loading resource: res://assets/characters/friends/huluu.png remapped: res://assets/characters/friends/huluu.png
Loading resource: res://.godot/imported/huluu.png-6fee73331b3d0600210812844b67ef58.ctex remapped: res://.godot/imported/huluu.png-6fee73331b3d0600210812844b67ef58.ctex
Completed load for: 'res://assets/characters/friends/huluu.png' remapped 'res://assets/characters/friends/huluu.png' at thread -1
NURSERY|OK|old Opera saves preserve retired bits without counting them playable
Loading resource: res://assets/audio/ambience_hall.ogg remapped: res://assets/audio/ambience_hall.ogg
Loading resource: res://.godot/imported/ambience_hall.ogg-958f5fd047de8cff36f0acb97f3db4e3.oggvorbisstr remapped: res://.godot/imported/ambience_hall.ogg-958f5fd047de8cff36f0acb97f3db4e3.oggvorbisstr
Completed load for: 'res://assets/audio/ambience_hall.ogg' remapped 'res://assets/audio/ambience_hall.ogg' at thread -1
Loading resource: res://assets/audio/music/opera_nursery.ogg remapped: res://assets/audio/music/opera_nursery.ogg
Loading resource: res://.godot/imported/opera_nursery.ogg-0352a58ca6bdd0c9a5bbcf12a598a39c.oggvorbisstr remapped: res://.godot/imported/opera_nursery.ogg-0352a58ca6bdd0c9a5bbcf12a598a39c.oggvorbisstr
Completed load for: 'res://assets/audio/music/opera_nursery.ogg' remapped 'res://assets/audio/music/opera_nursery.ogg' at thread -1
Loading resource: res://assets/opera/worlds/ui/magnifier.png remapped: res://assets/opera/worlds/ui/magnifier.png
Loading resource: res://.godot/imported/magnifier.png-def06d7a41c5772f787cbecf1fb0c089.s3tc.ctex remapped: res://.godot/imported/magnifier.png-def06d7a41c5772f787cbecf1fb0c089.s3tc.ctex
Completed load for: 'res://assets/opera/worlds/ui/magnifier.png' remapped 'res://assets/opera/worlds/ui/magnifier.png' at thread -1
Loading resource: res://assets/opera/worlds/backdrops/world_nursery_c0r0.png remapped: res://assets/opera/worlds/backdrops/world_nursery_c0r0.png
Loading resource: res://.godot/imported/world_nursery_c0r0.png-0fc32eb9d2735cb1b4b8237e3ce64122.s3tc.ctex remapped: res://.godot/imported/world_nursery_c0r0.png-0fc32eb9d2735cb1b4b8237e3ce64122.s3tc.ctex
Completed load for: 'res://assets/opera/worlds/backdrops/world_nursery_c0r0.png' remapped 'res://assets/opera/worlds/backdrops/world_nursery_c0r0.png' at thread -1
Loading resource: res://assets/opera/worlds/backdrops/world_nursery_c1r0.png remapped: res://assets/opera/worlds/backdrops/world_nursery_c1r0.png
Loading resource: res://.godot/imported/world_nursery_c1r0.png-42920938d1ed7d75069af536b946951a.s3tc.ctex remapped: res://.godot/imported/world_nursery_c1r0.png-42920938d1ed7d75069af536b946951a.s3tc.ctex
Completed load for: 'res://assets/opera/worlds/backdrops/world_nursery_c1r0.png' remapped 'res://assets/opera/worlds/backdrops/world_nursery_c1r0.png' at thread -1
Loading resource: res://assets/opera/worlds/backdrops/world_nursery_c0r1.png remapped: res://assets/opera/worlds/backdrops/world_nursery_c0r1.png
Loading resource: res://.godot/imported/world_nursery_c0r1.png-197e95218de9d3eb3ddf9b6499e18534.s3tc.ctex remapped: res://.godot/imported/world_nursery_c0r1.png-197e95218de9d3eb3ddf9b6499e18534.s3tc.ctex
Completed load for: 'res://assets/opera/worlds/backdrops/world_nursery_c0r1.png' remapped 'res://assets/opera/worlds/backdrops/world_nursery_c0r1.png' at thread -1
Loading resource: res://assets/opera/worlds/backdrops/world_nursery_c1r1.png remapped: res://assets/opera/worlds/backdrops/world_nursery_c1r1.png
Loading resource: res://.godot/imported/world_nursery_c1r1.png-c30c3878cf9e63365064805e807979ff.s3tc.ctex remapped: res://.godot/imported/world_nursery_c1r1.png-c30c3878cf9e63365064805e807979ff.s3tc.ctex
Completed load for: 'res://assets/opera/worlds/backdrops/world_nursery_c1r1.png' remapped 'res://assets/opera/worlds/backdrops/world_nursery_c1r1.png' at thread -1
Loading resource: res://assets/opera/worlds/backdrops/stage_nursery_c0r0.png remapped: res://assets/opera/worlds/backdrops/stage_nursery_c0r0.png
Loading resource: res://.godot/imported/stage_nursery_c0r0.png-81294053d2882998d385e7d845fcaf11.s3tc.ctex remapped: res://.godot/imported/stage_nursery_c0r0.png-81294053d2882998d385e7d845fcaf11.s3tc.ctex
Completed load for: 'res://assets/opera/worlds/backdrops/stage_nursery_c0r0.png' remapped 'res://assets/opera/worlds/backdrops/stage_nursery_c0r0.png' at thread -1
Loading resource: res://assets/opera/worlds/backdrops/stage_nursery_c1r0.png remapped: res://assets/opera/worlds/backdrops/stage_nursery_c1r0.png
Loading resource: res://.godot/imported/stage_nursery_c1r0.png-7df5eb4c9ec4f643a4b87e0b59467c05.s3tc.ctex remapped: res://.godot/imported/stage_nursery_c1r0.png-7df5eb4c9ec4f643a4b87e0b59467c05.s3tc.ctex
Completed load for: 'res://assets/opera/worlds/backdrops/stage_nursery_c1r0.png' remapped 'res://assets/opera/worlds/backdrops/stage_nursery_c1r0.png' at thread -1
Loading resource: res://assets/opera/worlds/backdrops/stage_nursery_c0r1.png remapped: res://assets/opera/worlds/backdrops/stage_nursery_c0r1.png
Loading resource: res://.godot/imported/stage_nursery_c0r1.png-971e150a3d05438f25d8b2e9946fca71.s3tc.ctex remapped: res://.godot/imported/stage_nursery_c0r1.png-971e150a3d05438f25d8b2e9946fca71.s3tc.ctex
Completed load for: 'res://assets/opera/worlds/backdrops/stage_nursery_c0r1.png' remapped 'res://assets/opera/worlds/backdrops/stage_nursery_c0r1.png' at thread -1
Loading resource: res://assets/opera/worlds/backdrops/stage_nursery_c1r1.png remapped: res://assets/opera/worlds/backdrops/stage_nursery_c1r1.png
Loading resource: res://.godot/imported/stage_nursery_c1r1.png-f71403b9387ff90affcfebf9654abdd7.s3tc.ctex remapped: res://.godot/imported/stage_nursery_c1r1.png-f71403b9387ff90affcfebf9654abdd7.s3tc.ctex
Completed load for: 'res://assets/opera/worlds/backdrops/stage_nursery_c1r1.png' remapped 'res://assets/opera/worlds/backdrops/stage_nursery_c1r1.png' at thread -1
Loading resource: res://assets/opera/worlds/actors/roshan_nursery.png remapped: res://assets/opera/worlds/actors/roshan_nursery.png
Loading resource: res://.godot/imported/roshan_nursery.png-302cc52da99bb75f7fc0c93a9d8f3584.s3tc.ctex remapped: res://.godot/imported/roshan_nursery.png-302cc52da99bb75f7fc0c93a9d8f3584.s3tc.ctex
Completed load for: 'res://assets/opera/worlds/actors/roshan_nursery.png' remapped 'res://assets/opera/worlds/actors/roshan_nursery.png' at thread -1
Loading resource: res://assets/opera/worlds/actors/animation/roshan_nursery_sheet_a.png remapped: res://assets/opera/worlds/actors/animation/roshan_nursery_sheet_a.png
Loading resource: res://.godot/imported/roshan_nursery_sheet_a.png-029acfe4bcd5f7d1c0251b25579be1de.ctex remapped: res://.godot/imported/roshan_nursery_sheet_a.png-029acfe4bcd5f7d1c0251b25579be1de.ctex
Completed load for: 'res://assets/opera/worlds/actors/animation/roshan_nursery_sheet_a.png' remapped 'res://assets/opera/worlds/actors/animation/roshan_nursery_sheet_a.png' at thread -1
Loading resource: res://assets/opera/worlds/actors/faron_nursery.png remapped: res://assets/opera/worlds/actors/faron_nursery.png
Loading resource: res://.godot/imported/faron_nursery.png-8441736599ae5d0e593945e389ba849e.s3tc.ctex remapped: res://.godot/imported/faron_nursery.png-8441736599ae5d0e593945e389ba849e.s3tc.ctex
Completed load for: 'res://assets/opera/worlds/actors/faron_nursery.png' remapped 'res://assets/opera/worlds/actors/faron_nursery.png' at thread -1
Loading resource: res://assets/opera/worlds/props/goal_nursery.png remapped: res://assets/opera/worlds/props/goal_nursery.png
Loading resource: res://.godot/imported/goal_nursery.png-4bbc27eb78c9214c97b54b9669a00439.s3tc.ctex remapped: res://.godot/imported/goal_nursery.png-4bbc27eb78c9214c97b54b9669a00439.s3tc.ctex
Completed load for: 'res://assets/opera/worlds/props/goal_nursery.png' remapped 'res://assets/opera/worlds/props/goal_nursery.png' at thread -1
Loading resource: res://assets/opera/worlds/actors/imp_mischief.png remapped: res://assets/opera/worlds/actors/imp_mischief.png
Loading resource: res://.godot/imported/imp_mischief.png-2aa91762cfa121884fd7c941a480cd75.s3tc.ctex remapped: res://.godot/imported/imp_mischief.png-2aa91762cfa121884fd7c941a480cd75.s3tc.ctex
Completed load for: 'res://assets/opera/worlds/actors/imp_mischief.png' remapped 'res://assets/opera/worlds/actors/imp_mischief.png' at thread -1
Loading resource: res://assets/opera/worlds/actors/imp_captain.png remapped: res://assets/opera/worlds/actors/imp_captain.png
Loading resource: res://.godot/imported/imp_captain.png-e46cb032a0f4e73284cb41534b78dba6.s3tc.ctex remapped: res://.godot/imported/imp_captain.png-e46cb032a0f4e73284cb41534b78dba6.s3tc.ctex
Completed load for: 'res://assets/opera/worlds/actors/imp_captain.png' remapped 'res://assets/opera/worlds/actors/imp_captain.png' at thread -1
Loading resource: res://assets/opera/worlds/props/fx_bop_puff.png remapped: res://assets/opera/worlds/props/fx_bop_puff.png
Loading resource: res://.godot/imported/fx_bop_puff.png-44d6a8b8f3875802302bda4fdd154827.s3tc.ctex remapped: res://.godot/imported/fx_bop_puff.png-44d6a8b8f3875802302bda4fdd154827.s3tc.ctex
Completed load for: 'res://assets/opera/worlds/props/fx_bop_puff.png' remapped 'res://assets/opera/worlds/props/fx_bop_puff.png' at thread -1
Loading resource: res://assets/opera/worlds/widgets/widget_catch_nursery_cradle.png remapped: res://assets/opera/worlds/widgets/widget_catch_nursery_cradle.png
Loading resource: res://.godot/imported/widget_catch_nursery_cradle.png-dcca260ee60598fe4bc58fdcb7264a56.s3tc.ctex remapped: res://.godot/imported/widget_catch_nursery_cradle.png-dcca260ee60598fe4bc58fdcb7264a56.s3tc.ctex
Completed load for: 'res://assets/opera/worlds/widgets/widget_catch_nursery_cradle.png' remapped 'res://assets/opera/worlds/widgets/widget_catch_nursery_cradle.png' at thread -1
Loading resource: res://assets/opera/worlds/widgets/widget_catch_nursery_pillows.png remapped: res://assets/opera/worlds/widgets/widget_catch_nursery_pillows.png
Loading resource: res://.godot/imported/widget_catch_nursery_pillows.png-1ae533689a6362fccaa4252f84f9b8b1.ctex remapped: res://.godot/imported/widget_catch_nursery_pillows.png-1ae533689a6362fccaa4252f84f9b8b1.ctex
Completed load for: 'res://assets/opera/worlds/widgets/widget_catch_nursery_pillows.png' remapped 'res://assets/opera/worlds/widgets/widget_catch_nursery_pillows.png' at thread -1
Loading resource: res://assets/opera/worlds/nursery/baby_0.png remapped: res://assets/opera/worlds/nursery/baby_0.png
Loading resource: res://.godot/imported/baby_0.png-25213d123b95a3f527bbdfc4c38420dc.ctex remapped: res://.godot/imported/baby_0.png-25213d123b95a3f527bbdfc4c38420dc.ctex
Completed load for: 'res://assets/opera/worlds/nursery/baby_0.png' remapped 'res://assets/opera/worlds/nursery/baby_0.png' at thread -1
Loading resource: res://assets/opera/worlds/nursery/baby_1.png remapped: res://assets/opera/worlds/nursery/baby_1.png
Loading resource: res://.godot/imported/baby_1.png-42b11293ca1c6c5d05534e43d655691b.ctex remapped: res://.godot/imported/baby_1.png-42b11293ca1c6c5d05534e43d655691b.ctex
Completed load for: 'res://assets/opera/worlds/nursery/baby_1.png' remapped 'res://assets/opera/worlds/nursery/baby_1.png' at thread -1
Loading resource: res://assets/opera/worlds/nursery/baby_2.png remapped: res://assets/opera/worlds/nursery/baby_2.png
Loading resource: res://.godot/imported/baby_2.png-139e826bcc74e5e4a78f81062773a690.ctex remapped: res://.godot/imported/baby_2.png-139e826bcc74e5e4a78f81062773a690.ctex
Completed load for: 'res://assets/opera/worlds/nursery/baby_2.png' remapped 'res://assets/opera/worlds/nursery/baby_2.png' at thread -1
Loading resource: res://assets/opera/worlds/actors/imp_mischief_bopped.png remapped: res://assets/opera/worlds/actors/imp_mischief_bopped.png
Loading resource: res://.godot/imported/imp_mischief_bopped.png-276c2d81098a757a1274ef356d58e20d.s3tc.ctex remapped: res://.godot/imported/imp_mischief_bopped.png-276c2d81098a757a1274ef356d58e20d.s3tc.ctex
Completed load for: 'res://assets/opera/worlds/actors/imp_mischief_bopped.png' remapped 'res://assets/opera/worlds/actors/imp_mischief_bopped.png' at thread -1
Loading resource: res://assets/opera/worlds/actors/imp_mischief_bow.png remapped: res://assets/opera/worlds/actors/imp_mischief_bow.png
Loading resource: res://.godot/imported/imp_mischief_bow.png-643f90847c4113e6a65aff5fa7b6c3e8.s3tc.ctex remapped: res://.godot/imported/imp_mischief_bow.png-643f90847c4113e6a65aff5fa7b6c3e8.s3tc.ctex
Completed load for: 'res://assets/opera/worlds/actors/imp_mischief_bow.png' remapped 'res://assets/opera/worlds/actors/imp_mischief_bow.png' at thread -1
Loading resource: res://assets/opera/worlds/actors/imp_captain_bopped.png remapped: res://assets/opera/worlds/actors/imp_captain_bopped.png
Loading resource: res://.godot/imported/imp_captain_bopped.png-7b18e453603e8a4113fd2cbb62ded9b6.s3tc.ctex remapped: res://.godot/imported/imp_captain_bopped.png-7b18e453603e8a4113fd2cbb62ded9b6.s3tc.ctex
Completed load for: 'res://assets/opera/worlds/actors/imp_captain_bopped.png' remapped 'res://assets/opera/worlds/actors/imp_captain_bopped.png' at thread -1
Loading resource: res://assets/opera/worlds/actors/imp_captain_bow.png remapped: res://assets/opera/worlds/actors/imp_captain_bow.png
Loading resource: res://.godot/imported/imp_captain_bow.png-12497944600f3a910cccf5033db21fec.s3tc.ctex remapped: res://.godot/imported/imp_captain_bow.png-12497944600f3a910cccf5033db21fec.s3tc.ctex
Completed load for: 'res://assets/opera/worlds/actors/imp_captain_bow.png' remapped 'res://assets/opera/worlds/actors/imp_captain_bow.png' at thread -1
Loading resource: res://assets/opera/worlds/props/fx_telegraph_ring.png remapped: res://assets/opera/worlds/props/fx_telegraph_ring.png
Loading resource: res://.godot/imported/fx_telegraph_ring.png-a5607cfab59aaf797e0ebc0e0d630b71.s3tc.ctex remapped: res://.godot/imported/fx_telegraph_ring.png-a5607cfab59aaf797e0ebc0e0d630b71.s3tc.ctex
Completed load for: 'res://assets/opera/worlds/props/fx_telegraph_ring.png' remapped 'res://assets/opera/worlds/props/fx_telegraph_ring.png' at thread -1
Loading resource: res://assets/opera/worlds/props/fx_telegraph_bang.png remapped: res://assets/opera/worlds/props/fx_telegraph_bang.png
Loading resource: res://.godot/imported/fx_telegraph_bang.png-5e57510f37f0277a1436815b2f5303f5.s3tc.ctex remapped: res://.godot/imported/fx_telegraph_bang.png-5e57510f37f0277a1436815b2f5303f5.s3tc.ctex
Completed load for: 'res://assets/opera/worlds/props/fx_telegraph_bang.png' remapped 'res://assets/opera/worlds/props/fx_telegraph_bang.png' at thread -1
Loading resource: res://assets/opera/worlds/props/fx_slash_arc.png remapped: res://assets/opera/worlds/props/fx_slash_arc.png
Loading resource: res://.godot/imported/fx_slash_arc.png-06c01e57545f44970f1e9749d78c8c7b.s3tc.ctex remapped: res://.godot/imported/fx_slash_arc.png-06c01e57545f44970f1e9749d78c8c7b.s3tc.ctex
Completed load for: 'res://assets/opera/worlds/props/fx_slash_arc.png' remapped 'res://assets/opera/worlds/props/fx_slash_arc.png' at thread -1
Loading resource: res://assets/opera/worlds/props/fx_dizzy_stars.png remapped: res://assets/opera/worlds/props/fx_dizzy_stars.png
Loading resource: res://.godot/imported/fx_dizzy_stars.png-e249bf547dbb4ae001be7738fcb2de24.s3tc.ctex remapped: res://.godot/imported/fx_dizzy_stars.png-e249bf547dbb4ae001be7738fcb2de24.s3tc.ctex
Completed load for: 'res://assets/opera/worlds/props/fx_dizzy_stars.png' remapped 'res://assets/opera/worlds/props/fx_dizzy_stars.png' at thread -1
Loading resource: res://assets/opera/worlds/actors/imp_mischief_windup.png remapped: res://assets/opera/worlds/actors/imp_mischief_windup.png
Loading resource: res://.godot/imported/imp_mischief_windup.png-27644fd709fe5393e0a8caad88b075b6.s3tc.ctex remapped: res://.godot/imported/imp_mischief_windup.png-27644fd709fe5393e0a8caad88b075b6.s3tc.ctex
Completed load for: 'res://assets/opera/worlds/actors/imp_mischief_windup.png' remapped 'res://assets/opera/worlds/actors/imp_mischief_windup.png' at thread -1
Loading resource: res://assets/opera/worlds/actors/imp_mischief_charge.png remapped: res://assets/opera/worlds/actors/imp_mischief_charge.png
Loading resource: res://.godot/imported/imp_mischief_charge.png-7651fd8a67674c1425677cc73b08a982.s3tc.ctex remapped: res://.godot/imported/imp_mischief_charge.png-7651fd8a67674c1425677cc73b08a982.s3tc.ctex
Completed load for: 'res://assets/opera/worlds/actors/imp_mischief_charge.png' remapped 'res://assets/opera/worlds/actors/imp_mischief_charge.png' at thread -1
Loading resource: res://assets/opera/worlds/actors/imp_mischief_slash.png remapped: res://assets/opera/worlds/actors/imp_mischief_slash.png
Loading resource: res://.godot/imported/imp_mischief_slash.png-feef3a7d575df712da4960aea92d00eb.s3tc.ctex remapped: res://.godot/imported/imp_mischief_slash.png-feef3a7d575df712da4960aea92d00eb.s3tc.ctex
Completed load for: 'res://assets/opera/worlds/actors/imp_mischief_slash.png' remapped 'res://assets/opera/worlds/actors/imp_mischief_slash.png' at thread -1
Loading resource: res://assets/opera/worlds/actors/imp_mischief_recover.png remapped: res://assets/opera/worlds/actors/imp_mischief_recover.png
Loading resource: res://.godot/imported/imp_mischief_recover.png-9993ae96041a390c9d56b99855a20323.s3tc.ctex remapped: res://.godot/imported/imp_mischief_recover.png-9993ae96041a390c9d56b99855a20323.s3tc.ctex
Completed load for: 'res://assets/opera/worlds/actors/imp_mischief_recover.png' remapped 'res://assets/opera/worlds/actors/imp_mischief_recover.png' at thread -1
Loading resource: res://assets/opera/worlds/actors/imp_mischief_guard.png remapped: res://assets/opera/worlds/actors/imp_mischief_guard.png
Loading resource: res://.godot/imported/imp_mischief_guard.png-e0b51eb2c2b687acd70ab7e0486431b4.s3tc.ctex remapped: res://.godot/imported/imp_mischief_guard.png-e0b51eb2c2b687acd70ab7e0486431b4.s3tc.ctex
Completed load for: 'res://assets/opera/worlds/actors/imp_mischief_guard.png' remapped 'res://assets/opera/worlds/actors/imp_mischief_guard.png' at thread -1
Loading resource: res://assets/opera/worlds/actors/imp_mischief_stagger.png remapped: res://assets/opera/worlds/actors/imp_mischief_stagger.png
Loading resource: res://.godot/imported/imp_mischief_stagger.png-deb400ff054c7a4631756e74bc75bffe.s3tc.ctex remapped: res://.godot/imported/imp_mischief_stagger.png-deb400ff054c7a4631756e74bc75bffe.s3tc.ctex
Completed load for: 'res://assets/opera/worlds/actors/imp_mischief_stagger.png' remapped 'res://assets/opera/worlds/actors/imp_mischief_stagger.png' at thread -1
Loading resource: res://assets/opera/worlds/actors/imp_mischief_flee.png remapped: res://assets/opera/worlds/actors/imp_mischief_flee.png
Loading resource: res://.godot/imported/imp_mischief_flee.png-75ab59cf13833ac1972e0ab1614b4de8.s3tc.ctex remapped: res://.godot/imported/imp_mischief_flee.png-75ab59cf13833ac1972e0ab1614b4de8.s3tc.ctex
Completed load for: 'res://assets/opera/worlds/actors/imp_mischief_flee.png' remapped 'res://assets/opera/worlds/actors/imp_mischief_flee.png' at thread -1
Loading resource: res://assets/opera/worlds/actors/imp_mischief_taunt.png remapped: res://assets/opera/worlds/actors/imp_mischief_taunt.png
Loading resource: res://.godot/imported/imp_mischief_taunt.png-a891d360a40c9485aea56227a041d6c9.s3tc.ctex remapped: res://.godot/imported/imp_mischief_taunt.png-a891d360a40c9485aea56227a041d6c9.s3tc.ctex
Completed load for: 'res://assets/opera/worlds/actors/imp_mischief_taunt.png' remapped 'res://assets/opera/worlds/actors/imp_mischief_taunt.png' at thread -1
Loading resource: res://assets/opera/worlds/actors/imp_captain_windup.png remapped: res://assets/opera/worlds/actors/imp_captain_windup.png
Loading resource: res://.godot/imported/imp_captain_windup.png-8943ae388fceff3a2b93abea186ce701.s3tc.ctex remapped: res://.godot/imported/imp_captain_windup.png-8943ae388fceff3a2b93abea186ce701.s3tc.ctex
Completed load for: 'res://assets/opera/worlds/actors/imp_captain_windup.png' remapped 'res://assets/opera/worlds/actors/imp_captain_windup.png' at thread -1
Loading resource: res://assets/opera/worlds/actors/imp_captain_charge.png remapped: res://assets/opera/worlds/actors/imp_captain_charge.png
Loading resource: res://.godot/imported/imp_captain_charge.png-ca0f6b738d6b7acf2d7d62bda85c3ee9.s3tc.ctex remapped: res://.godot/imported/imp_captain_charge.png-ca0f6b738d6b7acf2d7d62bda85c3ee9.s3tc.ctex
Completed load for: 'res://assets/opera/worlds/actors/imp_captain_charge.png' remapped 'res://assets/opera/worlds/actors/imp_captain_charge.png' at thread -1
Loading resource: res://assets/opera/worlds/actors/imp_captain_slash.png remapped: res://assets/opera/worlds/actors/imp_captain_slash.png
Loading resource: res://.godot/imported/imp_captain_slash.png-c2f505657f2b06bee95b1e51e1c49129.s3tc.ctex remapped: res://.godot/imported/imp_captain_slash.png-c2f505657f2b06bee95b1e51e1c49129.s3tc.ctex
Completed load for: 'res://assets/opera/worlds/actors/imp_captain_slash.png' remapped 'res://assets/opera/worlds/actors/imp_captain_slash.png' at thread -1
Loading resource: res://assets/opera/worlds/actors/imp_captain_recover.png remapped: res://assets/opera/worlds/actors/imp_captain_recover.png
Loading resource: res://.godot/imported/imp_captain_recover.png-542263c7b6fc37fb29210456149073b0.s3tc.ctex remapped: res://.godot/imported/imp_captain_recover.png-542263c7b6fc37fb29210456149073b0.s3tc.ctex
Completed load for: 'res://assets/opera/worlds/actors/imp_captain_recover.png' remapped 'res://assets/opera/worlds/actors/imp_captain_recover.png' at thread -1
Loading resource: res://assets/opera/worlds/actors/imp_captain_guard.png remapped: res://assets/opera/worlds/actors/imp_captain_guard.png
Loading resource: res://.godot/imported/imp_captain_guard.png-e89585bc394d3dca313907cb2224501f.s3tc.ctex remapped: res://.godot/imported/imp_captain_guard.png-e89585bc394d3dca313907cb2224501f.s3tc.ctex
Completed load for: 'res://assets/opera/worlds/actors/imp_captain_guard.png' remapped 'res://assets/opera/worlds/actors/imp_captain_guard.png' at thread -1
Loading resource: res://assets/opera/worlds/actors/imp_captain_stagger.png remapped: res://assets/opera/worlds/actors/imp_captain_stagger.png
Loading resource: res://.godot/imported/imp_captain_stagger.png-f0d86df4f11e14a3c5b3094eb10f0acb.s3tc.ctex remapped: res://.godot/imported/imp_captain_stagger.png-f0d86df4f11e14a3c5b3094eb10f0acb.s3tc.ctex
Completed load for: 'res://assets/opera/worlds/actors/imp_captain_stagger.png' remapped 'res://assets/opera/worlds/actors/imp_captain_stagger.png' at thread -1
Loading resource: res://assets/opera/worlds/actors/imp_captain_flee.png remapped: res://assets/opera/worlds/actors/imp_captain_flee.png
Loading resource: res://.godot/imported/imp_captain_flee.png-10494cd923c0d79bdd4a59cef42f4027.s3tc.ctex remapped: res://.godot/imported/imp_captain_flee.png-10494cd923c0d79bdd4a59cef42f4027.s3tc.ctex
Completed load for: 'res://assets/opera/worlds/actors/imp_captain_flee.png' remapped 'res://assets/opera/worlds/actors/imp_captain_flee.png' at thread -1
Loading resource: res://assets/opera/worlds/actors/imp_captain_taunt.png remapped: res://assets/opera/worlds/actors/imp_captain_taunt.png
Loading resource: res://.godot/imported/imp_captain_taunt.png-954edfe43d7f3d0d339d9dcee7736514.s3tc.ctex remapped: res://.godot/imported/imp_captain_taunt.png-954edfe43d7f3d0d339d9dcee7736514.s3tc.ctex
Completed load for: 'res://assets/opera/worlds/actors/imp_captain_taunt.png' remapped 'res://assets/opera/worlds/actors/imp_captain_taunt.png' at thread -1
Loading resource: res://assets/audio/voices/filler_v1/roshan_op_nursery_wash_stage.ogg remapped: res://assets/audio/voices/filler_v1/roshan_op_nursery_wash_stage.ogg
Loading resource: res://.godot/imported/roshan_op_nursery_wash_stage.ogg-50bd6c10205dc884f4ba0ff82883723b.oggvorbisstr remapped: res://.godot/imported/roshan_op_nursery_wash_stage.ogg-50bd6c10205dc884f4ba0ff82883723b.oggvorbisstr
Completed load for: 'res://assets/audio/voices/filler_v1/roshan_op_nursery_wash_stage.ogg' remapped 'res://assets/audio/voices/filler_v1/roshan_op_nursery_wash_stage.ogg' at thread -1
Loading resource: res://assets/opera/worlds/widgets/widget_basin_nursery_bubbles.png remapped: res://assets/opera/worlds/widgets/widget_basin_nursery_bubbles.png
Loading resource: res://.godot/imported/widget_basin_nursery_bubbles.png-0c94ab99711288b260919322af35fb93.ctex remapped: res://.godot/imported/widget_basin_nursery_bubbles.png-0c94ab99711288b260919322af35fb93.ctex
Completed load for: 'res://assets/opera/worlds/widgets/widget_basin_nursery_bubbles.png' remapped 'res://assets/opera/worlds/widgets/widget_basin_nursery_bubbles.png' at thread -1
NURSERY|OK|job twelve opens the dedicated Canvas nursery
NURSERY|OK|nursery has no clinic or Stuffie Surgeon engine
NURSERY|OK|Roshan and Faron use authored nursery actors
NURSERY|OK|Nurse Faron stays beside Roshan as a cooperative partner
NURSERY|OK|the care story keeps its beats inside the five-beat arc
NURSERY|OK|hand washing opens with no passive progress or copied combat
NURSERY|OK|WASH HANDS re-prompt preserves speaker and cue
Loading resource: res://assets/audio/voices/faron_op_nursery_catch.ogg remapped: res://assets/audio/voices/faron_op_nursery_catch.ogg
Loading resource: res://.godot/imported/faron_op_nursery_catch.ogg-8f9e973d7afc17076c7bc0aa00a2c3ba.oggvorbisstr remapped: res://.godot/imported/faron_op_nursery_catch.ogg-8f9e973d7afc17076c7bc0aa00a2c3ba.oggvorbisstr
Completed load for: 'res://assets/audio/voices/faron_op_nursery_catch.ogg' remapped 'res://assets/audio/voices/faron_op_nursery_catch.ogg' at thread -1
NURSERY|OK|CATCH BABIES re-prompt preserves speaker and cue
NURSERY|OK|CATCH BABIES re-prompt selects exact Faron clip
Loading resource: res://assets/audio/voices/faron_op_nursery_feed.ogg remapped: res://assets/audio/voices/faron_op_nursery_feed.ogg
Loading resource: res://.godot/imported/faron_op_nursery_feed.ogg-4409a45b2f21e198a5289255ca99e892.oggvorbisstr remapped: res://.godot/imported/faron_op_nursery_feed.ogg-4409a45b2f21e198a5289255ca99e892.oggvorbisstr
Completed load for: 'res://assets/audio/voices/faron_op_nursery_feed.ogg' remapped 'res://assets/audio/voices/faron_op_nursery_feed.ogg' at thread -1
NURSERY|OK|FEED re-prompt preserves speaker and cue
NURSERY|OK|FEED re-prompt selects exact Faron clip
Loading resource: res://assets/audio/voices/filler_v1/roshan_op_nursery_burp_stage.ogg remapped: res://assets/audio/voices/filler_v1/roshan_op_nursery_burp_stage.ogg
Loading resource: res://.godot/imported/roshan_op_nursery_burp_stage.ogg-78622eb4bc640a3b93159052d2003c2f.oggvorbisstr remapped: res://.godot/imported/roshan_op_nursery_burp_stage.ogg-78622eb4bc640a3b93159052d2003c2f.oggvorbisstr
Completed load for: 'res://assets/audio/voices/filler_v1/roshan_op_nursery_burp_stage.ogg' remapped 'res://assets/audio/voices/filler_v1/roshan_op_nursery_burp_stage.ogg' at thread -1
NURSERY|OK|BURP re-prompt preserves speaker and cue
Loading resource: res://assets/audio/voices/faron_op_nursery_bedtime.ogg remapped: res://assets/audio/voices/faron_op_nursery_bedtime.ogg
Loading resource: res://.godot/imported/faron_op_nursery_bedtime.ogg-ca60f65d5f522c086788ac7f2ad1f627.oggvorbisstr remapped: res://.godot/imported/faron_op_nursery_bedtime.ogg-ca60f65d5f522c086788ac7f2ad1f627.oggvorbisstr
Completed load for: 'res://assets/audio/voices/faron_op_nursery_bedtime.ogg' remapped 'res://assets/audio/voices/faron_op_nursery_bedtime.ogg' at thread -1
NURSERY|OK|BEDTIME re-prompt preserves speaker and cue
NURSERY|OK|BEDTIME re-prompt selects exact Faron clip
NURSERY|OK|open-task re-prompt exercises the intended idle branch
NURSERY|OK|open-task re-prompt uses active phase identity and exact cue
NURSERY|OK|catch phase reuses and expands the falling-baby grammar
NURSERY|OK|catch phase keeps the painted nursery visible behind its mobile
Loading resource: res://assets/audio/voices/faron_miss.ogg remapped: res://assets/audio/voices/faron_miss.ogg
Loading resource: res://.godot/imported/faron_miss.ogg-4a1c5a743eb3aa7a50b184d2987e8e48.oggvorbisstr remapped: res://.godot/imported/faron_miss.ogg-4a1c5a743eb3aa7a50b184d2987e8e48.oggvorbisstr
Completed load for: 'res://assets/audio/voices/faron_miss.ogg' remapped 'res://assets/audio/voices/faron_miss.ogg' at thread -1
NURSERY|OK|falling babies never catch themselves without fresh touch
NURSERY|OK|misses remain safe and invoke the mercy path
Loading resource: res://assets/opera/worlds/widgets/widget_pour_nursery_mover.png remapped: res://assets/opera/worlds/widgets/widget_pour_nursery_mover.png
Loading resource: res://.godot/imported/widget_pour_nursery_mover.png-554a482aafd44de8fd6d88a810db96d4.s3tc.ctex remapped: res://.godot/imported/widget_pour_nursery_mover.png-554a482aafd44de8fd6d88a810db96d4.s3tc.ctex
Completed load for: 'res://assets/opera/worlds/widgets/widget_pour_nursery_mover.png' remapped 'res://assets/opera/worlds/widgets/widget_pour_nursery_mover.png' at thread -1
NURSERY|OK|one-finger steering catches all five babies after safe misses
NURSERY|OK|feeding waits at its painted station before the bottle opens
NURSERY|OK|waiting-at-station re-prompt exercises the intended idle branch
NURSERY|OK|waiting-at-station re-prompt uses active phase identity and exact cue
NURSERY|OK|feeding uses the approved bottle hold tableau
NURSERY|OK|feeding clears into the gentle burp-pat beat without an imp chase
NURSERY|OK|four gentle pats advance to the direct blanket scene
NURSERY|OK|three one-use blanket tucks complete bedtime
Loading resource: res://assets/audio/voices/filler_v1/roshan_win.ogg remapped: res://assets/audio/voices/filler_v1/roshan_win.ogg
Loading resource: res://.godot/imported/roshan_win.ogg-79c28198cd5b762bc412de4609bf2f1d.oggvorbisstr remapped: res://.godot/imported/roshan_win.ogg-79c28198cd5b762bc412de4609bf2f1d.oggvorbisstr
Completed load for: 'res://assets/audio/voices/filler_v1/roshan_win.ogg' remapped 'res://assets/audio/voices/filler_v1/roshan_win.ogg' at thread -1
NURSERY|OK|blanket tuck completes the cooperative nursery show
NURSERY|OK|curtain call celebrates cozy babies, not beating Faron
Loading resource: res://assets/audio/ambience_reef.ogg remapped: res://assets/audio/ambience_reef.ogg
Loading resource: res://.godot/imported/ambience_reef.ogg-30031e4868dd5f41925c6b3f42f0f9b1.oggvorbisstr remapped: res://.godot/imported/ambience_reef.ogg-30031e4868dd5f41925c6b3f42f0f9b1.oggvorbisstr
Completed load for: 'res://assets/audio/ambience_reef.ogg' remapped 'res://assets/audio/ambience_reef.ogg' at thread -1
Loading resource: res://assets/audio/music/world.ogg remapped: res://assets/audio/music/world.ogg
Loading resource: res://.godot/imported/world.ogg-bfec9819aa7fa229c0057fe76832cfa3.oggvorbisstr remapped: res://.godot/imported/world.ogg-bfec9819aa7fa229c0057fe76832cfa3.oggvorbisstr
Completed load for: 'res://assets/audio/music/world.ogg' remapped 'res://assets/audio/music/world.ogg' at thread -1
NURSERY|OK|nursery restores the touch layer on exit
NURSERY|result: ALL OK
XR: Clearing primary interface
XR: Removed interface "Native mobile"
XR: Removed interface "OpenXR"
