WorkerThreadPool: 12 threads, 3 max low-priority.
Godot Engine v4.7.2.stable.official.ed1daf0bf - https://godotengine.org
TextServer: Added interface "Dummy"
TextServer: Added interface "ICU / HarfBuzz / Graphite (Built-in)"
Using "default" pen tablet driver...

TextServer: Primary interface set to: "ICU / HarfBuzz / Graphite (Built-in)".
Loading resource: res://default_bus_layout.tres remapped: res://default_bus_layout.tres
Completed load for: 'res://default_bus_layout.tres' remapped 'res://default_bus_layout.tres' at thread -1
CORE API HASH: 2004498165
EDITOR API HASH: 1696660745
Loading resource: res://scripts/probe_dust_bunny.gd remapped: res://scripts/probe_dust_bunny.gd
Completed load for: 'res://scripts/probe_dust_bunny.gd' remapped 'res://scripts/probe_dust_bunny.gd' at thread -1
SceneTreeFTI: traversal method DEFAULT
OK  animation atlases import 
Loaded system CA certificates
Loading resource: res://assets/sprites/dust_bunnies/dust_bunny_idle.png remapped: res://assets/sprites/dust_bunnies/dust_bunny_idle.png
Loading resource: res://.godot/imported/dust_bunny_idle.png-2882eed6037a7432104494fa1c84a5f2.ctex remapped: res://.godot/imported/dust_bunny_idle.png-2882eed6037a7432104494fa1c84a5f2.ctex
Completed load for: 'res://assets/sprites/dust_bunnies/dust_bunny_idle.png' remapped 'res://assets/sprites/dust_bunnies/dust_bunny_idle.png' at thread -1
Loading resource: res://assets/sprites/dust_bunnies/dust_bunny_hop.png remapped: res://assets/sprites/dust_bunnies/dust_bunny_hop.png
Loading resource: res://.godot/imported/dust_bunny_hop.png-167cd9f854de5abcc0ed089fb4d2c432.ctex remapped: res://.godot/imported/dust_bunny_hop.png-167cd9f854de5abcc0ed089fb4d2c432.ctex
Completed load for: 'res://assets/sprites/dust_bunnies/dust_bunny_hop.png' remapped 'res://assets/sprites/dust_bunnies/dust_bunny_hop.png' at thread -1
Loading resource: res://assets/sprites/dust_bunnies/dust_bunny_defeat.png remapped: res://assets/sprites/dust_bunnies/dust_bunny_defeat.png
Loading resource: res://.godot/imported/dust_bunny_defeat.png-517be10eaff0e3d29e3d569d0d89fd19.ctex remapped: res://.godot/imported/dust_bunny_defeat.png-517be10eaff0e3d29e3d569d0d89fd19.ctex
Completed load for: 'res://assets/sprites/dust_bunnies/dust_bunny_defeat.png' remapped 'res://assets/sprites/dust_bunnies/dust_bunny_defeat.png' at thread -1
OK  animated card created 
OK  idle has six frames 
OK  hop has six frames 
OK  defeat has six frames 
OK  idle loops 
OK  hop is one shot 
OK  defeat is one shot 
OK  paint stays unshaded 
OK  card faces camera 
OK  card casts no shadow 
OK  enemy groups registered 
OK  hop action starts 
OK  defeat action starts 
OK  clean sparkle hides card 
OK  idle-to-hop state machine runs actions=5 landings=4
OK  hop has readable arc height=1.35
OK  enemy reports gentle shield bump bumps=2
OK  enemy stays inside arena 
OK  seeded motion is deterministic 
OK  no physics body added 
DUST BUNNY PROBE: ALL OK
XR: Clearing primary interface
XR: Removed interface "Native mobile"
XR: Removed interface "OpenXR"
