WorkerThreadPool: 12 threads, 3 max low-priority.
Godot Engine v4.7.2.stable.official.ed1daf0bf - https://godotengine.org
TextServer: Added interface "Dummy"
TextServer: Added interface "ICU / HarfBuzz / Graphite (Built-in)"
Using "default" pen tablet driver...

TextServer: Primary interface set to: "ICU / HarfBuzz / Graphite (Built-in)".
Loading resource: res://default_bus_layout.tres remapped: res://default_bus_layout.tres
Completed load for: 'res://default_bus_layout.tres' remapped 'res://default_bus_layout.tres' at thread -1
CORE API HASH: 2004498165
EDITOR API HASH: 1696660745
Loading resource: res://scripts/probe_partner.gd remapped: res://scripts/probe_partner.gd
Loading resource: res://assets/sprites/fx_water/fx_water_bubble_burst_atlas.png remapped: res://assets/sprites/fx_water/fx_water_bubble_burst_atlas.png
Loading resource: res://.godot/imported/fx_water_bubble_burst_atlas.png-6756054a8ce0da3a133c2d2926db3fe9.s3tc.ctex remapped: res://.godot/imported/fx_water_bubble_burst_atlas.png-6756054a8ce0da3a133c2d2926db3fe9.s3tc.ctex
Completed load for: 'res://assets/sprites/fx_water/fx_water_bubble_burst_atlas.png' remapped 'res://assets/sprites/fx_water/fx_water_bubble_burst_atlas.png' at thread -1
Loading resource: res://assets/sprites/fx_water/fx_water_splash_medium_atlas.png remapped: res://assets/sprites/fx_water/fx_water_splash_medium_atlas.png
Loading resource: res://.godot/imported/fx_water_splash_medium_atlas.png-e51a9350ed55a41c49ea3d00f22151f4.s3tc.ctex remapped: res://.godot/imported/fx_water_splash_medium_atlas.png-e51a9350ed55a41c49ea3d00f22151f4.s3tc.ctex
Completed load for: 'res://assets/sprites/fx_water/fx_water_splash_medium_atlas.png' remapped 'res://assets/sprites/fx_water/fx_water_splash_medium_atlas.png' at thread -1
Loading resource: res://assets/characters/roshan_25d/roshan_directional.png remapped: res://assets/characters/roshan_25d/roshan_directional.png
Loading resource: res://.godot/imported/roshan_directional.png-d625ae71ef68ca7b79f00f48e0d76cbb.s3tc.ctex remapped: res://.godot/imported/roshan_directional.png-d625ae71ef68ca7b79f00f48e0d76cbb.s3tc.ctex
Completed load for: 'res://assets/characters/roshan_25d/roshan_directional.png' remapped 'res://assets/characters/roshan_25d/roshan_directional.png' at thread -1
Loading resource: res://assets/characters/roshan_25d/roshan_swim_front.png remapped: res://assets/characters/roshan_25d/roshan_swim_front.png
Loading resource: res://.godot/imported/roshan_swim_front.png-42175e9e171cd7007cff3a9ae801e389.s3tc.ctex remapped: res://.godot/imported/roshan_swim_front.png-42175e9e171cd7007cff3a9ae801e389.s3tc.ctex
Completed load for: 'res://assets/characters/roshan_25d/roshan_swim_front.png' remapped 'res://assets/characters/roshan_25d/roshan_swim_front.png' at thread -1
Loading resource: res://assets/characters/roshan_25d/roshan_swim_back.png remapped: res://assets/characters/roshan_25d/roshan_swim_back.png
Loading resource: res://.godot/imported/roshan_swim_back.png-e93afa07bbddede1e856e92c5cdc462a.s3tc.ctex remapped: res://.godot/imported/roshan_swim_back.png-e93afa07bbddede1e856e92c5cdc462a.s3tc.ctex
Completed load for: 'res://assets/characters/roshan_25d/roshan_swim_back.png' remapped 'res://assets/characters/roshan_25d/roshan_swim_back.png' at thread -1
Loading resource: res://assets/castle/training/ghost_hand.png remapped: res://assets/castle/training/ghost_hand.png
Loading resource: res://.godot/imported/ghost_hand.png-1de3e3644c9a46e5892c5a8fa86dad01.ctex remapped: res://.godot/imported/ghost_hand.png-1de3e3644c9a46e5892c5a8fa86dad01.ctex
Completed load for: 'res://assets/castle/training/ghost_hand.png' remapped 'res://assets/castle/training/ghost_hand.png' at thread -1
Loading resource: res://shaders/castle_fixture_bloom.gdshader remapped: res://shaders/castle_fixture_bloom.gdshader
Completed load for: 'res://shaders/castle_fixture_bloom.gdshader' remapped 'res://shaders/castle_fixture_bloom.gdshader' at thread -1
Loading resource: res://assets/flats/castle/rooms/room_actor_shadow.png remapped: res://assets/flats/castle/rooms/room_actor_shadow.png
Loading resource: res://.godot/imported/room_actor_shadow.png-f1d04727dc138f663653a3117bb0a06a.s3tc.ctex remapped: res://.godot/imported/room_actor_shadow.png-f1d04727dc138f663653a3117bb0a06a.s3tc.ctex
Completed load for: 'res://assets/flats/castle/rooms/room_actor_shadow.png' remapped 'res://assets/flats/castle/rooms/room_actor_shadow.png' at thread -1
Loading resource: res://assets/castle/dirty_cleanup_2d/effects/fx_soap_bubbles.png remapped: res://assets/castle/dirty_cleanup_2d/effects/fx_soap_bubbles.png
Loading resource: res://.godot/imported/fx_soap_bubbles.png-8f04cce33abb3c3312d7afe57e1021e1.ctex remapped: res://.godot/imported/fx_soap_bubbles.png-8f04cce33abb3c3312d7afe57e1021e1.ctex
Completed load for: 'res://assets/castle/dirty_cleanup_2d/effects/fx_soap_bubbles.png' remapped 'res://assets/castle/dirty_cleanup_2d/effects/fx_soap_bubbles.png' at thread -1
Loading resource: res://assets/shaders/castle_fixture_water.gdshader remapped: res://assets/shaders/castle_fixture_water.gdshader
Completed load for: 'res://assets/shaders/castle_fixture_water.gdshader' remapped 'res://assets/shaders/castle_fixture_water.gdshader' at thread -1
Loading resource: res://assets/terrain/up_water_nrm.jpg remapped: res://assets/terrain/up_water_nrm.jpg
Loading resource: res://.godot/imported/up_water_nrm.jpg-17f81a1afbb895061d198f7cd6fac5ca.ctex remapped: res://.godot/imported/up_water_nrm.jpg-17f81a1afbb895061d198f7cd6fac5ca.ctex
Completed load for: 'res://assets/terrain/up_water_nrm.jpg' remapped 'res://assets/terrain/up_water_nrm.jpg' at thread -1
Loading resource: res://assets/terrain/caustics.png remapped: res://assets/terrain/caustics.png
Loading resource: res://.godot/imported/caustics.png-3a5cbbf4f913abf47849e57640465f02.s3tc.ctex remapped: res://.godot/imported/caustics.png-3a5cbbf4f913abf47849e57640465f02.s3tc.ctex
Completed load for: 'res://assets/terrain/caustics.png' remapped 'res://assets/terrain/caustics.png' at thread -1
Loading resource: res://assets/flats/castle/logo_studio_v2/castle_banner_pink.png remapped: res://assets/flats/castle/logo_studio_v2/castle_banner_pink.png
Loading resource: res://.godot/imported/castle_banner_pink.png-1f07d5f169916030a25ffc843a00a097.ctex remapped: res://.godot/imported/castle_banner_pink.png-1f07d5f169916030a25ffc843a00a097.ctex
Completed load for: 'res://assets/flats/castle/logo_studio_v2/castle_banner_pink.png' remapped 'res://assets/flats/castle/logo_studio_v2/castle_banner_pink.png' at thread -1
Loading resource: res://assets/flats/castle/logo_studio_v2/castle_banner_gold.png remapped: res://assets/flats/castle/logo_studio_v2/castle_banner_gold.png
Loading resource: res://.godot/imported/castle_banner_gold.png-5442446e7bc3ba706d422fcbb4922333.ctex remapped: res://.godot/imported/castle_banner_gold.png-5442446e7bc3ba706d422fcbb4922333.ctex
Completed load for: 'res://assets/flats/castle/logo_studio_v2/castle_banner_gold.png' remapped 'res://assets/flats/castle/logo_studio_v2/castle_banner_gold.png' at thread -1
Loading resource: res://assets/flats/castle/logo_studio_v2/castle_banner_mint.png remapped: res://assets/flats/castle/logo_studio_v2/castle_banner_mint.png
Loading resource: res://.godot/imported/castle_banner_mint.png-1bd0912452535d09563f5821ab572aa1.ctex remapped: res://.godot/imported/castle_banner_mint.png-1bd0912452535d09563f5821ab572aa1.ctex
Completed load for: 'res://assets/flats/castle/logo_studio_v2/castle_banner_mint.png' remapped 'res://assets/flats/castle/logo_studio_v2/castle_banner_mint.png' at thread -1
Loading resource: res://assets/flats/castle/logo_studio_v2/castle_banner_ocean.png remapped: res://assets/flats/castle/logo_studio_v2/castle_banner_ocean.png
Loading resource: res://.godot/imported/castle_banner_ocean.png-b4870497f6aa7ef8fd0fa9b03a7817e1.ctex remapped: res://.godot/imported/castle_banner_ocean.png-b4870497f6aa7ef8fd0fa9b03a7817e1.ctex
Completed load for: 'res://assets/flats/castle/logo_studio_v2/castle_banner_ocean.png' remapped 'res://assets/flats/castle/logo_studio_v2/castle_banner_ocean.png' at thread -1
Loading resource: res://assets/flats/castle/logo_studio_v2/castle_banner_purple.png remapped: res://assets/flats/castle/logo_studio_v2/castle_banner_purple.png
Loading resource: res://.godot/imported/castle_banner_purple.png-a711c2ef7be4134e857e2b0804f886f4.ctex remapped: res://.godot/imported/castle_banner_purple.png-a711c2ef7be4134e857e2b0804f886f4.ctex
Completed load for: 'res://assets/flats/castle/logo_studio_v2/castle_banner_purple.png' remapped 'res://assets/flats/castle/logo_studio_v2/castle_banner_purple.png' at thread -1
Loading resource: res://assets/flats/castle/logo_studio_v2/castle_banner_rainbow.png remapped: res://assets/flats/castle/logo_studio_v2/castle_banner_rainbow.png
Loading resource: res://.godot/imported/castle_banner_rainbow.png-51987bbcab3d63a5e6b8856c39d3e1f5.ctex remapped: res://.godot/imported/castle_banner_rainbow.png-51987bbcab3d63a5e6b8856c39d3e1f5.ctex
Completed load for: 'res://assets/flats/castle/logo_studio_v2/castle_banner_rainbow.png' remapped 'res://assets/flats/castle/logo_studio_v2/castle_banner_rainbow.png' at thread -1
Loading resource: res://assets/flats/castle/logo_studio_v2/castle_banner_motif_rainbow.png remapped: res://assets/flats/castle/logo_studio_v2/castle_banner_motif_rainbow.png
Loading resource: res://.godot/imported/castle_banner_motif_rainbow.png-7d37c39c57d9145c1662a600706a0215.ctex remapped: res://.godot/imported/castle_banner_motif_rainbow.png-7d37c39c57d9145c1662a600706a0215.ctex
Completed load for: 'res://assets/flats/castle/logo_studio_v2/castle_banner_motif_rainbow.png' remapped 'res://assets/flats/castle/logo_studio_v2/castle_banner_motif_rainbow.png' at thread -1
Loading resource: res://assets/flats/castle/logo_studio_v2/castle_banner_motif_shell.png remapped: res://assets/flats/castle/logo_studio_v2/castle_banner_motif_shell.png
Loading resource: res://.godot/imported/castle_banner_motif_shell.png-2ded8f0554ad78cbf31ed04692a2e95a.ctex remapped: res://.godot/imported/castle_banner_motif_shell.png-2ded8f0554ad78cbf31ed04692a2e95a.ctex
Completed load for: 'res://assets/flats/castle/logo_studio_v2/castle_banner_motif_shell.png' remapped 'res://assets/flats/castle/logo_studio_v2/castle_banner_motif_shell.png' at thread -1
Loading resource: res://assets/flats/castle/logo_studio_v2/castle_banner_motif_kitty.png remapped: res://assets/flats/castle/logo_studio_v2/castle_banner_motif_kitty.png
Loading resource: res://.godot/imported/castle_banner_motif_kitty.png-476ecb445ef20b8f0ee562bf74ffc1f3.ctex remapped: res://.godot/imported/castle_banner_motif_kitty.png-476ecb445ef20b8f0ee562bf74ffc1f3.ctex
Completed load for: 'res://assets/flats/castle/logo_studio_v2/castle_banner_motif_kitty.png' remapped 'res://assets/flats/castle/logo_studio_v2/castle_banner_motif_kitty.png' at thread -1
Loading resource: res://assets/flats/castle/logo_studio_v2/castle_banner_motif_dog.png remapped: res://assets/flats/castle/logo_studio_v2/castle_banner_motif_dog.png
Loading resource: res://.godot/imported/castle_banner_motif_dog.png-f60e00a475feefbed7e6b7b03314b4e3.ctex remapped: res://.godot/imported/castle_banner_motif_dog.png-f60e00a475feefbed7e6b7b03314b4e3.ctex
Completed load for: 'res://assets/flats/castle/logo_studio_v2/castle_banner_motif_dog.png' remapped 'res://assets/flats/castle/logo_studio_v2/castle_banner_motif_dog.png' at thread -1
Loading resource: res://assets/flats/castle/logo_studio_v2/castle_banner_motif_star.png remapped: res://assets/flats/castle/logo_studio_v2/castle_banner_motif_star.png
Loading resource: res://.godot/imported/castle_banner_motif_star.png-c2920063905028bbe428c242038dc858.ctex remapped: res://.godot/imported/castle_banner_motif_star.png-c2920063905028bbe428c242038dc858.ctex
Completed load for: 'res://assets/flats/castle/logo_studio_v2/castle_banner_motif_star.png' remapped 'res://assets/flats/castle/logo_studio_v2/castle_banner_motif_star.png' at thread -1
Loading resource: res://assets/flats/castle/logo_studio_v2/castle_banner_motif_heart.png remapped: res://assets/flats/castle/logo_studio_v2/castle_banner_motif_heart.png
Loading resource: res://.godot/imported/castle_banner_motif_heart.png-1e2c41e7d0fee88319aa5e07bebb840c.ctex remapped: res://.godot/imported/castle_banner_motif_heart.png-1e2c41e7d0fee88319aa5e07bebb840c.ctex
Completed load for: 'res://assets/flats/castle/logo_studio_v2/castle_banner_motif_heart.png' remapped 'res://assets/flats/castle/logo_studio_v2/castle_banner_motif_heart.png' at thread -1
Loading resource: res://assets/flats/castle/logo_studio_v2/castle_banner_motif_crown.png remapped: res://assets/flats/castle/logo_studio_v2/castle_banner_motif_crown.png
Loading resource: res://.godot/imported/castle_banner_motif_crown.png-a6e77f1d9ed0122ac2aa4567a6832a08.ctex remapped: res://.godot/imported/castle_banner_motif_crown.png-a6e77f1d9ed0122ac2aa4567a6832a08.ctex
Completed load for: 'res://assets/flats/castle/logo_studio_v2/castle_banner_motif_crown.png' remapped 'res://assets/flats/castle/logo_studio_v2/castle_banner_motif_crown.png' at thread -1
Loading resource: res://assets/flats/castle/logo_studio_v2/castle_banner_motif_butterfly.png remapped: res://assets/flats/castle/logo_studio_v2/castle_banner_motif_butterfly.png
Loading resource: res://.godot/imported/castle_banner_motif_butterfly.png-862a1cf8dacc6daab2058d435ea0ad5f.ctex remapped: res://.godot/imported/castle_banner_motif_butterfly.png-862a1cf8dacc6daab2058d435ea0ad5f.ctex
Completed load for: 'res://assets/flats/castle/logo_studio_v2/castle_banner_motif_butterfly.png' remapped 'res://assets/flats/castle/logo_studio_v2/castle_banner_motif_butterfly.png' at thread -1
Loading resource: res://assets/ui/boot_splash_mermaid_roshan.png remapped: res://assets/ui/boot_splash_mermaid_roshan.png
Loading resource: res://.godot/imported/boot_splash_mermaid_roshan.png-b4f76f82b4095448b9258c74830dd0bf.ctex remapped: res://.godot/imported/boot_splash_mermaid_roshan.png-b4f76f82b4095448b9258c74830dd0bf.ctex
Completed load for: 'res://assets/ui/boot_splash_mermaid_roshan.png' remapped 'res://assets/ui/boot_splash_mermaid_roshan.png' at thread -1
Loading resource: res://assets/castle/day_one_art_studio/magic_cleaning_brush.png remapped: res://assets/castle/day_one_art_studio/magic_cleaning_brush.png
Loading resource: res://.godot/imported/magic_cleaning_brush.png-9aab3d5c1cf900b3b09e19eacb3d842d.ctex remapped: res://.godot/imported/magic_cleaning_brush.png-9aab3d5c1cf900b3b09e19eacb3d842d.ctex
Completed load for: 'res://assets/castle/day_one_art_studio/magic_cleaning_brush.png' remapped 'res://assets/castle/day_one_art_studio/magic_cleaning_brush.png' at thread -1
Loading resource: res://assets/castle/day_one_art_studio/loose_brush_bundle.png remapped: res://assets/castle/day_one_art_studio/loose_brush_bundle.png
Loading resource: res://.godot/imported/loose_brush_bundle.png-864136367585f2d9d14d7d1e8b20b7c8.ctex remapped: res://.godot/imported/loose_brush_bundle.png-864136367585f2d9d14d7d1e8b20b7c8.ctex
Completed load for: 'res://assets/castle/day_one_art_studio/loose_brush_bundle.png' remapped 'res://assets/castle/day_one_art_studio/loose_brush_bundle.png' at thread -1
Loading resource: res://assets/castle/day_one_art_studio/paint_bottle_pink.png remapped: res://assets/castle/day_one_art_studio/paint_bottle_pink.png
Loading resource: res://.godot/imported/paint_bottle_pink.png-c543c4d9f1f567c443e165a9fa714da8.ctex remapped: res://.godot/imported/paint_bottle_pink.png-c543c4d9f1f567c443e165a9fa714da8.ctex
Completed load for: 'res://assets/castle/day_one_art_studio/paint_bottle_pink.png' remapped 'res://assets/castle/day_one_art_studio/paint_bottle_pink.png' at thread -1
Loading resource: res://assets/castle/day_one_art_studio/paint_bottle_blue.png remapped: res://assets/castle/day_one_art_studio/paint_bottle_blue.png
Loading resource: res://.godot/imported/paint_bottle_blue.png-5095790b8453a9b3e2ea954bc927e605.ctex remapped: res://.godot/imported/paint_bottle_blue.png-5095790b8453a9b3e2ea954bc927e605.ctex
Completed load for: 'res://assets/castle/day_one_art_studio/paint_bottle_blue.png' remapped 'res://assets/castle/day_one_art_studio/paint_bottle_blue.png' at thread -1
Loading resource: res://assets/castle/day_one_art_studio/paint_cups.png remapped: res://assets/castle/day_one_art_studio/paint_cups.png
Loading resource: res://.godot/imported/paint_cups.png-100570cd9a806d4462c301ca08769707.ctex remapped: res://.godot/imported/paint_cups.png-100570cd9a806d4462c301ca08769707.ctex
Completed load for: 'res://assets/castle/day_one_art_studio/paint_cups.png' remapped 'res://assets/castle/day_one_art_studio/paint_cups.png' at thread -1
Loading resource: res://assets/castle/day_one_art_studio/grime_left.png remapped: res://assets/castle/day_one_art_studio/grime_left.png
Loading resource: res://.godot/imported/grime_left.png-9b85fce9291a82cc7fa602186defdc14.ctex remapped: res://.godot/imported/grime_left.png-9b85fce9291a82cc7fa602186defdc14.ctex
Completed load for: 'res://assets/castle/day_one_art_studio/grime_left.png' remapped 'res://assets/castle/day_one_art_studio/grime_left.png' at thread -1
Loading resource: res://assets/castle/day_one_art_studio/grime_desk.png remapped: res://assets/castle/day_one_art_studio/grime_desk.png
Loading resource: res://.godot/imported/grime_desk.png-38eed6c08bb917d3198d2d948f230b8b.ctex remapped: res://.godot/imported/grime_desk.png-38eed6c08bb917d3198d2d948f230b8b.ctex
Completed load for: 'res://assets/castle/day_one_art_studio/grime_desk.png' remapped 'res://assets/castle/day_one_art_studio/grime_desk.png' at thread -1
Loading resource: res://assets/castle/day_one_art_studio/grime_right.png remapped: res://assets/castle/day_one_art_studio/grime_right.png
Loading resource: res://.godot/imported/grime_right.png-9c83e9c00c88d0942dc2efe0b144a31b.ctex remapped: res://.godot/imported/grime_right.png-9c83e9c00c88d0942dc2efe0b144a31b.ctex
Completed load for: 'res://assets/castle/day_one_art_studio/grime_right.png' remapped 'res://assets/castle/day_one_art_studio/grime_right.png' at thread -1
Loading resource: res://assets/flats/castle/rooms/room_bubble_bath_dirty_day_one.png remapped: res://assets/flats/castle/rooms/room_bubble_bath_dirty_day_one.png
Loading resource: res://.godot/imported/room_bubble_bath_dirty_day_one.png-9e5525828616e0db5b9a3b8b28435c35.ctex remapped: res://.godot/imported/room_bubble_bath_dirty_day_one.png-9e5525828616e0db5b9a3b8b28435c35.ctex
Completed load for: 'res://assets/flats/castle/rooms/room_bubble_bath_dirty_day_one.png' remapped 'res://assets/flats/castle/rooms/room_bubble_bath_dirty_day_one.png' at thread -1
Loading resource: res://assets/flats/castle/rooms/room_bubble_bath_dirty_drained_day_one.png remapped: res://assets/flats/castle/rooms/room_bubble_bath_dirty_drained_day_one.png
Loading resource: res://.godot/imported/room_bubble_bath_dirty_drained_day_one.png-7e8d3b4c3b9d1f29e91ac035a5fb7262.ctex remapped: res://.godot/imported/room_bubble_bath_dirty_drained_day_one.png-7e8d3b4c3b9d1f29e91ac035a5fb7262.ctex
Completed load for: 'res://assets/flats/castle/rooms/room_bubble_bath_dirty_drained_day_one.png' remapped 'res://assets/flats/castle/rooms/room_bubble_bath_dirty_drained_day_one.png' at thread -1
Loading resource: res://assets/flats/castle/rooms/room_bubble_bath.png remapped: res://assets/flats/castle/rooms/room_bubble_bath.png
Loading resource: res://.godot/imported/room_bubble_bath.png-8ee98b24e8364131dc5cfc2232874cd7.ctex remapped: res://.godot/imported/room_bubble_bath.png-8ee98b24e8364131dc5cfc2232874cd7.ctex
Completed load for: 'res://assets/flats/castle/rooms/room_bubble_bath.png' remapped 'res://assets/flats/castle/rooms/room_bubble_bath.png' at thread -1
Loading resource: res://assets/castle/dirty_cleanup_2d/targets/target_sink_grime_v1.png remapped: res://assets/castle/dirty_cleanup_2d/targets/target_sink_grime_v1.png
Loading resource: res://.godot/imported/target_sink_grime_v1.png-5d01aaca3a2b34c04e93afaef486eb50.ctex remapped: res://.godot/imported/target_sink_grime_v1.png-5d01aaca3a2b34c04e93afaef486eb50.ctex
Completed load for: 'res://assets/castle/dirty_cleanup_2d/targets/target_sink_grime_v1.png' remapped 'res://assets/castle/dirty_cleanup_2d/targets/target_sink_grime_v1.png' at thread -1
Loading resource: res://assets/sprites/sky_lagoon/sky_lagoon_castle_four_tower_v4.png remapped: res://assets/sprites/sky_lagoon/sky_lagoon_castle_four_tower_v4.png
Loading resource: res://.godot/imported/sky_lagoon_castle_four_tower_v4.png-3db3791a13b15911d5b711360be9c503.ctex remapped: res://.godot/imported/sky_lagoon_castle_four_tower_v4.png-3db3791a13b15911d5b711360be9c503.ctex
Completed load for: 'res://assets/sprites/sky_lagoon/sky_lagoon_castle_four_tower_v4.png' remapped 'res://assets/sprites/sky_lagoon/sky_lagoon_castle_four_tower_v4.png' at thread -1
Loading resource: res://assets/sprites/sky_lagoon/sky_lagoon_cloud_family_v7_hd_grade.png remapped: res://assets/sprites/sky_lagoon/sky_lagoon_cloud_family_v7_hd_grade.png
Loading resource: res://.godot/imported/sky_lagoon_cloud_family_v7_hd_grade.png-dc0538f7caa6b853334b469234e73a2d.ctex remapped: res://.godot/imported/sky_lagoon_cloud_family_v7_hd_grade.png-dc0538f7caa6b853334b469234e73a2d.ctex
Completed load for: 'res://assets/sprites/sky_lagoon/sky_lagoon_cloud_family_v7_hd_grade.png' remapped 'res://assets/sprites/sky_lagoon/sky_lagoon_cloud_family_v7_hd_grade.png' at thread -1
Loading resource: res://assets/sprites/sky_lagoon/sky_lagoon_cloud_single_v1.png remapped: res://assets/sprites/sky_lagoon/sky_lagoon_cloud_single_v1.png
Loading resource: res://.godot/imported/sky_lagoon_cloud_single_v1.png-b03683c7f3026927cde33f24d92a67e5.ctex remapped: res://.godot/imported/sky_lagoon_cloud_single_v1.png-b03683c7f3026927cde33f24d92a67e5.ctex
Completed load for: 'res://assets/sprites/sky_lagoon/sky_lagoon_cloud_single_v1.png' remapped 'res://assets/sprites/sky_lagoon/sky_lagoon_cloud_single_v1.png' at thread -1
Loading resource: res://assets/ui/castle_room_buttons_v2/room_opera_hall.png remapped: res://assets/ui/castle_room_buttons_v2/room_opera_hall.png
Loading resource: res://.godot/imported/room_opera_hall.png-4be4ecc3703261914b8a9526019262cc.ctex remapped: res://.godot/imported/room_opera_hall.png-4be4ecc3703261914b8a9526019262cc.ctex
Completed load for: 'res://assets/ui/castle_room_buttons_v2/room_opera_hall.png' remapped 'res://assets/ui/castle_room_buttons_v2/room_opera_hall.png' at thread -1
Loading resource: res://assets/ui/castle_room_buttons_v2/room_craft_room.png remapped: res://assets/ui/castle_room_buttons_v2/room_craft_room.png
Loading resource: res://.godot/imported/room_craft_room.png-7dc4a5c01065ce328e731b6b38053da5.ctex remapped: res://.godot/imported/room_craft_room.png-7dc4a5c01065ce328e731b6b38053da5.ctex
Completed load for: 'res://assets/ui/castle_room_buttons_v2/room_craft_room.png' remapped 'res://assets/ui/castle_room_buttons_v2/room_craft_room.png' at thread -1
Loading resource: res://assets/ui/castle_room_buttons_v2/room_kitchen.png remapped: res://assets/ui/castle_room_buttons_v2/room_kitchen.png
Loading resource: res://.godot/imported/room_kitchen.png-61af0fca52cce833210f295107496cf7.ctex remapped: res://.godot/imported/room_kitchen.png-61af0fca52cce833210f295107496cf7.ctex
Completed load for: 'res://assets/ui/castle_room_buttons_v2/room_kitchen.png' remapped 'res://assets/ui/castle_room_buttons_v2/room_kitchen.png' at thread -1
Loading resource: res://assets/mg/sun.png remapped: res://assets/mg/sun.png
Loading resource: res://.godot/imported/sun.png-c8bf9605370f6e02d9b21d685d405f9b.ctex remapped: res://.godot/imported/sun.png-c8bf9605370f6e02d9b21d685d405f9b.ctex
Completed load for: 'res://assets/mg/sun.png' remapped 'res://assets/mg/sun.png' at thread -1
Loading resource: res://assets/props/story/play_swing_frame.png remapped: res://assets/props/story/play_swing_frame.png
Loading resource: res://.godot/imported/play_swing_frame.png-a81ab1af7d4b95737787aabcf622cdbc.ctex remapped: res://.godot/imported/play_swing_frame.png-a81ab1af7d4b95737787aabcf622cdbc.ctex
Completed load for: 'res://assets/props/story/play_swing_frame.png' remapped 'res://assets/props/story/play_swing_frame.png' at thread -1
Loading resource: res://assets/props/story/play_swing_seat.png remapped: res://assets/props/story/play_swing_seat.png
Loading resource: res://.godot/imported/play_swing_seat.png-fbc2feb15e1e0c3563f38dd6be314f41.ctex remapped: res://.godot/imported/play_swing_seat.png-fbc2feb15e1e0c3563f38dd6be314f41.ctex
Completed load for: 'res://assets/props/story/play_swing_seat.png' remapped 'res://assets/props/story/play_swing_seat.png' at thread -1
Loading resource: res://assets/characters/roshan_25d/roshan_gesture_a.png remapped: res://assets/characters/roshan_25d/roshan_gesture_a.png
Loading resource: res://.godot/imported/roshan_gesture_a.png-18a31aea6ac3722a9397d1f4c4f45867.s3tc.ctex remapped: res://.godot/imported/roshan_gesture_a.png-18a31aea6ac3722a9397d1f4c4f45867.s3tc.ctex
Completed load for: 'res://assets/characters/roshan_25d/roshan_gesture_a.png' remapped 'res://assets/characters/roshan_25d/roshan_gesture_a.png' at thread -1
Loading resource: res://assets/characters/roshan_25d/roshan_gesture_b.png remapped: res://assets/characters/roshan_25d/roshan_gesture_b.png
Loading resource: res://.godot/imported/roshan_gesture_b.png-8cb0fb1a0e3c6a3ff52f66869af29ee3.s3tc.ctex remapped: res://.godot/imported/roshan_gesture_b.png-8cb0fb1a0e3c6a3ff52f66869af29ee3.s3tc.ctex
Completed load for: 'res://assets/characters/roshan_25d/roshan_gesture_b.png' remapped 'res://assets/characters/roshan_25d/roshan_gesture_b.png' at thread -1
Loading resource: res://assets/characters/roshan_25d/roshan_gesture_c.png remapped: res://assets/characters/roshan_25d/roshan_gesture_c.png
Loading resource: res://.godot/imported/roshan_gesture_c.png-938a4e5c63b0fe35548d3f25bd960773.s3tc.ctex remapped: res://.godot/imported/roshan_gesture_c.png-938a4e5c63b0fe35548d3f25bd960773.s3tc.ctex
Completed load for: 'res://assets/characters/roshan_25d/roshan_gesture_c.png' remapped 'res://assets/characters/roshan_25d/roshan_gesture_c.png' at thread -1
Loading resource: res://assets/characters/roshan_25d/roshan_gesture_d.png remapped: res://assets/characters/roshan_25d/roshan_gesture_d.png
Loading resource: res://.godot/imported/roshan_gesture_d.png-08aed87dc09d080eaf1e4104fb084fdc.s3tc.ctex remapped: res://.godot/imported/roshan_gesture_d.png-08aed87dc09d080eaf1e4104fb084fdc.s3tc.ctex
Completed load for: 'res://assets/characters/roshan_25d/roshan_gesture_d.png' remapped 'res://assets/characters/roshan_25d/roshan_gesture_d.png' at thread -1
Loading resource: res://assets/characters/roshan_25d/roshan_play_a.png remapped: res://assets/characters/roshan_25d/roshan_play_a.png
Loading resource: res://.godot/imported/roshan_play_a.png-7836c4193fc7d229ea3c5f1583aa2038.s3tc.ctex remapped: res://.godot/imported/roshan_play_a.png-7836c4193fc7d229ea3c5f1583aa2038.s3tc.ctex
Completed load for: 'res://assets/characters/roshan_25d/roshan_play_a.png' remapped 'res://assets/characters/roshan_25d/roshan_play_a.png' at thread -1
Loading resource: res://assets/characters/roshan_25d/roshan_play_b.png remapped: res://assets/characters/roshan_25d/roshan_play_b.png
Loading resource: res://.godot/imported/roshan_play_b.png-115ffaa3712f999ce1caf531c6fbc9ec.s3tc.ctex remapped: res://.godot/imported/roshan_play_b.png-115ffaa3712f999ce1caf531c6fbc9ec.s3tc.ctex
Completed load for: 'res://assets/characters/roshan_25d/roshan_play_b.png' remapped 'res://assets/characters/roshan_25d/roshan_play_b.png' at thread -1
Loading resource: res://assets/flats/castle/boss/dusty_attic_arena_2048.png remapped: res://assets/flats/castle/boss/dusty_attic_arena_2048.png
Loading resource: res://.godot/imported/dusty_attic_arena_2048.png-d3ca08103aa6a7020e840963166fbe19.ctex remapped: res://.godot/imported/dusty_attic_arena_2048.png-d3ca08103aa6a7020e840963166fbe19.ctex
Completed load for: 'res://assets/flats/castle/boss/dusty_attic_arena_2048.png' remapped 'res://assets/flats/castle/boss/dusty_attic_arena_2048.png' at thread -1
Loading resource: res://assets/opera/worlds/props/fx_stolen_sparkle.png remapped: res://assets/opera/worlds/props/fx_stolen_sparkle.png
Loading resource: res://.godot/imported/fx_stolen_sparkle.png-78d191c055130f9a82753b3c1b5d08ac.s3tc.ctex remapped: res://.godot/imported/fx_stolen_sparkle.png-78d191c055130f9a82753b3c1b5d08ac.s3tc.ctex
Completed load for: 'res://assets/opera/worlds/props/fx_stolen_sparkle.png' remapped 'res://assets/opera/worlds/props/fx_stolen_sparkle.png' at thread -1
Loading resource: res://assets/opera/worlds/props/fx_dust_puff.png remapped: res://assets/opera/worlds/props/fx_dust_puff.png
Loading resource: res://.godot/imported/fx_dust_puff.png-c19e7c817e63296b4a7808774d821915.ctex remapped: res://.godot/imported/fx_dust_puff.png-c19e7c817e63296b4a7808774d821915.ctex
Completed load for: 'res://assets/opera/worlds/props/fx_dust_puff.png' remapped 'res://assets/opera/worlds/props/fx_dust_puff.png' at thread -1
Loading resource: res://assets/effects/grand_puff/purple_vortex_v4.png remapped: res://assets/effects/grand_puff/purple_vortex_v4.png
Loading resource: res://.godot/imported/purple_vortex_v4.png-73637daaea783585b2d9d0dcf967aace.ctex remapped: res://.godot/imported/purple_vortex_v4.png-73637daaea783585b2d9d0dcf967aace.ctex
Completed load for: 'res://assets/effects/grand_puff/purple_vortex_v4.png' remapped 'res://assets/effects/grand_puff/purple_vortex_v4.png' at thread -1
Completed load for: 'res://scripts/probe_partner.gd' remapped 'res://scripts/probe_partner.gd' at thread -1
SceneTreeFTI: traversal method DEFAULT
Loading resource: res://scenes/main.tscn remapped: res://scenes/main.tscn
Completed load for: 'res://scenes/main.tscn' remapped 'res://scenes/main.tscn' at thread -1
Loaded system CA certificates
Loading resource: res://assets/audio/ambience_reef.ogg remapped: res://assets/audio/ambience_reef.ogg
Loading resource: res://.godot/imported/ambience_reef.ogg-30031e4868dd5f41925c6b3f42f0f9b1.oggvorbisstr remapped: res://.godot/imported/ambience_reef.ogg-30031e4868dd5f41925c6b3f42f0f9b1.oggvorbisstr
Completed load for: 'res://assets/audio/ambience_reef.ogg' remapped 'res://assets/audio/ambience_reef.ogg' at thread -1
Loading resource: res://assets/audio/music/world.ogg remapped: res://assets/audio/music/world.ogg
Loading resource: res://.godot/imported/world.ogg-bfec9819aa7fa229c0057fe76832cfa3.oggvorbisstr remapped: res://.godot/imported/world.ogg-bfec9819aa7fa229c0057fe76832cfa3.oggvorbisstr
Completed load for: 'res://assets/audio/music/world.ogg' remapped 'res://assets/audio/music/world.ogg' at thread -1
Loading resource: res://assets/audio/voices/filler_v1/yay.ogg remapped: res://assets/audio/voices/filler_v1/yay.ogg
Loading resource: res://.godot/imported/yay.ogg-a4cd419929b402130d14f60cd99b5355.oggvorbisstr remapped: res://.godot/imported/yay.ogg-a4cd419929b402130d14f60cd99b5355.oggvorbisstr
Completed load for: 'res://assets/audio/voices/filler_v1/yay.ogg' remapped 'res://assets/audio/voices/filler_v1/yay.ogg' at thread -1
Loading resource: res://assets/audio/chime.ogg remapped: res://assets/audio/chime.ogg
Loading resource: res://.godot/imported/chime.ogg-ccbd9039a16fca2270295f3df3042e4a.oggvorbisstr remapped: res://.godot/imported/chime.ogg-ccbd9039a16fca2270295f3df3042e4a.oggvorbisstr
Completed load for: 'res://assets/audio/chime.ogg' remapped 'res://assets/audio/chime.ogg' at thread -1
Loading resource: res://assets/audio/hop_boing.ogg remapped: res://assets/audio/hop_boing.ogg
Loading resource: res://.godot/imported/hop_boing.ogg-23491bc7346e37a3c3a7e5718a1c6334.oggvorbisstr remapped: res://.godot/imported/hop_boing.ogg-23491bc7346e37a3c3a7e5718a1c6334.oggvorbisstr
Completed load for: 'res://assets/audio/hop_boing.ogg' remapped 'res://assets/audio/hop_boing.ogg' at thread -1
Loading resource: res://assets/audio/penguin_giggle.ogg remapped: res://assets/audio/penguin_giggle.ogg
Loading resource: res://.godot/imported/penguin_giggle.ogg-1caa548251b7585be1b157de4e41c1b8.oggvorbisstr remapped: res://.godot/imported/penguin_giggle.ogg-1caa548251b7585be1b157de4e41c1b8.oggvorbisstr
Completed load for: 'res://assets/audio/penguin_giggle.ogg' remapped 'res://assets/audio/penguin_giggle.ogg' at thread -1
Loading resource: res://assets/audio/buy.ogg remapped: res://assets/audio/buy.ogg
Loading resource: res://.godot/imported/buy.ogg-ccfb5d2b9f2837f43f22621a6d87b91c.oggvorbisstr remapped: res://.godot/imported/buy.ogg-ccfb5d2b9f2837f43f22621a6d87b91c.oggvorbisstr
Completed load for: 'res://assets/audio/buy.ogg' remapped 'res://assets/audio/buy.ogg' at thread -1
Loading resource: res://assets/audio/music/banjo.ogg remapped: res://assets/audio/music/banjo.ogg
Loading resource: res://.godot/imported/banjo.ogg-6ace2633ccde608d168cb04a28077650.oggvorbisstr remapped: res://.godot/imported/banjo.ogg-6ace2633ccde608d168cb04a28077650.oggvorbisstr
Completed load for: 'res://assets/audio/music/banjo.ogg' remapped 'res://assets/audio/music/banjo.ogg' at thread -1
Loading resource: res://assets/audio/voices/filler_v1/roshan_intro1.ogg remapped: res://assets/audio/voices/filler_v1/roshan_intro1.ogg
Loading resource: res://.godot/imported/roshan_intro1.ogg-f820084970fc77bf53c9fa3fc87e9d14.oggvorbisstr remapped: res://.godot/imported/roshan_intro1.ogg-f820084970fc77bf53c9fa3fc87e9d14.oggvorbisstr
Completed load for: 'res://assets/audio/voices/filler_v1/roshan_intro1.ogg' remapped 'res://assets/audio/voices/filler_v1/roshan_intro1.ogg' at thread -1
Loading resource: res://assets/characters/friends/huluu.png remapped: res://assets/characters/friends/huluu.png
Loading resource: res://.godot/imported/huluu.png-6fee73331b3d0600210812844b67ef58.ctex remapped: res://.godot/imported/huluu.png-6fee73331b3d0600210812844b67ef58.ctex
Completed load for: 'res://assets/characters/friends/huluu.png' remapped 'res://assets/characters/friends/huluu.png' at thread -1
Loading resource: res://assets/audio/ambience_lagoon.ogg remapped: res://assets/audio/ambience_lagoon.ogg
Loading resource: res://.godot/imported/ambience_lagoon.ogg-ae488c5c49780dd6b99e4d26aa81385b.oggvorbisstr remapped: res://.godot/imported/ambience_lagoon.ogg-ae488c5c49780dd6b99e4d26aa81385b.oggvorbisstr
Completed load for: 'res://assets/audio/ambience_lagoon.ogg' remapped 'res://assets/audio/ambience_lagoon.ogg' at thread -1
Loading resource: res://assets/audio/music/combat_ice.ogg remapped: res://assets/audio/music/combat_ice.ogg
Loading resource: res://.godot/imported/combat_ice.ogg-9e110c2a0d7af068d9af6d803d1c37ff.oggvorbisstr remapped: res://.godot/imported/combat_ice.ogg-9e110c2a0d7af068d9af6d803d1c37ff.oggvorbisstr
Completed load for: 'res://assets/audio/music/combat_ice.ogg' remapped 'res://assets/audio/music/combat_ice.ogg' at thread -1
Loading resource: res://assets/props/gen2/rock_largea_Image_0_flat.png remapped: res://assets/props/gen2/rock_largea_Image_0_flat.png
Loading resource: res://.godot/imported/rock_largea_Image_0_flat.png-08652c8d4b8c51b25bdbcb393accec04.s3tc.ctex remapped: res://.godot/imported/rock_largea_Image_0_flat.png-08652c8d4b8c51b25bdbcb393accec04.s3tc.ctex
Completed load for: 'res://assets/props/gen2/rock_largea_Image_0_flat.png' remapped 'res://assets/props/gen2/rock_largea_Image_0_flat.png' at thread -1
Loading resource: res://assets/sprites/dust_bunnies/dust_bunny_idle.png remapped: res://assets/sprites/dust_bunnies/dust_bunny_idle.png
Loading resource: res://.godot/imported/dust_bunny_idle.png-2882eed6037a7432104494fa1c84a5f2.ctex remapped: res://.godot/imported/dust_bunny_idle.png-2882eed6037a7432104494fa1c84a5f2.ctex
Completed load for: 'res://assets/sprites/dust_bunnies/dust_bunny_idle.png' remapped 'res://assets/sprites/dust_bunnies/dust_bunny_idle.png' at thread -1
Loading resource: res://assets/audio/voices/filler_v1/roshan_combat_ice_start.ogg remapped: res://assets/audio/voices/filler_v1/roshan_combat_ice_start.ogg
Loading resource: res://.godot/imported/roshan_combat_ice_start.ogg-48c045e1930e3b2184dc6fb8c2784acd.oggvorbisstr remapped: res://.godot/imported/roshan_combat_ice_start.ogg-48c045e1930e3b2184dc6fb8c2784acd.oggvorbisstr
Completed load for: 'res://assets/audio/voices/filler_v1/roshan_combat_ice_start.ogg' remapped 'res://assets/audio/voices/filler_v1/roshan_combat_ice_start.ogg' at thread -1
PARTNER|no companion means no assist state: OK
Loading resource: res://assets/props/gen2/rock_largea_Image_0_flat.png remapped: res://assets/props/gen2/rock_largea_Image_0_flat.png
Loading resource: res://.godot/imported/rock_largea_Image_0_flat.png-08652c8d4b8c51b25bdbcb393accec04.s3tc.ctex remapped: res://.godot/imported/rock_largea_Image_0_flat.png-08652c8d4b8c51b25bdbcb393accec04.s3tc.ctex
Completed load for: 'res://assets/props/gen2/rock_largea_Image_0_flat.png' remapped 'res://assets/props/gen2/rock_largea_Image_0_flat.png' at thread -1
Loading resource: res://assets/sprites/dust_bunnies/dust_bunny_idle.png remapped: res://assets/sprites/dust_bunnies/dust_bunny_idle.png
Loading resource: res://.godot/imported/dust_bunny_idle.png-2882eed6037a7432104494fa1c84a5f2.ctex remapped: res://.godot/imported/dust_bunny_idle.png-2882eed6037a7432104494fa1c84a5f2.ctex
Completed load for: 'res://assets/sprites/dust_bunnies/dust_bunny_idle.png' remapped 'res://assets/sprites/dust_bunnies/dust_bunny_idle.png' at thread -1
PARTNER|stuffie assist has no overlay and attaches ready: OK
PARTNER|idle frames never fire the super: OK
Loading resource: res://assets/audio/sfx/combat_pop.wav remapped: res://assets/audio/sfx/combat_pop.wav
Loading resource: res://.godot/imported/combat_pop.wav-983cacca1a488f0fcdf84cd6214798c6.sample remapped: res://.godot/imported/combat_pop.wav-983cacca1a488f0fcdf84cd6214798c6.sample
Completed load for: 'res://assets/audio/sfx/combat_pop.wav' remapped 'res://assets/audio/sfx/combat_pop.wav' at thread -1
Loading resource: res://assets/audio/voices/filler_v1/sparkle.ogg remapped: res://assets/audio/voices/filler_v1/sparkle.ogg
Loading resource: res://.godot/imported/sparkle.ogg-aaead7f36f22aa7317b421b9245741f4.oggvorbisstr remapped: res://.godot/imported/sparkle.ogg-aaead7f36f22aa7317b421b9245741f4.oggvorbisstr
Completed load for: 'res://assets/audio/voices/filler_v1/sparkle.ogg' remapped 'res://assets/audio/voices/filler_v1/sparkle.ogg' at thread -1
Loading resource: res://assets/audio/sfx/combat_freeze.wav remapped: res://assets/audio/sfx/combat_freeze.wav
Loading resource: res://.godot/imported/combat_freeze.wav-59f9d8a9f2b11c2f0ee6557ed47250b0.sample remapped: res://.godot/imported/combat_freeze.wav-59f9d8a9f2b11c2f0ee6557ed47250b0.sample
Completed load for: 'res://assets/audio/sfx/combat_freeze.wav' remapped 'res://assets/audio/sfx/combat_freeze.wav' at thread -1
PARTNER|stampede pops the nearest fodder: OK
PARTNER|stampede dizzies the rest: OK
PARTNER|stampede grants Big Taps: OK
PARTNER|super starts the cooldown: OK
PARTNER|resting assist refuses activation: OK
PARTNER|her own pop shaves the rest: OK
Loading resource: res://assets/flats/castle/rooms/room_main_hall_background_v2.png remapped: res://assets/flats/castle/rooms/room_main_hall_background_v2.png
Loading resource: res://.godot/imported/room_main_hall_background_v2.png-fb6704cd3000af370518b5425df32076.ctex remapped: res://.godot/imported/room_main_hall_background_v2.png-fb6704cd3000af370518b5425df32076.ctex
Completed load for: 'res://assets/flats/castle/rooms/room_main_hall_background_v2.png' remapped 'res://assets/flats/castle/rooms/room_main_hall_background_v2.png' at thread -1
Loading resource: res://assets/flats/castle/main_hall_redraw_2026-08-03/tiles/main_hall_room_led_r0_c0.png remapped: res://assets/flats/castle/main_hall_redraw_2026-08-03/tiles/main_hall_room_led_r0_c0.png
Loading resource: res://.godot/imported/main_hall_room_led_r0_c0.png-8b2d2212cdd84a7b68099988bec5495f.ctex remapped: res://.godot/imported/main_hall_room_led_r0_c0.png-8b2d2212cdd84a7b68099988bec5495f.ctex
Completed load for: 'res://assets/flats/castle/main_hall_redraw_2026-08-03/tiles/main_hall_room_led_r0_c0.png' remapped 'res://assets/flats/castle/main_hall_redraw_2026-08-03/tiles/main_hall_room_led_r0_c0.png' at thread -1
Loading resource: res://assets/flats/castle/main_hall_redraw_2026-08-03/tiles/main_hall_room_led_r0_c1.png remapped: res://assets/flats/castle/main_hall_redraw_2026-08-03/tiles/main_hall_room_led_r0_c1.png
Loading resource: res://.godot/imported/main_hall_room_led_r0_c1.png-48cb63a29f809b266d05ff0a5df0f387.ctex remapped: res://.godot/imported/main_hall_room_led_r0_c1.png-48cb63a29f809b266d05ff0a5df0f387.ctex
Completed load for: 'res://assets/flats/castle/main_hall_redraw_2026-08-03/tiles/main_hall_room_led_r0_c1.png' remapped 'res://assets/flats/castle/main_hall_redraw_2026-08-03/tiles/main_hall_room_led_r0_c1.png' at thread -1
Loading resource: res://assets/flats/castle/main_hall_redraw_2026-08-03/tiles/main_hall_room_led_r0_c2.png remapped: res://assets/flats/castle/main_hall_redraw_2026-08-03/tiles/main_hall_room_led_r0_c2.png
Loading resource: res://.godot/imported/main_hall_room_led_r0_c2.png-5ebffa2796af5ef11b48efb1e3fce11f.ctex remapped: res://.godot/imported/main_hall_room_led_r0_c2.png-5ebffa2796af5ef11b48efb1e3fce11f.ctex
Completed load for: 'res://assets/flats/castle/main_hall_redraw_2026-08-03/tiles/main_hall_room_led_r0_c2.png' remapped 'res://assets/flats/castle/main_hall_redraw_2026-08-03/tiles/main_hall_room_led_r0_c2.png' at thread -1
Loading resource: res://assets/flats/castle/main_hall_redraw_2026-08-03/tiles/main_hall_room_led_r0_c3.png remapped: res://assets/flats/castle/main_hall_redraw_2026-08-03/tiles/main_hall_room_led_r0_c3.png
Loading resource: res://.godot/imported/main_hall_room_led_r0_c3.png-69138b405f095066991ef4485dc8844c.ctex remapped: res://.godot/imported/main_hall_room_led_r0_c3.png-69138b405f095066991ef4485dc8844c.ctex
Completed load for: 'res://assets/flats/castle/main_hall_redraw_2026-08-03/tiles/main_hall_room_led_r0_c3.png' remapped 'res://assets/flats/castle/main_hall_redraw_2026-08-03/tiles/main_hall_room_led_r0_c3.png' at thread -1
Loading resource: res://assets/flats/castle/main_hall_redraw_2026-08-03/tiles/main_hall_room_led_r0_c4.png remapped: res://assets/flats/castle/main_hall_redraw_2026-08-03/tiles/main_hall_room_led_r0_c4.png
Loading resource: res://.godot/imported/main_hall_room_led_r0_c4.png-583e82dc689f2a12c93bc107e69ff470.ctex remapped: res://.godot/imported/main_hall_room_led_r0_c4.png-583e82dc689f2a12c93bc107e69ff470.ctex
Completed load for: 'res://assets/flats/castle/main_hall_redraw_2026-08-03/tiles/main_hall_room_led_r0_c4.png' remapped 'res://assets/flats/castle/main_hall_redraw_2026-08-03/tiles/main_hall_room_led_r0_c4.png' at thread -1
Loading resource: res://assets/flats/castle/main_hall_redraw_2026-08-03/tiles/main_hall_room_led_r0_c5.png remapped: res://assets/flats/castle/main_hall_redraw_2026-08-03/tiles/main_hall_room_led_r0_c5.png
Loading resource: res://.godot/imported/main_hall_room_led_r0_c5.png-d12bd29d83a85e05a3c459700e802694.ctex remapped: res://.godot/imported/main_hall_room_led_r0_c5.png-d12bd29d83a85e05a3c459700e802694.ctex
Completed load for: 'res://assets/flats/castle/main_hall_redraw_2026-08-03/tiles/main_hall_room_led_r0_c5.png' remapped 'res://assets/flats/castle/main_hall_redraw_2026-08-03/tiles/main_hall_room_led_r0_c5.png' at thread -1
Loading resource: res://assets/flats/castle/main_hall_redraw_2026-08-03/tiles/main_hall_room_led_r0_c6.png remapped: res://assets/flats/castle/main_hall_redraw_2026-08-03/tiles/main_hall_room_led_r0_c6.png
Loading resource: res://.godot/imported/main_hall_room_led_r0_c6.png-2d8f00901d9c09402d59661823f09978.ctex remapped: res://.godot/imported/main_hall_room_led_r0_c6.png-2d8f00901d9c09402d59661823f09978.ctex
Completed load for: 'res://assets/flats/castle/main_hall_redraw_2026-08-03/tiles/main_hall_room_led_r0_c6.png' remapped 'res://assets/flats/castle/main_hall_redraw_2026-08-03/tiles/main_hall_room_led_r0_c6.png' at thread -1
Loading resource: res://assets/flats/castle/main_hall_redraw_2026-08-03/tiles/main_hall_room_led_r0_c7.png remapped: res://assets/flats/castle/main_hall_redraw_2026-08-03/tiles/main_hall_room_led_r0_c7.png
Loading resource: res://.godot/imported/main_hall_room_led_r0_c7.png-b44ab2c1b214a3d1de9d0e773859cfdd.ctex remapped: res://.godot/imported/main_hall_room_led_r0_c7.png-b44ab2c1b214a3d1de9d0e773859cfdd.ctex
Completed load for: 'res://assets/flats/castle/main_hall_redraw_2026-08-03/tiles/main_hall_room_led_r0_c7.png' remapped 'res://assets/flats/castle/main_hall_redraw_2026-08-03/tiles/main_hall_room_led_r0_c7.png' at thread -1
Loading resource: res://assets/flats/castle/main_hall_redraw_2026-08-03/tiles/main_hall_room_led_r1_c0.png remapped: res://assets/flats/castle/main_hall_redraw_2026-08-03/tiles/main_hall_room_led_r1_c0.png
Loading resource: res://.godot/imported/main_hall_room_led_r1_c0.png-f59a94d2248936d119739bb83c978098.ctex remapped: res://.godot/imported/main_hall_room_led_r1_c0.png-f59a94d2248936d119739bb83c978098.ctex
Completed load for: 'res://assets/flats/castle/main_hall_redraw_2026-08-03/tiles/main_hall_room_led_r1_c0.png' remapped 'res://assets/flats/castle/main_hall_redraw_2026-08-03/tiles/main_hall_room_led_r1_c0.png' at thread -1
Loading resource: res://assets/flats/castle/main_hall_redraw_2026-08-03/tiles/main_hall_room_led_r1_c1.png remapped: res://assets/flats/castle/main_hall_redraw_2026-08-03/tiles/main_hall_room_led_r1_c1.png
Loading resource: res://.godot/imported/main_hall_room_led_r1_c1.png-e18149d98c1f1557b234a82706a08aa6.ctex remapped: res://.godot/imported/main_hall_room_led_r1_c1.png-e18149d98c1f1557b234a82706a08aa6.ctex
Completed load for: 'res://assets/flats/castle/main_hall_redraw_2026-08-03/tiles/main_hall_room_led_r1_c1.png' remapped 'res://assets/flats/castle/main_hall_redraw_2026-08-03/tiles/main_hall_room_led_r1_c1.png' at thread -1
Loading resource: res://assets/flats/castle/main_hall_redraw_2026-08-03/tiles/main_hall_room_led_r1_c2.png remapped: res://assets/flats/castle/main_hall_redraw_2026-08-03/tiles/main_hall_room_led_r1_c2.png
Loading resource: res://.godot/imported/main_hall_room_led_r1_c2.png-e9bd024a7579d2a3f1f426c46f1d4cb9.ctex remapped: res://.godot/imported/main_hall_room_led_r1_c2.png-e9bd024a7579d2a3f1f426c46f1d4cb9.ctex
Completed load for: 'res://assets/flats/castle/main_hall_redraw_2026-08-03/tiles/main_hall_room_led_r1_c2.png' remapped 'res://assets/flats/castle/main_hall_redraw_2026-08-03/tiles/main_hall_room_led_r1_c2.png' at thread -1
Loading resource: res://assets/flats/castle/main_hall_redraw_2026-08-03/tiles/main_hall_room_led_r1_c3.png remapped: res://assets/flats/castle/main_hall_redraw_2026-08-03/tiles/main_hall_room_led_r1_c3.png
Loading resource: res://.godot/imported/main_hall_room_led_r1_c3.png-5a3f36826a8ed6a0a19636d2d72e5782.ctex remapped: res://.godot/imported/main_hall_room_led_r1_c3.png-5a3f36826a8ed6a0a19636d2d72e5782.ctex
Completed load for: 'res://assets/flats/castle/main_hall_redraw_2026-08-03/tiles/main_hall_room_led_r1_c3.png' remapped 'res://assets/flats/castle/main_hall_redraw_2026-08-03/tiles/main_hall_room_led_r1_c3.png' at thread -1
Loading resource: res://assets/flats/castle/main_hall_redraw_2026-08-03/tiles/main_hall_room_led_r1_c4.png remapped: res://assets/flats/castle/main_hall_redraw_2026-08-03/tiles/main_hall_room_led_r1_c4.png
Loading resource: res://.godot/imported/main_hall_room_led_r1_c4.png-a750d6f462e71b0c7ace0abe84034868.ctex remapped: res://.godot/imported/main_hall_room_led_r1_c4.png-a750d6f462e71b0c7ace0abe84034868.ctex
Completed load for: 'res://assets/flats/castle/main_hall_redraw_2026-08-03/tiles/main_hall_room_led_r1_c4.png' remapped 'res://assets/flats/castle/main_hall_redraw_2026-08-03/tiles/main_hall_room_led_r1_c4.png' at thread -1
Loading resource: res://assets/flats/castle/main_hall_redraw_2026-08-03/tiles/main_hall_room_led_r1_c5.png remapped: res://assets/flats/castle/main_hall_redraw_2026-08-03/tiles/main_hall_room_led_r1_c5.png
Loading resource: res://.godot/imported/main_hall_room_led_r1_c5.png-11e16f17aeca2e453efebc53e23dbd38.ctex remapped: res://.godot/imported/main_hall_room_led_r1_c5.png-11e16f17aeca2e453efebc53e23dbd38.ctex
Completed load for: 'res://assets/flats/castle/main_hall_redraw_2026-08-03/tiles/main_hall_room_led_r1_c5.png' remapped 'res://assets/flats/castle/main_hall_redraw_2026-08-03/tiles/main_hall_room_led_r1_c5.png' at thread -1
Loading resource: res://assets/flats/castle/main_hall_redraw_2026-08-03/tiles/main_hall_room_led_r1_c6.png remapped: res://assets/flats/castle/main_hall_redraw_2026-08-03/tiles/main_hall_room_led_r1_c6.png
Loading resource: res://.godot/imported/main_hall_room_led_r1_c6.png-0b00ba36ad39fa9cdefff723ec7d3149.ctex remapped: res://.godot/imported/main_hall_room_led_r1_c6.png-0b00ba36ad39fa9cdefff723ec7d3149.ctex
Completed load for: 'res://assets/flats/castle/main_hall_redraw_2026-08-03/tiles/main_hall_room_led_r1_c6.png' remapped 'res://assets/flats/castle/main_hall_redraw_2026-08-03/tiles/main_hall_room_led_r1_c6.png' at thread -1
Loading resource: res://assets/flats/castle/main_hall_redraw_2026-08-03/tiles/main_hall_room_led_r1_c7.png remapped: res://assets/flats/castle/main_hall_redraw_2026-08-03/tiles/main_hall_room_led_r1_c7.png
Loading resource: res://.godot/imported/main_hall_room_led_r1_c7.png-e72820c7a47b7fe7345bb2c83134e30f.ctex remapped: res://.godot/imported/main_hall_room_led_r1_c7.png-e72820c7a47b7fe7345bb2c83134e30f.ctex
Completed load for: 'res://assets/flats/castle/main_hall_redraw_2026-08-03/tiles/main_hall_room_led_r1_c7.png' remapped 'res://assets/flats/castle/main_hall_redraw_2026-08-03/tiles/main_hall_room_led_r1_c7.png' at thread -1
Loading resource: res://assets/characters/roshan_25d/roshan_base.png remapped: res://assets/characters/roshan_25d/roshan_base.png
Loading resource: res://.godot/imported/roshan_base.png-9c456388e4a5ef13b9331f23ea18de99.s3tc.ctex remapped: res://.godot/imported/roshan_base.png-9c456388e4a5ef13b9331f23ea18de99.s3tc.ctex
Completed load for: 'res://assets/characters/roshan_25d/roshan_base.png' remapped 'res://assets/characters/roshan_25d/roshan_base.png' at thread -1
Loading resource: res://assets/flats/castle/main_hall_redraw_2026-08-03/signs/sign_family_gallery.png remapped: res://assets/flats/castle/main_hall_redraw_2026-08-03/signs/sign_family_gallery.png
Loading resource: res://.godot/imported/sign_family_gallery.png-e7ee500339f674adaf7a73d1dae24a69.s3tc.ctex remapped: res://.godot/imported/sign_family_gallery.png-e7ee500339f674adaf7a73d1dae24a69.s3tc.ctex
Completed load for: 'res://assets/flats/castle/main_hall_redraw_2026-08-03/signs/sign_family_gallery.png' remapped 'res://assets/flats/castle/main_hall_redraw_2026-08-03/signs/sign_family_gallery.png' at thread -1
Loading resource: res://assets/flats/castle/main_hall_redraw_2026-08-03/signs/sign_opera_hall.png remapped: res://assets/flats/castle/main_hall_redraw_2026-08-03/signs/sign_opera_hall.png
Loading resource: res://.godot/imported/sign_opera_hall.png-a4b287106d9bd0679eb397578c16ff29.s3tc.ctex remapped: res://.godot/imported/sign_opera_hall.png-a4b287106d9bd0679eb397578c16ff29.s3tc.ctex
Completed load for: 'res://assets/flats/castle/main_hall_redraw_2026-08-03/signs/sign_opera_hall.png' remapped 'res://assets/flats/castle/main_hall_redraw_2026-08-03/signs/sign_opera_hall.png' at thread -1
Loading resource: res://assets/flats/castle/main_hall_redraw_2026-08-03/signs/sign_library.png remapped: res://assets/flats/castle/main_hall_redraw_2026-08-03/signs/sign_library.png
Loading resource: res://.godot/imported/sign_library.png-a27c007a8259e3e833168f7709cc48f8.s3tc.ctex remapped: res://.godot/imported/sign_library.png-a27c007a8259e3e833168f7709cc48f8.s3tc.ctex
Completed load for: 'res://assets/flats/castle/main_hall_redraw_2026-08-03/signs/sign_library.png' remapped 'res://assets/flats/castle/main_hall_redraw_2026-08-03/signs/sign_library.png' at thread -1
Loading resource: res://assets/flats/castle/main_hall_redraw_2026-08-03/signs/sign_kitchen.png remapped: res://assets/flats/castle/main_hall_redraw_2026-08-03/signs/sign_kitchen.png
Loading resource: res://.godot/imported/sign_kitchen.png-42721814c95cebd078a073496a7c0960.s3tc.ctex remapped: res://.godot/imported/sign_kitchen.png-42721814c95cebd078a073496a7c0960.s3tc.ctex
Completed load for: 'res://assets/flats/castle/main_hall_redraw_2026-08-03/signs/sign_kitchen.png' remapped 'res://assets/flats/castle/main_hall_redraw_2026-08-03/signs/sign_kitchen.png' at thread -1
Loading resource: res://assets/flats/castle/main_hall_redraw_2026-08-03/signs/sign_playroom.png remapped: res://assets/flats/castle/main_hall_redraw_2026-08-03/signs/sign_playroom.png
Loading resource: res://.godot/imported/sign_playroom.png-da81a9060503bb8755c98fae858b558d.s3tc.ctex remapped: res://.godot/imported/sign_playroom.png-da81a9060503bb8755c98fae858b558d.s3tc.ctex
Completed load for: 'res://assets/flats/castle/main_hall_redraw_2026-08-03/signs/sign_playroom.png' remapped 'res://assets/flats/castle/main_hall_redraw_2026-08-03/signs/sign_playroom.png' at thread -1
Loading resource: res://assets/flats/castle/main_hall_redraw_2026-08-03/signs/sign_craft_room.png remapped: res://assets/flats/castle/main_hall_redraw_2026-08-03/signs/sign_craft_room.png
Loading resource: res://.godot/imported/sign_craft_room.png-ea35ee0f9839d711e795b67a670f4dc4.s3tc.ctex remapped: res://.godot/imported/sign_craft_room.png-ea35ee0f9839d711e795b67a670f4dc4.s3tc.ctex
Completed load for: 'res://assets/flats/castle/main_hall_redraw_2026-08-03/signs/sign_craft_room.png' remapped 'res://assets/flats/castle/main_hall_redraw_2026-08-03/signs/sign_craft_room.png' at thread -1
Loading resource: res://assets/flats/castle/main_hall_redraw_2026-08-03/signs/sign_mermaid_pool.png remapped: res://assets/flats/castle/main_hall_redraw_2026-08-03/signs/sign_mermaid_pool.png
Loading resource: res://.godot/imported/sign_mermaid_pool.png-3542c1dfbd6833a9b64c11081cc2b40f.s3tc.ctex remapped: res://.godot/imported/sign_mermaid_pool.png-3542c1dfbd6833a9b64c11081cc2b40f.s3tc.ctex
Completed load for: 'res://assets/flats/castle/main_hall_redraw_2026-08-03/signs/sign_mermaid_pool.png' remapped 'res://assets/flats/castle/main_hall_redraw_2026-08-03/signs/sign_mermaid_pool.png' at thread -1
Loading resource: res://assets/flats/castle/main_hall_redraw_2026-08-03/signs/sign_bubble_bath.png remapped: res://assets/flats/castle/main_hall_redraw_2026-08-03/signs/sign_bubble_bath.png
Loading resource: res://.godot/imported/sign_bubble_bath.png-0d02ff54824c10bb2df5319842fa0270.s3tc.ctex remapped: res://.godot/imported/sign_bubble_bath.png-0d02ff54824c10bb2df5319842fa0270.s3tc.ctex
Completed load for: 'res://assets/flats/castle/main_hall_redraw_2026-08-03/signs/sign_bubble_bath.png' remapped 'res://assets/flats/castle/main_hall_redraw_2026-08-03/signs/sign_bubble_bath.png' at thread -1
Loading resource: res://assets/sprites/sky_lagoon/sky_lagoon_smoke_wisp_v2.png remapped: res://assets/sprites/sky_lagoon/sky_lagoon_smoke_wisp_v2.png
Loading resource: res://.godot/imported/sky_lagoon_smoke_wisp_v2.png-0ce85fbfadefcb57be3728144f8353d9.ctex remapped: res://.godot/imported/sky_lagoon_smoke_wisp_v2.png-0ce85fbfadefcb57be3728144f8353d9.ctex
Completed load for: 'res://assets/sprites/sky_lagoon/sky_lagoon_smoke_wisp_v2.png' remapped 'res://assets/sprites/sky_lagoon/sky_lagoon_smoke_wisp_v2.png' at thread -1
Loading resource: res://assets/castle/dirty_cleanup_2d/critters/dust_bunnies/dust_bunny_sleepy.png remapped: res://assets/castle/dirty_cleanup_2d/critters/dust_bunnies/dust_bunny_sleepy.png
Loading resource: res://.godot/imported/dust_bunny_sleepy.png-0cd0f1f8e30ffc9e816c5586f9943347.ctex remapped: res://.godot/imported/dust_bunny_sleepy.png-0cd0f1f8e30ffc9e816c5586f9943347.ctex
Completed load for: 'res://assets/castle/dirty_cleanup_2d/critters/dust_bunnies/dust_bunny_sleepy.png' remapped 'res://assets/castle/dirty_cleanup_2d/critters/dust_bunnies/dust_bunny_sleepy.png' at thread -1
Loading resource: res://assets/castle/dirty_cleanup_2d/critters/dust_bunnies/dust_bunny_shell_hide.png remapped: res://assets/castle/dirty_cleanup_2d/critters/dust_bunnies/dust_bunny_shell_hide.png
Loading resource: res://.godot/imported/dust_bunny_shell_hide.png-587fcac704c7b1a79d58a8298254b5e2.ctex remapped: res://.godot/imported/dust_bunny_shell_hide.png-587fcac704c7b1a79d58a8298254b5e2.ctex
Completed load for: 'res://assets/castle/dirty_cleanup_2d/critters/dust_bunnies/dust_bunny_shell_hide.png' remapped 'res://assets/castle/dirty_cleanup_2d/critters/dust_bunnies/dust_bunny_shell_hide.png' at thread -1
Loading resource: res://assets/castle/dirty_cleanup_2d/critters/dust_bunnies/dust_bunny_hop.png remapped: res://assets/castle/dirty_cleanup_2d/critters/dust_bunnies/dust_bunny_hop.png
Loading resource: res://.godot/imported/dust_bunny_hop.png-d26671e85672800c1f0ef151b6c2eb80.ctex remapped: res://.godot/imported/dust_bunny_hop.png-d26671e85672800c1f0ef151b6c2eb80.ctex
Completed load for: 'res://assets/castle/dirty_cleanup_2d/critters/dust_bunnies/dust_bunny_hop.png' remapped 'res://assets/castle/dirty_cleanup_2d/critters/dust_bunnies/dust_bunny_hop.png' at thread -1
PARTNER|no pop yet means no Daddy assist state: OK
Loading resource: res://assets/mg/star.png remapped: res://assets/mg/star.png
Loading resource: res://.godot/imported/star.png-1ace39e5e78163d69a00f99178f71a70.ctex remapped: res://.godot/imported/star.png-1ace39e5e78163d69a00f99178f71a70.ctex
Completed load for: 'res://assets/mg/star.png' remapped 'res://assets/mg/star.png' at thread -1
PARTNER|her first pop invites Daddy without an overlay: OK
Loading resource: res://assets/audio/voices/daddy1.ogg remapped: res://assets/audio/voices/daddy1.ogg
Loading resource: res://.godot/imported/daddy1.ogg-ffe81bddc3fc18724df52efb73be3b84.oggvorbisstr remapped: res://.godot/imported/daddy1.ogg-ffe81bddc3fc18724df52efb73be3b84.oggvorbisstr
Completed load for: 'res://assets/audio/voices/daddy1.ogg' remapped 'res://assets/audio/voices/daddy1.ogg' at thread -1
PARTNER|DADDY SPLASH clears the hall dust: OK
PARTNER|the splash starts Daddy's rest: OK
Loading resource: res://assets/flats/castle/rooms/room_playroom_background.png remapped: res://assets/flats/castle/rooms/room_playroom_background.png
Loading resource: res://.godot/imported/room_playroom_background.png-b586153f1a03a101c3278eb73156c759.ctex remapped: res://.godot/imported/room_playroom_background.png-b586153f1a03a101c3278eb73156c759.ctex
Completed load for: 'res://assets/flats/castle/rooms/room_playroom_background.png' remapped 'res://assets/flats/castle/rooms/room_playroom_background.png' at thread -1
Loading resource: res://assets/flats/castle/interactions_v4/background_tiles/room_playroom_background_r0_c0.png remapped: res://assets/flats/castle/interactions_v4/background_tiles/room_playroom_background_r0_c0.png
Loading resource: res://.godot/imported/room_playroom_background_r0_c0.png-c35fd600686cc10b365dde30a5f6830f.ctex remapped: res://.godot/imported/room_playroom_background_r0_c0.png-c35fd600686cc10b365dde30a5f6830f.ctex
Completed load for: 'res://assets/flats/castle/interactions_v4/background_tiles/room_playroom_background_r0_c0.png' remapped 'res://assets/flats/castle/interactions_v4/background_tiles/room_playroom_background_r0_c0.png' at thread -1
Loading resource: res://assets/flats/castle/interactions_v4/background_tiles/room_playroom_background_r0_c1.png remapped: res://assets/flats/castle/interactions_v4/background_tiles/room_playroom_background_r0_c1.png
Loading resource: res://.godot/imported/room_playroom_background_r0_c1.png-ed64170724eb6a9d48d574358aba8763.ctex remapped: res://.godot/imported/room_playroom_background_r0_c1.png-ed64170724eb6a9d48d574358aba8763.ctex
Completed load for: 'res://assets/flats/castle/interactions_v4/background_tiles/room_playroom_background_r0_c1.png' remapped 'res://assets/flats/castle/interactions_v4/background_tiles/room_playroom_background_r0_c1.png' at thread -1
Loading resource: res://assets/flats/castle/interactions_v4/background_tiles/room_playroom_background_r0_c2.png remapped: res://assets/flats/castle/interactions_v4/background_tiles/room_playroom_background_r0_c2.png
Loading resource: res://.godot/imported/room_playroom_background_r0_c2.png-1f7389a3b48aedfd5908a861a77c36d7.ctex remapped: res://.godot/imported/room_playroom_background_r0_c2.png-1f7389a3b48aedfd5908a861a77c36d7.ctex
Completed load for: 'res://assets/flats/castle/interactions_v4/background_tiles/room_playroom_background_r0_c2.png' remapped 'res://assets/flats/castle/interactions_v4/background_tiles/room_playroom_background_r0_c2.png' at thread -1
Loading resource: res://assets/flats/castle/interactions_v4/background_tiles/room_playroom_background_r0_c3.png remapped: res://assets/flats/castle/interactions_v4/background_tiles/room_playroom_background_r0_c3.png
Loading resource: res://.godot/imported/room_playroom_background_r0_c3.png-55f85b433354fe39a84ca307ca269446.ctex remapped: res://.godot/imported/room_playroom_background_r0_c3.png-55f85b433354fe39a84ca307ca269446.ctex
Completed load for: 'res://assets/flats/castle/interactions_v4/background_tiles/room_playroom_background_r0_c3.png' remapped 'res://assets/flats/castle/interactions_v4/background_tiles/room_playroom_background_r0_c3.png' at thread -1
Loading resource: res://assets/flats/castle/interactions_v4/background_tiles/room_playroom_background_r1_c0.png remapped: res://assets/flats/castle/interactions_v4/background_tiles/room_playroom_background_r1_c0.png
Loading resource: res://.godot/imported/room_playroom_background_r1_c0.png-596892c72ca4d7d72639af98417906ef.ctex remapped: res://.godot/imported/room_playroom_background_r1_c0.png-596892c72ca4d7d72639af98417906ef.ctex
Completed load for: 'res://assets/flats/castle/interactions_v4/background_tiles/room_playroom_background_r1_c0.png' remapped 'res://assets/flats/castle/interactions_v4/background_tiles/room_playroom_background_r1_c0.png' at thread -1
Loading resource: res://assets/flats/castle/interactions_v4/background_tiles/room_playroom_background_r1_c1.png remapped: res://assets/flats/castle/interactions_v4/background_tiles/room_playroom_background_r1_c1.png
Loading resource: res://.godot/imported/room_playroom_background_r1_c1.png-ba17d03d3f819565ecc328e7b0d29bad.ctex remapped: res://.godot/imported/room_playroom_background_r1_c1.png-ba17d03d3f819565ecc328e7b0d29bad.ctex
Completed load for: 'res://assets/flats/castle/interactions_v4/background_tiles/room_playroom_background_r1_c1.png' remapped 'res://assets/flats/castle/interactions_v4/background_tiles/room_playroom_background_r1_c1.png' at thread -1
Loading resource: res://assets/flats/castle/interactions_v4/background_tiles/room_playroom_background_r1_c2.png remapped: res://assets/flats/castle/interactions_v4/background_tiles/room_playroom_background_r1_c2.png
Loading resource: res://.godot/imported/room_playroom_background_r1_c2.png-2b40e389e3ca289a3053b0312956327e.ctex remapped: res://.godot/imported/room_playroom_background_r1_c2.png-2b40e389e3ca289a3053b0312956327e.ctex
Completed load for: 'res://assets/flats/castle/interactions_v4/background_tiles/room_playroom_background_r1_c2.png' remapped 'res://assets/flats/castle/interactions_v4/background_tiles/room_playroom_background_r1_c2.png' at thread -1
Loading resource: res://assets/flats/castle/interactions_v4/background_tiles/room_playroom_background_r1_c3.png remapped: res://assets/flats/castle/interactions_v4/background_tiles/room_playroom_background_r1_c3.png
Loading resource: res://.godot/imported/room_playroom_background_r1_c3.png-646e4373f283f469c5cd0fd45d404ef9.ctex remapped: res://.godot/imported/room_playroom_background_r1_c3.png-646e4373f283f469c5cd0fd45d404ef9.ctex
Completed load for: 'res://assets/flats/castle/interactions_v4/background_tiles/room_playroom_background_r1_c3.png' remapped 'res://assets/flats/castle/interactions_v4/background_tiles/room_playroom_background_r1_c3.png' at thread -1
Loading resource: res://assets/flats/castle/rooms/room_playroom_front_left.png remapped: res://assets/flats/castle/rooms/room_playroom_front_left.png
Loading resource: res://.godot/imported/room_playroom_front_left.png-491d4ce0f1bef961916912b23cc9bbc9.ctex remapped: res://.godot/imported/room_playroom_front_left.png-491d4ce0f1bef961916912b23cc9bbc9.ctex
Completed load for: 'res://assets/flats/castle/rooms/room_playroom_front_left.png' remapped 'res://assets/flats/castle/rooms/room_playroom_front_left.png' at thread -1
Loading resource: res://assets/flats/castle/rooms/room_playroom_front_right.png remapped: res://assets/flats/castle/rooms/room_playroom_front_right.png
Loading resource: res://.godot/imported/room_playroom_front_right.png-bcb20fdd5a41d23dbbea93aa5217c8a4.ctex remapped: res://.godot/imported/room_playroom_front_right.png-bcb20fdd5a41d23dbbea93aa5217c8a4.ctex
Completed load for: 'res://assets/flats/castle/rooms/room_playroom_front_right.png' remapped 'res://assets/flats/castle/rooms/room_playroom_front_right.png' at thread -1
Loading resource: res://assets/flats/castle/interactions_v2/playroom_stuffie_nook_sheet.png remapped: res://assets/flats/castle/interactions_v2/playroom_stuffie_nook_sheet.png
Loading resource: res://.godot/imported/playroom_stuffie_nook_sheet.png-f0bd19e07574e7ca0a5d6903b44654f2.ctex remapped: res://.godot/imported/playroom_stuffie_nook_sheet.png-f0bd19e07574e7ca0a5d6903b44654f2.ctex
Completed load for: 'res://assets/flats/castle/interactions_v2/playroom_stuffie_nook_sheet.png' remapped 'res://assets/flats/castle/interactions_v2/playroom_stuffie_nook_sheet.png' at thread -1
Loading resource: res://assets/flats/castle/interactions_v2/playroom_stacking_toy_sheet.png remapped: res://assets/flats/castle/interactions_v2/playroom_stacking_toy_sheet.png
Loading resource: res://.godot/imported/playroom_stacking_toy_sheet.png-c656e9cd8ddd007b51ff11c502f1333c.ctex remapped: res://.godot/imported/playroom_stacking_toy_sheet.png-c656e9cd8ddd007b51ff11c502f1333c.ctex
Completed load for: 'res://assets/flats/castle/interactions_v2/playroom_stacking_toy_sheet.png' remapped 'res://assets/flats/castle/interactions_v2/playroom_stacking_toy_sheet.png' at thread -1
Loading resource: res://assets/flats/castle/interactions_v2/playroom_blocks_sheet.png remapped: res://assets/flats/castle/interactions_v2/playroom_blocks_sheet.png
Loading resource: res://.godot/imported/playroom_blocks_sheet.png-aa5d633a0f61d03e74c6c55cb505f607.ctex remapped: res://.godot/imported/playroom_blocks_sheet.png-aa5d633a0f61d03e74c6c55cb505f607.ctex
Completed load for: 'res://assets/flats/castle/interactions_v2/playroom_blocks_sheet.png' remapped 'res://assets/flats/castle/interactions_v2/playroom_blocks_sheet.png' at thread -1
Loading resource: res://assets/flats/castle/interactions_v2/playroom_play_tent_sheet.png remapped: res://assets/flats/castle/interactions_v2/playroom_play_tent_sheet.png
Loading resource: res://.godot/imported/playroom_play_tent_sheet.png-8ca7a3a7730ff8860a338fb94f3c25b6.ctex remapped: res://.godot/imported/playroom_play_tent_sheet.png-8ca7a3a7730ff8860a338fb94f3c25b6.ctex
Completed load for: 'res://assets/flats/castle/interactions_v2/playroom_play_tent_sheet.png' remapped 'res://assets/flats/castle/interactions_v2/playroom_play_tent_sheet.png' at thread -1
Loading resource: res://assets/characters/companions/baby_eagle.png remapped: res://assets/characters/companions/baby_eagle.png
Loading resource: res://.godot/imported/baby_eagle.png-69b231a455bd50c92dac4162828ca74e.ctex remapped: res://.godot/imported/baby_eagle.png-69b231a455bd50c92dac4162828ca74e.ctex
Completed load for: 'res://assets/characters/companions/baby_eagle.png' remapped 'res://assets/characters/companions/baby_eagle.png' at thread -1
Loading resource: res://assets/mg/star.png remapped: res://assets/mg/star.png
Loading resource: res://.godot/imported/star.png-1ace39e5e78163d69a00f99178f71a70.ctex remapped: res://.godot/imported/star.png-1ace39e5e78163d69a00f99178f71a70.ctex
Completed load for: 'res://assets/mg/star.png' remapped 'res://assets/mg/star.png' at thread -1
Loading resource: res://assets/castle/dirty_cleanup_2d/critters/dust_bunnies/dust_bunny_hop.png remapped: res://assets/castle/dirty_cleanup_2d/critters/dust_bunnies/dust_bunny_hop.png
Loading resource: res://.godot/imported/dust_bunny_hop.png-d26671e85672800c1f0ef151b6c2eb80.ctex remapped: res://.godot/imported/dust_bunny_hop.png-d26671e85672800c1f0ef151b6c2eb80.ctex
Completed load for: 'res://assets/castle/dirty_cleanup_2d/critters/dust_bunnies/dust_bunny_hop.png' remapped 'res://assets/castle/dirty_cleanup_2d/critters/dust_bunnies/dust_bunny_hop.png' at thread -1
Loading resource: res://assets/flats/castle/interactions_v4/sheets/playroom_shelf_sailboat_sheet.png remapped: res://assets/flats/castle/interactions_v4/sheets/playroom_shelf_sailboat_sheet.png
Loading resource: res://.godot/imported/playroom_shelf_sailboat_sheet.png-9ddc78e8303d411c19a40d2c0ad88373.ctex remapped: res://.godot/imported/playroom_shelf_sailboat_sheet.png-9ddc78e8303d411c19a40d2c0ad88373.ctex
Completed load for: 'res://assets/flats/castle/interactions_v4/sheets/playroom_shelf_sailboat_sheet.png' remapped 'res://assets/flats/castle/interactions_v4/sheets/playroom_shelf_sailboat_sheet.png' at thread -1
PARTNER|playroom rescue pins spawn: OK
PARTNER|splash never pops the rescue pins: OK
PARTNER|closing the castle stows the assist state: OK
PARTNER|result: ALL OK
XR: Clearing primary interface
XR: Removed interface "Native mobile"
XR: Removed interface "OpenXR"
