WorkerThreadPool: 12 threads, 3 max low-priority.
Godot Engine v4.7.2.stable.official.ed1daf0bf - https://godotengine.org
TextServer: Added interface "Dummy"
TextServer: Added interface "ICU / HarfBuzz / Graphite (Built-in)"
Using "default" pen tablet driver...

TextServer: Primary interface set to: "ICU / HarfBuzz / Graphite (Built-in)".
Loading resource: res://default_bus_layout.tres remapped: res://default_bus_layout.tres
Completed load for: 'res://default_bus_layout.tres' remapped 'res://default_bus_layout.tres' at thread -1
CORE API HASH: 2004498165
EDITOR API HASH: 1696660745
Loading resource: res://scripts/probe_day_one_d8_revisits.gd remapped: res://scripts/probe_day_one_d8_revisits.gd
Completed load for: 'res://scripts/probe_day_one_d8_revisits.gd' remapped 'res://scripts/probe_day_one_d8_revisits.gd' at thread -1
SceneTreeFTI: traversal method DEFAULT
Loaded system CA certificates
DAY_ONE_D8_REVISITS|blocked door has bounded constants: OK
DAY_ONE_D8_REVISITS|second blocked tap keeps local fog and points to the actual story cue: OK
DAY_ONE_D8_REVISITS|blocked feedback SFX is cooldown guarded: OK
DAY_ONE_D8_REVISITS|completed room is one semantic voice at six seconds: OK
DAY_ONE_D8_REVISITS|completed fixture replay cannot reward or launch: OK
DAY_ONE_D8_REVISITS|completed bathroom restores real navigation: OK
DAY_ONE_D8_REVISITS|Rumi revisit is persistent and contextual: OK
DAY_ONE_D8_REVISITS|Rumi contextual route preserves protected speaker exclusions: OK
DAY_ONE_D8_REVISITS|documented loose-brush typo is gone: OK
DAY_ONE_D8_REVISITS|RESULT: ALL OK
XR: Clearing primary interface
XR: Removed interface "Native mobile"
XR: Removed interface "OpenXR"
