WorkerThreadPool: 12 threads, 3 max low-priority.
Godot Engine v4.7.2.stable.official.ed1daf0bf - https://godotengine.org
TextServer: Added interface "Dummy"
TextServer: Added interface "ICU / HarfBuzz / Graphite (Built-in)"
Using "default" pen tablet driver...

TextServer: Primary interface set to: "ICU / HarfBuzz / Graphite (Built-in)".
Loading resource: res://default_bus_layout.tres remapped: res://default_bus_layout.tres
Completed load for: 'res://default_bus_layout.tres' remapped 'res://default_bus_layout.tres' at thread -1
CORE API HASH: 2004498165
EDITOR API HASH: 1696660745
Loading resource: res://scripts/probe_ui_system.gd remapped: res://scripts/probe_ui_system.gd
Loading resource: res://assets/characters/roshan_25d/roshan_directional.png remapped: res://assets/characters/roshan_25d/roshan_directional.png
Loading resource: res://.godot/imported/roshan_directional.png-d625ae71ef68ca7b79f00f48e0d76cbb.s3tc.ctex remapped: res://.godot/imported/roshan_directional.png-d625ae71ef68ca7b79f00f48e0d76cbb.s3tc.ctex
Completed load for: 'res://assets/characters/roshan_25d/roshan_directional.png' remapped 'res://assets/characters/roshan_25d/roshan_directional.png' at thread -1
Loading resource: res://assets/characters/roshan_25d/roshan_swim_front.png remapped: res://assets/characters/roshan_25d/roshan_swim_front.png
Loading resource: res://.godot/imported/roshan_swim_front.png-42175e9e171cd7007cff3a9ae801e389.s3tc.ctex remapped: res://.godot/imported/roshan_swim_front.png-42175e9e171cd7007cff3a9ae801e389.s3tc.ctex
Completed load for: 'res://assets/characters/roshan_25d/roshan_swim_front.png' remapped 'res://assets/characters/roshan_25d/roshan_swim_front.png' at thread -1
Loading resource: res://assets/characters/roshan_25d/roshan_swim_back.png remapped: res://assets/characters/roshan_25d/roshan_swim_back.png
Loading resource: res://.godot/imported/roshan_swim_back.png-e93afa07bbddede1e856e92c5cdc462a.s3tc.ctex remapped: res://.godot/imported/roshan_swim_back.png-e93afa07bbddede1e856e92c5cdc462a.s3tc.ctex
Completed load for: 'res://assets/characters/roshan_25d/roshan_swim_back.png' remapped 'res://assets/characters/roshan_25d/roshan_swim_back.png' at thread -1
Loading resource: res://shaders/castle_fixture_bloom.gdshader remapped: res://shaders/castle_fixture_bloom.gdshader
Completed load for: 'res://shaders/castle_fixture_bloom.gdshader' remapped 'res://shaders/castle_fixture_bloom.gdshader' at thread -1
Loading resource: res://assets/flats/castle/rooms/room_actor_shadow.png remapped: res://assets/flats/castle/rooms/room_actor_shadow.png
Loading resource: res://.godot/imported/room_actor_shadow.png-f1d04727dc138f663653a3117bb0a06a.s3tc.ctex remapped: res://.godot/imported/room_actor_shadow.png-f1d04727dc138f663653a3117bb0a06a.s3tc.ctex
Completed load for: 'res://assets/flats/castle/rooms/room_actor_shadow.png' remapped 'res://assets/flats/castle/rooms/room_actor_shadow.png' at thread -1
Loading resource: res://assets/castle/dirty_cleanup_2d/effects/fx_soap_bubbles.png remapped: res://assets/castle/dirty_cleanup_2d/effects/fx_soap_bubbles.png
Loading resource: res://.godot/imported/fx_soap_bubbles.png-8f04cce33abb3c3312d7afe57e1021e1.ctex remapped: res://.godot/imported/fx_soap_bubbles.png-8f04cce33abb3c3312d7afe57e1021e1.ctex
Completed load for: 'res://assets/castle/dirty_cleanup_2d/effects/fx_soap_bubbles.png' remapped 'res://assets/castle/dirty_cleanup_2d/effects/fx_soap_bubbles.png' at thread -1
Loading resource: res://assets/shaders/castle_fixture_water.gdshader remapped: res://assets/shaders/castle_fixture_water.gdshader
Completed load for: 'res://assets/shaders/castle_fixture_water.gdshader' remapped 'res://assets/shaders/castle_fixture_water.gdshader' at thread -1
Loading resource: res://assets/terrain/up_water_nrm.jpg remapped: res://assets/terrain/up_water_nrm.jpg
Loading resource: res://.godot/imported/up_water_nrm.jpg-17f81a1afbb895061d198f7cd6fac5ca.ctex remapped: res://.godot/imported/up_water_nrm.jpg-17f81a1afbb895061d198f7cd6fac5ca.ctex
Completed load for: 'res://assets/terrain/up_water_nrm.jpg' remapped 'res://assets/terrain/up_water_nrm.jpg' at thread -1
Loading resource: res://assets/terrain/caustics.png remapped: res://assets/terrain/caustics.png
Loading resource: res://.godot/imported/caustics.png-3a5cbbf4f913abf47849e57640465f02.s3tc.ctex remapped: res://.godot/imported/caustics.png-3a5cbbf4f913abf47849e57640465f02.s3tc.ctex
Completed load for: 'res://assets/terrain/caustics.png' remapped 'res://assets/terrain/caustics.png' at thread -1
Loading resource: res://assets/sprites/fx_water/fx_water_bubble_burst_atlas.png remapped: res://assets/sprites/fx_water/fx_water_bubble_burst_atlas.png
Loading resource: res://.godot/imported/fx_water_bubble_burst_atlas.png-6756054a8ce0da3a133c2d2926db3fe9.s3tc.ctex remapped: res://.godot/imported/fx_water_bubble_burst_atlas.png-6756054a8ce0da3a133c2d2926db3fe9.s3tc.ctex
Completed load for: 'res://assets/sprites/fx_water/fx_water_bubble_burst_atlas.png' remapped 'res://assets/sprites/fx_water/fx_water_bubble_burst_atlas.png' at thread -1
Loading resource: res://assets/sprites/fx_water/fx_water_splash_medium_atlas.png remapped: res://assets/sprites/fx_water/fx_water_splash_medium_atlas.png
Loading resource: res://.godot/imported/fx_water_splash_medium_atlas.png-e51a9350ed55a41c49ea3d00f22151f4.s3tc.ctex remapped: res://.godot/imported/fx_water_splash_medium_atlas.png-e51a9350ed55a41c49ea3d00f22151f4.s3tc.ctex
Completed load for: 'res://assets/sprites/fx_water/fx_water_splash_medium_atlas.png' remapped 'res://assets/sprites/fx_water/fx_water_splash_medium_atlas.png' at thread -1
Loading resource: res://assets/flats/castle/logo_studio_v2/castle_banner_pink.png remapped: res://assets/flats/castle/logo_studio_v2/castle_banner_pink.png
Loading resource: res://.godot/imported/castle_banner_pink.png-1f07d5f169916030a25ffc843a00a097.ctex remapped: res://.godot/imported/castle_banner_pink.png-1f07d5f169916030a25ffc843a00a097.ctex
Completed load for: 'res://assets/flats/castle/logo_studio_v2/castle_banner_pink.png' remapped 'res://assets/flats/castle/logo_studio_v2/castle_banner_pink.png' at thread -1
Loading resource: res://assets/flats/castle/logo_studio_v2/castle_banner_gold.png remapped: res://assets/flats/castle/logo_studio_v2/castle_banner_gold.png
Loading resource: res://.godot/imported/castle_banner_gold.png-5442446e7bc3ba706d422fcbb4922333.ctex remapped: res://.godot/imported/castle_banner_gold.png-5442446e7bc3ba706d422fcbb4922333.ctex
Completed load for: 'res://assets/flats/castle/logo_studio_v2/castle_banner_gold.png' remapped 'res://assets/flats/castle/logo_studio_v2/castle_banner_gold.png' at thread -1
Loading resource: res://assets/flats/castle/logo_studio_v2/castle_banner_mint.png remapped: res://assets/flats/castle/logo_studio_v2/castle_banner_mint.png
Loading resource: res://.godot/imported/castle_banner_mint.png-1bd0912452535d09563f5821ab572aa1.ctex remapped: res://.godot/imported/castle_banner_mint.png-1bd0912452535d09563f5821ab572aa1.ctex
Completed load for: 'res://assets/flats/castle/logo_studio_v2/castle_banner_mint.png' remapped 'res://assets/flats/castle/logo_studio_v2/castle_banner_mint.png' at thread -1
Loading resource: res://assets/flats/castle/logo_studio_v2/castle_banner_ocean.png remapped: res://assets/flats/castle/logo_studio_v2/castle_banner_ocean.png
Loading resource: res://.godot/imported/castle_banner_ocean.png-b4870497f6aa7ef8fd0fa9b03a7817e1.ctex remapped: res://.godot/imported/castle_banner_ocean.png-b4870497f6aa7ef8fd0fa9b03a7817e1.ctex
Completed load for: 'res://assets/flats/castle/logo_studio_v2/castle_banner_ocean.png' remapped 'res://assets/flats/castle/logo_studio_v2/castle_banner_ocean.png' at thread -1
Loading resource: res://assets/flats/castle/logo_studio_v2/castle_banner_purple.png remapped: res://assets/flats/castle/logo_studio_v2/castle_banner_purple.png
Loading resource: res://.godot/imported/castle_banner_purple.png-a711c2ef7be4134e857e2b0804f886f4.ctex remapped: res://.godot/imported/castle_banner_purple.png-a711c2ef7be4134e857e2b0804f886f4.ctex
Completed load for: 'res://assets/flats/castle/logo_studio_v2/castle_banner_purple.png' remapped 'res://assets/flats/castle/logo_studio_v2/castle_banner_purple.png' at thread -1
Loading resource: res://assets/flats/castle/logo_studio_v2/castle_banner_rainbow.png remapped: res://assets/flats/castle/logo_studio_v2/castle_banner_rainbow.png
Loading resource: res://.godot/imported/castle_banner_rainbow.png-51987bbcab3d63a5e6b8856c39d3e1f5.ctex remapped: res://.godot/imported/castle_banner_rainbow.png-51987bbcab3d63a5e6b8856c39d3e1f5.ctex
Completed load for: 'res://assets/flats/castle/logo_studio_v2/castle_banner_rainbow.png' remapped 'res://assets/flats/castle/logo_studio_v2/castle_banner_rainbow.png' at thread -1
Loading resource: res://assets/flats/castle/logo_studio_v2/castle_banner_motif_rainbow.png remapped: res://assets/flats/castle/logo_studio_v2/castle_banner_motif_rainbow.png
Loading resource: res://.godot/imported/castle_banner_motif_rainbow.png-7d37c39c57d9145c1662a600706a0215.ctex remapped: res://.godot/imported/castle_banner_motif_rainbow.png-7d37c39c57d9145c1662a600706a0215.ctex
Completed load for: 'res://assets/flats/castle/logo_studio_v2/castle_banner_motif_rainbow.png' remapped 'res://assets/flats/castle/logo_studio_v2/castle_banner_motif_rainbow.png' at thread -1
Loading resource: res://assets/flats/castle/logo_studio_v2/castle_banner_motif_shell.png remapped: res://assets/flats/castle/logo_studio_v2/castle_banner_motif_shell.png
Loading resource: res://.godot/imported/castle_banner_motif_shell.png-2ded8f0554ad78cbf31ed04692a2e95a.ctex remapped: res://.godot/imported/castle_banner_motif_shell.png-2ded8f0554ad78cbf31ed04692a2e95a.ctex
Completed load for: 'res://assets/flats/castle/logo_studio_v2/castle_banner_motif_shell.png' remapped 'res://assets/flats/castle/logo_studio_v2/castle_banner_motif_shell.png' at thread -1
Loading resource: res://assets/flats/castle/logo_studio_v2/castle_banner_motif_kitty.png remapped: res://assets/flats/castle/logo_studio_v2/castle_banner_motif_kitty.png
Loading resource: res://.godot/imported/castle_banner_motif_kitty.png-476ecb445ef20b8f0ee562bf74ffc1f3.ctex remapped: res://.godot/imported/castle_banner_motif_kitty.png-476ecb445ef20b8f0ee562bf74ffc1f3.ctex
Completed load for: 'res://assets/flats/castle/logo_studio_v2/castle_banner_motif_kitty.png' remapped 'res://assets/flats/castle/logo_studio_v2/castle_banner_motif_kitty.png' at thread -1
Loading resource: res://assets/flats/castle/logo_studio_v2/castle_banner_motif_dog.png remapped: res://assets/flats/castle/logo_studio_v2/castle_banner_motif_dog.png
Loading resource: res://.godot/imported/castle_banner_motif_dog.png-f60e00a475feefbed7e6b7b03314b4e3.ctex remapped: res://.godot/imported/castle_banner_motif_dog.png-f60e00a475feefbed7e6b7b03314b4e3.ctex
Completed load for: 'res://assets/flats/castle/logo_studio_v2/castle_banner_motif_dog.png' remapped 'res://assets/flats/castle/logo_studio_v2/castle_banner_motif_dog.png' at thread -1
Loading resource: res://assets/flats/castle/logo_studio_v2/castle_banner_motif_star.png remapped: res://assets/flats/castle/logo_studio_v2/castle_banner_motif_star.png
Loading resource: res://.godot/imported/castle_banner_motif_star.png-c2920063905028bbe428c242038dc858.ctex remapped: res://.godot/imported/castle_banner_motif_star.png-c2920063905028bbe428c242038dc858.ctex
Completed load for: 'res://assets/flats/castle/logo_studio_v2/castle_banner_motif_star.png' remapped 'res://assets/flats/castle/logo_studio_v2/castle_banner_motif_star.png' at thread -1
Loading resource: res://assets/flats/castle/logo_studio_v2/castle_banner_motif_heart.png remapped: res://assets/flats/castle/logo_studio_v2/castle_banner_motif_heart.png
Loading resource: res://.godot/imported/castle_banner_motif_heart.png-1e2c41e7d0fee88319aa5e07bebb840c.ctex remapped: res://.godot/imported/castle_banner_motif_heart.png-1e2c41e7d0fee88319aa5e07bebb840c.ctex
Completed load for: 'res://assets/flats/castle/logo_studio_v2/castle_banner_motif_heart.png' remapped 'res://assets/flats/castle/logo_studio_v2/castle_banner_motif_heart.png' at thread -1
Loading resource: res://assets/flats/castle/logo_studio_v2/castle_banner_motif_crown.png remapped: res://assets/flats/castle/logo_studio_v2/castle_banner_motif_crown.png
Loading resource: res://.godot/imported/castle_banner_motif_crown.png-a6e77f1d9ed0122ac2aa4567a6832a08.ctex remapped: res://.godot/imported/castle_banner_motif_crown.png-a6e77f1d9ed0122ac2aa4567a6832a08.ctex
Completed load for: 'res://assets/flats/castle/logo_studio_v2/castle_banner_motif_crown.png' remapped 'res://assets/flats/castle/logo_studio_v2/castle_banner_motif_crown.png' at thread -1
Loading resource: res://assets/flats/castle/logo_studio_v2/castle_banner_motif_butterfly.png remapped: res://assets/flats/castle/logo_studio_v2/castle_banner_motif_butterfly.png
Loading resource: res://.godot/imported/castle_banner_motif_butterfly.png-862a1cf8dacc6daab2058d435ea0ad5f.ctex remapped: res://.godot/imported/castle_banner_motif_butterfly.png-862a1cf8dacc6daab2058d435ea0ad5f.ctex
Completed load for: 'res://assets/flats/castle/logo_studio_v2/castle_banner_motif_butterfly.png' remapped 'res://assets/flats/castle/logo_studio_v2/castle_banner_motif_butterfly.png' at thread -1
Loading resource: res://assets/castle/day_one_art_studio/magic_cleaning_brush.png remapped: res://assets/castle/day_one_art_studio/magic_cleaning_brush.png
Loading resource: res://.godot/imported/magic_cleaning_brush.png-9aab3d5c1cf900b3b09e19eacb3d842d.ctex remapped: res://.godot/imported/magic_cleaning_brush.png-9aab3d5c1cf900b3b09e19eacb3d842d.ctex
Completed load for: 'res://assets/castle/day_one_art_studio/magic_cleaning_brush.png' remapped 'res://assets/castle/day_one_art_studio/magic_cleaning_brush.png' at thread -1
Loading resource: res://assets/castle/day_one_art_studio/loose_brush_bundle.png remapped: res://assets/castle/day_one_art_studio/loose_brush_bundle.png
Loading resource: res://.godot/imported/loose_brush_bundle.png-864136367585f2d9d14d7d1e8b20b7c8.ctex remapped: res://.godot/imported/loose_brush_bundle.png-864136367585f2d9d14d7d1e8b20b7c8.ctex
Completed load for: 'res://assets/castle/day_one_art_studio/loose_brush_bundle.png' remapped 'res://assets/castle/day_one_art_studio/loose_brush_bundle.png' at thread -1
Loading resource: res://assets/castle/day_one_art_studio/paint_bottle_pink.png remapped: res://assets/castle/day_one_art_studio/paint_bottle_pink.png
Loading resource: res://.godot/imported/paint_bottle_pink.png-c543c4d9f1f567c443e165a9fa714da8.ctex remapped: res://.godot/imported/paint_bottle_pink.png-c543c4d9f1f567c443e165a9fa714da8.ctex
Completed load for: 'res://assets/castle/day_one_art_studio/paint_bottle_pink.png' remapped 'res://assets/castle/day_one_art_studio/paint_bottle_pink.png' at thread -1
Loading resource: res://assets/castle/day_one_art_studio/paint_bottle_blue.png remapped: res://assets/castle/day_one_art_studio/paint_bottle_blue.png
Loading resource: res://.godot/imported/paint_bottle_blue.png-5095790b8453a9b3e2ea954bc927e605.ctex remapped: res://.godot/imported/paint_bottle_blue.png-5095790b8453a9b3e2ea954bc927e605.ctex
Completed load for: 'res://assets/castle/day_one_art_studio/paint_bottle_blue.png' remapped 'res://assets/castle/day_one_art_studio/paint_bottle_blue.png' at thread -1
Loading resource: res://assets/castle/day_one_art_studio/paint_cups.png remapped: res://assets/castle/day_one_art_studio/paint_cups.png
Loading resource: res://.godot/imported/paint_cups.png-100570cd9a806d4462c301ca08769707.ctex remapped: res://.godot/imported/paint_cups.png-100570cd9a806d4462c301ca08769707.ctex
Completed load for: 'res://assets/castle/day_one_art_studio/paint_cups.png' remapped 'res://assets/castle/day_one_art_studio/paint_cups.png' at thread -1
Loading resource: res://assets/castle/day_one_art_studio/grime_left.png remapped: res://assets/castle/day_one_art_studio/grime_left.png
Loading resource: res://.godot/imported/grime_left.png-9b85fce9291a82cc7fa602186defdc14.ctex remapped: res://.godot/imported/grime_left.png-9b85fce9291a82cc7fa602186defdc14.ctex
Completed load for: 'res://assets/castle/day_one_art_studio/grime_left.png' remapped 'res://assets/castle/day_one_art_studio/grime_left.png' at thread -1
Loading resource: res://assets/castle/day_one_art_studio/grime_desk.png remapped: res://assets/castle/day_one_art_studio/grime_desk.png
Loading resource: res://.godot/imported/grime_desk.png-38eed6c08bb917d3198d2d948f230b8b.ctex remapped: res://.godot/imported/grime_desk.png-38eed6c08bb917d3198d2d948f230b8b.ctex
Completed load for: 'res://assets/castle/day_one_art_studio/grime_desk.png' remapped 'res://assets/castle/day_one_art_studio/grime_desk.png' at thread -1
Loading resource: res://assets/castle/day_one_art_studio/grime_right.png remapped: res://assets/castle/day_one_art_studio/grime_right.png
Loading resource: res://.godot/imported/grime_right.png-9c83e9c00c88d0942dc2efe0b144a31b.ctex remapped: res://.godot/imported/grime_right.png-9c83e9c00c88d0942dc2efe0b144a31b.ctex
Completed load for: 'res://assets/castle/day_one_art_studio/grime_right.png' remapped 'res://assets/castle/day_one_art_studio/grime_right.png' at thread -1
Loading resource: res://assets/castle/training/ghost_hand.png remapped: res://assets/castle/training/ghost_hand.png
Loading resource: res://.godot/imported/ghost_hand.png-1de3e3644c9a46e5892c5a8fa86dad01.ctex remapped: res://.godot/imported/ghost_hand.png-1de3e3644c9a46e5892c5a8fa86dad01.ctex
Completed load for: 'res://assets/castle/training/ghost_hand.png' remapped 'res://assets/castle/training/ghost_hand.png' at thread -1
Loading resource: res://assets/ui/boot_splash_mermaid_roshan.png remapped: res://assets/ui/boot_splash_mermaid_roshan.png
Loading resource: res://.godot/imported/boot_splash_mermaid_roshan.png-b4f76f82b4095448b9258c74830dd0bf.ctex remapped: res://.godot/imported/boot_splash_mermaid_roshan.png-b4f76f82b4095448b9258c74830dd0bf.ctex
Completed load for: 'res://assets/ui/boot_splash_mermaid_roshan.png' remapped 'res://assets/ui/boot_splash_mermaid_roshan.png' at thread -1
Loading resource: res://assets/flats/castle/rooms/room_bubble_bath_dirty_day_one.png remapped: res://assets/flats/castle/rooms/room_bubble_bath_dirty_day_one.png
Loading resource: res://.godot/imported/room_bubble_bath_dirty_day_one.png-9e5525828616e0db5b9a3b8b28435c35.ctex remapped: res://.godot/imported/room_bubble_bath_dirty_day_one.png-9e5525828616e0db5b9a3b8b28435c35.ctex
Completed load for: 'res://assets/flats/castle/rooms/room_bubble_bath_dirty_day_one.png' remapped 'res://assets/flats/castle/rooms/room_bubble_bath_dirty_day_one.png' at thread -1
Loading resource: res://assets/flats/castle/rooms/room_bubble_bath_dirty_drained_day_one.png remapped: res://assets/flats/castle/rooms/room_bubble_bath_dirty_drained_day_one.png
Loading resource: res://.godot/imported/room_bubble_bath_dirty_drained_day_one.png-7e8d3b4c3b9d1f29e91ac035a5fb7262.ctex remapped: res://.godot/imported/room_bubble_bath_dirty_drained_day_one.png-7e8d3b4c3b9d1f29e91ac035a5fb7262.ctex
Completed load for: 'res://assets/flats/castle/rooms/room_bubble_bath_dirty_drained_day_one.png' remapped 'res://assets/flats/castle/rooms/room_bubble_bath_dirty_drained_day_one.png' at thread -1
Loading resource: res://assets/flats/castle/rooms/room_bubble_bath.png remapped: res://assets/flats/castle/rooms/room_bubble_bath.png
Loading resource: res://.godot/imported/room_bubble_bath.png-8ee98b24e8364131dc5cfc2232874cd7.ctex remapped: res://.godot/imported/room_bubble_bath.png-8ee98b24e8364131dc5cfc2232874cd7.ctex
Completed load for: 'res://assets/flats/castle/rooms/room_bubble_bath.png' remapped 'res://assets/flats/castle/rooms/room_bubble_bath.png' at thread -1
Loading resource: res://assets/castle/dirty_cleanup_2d/targets/target_sink_grime_v1.png remapped: res://assets/castle/dirty_cleanup_2d/targets/target_sink_grime_v1.png
Loading resource: res://.godot/imported/target_sink_grime_v1.png-5d01aaca3a2b34c04e93afaef486eb50.ctex remapped: res://.godot/imported/target_sink_grime_v1.png-5d01aaca3a2b34c04e93afaef486eb50.ctex
Completed load for: 'res://assets/castle/dirty_cleanup_2d/targets/target_sink_grime_v1.png' remapped 'res://assets/castle/dirty_cleanup_2d/targets/target_sink_grime_v1.png' at thread -1
Loading resource: res://assets/sprites/sky_lagoon/sky_lagoon_castle_four_tower_v4.png remapped: res://assets/sprites/sky_lagoon/sky_lagoon_castle_four_tower_v4.png
Loading resource: res://.godot/imported/sky_lagoon_castle_four_tower_v4.png-3db3791a13b15911d5b711360be9c503.ctex remapped: res://.godot/imported/sky_lagoon_castle_four_tower_v4.png-3db3791a13b15911d5b711360be9c503.ctex
Completed load for: 'res://assets/sprites/sky_lagoon/sky_lagoon_castle_four_tower_v4.png' remapped 'res://assets/sprites/sky_lagoon/sky_lagoon_castle_four_tower_v4.png' at thread -1
Loading resource: res://assets/sprites/sky_lagoon/sky_lagoon_cloud_family_v7_hd_grade.png remapped: res://assets/sprites/sky_lagoon/sky_lagoon_cloud_family_v7_hd_grade.png
Loading resource: res://.godot/imported/sky_lagoon_cloud_family_v7_hd_grade.png-dc0538f7caa6b853334b469234e73a2d.ctex remapped: res://.godot/imported/sky_lagoon_cloud_family_v7_hd_grade.png-dc0538f7caa6b853334b469234e73a2d.ctex
Completed load for: 'res://assets/sprites/sky_lagoon/sky_lagoon_cloud_family_v7_hd_grade.png' remapped 'res://assets/sprites/sky_lagoon/sky_lagoon_cloud_family_v7_hd_grade.png' at thread -1
Loading resource: res://assets/sprites/sky_lagoon/sky_lagoon_cloud_single_v1.png remapped: res://assets/sprites/sky_lagoon/sky_lagoon_cloud_single_v1.png
Loading resource: res://.godot/imported/sky_lagoon_cloud_single_v1.png-b03683c7f3026927cde33f24d92a67e5.ctex remapped: res://.godot/imported/sky_lagoon_cloud_single_v1.png-b03683c7f3026927cde33f24d92a67e5.ctex
Completed load for: 'res://assets/sprites/sky_lagoon/sky_lagoon_cloud_single_v1.png' remapped 'res://assets/sprites/sky_lagoon/sky_lagoon_cloud_single_v1.png' at thread -1
Loading resource: res://assets/ui/castle_room_buttons_v2/room_opera_hall.png remapped: res://assets/ui/castle_room_buttons_v2/room_opera_hall.png
Loading resource: res://.godot/imported/room_opera_hall.png-4be4ecc3703261914b8a9526019262cc.ctex remapped: res://.godot/imported/room_opera_hall.png-4be4ecc3703261914b8a9526019262cc.ctex
Completed load for: 'res://assets/ui/castle_room_buttons_v2/room_opera_hall.png' remapped 'res://assets/ui/castle_room_buttons_v2/room_opera_hall.png' at thread -1
Loading resource: res://assets/ui/castle_room_buttons_v2/room_craft_room.png remapped: res://assets/ui/castle_room_buttons_v2/room_craft_room.png
Loading resource: res://.godot/imported/room_craft_room.png-7dc4a5c01065ce328e731b6b38053da5.ctex remapped: res://.godot/imported/room_craft_room.png-7dc4a5c01065ce328e731b6b38053da5.ctex
Completed load for: 'res://assets/ui/castle_room_buttons_v2/room_craft_room.png' remapped 'res://assets/ui/castle_room_buttons_v2/room_craft_room.png' at thread -1
Loading resource: res://assets/ui/castle_room_buttons_v2/room_kitchen.png remapped: res://assets/ui/castle_room_buttons_v2/room_kitchen.png
Loading resource: res://.godot/imported/room_kitchen.png-61af0fca52cce833210f295107496cf7.ctex remapped: res://.godot/imported/room_kitchen.png-61af0fca52cce833210f295107496cf7.ctex
Completed load for: 'res://assets/ui/castle_room_buttons_v2/room_kitchen.png' remapped 'res://assets/ui/castle_room_buttons_v2/room_kitchen.png' at thread -1
Loading resource: res://assets/mg/sun.png remapped: res://assets/mg/sun.png
Loading resource: res://.godot/imported/sun.png-c8bf9605370f6e02d9b21d685d405f9b.ctex remapped: res://.godot/imported/sun.png-c8bf9605370f6e02d9b21d685d405f9b.ctex
Completed load for: 'res://assets/mg/sun.png' remapped 'res://assets/mg/sun.png' at thread -1
Loading resource: res://assets/props/story/play_swing_frame.png remapped: res://assets/props/story/play_swing_frame.png
Loading resource: res://.godot/imported/play_swing_frame.png-a81ab1af7d4b95737787aabcf622cdbc.ctex remapped: res://.godot/imported/play_swing_frame.png-a81ab1af7d4b95737787aabcf622cdbc.ctex
Completed load for: 'res://assets/props/story/play_swing_frame.png' remapped 'res://assets/props/story/play_swing_frame.png' at thread -1
Loading resource: res://assets/props/story/play_swing_seat.png remapped: res://assets/props/story/play_swing_seat.png
Loading resource: res://.godot/imported/play_swing_seat.png-fbc2feb15e1e0c3563f38dd6be314f41.ctex remapped: res://.godot/imported/play_swing_seat.png-fbc2feb15e1e0c3563f38dd6be314f41.ctex
Completed load for: 'res://assets/props/story/play_swing_seat.png' remapped 'res://assets/props/story/play_swing_seat.png' at thread -1
Loading resource: res://assets/characters/roshan_25d/roshan_gesture_a.png remapped: res://assets/characters/roshan_25d/roshan_gesture_a.png
Loading resource: res://.godot/imported/roshan_gesture_a.png-18a31aea6ac3722a9397d1f4c4f45867.s3tc.ctex remapped: res://.godot/imported/roshan_gesture_a.png-18a31aea6ac3722a9397d1f4c4f45867.s3tc.ctex
Completed load for: 'res://assets/characters/roshan_25d/roshan_gesture_a.png' remapped 'res://assets/characters/roshan_25d/roshan_gesture_a.png' at thread -1
Loading resource: res://assets/characters/roshan_25d/roshan_gesture_b.png remapped: res://assets/characters/roshan_25d/roshan_gesture_b.png
Loading resource: res://.godot/imported/roshan_gesture_b.png-8cb0fb1a0e3c6a3ff52f66869af29ee3.s3tc.ctex remapped: res://.godot/imported/roshan_gesture_b.png-8cb0fb1a0e3c6a3ff52f66869af29ee3.s3tc.ctex
Completed load for: 'res://assets/characters/roshan_25d/roshan_gesture_b.png' remapped 'res://assets/characters/roshan_25d/roshan_gesture_b.png' at thread -1
Loading resource: res://assets/characters/roshan_25d/roshan_gesture_c.png remapped: res://assets/characters/roshan_25d/roshan_gesture_c.png
Loading resource: res://.godot/imported/roshan_gesture_c.png-938a4e5c63b0fe35548d3f25bd960773.s3tc.ctex remapped: res://.godot/imported/roshan_gesture_c.png-938a4e5c63b0fe35548d3f25bd960773.s3tc.ctex
Completed load for: 'res://assets/characters/roshan_25d/roshan_gesture_c.png' remapped 'res://assets/characters/roshan_25d/roshan_gesture_c.png' at thread -1
Loading resource: res://assets/characters/roshan_25d/roshan_gesture_d.png remapped: res://assets/characters/roshan_25d/roshan_gesture_d.png
Loading resource: res://.godot/imported/roshan_gesture_d.png-08aed87dc09d080eaf1e4104fb084fdc.s3tc.ctex remapped: res://.godot/imported/roshan_gesture_d.png-08aed87dc09d080eaf1e4104fb084fdc.s3tc.ctex
Completed load for: 'res://assets/characters/roshan_25d/roshan_gesture_d.png' remapped 'res://assets/characters/roshan_25d/roshan_gesture_d.png' at thread -1
Loading resource: res://assets/characters/roshan_25d/roshan_play_a.png remapped: res://assets/characters/roshan_25d/roshan_play_a.png
Loading resource: res://.godot/imported/roshan_play_a.png-7836c4193fc7d229ea3c5f1583aa2038.s3tc.ctex remapped: res://.godot/imported/roshan_play_a.png-7836c4193fc7d229ea3c5f1583aa2038.s3tc.ctex
Completed load for: 'res://assets/characters/roshan_25d/roshan_play_a.png' remapped 'res://assets/characters/roshan_25d/roshan_play_a.png' at thread -1
Loading resource: res://assets/characters/roshan_25d/roshan_play_b.png remapped: res://assets/characters/roshan_25d/roshan_play_b.png
Loading resource: res://.godot/imported/roshan_play_b.png-115ffaa3712f999ce1caf531c6fbc9ec.s3tc.ctex remapped: res://.godot/imported/roshan_play_b.png-115ffaa3712f999ce1caf531c6fbc9ec.s3tc.ctex
Completed load for: 'res://assets/characters/roshan_25d/roshan_play_b.png' remapped 'res://assets/characters/roshan_25d/roshan_play_b.png' at thread -1
Loading resource: res://assets/flats/castle/boss/dusty_attic_arena_2048.png remapped: res://assets/flats/castle/boss/dusty_attic_arena_2048.png
Loading resource: res://.godot/imported/dusty_attic_arena_2048.png-d3ca08103aa6a7020e840963166fbe19.ctex remapped: res://.godot/imported/dusty_attic_arena_2048.png-d3ca08103aa6a7020e840963166fbe19.ctex
Completed load for: 'res://assets/flats/castle/boss/dusty_attic_arena_2048.png' remapped 'res://assets/flats/castle/boss/dusty_attic_arena_2048.png' at thread -1
Loading resource: res://assets/opera/worlds/props/fx_stolen_sparkle.png remapped: res://assets/opera/worlds/props/fx_stolen_sparkle.png
Loading resource: res://.godot/imported/fx_stolen_sparkle.png-78d191c055130f9a82753b3c1b5d08ac.s3tc.ctex remapped: res://.godot/imported/fx_stolen_sparkle.png-78d191c055130f9a82753b3c1b5d08ac.s3tc.ctex
Completed load for: 'res://assets/opera/worlds/props/fx_stolen_sparkle.png' remapped 'res://assets/opera/worlds/props/fx_stolen_sparkle.png' at thread -1
Loading resource: res://assets/opera/worlds/props/fx_dust_puff.png remapped: res://assets/opera/worlds/props/fx_dust_puff.png
Loading resource: res://.godot/imported/fx_dust_puff.png-c19e7c817e63296b4a7808774d821915.ctex remapped: res://.godot/imported/fx_dust_puff.png-c19e7c817e63296b4a7808774d821915.ctex
Completed load for: 'res://assets/opera/worlds/props/fx_dust_puff.png' remapped 'res://assets/opera/worlds/props/fx_dust_puff.png' at thread -1
Loading resource: res://assets/effects/grand_puff/purple_vortex_v4.png remapped: res://assets/effects/grand_puff/purple_vortex_v4.png
Loading resource: res://.godot/imported/purple_vortex_v4.png-73637daaea783585b2d9d0dcf967aace.ctex remapped: res://.godot/imported/purple_vortex_v4.png-73637daaea783585b2d9d0dcf967aace.ctex
Completed load for: 'res://assets/effects/grand_puff/purple_vortex_v4.png' remapped 'res://assets/effects/grand_puff/purple_vortex_v4.png' at thread -1
Completed load for: 'res://scripts/probe_ui_system.gd' remapped 'res://scripts/probe_ui_system.gd' at thread -1
SceneTreeFTI: traversal method DEFAULT
Loading resource: res://scenes/main.tscn remapped: res://scenes/main.tscn
Completed load for: 'res://scenes/main.tscn' remapped 'res://scenes/main.tscn' at thread -1
Loaded system CA certificates
Loading resource: res://assets/audio/ambience_reef.ogg remapped: res://assets/audio/ambience_reef.ogg
Loading resource: res://.godot/imported/ambience_reef.ogg-30031e4868dd5f41925c6b3f42f0f9b1.oggvorbisstr remapped: res://.godot/imported/ambience_reef.ogg-30031e4868dd5f41925c6b3f42f0f9b1.oggvorbisstr
Completed load for: 'res://assets/audio/ambience_reef.ogg' remapped 'res://assets/audio/ambience_reef.ogg' at thread -1
Loading resource: res://assets/audio/music/world.ogg remapped: res://assets/audio/music/world.ogg
Loading resource: res://.godot/imported/world.ogg-bfec9819aa7fa229c0057fe76832cfa3.oggvorbisstr remapped: res://.godot/imported/world.ogg-bfec9819aa7fa229c0057fe76832cfa3.oggvorbisstr
Completed load for: 'res://assets/audio/music/world.ogg' remapped 'res://assets/audio/music/world.ogg' at thread -1
Loading resource: res://assets/audio/voices/filler_v1/yay.ogg remapped: res://assets/audio/voices/filler_v1/yay.ogg
Loading resource: res://.godot/imported/yay.ogg-a4cd419929b402130d14f60cd99b5355.oggvorbisstr remapped: res://.godot/imported/yay.ogg-a4cd419929b402130d14f60cd99b5355.oggvorbisstr
Completed load for: 'res://assets/audio/voices/filler_v1/yay.ogg' remapped 'res://assets/audio/voices/filler_v1/yay.ogg' at thread -1
Loading resource: res://assets/audio/chime.ogg remapped: res://assets/audio/chime.ogg
Loading resource: res://.godot/imported/chime.ogg-ccbd9039a16fca2270295f3df3042e4a.oggvorbisstr remapped: res://.godot/imported/chime.ogg-ccbd9039a16fca2270295f3df3042e4a.oggvorbisstr
Completed load for: 'res://assets/audio/chime.ogg' remapped 'res://assets/audio/chime.ogg' at thread -1
Loading resource: res://assets/audio/hop_boing.ogg remapped: res://assets/audio/hop_boing.ogg
Loading resource: res://.godot/imported/hop_boing.ogg-23491bc7346e37a3c3a7e5718a1c6334.oggvorbisstr remapped: res://.godot/imported/hop_boing.ogg-23491bc7346e37a3c3a7e5718a1c6334.oggvorbisstr
Completed load for: 'res://assets/audio/hop_boing.ogg' remapped 'res://assets/audio/hop_boing.ogg' at thread -1
Loading resource: res://assets/audio/penguin_giggle.ogg remapped: res://assets/audio/penguin_giggle.ogg
Loading resource: res://.godot/imported/penguin_giggle.ogg-1caa548251b7585be1b157de4e41c1b8.oggvorbisstr remapped: res://.godot/imported/penguin_giggle.ogg-1caa548251b7585be1b157de4e41c1b8.oggvorbisstr
Completed load for: 'res://assets/audio/penguin_giggle.ogg' remapped 'res://assets/audio/penguin_giggle.ogg' at thread -1
Loading resource: res://assets/audio/buy.ogg remapped: res://assets/audio/buy.ogg
Loading resource: res://.godot/imported/buy.ogg-ccfb5d2b9f2837f43f22621a6d87b91c.oggvorbisstr remapped: res://.godot/imported/buy.ogg-ccfb5d2b9f2837f43f22621a6d87b91c.oggvorbisstr
Completed load for: 'res://assets/audio/buy.ogg' remapped 'res://assets/audio/buy.ogg' at thread -1
Loading resource: res://assets/audio/music/banjo.ogg remapped: res://assets/audio/music/banjo.ogg
Loading resource: res://.godot/imported/banjo.ogg-6ace2633ccde608d168cb04a28077650.oggvorbisstr remapped: res://.godot/imported/banjo.ogg-6ace2633ccde608d168cb04a28077650.oggvorbisstr
Completed load for: 'res://assets/audio/music/banjo.ogg' remapped 'res://assets/audio/music/banjo.ogg' at thread -1
Loading resource: res://assets/audio/voices/filler_v1/roshan_intro1.ogg remapped: res://assets/audio/voices/filler_v1/roshan_intro1.ogg
Loading resource: res://.godot/imported/roshan_intro1.ogg-f820084970fc77bf53c9fa3fc87e9d14.oggvorbisstr remapped: res://.godot/imported/roshan_intro1.ogg-f820084970fc77bf53c9fa3fc87e9d14.oggvorbisstr
Completed load for: 'res://assets/audio/voices/filler_v1/roshan_intro1.ogg' remapped 'res://assets/audio/voices/filler_v1/roshan_intro1.ogg' at thread -1
Loading resource: res://assets/characters/friends/huluu.png remapped: res://assets/characters/friends/huluu.png
Loading resource: res://.godot/imported/huluu.png-6fee73331b3d0600210812844b67ef58.ctex remapped: res://.godot/imported/huluu.png-6fee73331b3d0600210812844b67ef58.ctex
Completed load for: 'res://assets/characters/friends/huluu.png' remapped 'res://assets/characters/friends/huluu.png' at thread -1
UI_SYSTEM|OK|main.gd uses a shared Storybook HUD surface
UI_SYSTEM|OK|combat_arena.gd uses a shared Storybook HUD surface
UI_SYSTEM|OK|stuffie_battle.gd uses a shared Storybook HUD surface
UI_SYSTEM|OK|dungeon_level.gd uses a shared Storybook HUD surface
UI_SYSTEM|OK|dungeon_puzzle_room.gd uses a shared Storybook HUD surface
UI_SYSTEM|OK|galaxy.gd uses a shared Storybook HUD surface
UI_SYSTEM|OK|ember_fortress.gd uses a shared Storybook HUD surface
UI_SYSTEM|OK|medal_system.gd uses a shared Storybook HUD surface
UI_SYSTEM|OK|menu census covers all 15 child-facing systems
UI_SYSTEM|OK|16th interactive system gives parent Developer Mode Storybook styling
UI_SYSTEM|OK|intro menu uses the audited Storybook contract
UI_SYSTEM|OK|pause menu uses the audited Storybook contract
UI_SYSTEM|OK|craft menu uses the audited Storybook contract
UI_SYSTEM|OK|castle_logo menu uses the audited Storybook contract
UI_SYSTEM|OK|wardrobe menu uses the audited Storybook contract
UI_SYSTEM|OK|stickers menu uses the audited Storybook contract
UI_SYSTEM|OK|critters menu uses the audited Storybook contract
UI_SYSTEM|OK|stuffie_care menu uses the audited Storybook contract
UI_SYSTEM|OK|stuffie_picker menu uses the audited Storybook contract
UI_SYSTEM|OK|castle_rooms menu uses the audited Storybook contract
UI_SYSTEM|OK|kitchen menu uses the audited Storybook contract
UI_SYSTEM|OK|picture_games menu uses the audited Storybook contract
UI_SYSTEM|OK|dance menu uses the audited Storybook contract
UI_SYSTEM|OK|kart_garage menu uses the audited Storybook contract
UI_SYSTEM|OK|castle_careers menu uses the audited Storybook contract
UI_SYSTEM|OK|former flat picture choices share physical button states
UI_SYSTEM|OK|wardrobe try-on feedback stays on its storybook stage
UI_SYSTEM|OK|kart garage exposes direct ride and paint choices
UI_SYSTEM|OK|Pause removes obsolete touch choices and retired-world copy
UI_SYSTEM|OK|point-to-interact keeps the movement pad renderer hidden
UI_SYSTEM|OK|retired player-facing Reef copy stays absent: Back to the reef
UI_SYSTEM|OK|retired player-facing Reef copy stays absent: Reef Celebration
UI_SYSTEM|OK|retired player-facing Reef copy stays absent: Reef Garden
UI_SYSTEM|OK|retired player-facing Reef copy stays absent: REEF BAKE-OFF
UI_SYSTEM|OK|retired player-facing Reef copy stays absent: Queen of the Reef
UI_SYSTEM|OK|retired player-facing Reef copy stays absent: Caribbean reef
UI_SYSTEM|OK|legacy duplicate Stuffie launcher and care panel stay removed
UI_SYSTEM|OK|comfy demos use tappable world friends without overlay badges
UI_SYSTEM|OK|story clips use the single global Back control without a local skip overlay
UI_SYSTEM|OK|Chapter 2 room plots use painted props without an ability overlay
UI_SYSTEM|OK|Opera venue keeps direct painted doors and no local lift or Back controls
UI_SYSTEM|OK|castle rooms use physical doors without elevator or room-action overlays
UI_SYSTEM|OK|Dust Boss uses direct world touch without an overlay control or button-dependent voice
UI_SYSTEM|OK|partner combat has no overlay control or unreachable bubble lesson
UI_SYSTEM|OK|child prompts describe direct world taps, not removed overlay buttons
UI_SYSTEM|OK|typography authority and eight named roles are explicit
UI_SYSTEM|OK|typography role token is complete: display
UI_SYSTEM|OK|typography role mutation stays isolated: display
UI_SYSTEM|OK|typography role token is complete: title
UI_SYSTEM|OK|typography role mutation stays isolated: title
UI_SYSTEM|OK|typography role token is complete: child_control
UI_SYSTEM|OK|typography role mutation stays isolated: child_control
UI_SYSTEM|OK|typography role token is complete: body
UI_SYSTEM|OK|typography role mutation stays isolated: body
UI_SYSTEM|OK|typography role token is complete: adult_caption
UI_SYSTEM|OK|typography role mutation stays isolated: adult_caption
UI_SYSTEM|OK|typography role token is complete: status
UI_SYSTEM|OK|typography role mutation stays isolated: status
UI_SYSTEM|OK|typography role token is complete: numeric_progress
UI_SYSTEM|OK|typography role mutation stays isolated: numeric_progress
UI_SYSTEM|OK|typography role token is complete: decorative_glyph
UI_SYSTEM|OK|typography role mutation stays isolated: decorative_glyph
UI_SYSTEM|OK|picture button has child-size typography, outline, focus, and disabled surfaces
UI_SYSTEM|OK|picture button covers hover, focus, pressed, and disabled text colors
UI_SYSTEM|OK|picture button owns all six state styleboxes locally
UI_SYSTEM|OK|text button owns all six state colors and styleboxes locally
UI_SYSTEM|OK|picture button records its role and font authority
UI_SYSTEM|OK|label helper delegates role wrap and bounded caption typography
UI_SYSTEM|OK|child control and status roles keep the 28px minimum
UI_SYSTEM|OK|TYPE-C child layout contract: res://scripts/craft_studio.gd has style_button(button, "locked" if locked else "secondary", 24, 28)
UI_SYSTEM|OK|TYPE-C child layout contract: res://scripts/craft_studio.gd has style_label(m.craft_status, 21
UI_SYSTEM|OK|TYPE-C child layout contract: res://scripts/craft_studio.gd has known sub-floor child surface
UI_SYSTEM|OK|TYPE-C child layout contract: res://scripts/wardrobe_ui.gd has ROLE_CHILD_CONTROL, 28)
UI_SYSTEM|OK|TYPE-C child layout contract: res://scripts/wardrobe_ui.gd has b.alignment = HORIZONTAL_ALIGNMENT_RIGHT
UI_SYSTEM|OK|TYPE-C child layout contract: res://scripts/wardrobe_ui.gd has bt.alignment = HORIZONTAL_ALIGNMENT_RIGHT
UI_SYSTEM|OK|TYPE-C child layout contract: res://scripts/wardrobe_ui.gd has font_size", 20 if earned else 15
UI_SYSTEM|OK|TYPE-C child layout contract: res://scripts/wardrobe_ui.gd has reserves only 72px
UI_SYSTEM|OK|TYPE-C child layout contract: res://scripts/collection_system.gd has habitat, 28
UI_SYSTEM|OK|TYPE-C child layout contract: res://scripts/collection_system.gd has ROLE_STATUS
UI_SYSTEM|OK|TYPE-C child layout contract: res://scripts/collection_system.gd has habitat.max_lines_visible = 2
UI_SYSTEM|OK|TYPE-C child layout contract: res://scripts/companion.gd has style_button(card, "selected" if id == m.companion_pick_id else "secondary", 24, 24)
UI_SYSTEM|OK|TYPE-C child layout contract: res://scripts/companion.gd has style_label(nm, 26
UI_SYSTEM|OK|TYPE-C child layout contract: res://scripts/companion.gd has style_label(atk, 24
UI_SYSTEM|OK|TYPE-C child layout contract: res://scripts/companion.gd has style_label(asis, 27
UI_SYSTEM|OK|TYPE-C child layout contract: res://scripts/games/dance_engine.gd has magic_label, 28
UI_SYSTEM|OK|TYPE-C child layout contract: res://scripts/games/dance_engine.gd has ROLE_STATUS
UI_SYSTEM|OK|TYPE-C child layout contract: res://scripts/games/dance_engine.gd has magic_label.max_lines_visible = 1
UI_SYSTEM|OK|TYPE-C child layout contract: res://scripts/main.gd has hint, 24
UI_SYSTEM|OK|TYPE-C child layout contract: res://scripts/main.gd has hint.mouse_filter = Control.MOUSE_FILTER_IGNORE
UI_SYSTEM|OK|TYPE-C rejects sub-floor child call: m.craft_status, 30
UI_SYSTEM|OK|TYPE-C rejects sub-floor child call: StorybookUI.style_button(button, "locked" if locked else "secondary", 30,
UI_SYSTEM|OK|TYPE-C rejects sub-floor child call: font_size", 20)
UI_SYSTEM|OK|TYPE-C rejects sub-floor child call: font_size", 15)
UI_SYSTEM|OK|TYPE-C rejects sub-floor child call: habitat, 22
UI_SYSTEM|OK|TYPE-C rejects sub-floor child call: card, "selected" if id == m.companion_pick_id else "secondary", 30
UI_SYSTEM|OK|TYPE-C rejects sub-floor child call: style_label(atk, 28
UI_SYSTEM|OK|TYPE-C rejects sub-floor child call: style_label(nm, 30
UI_SYSTEM|OK|TYPE-C rejects sub-floor child call: style_label(asis, 30
UI_SYSTEM|OK|TYPE-C rejects sub-floor child call: magic_label, 24
UI_SYSTEM|OK|TYPE-C rejects sub-floor child call: style_hud_label(hint, 28
UI_SYSTEM|OK|TYPE-C adult-caption exception is explicit: ROLE_ADULT_CAPTION
UI_SYSTEM|OK|TYPE-C adult-caption exception is explicit: adult_caption_voice_picture_redundant
UI_SYSTEM|OK|TYPE-C adult-caption exception is explicit: m.intro_text.max_lines_visible = 3
UI_SYSTEM|OK|TYPE-C adult-caption exception is explicit: ROLE_STATUS
UI_SYSTEM|OK|TYPE-C adult-caption exception is explicit: This warning protects the child's saved progress
UI_SYSTEM|OK|TYPE-C adult-caption exception is explicit: note.max_lines_visible = 3
UI_SYSTEM|OK|save warning is not misclassified as adult caption
UI_SYSTEM|OK|comfy evening defaults safely with its future reward locked and unverified
UI_SYSTEM|OK|completed hide-and-seek saves migrate into the resumable family evening
UI_SYSTEM|OK|dinner, movie, and tuck-in completion unlock the saved future reward placeholder
UI_SYSTEM|OK|comfy evening uses castle-world targets with voice-backed resumable saves
UI_SYSTEM|OK|picture intro has one obvious next action
UI_SYSTEM|OK|intro next is a 150px-class target
UI_SYSTEM|OK|intro narration repeat is thumb-sized
UI_SYSTEM|OK|intro skip is thumb-sized
UI_SYSTEM|OK|intro skip requires a deliberate hold
UI_SYSTEM|OK|intro has four non-reading page pips
UI_SYSTEM|OK|picture intro uses the recovered shell crest
UI_SYSTEM|OK|free roam hides irrelevant persistent totals
UI_SYSTEM|OK|free roam hides the legacy sentence objective
UI_SYSTEM|OK|global navigation owns one 112px target
UI_SYSTEM|OK|global navigation is the single upper-left Menu control at the root
UI_SYSTEM|OK|Sky Lagoon root has exactly one visible Button game-wide
UI_SYSTEM|OK|the persistent Pause corner is removed
UI_SYSTEM|OK|the fixed jump/action bubble is removed
UI_SYSTEM|OK|Menu is Sky Lagoon-root-only and Back has a game-wide activity fallback
UI_SYSTEM|OK|retired Reef is absent from the navigation stack
UI_SYSTEM|OK|Menu sheet stays below the sole navigation control and transition fade
UI_SYSTEM|OK|resume is the dominant 300x140 action
UI_SYSTEM|OK|sticker tile is thumb-sized
UI_SYSTEM|OK|Critter Book is reachable from Menu
UI_SYSTEM|OK|Stuffie care is reachable from Menu
UI_SYSTEM|OK|Menu omits secondary settings and developer controls
UI_SYSTEM|OK|Menu sheet carries the storybook panel
UI_SYSTEM|OK|pause sheet has no movement-mode decision
UI_SYSTEM|OK|movement pad stays off-screen in point-to-interact play
UI_SYSTEM|OK|activity exit uses neutral-back semantics
UI_SYSTEM|OK|bare Sky Lagoon Pause fallback never advertises the retired Reef
UI_SYSTEM|OK|Sky Lagoon local activity Pause closes locally before leaving
UI_SYSTEM|OK|resume restores normal overlay order
Loading resource: res://assets/mg/fish_body.png remapped: res://assets/mg/fish_body.png
Loading resource: res://.godot/imported/fish_body.png-1f9314f492d99de637abb177eb9883c2.ctex remapped: res://.godot/imported/fish_body.png-1f9314f492d99de637abb177eb9883c2.ctex
Completed load for: 'res://assets/mg/fish_body.png' remapped 'res://assets/mg/fish_body.png' at thread -1
Loading resource: res://assets/mg/fish_fins.png remapped: res://assets/mg/fish_fins.png
Loading resource: res://.godot/imported/fish_fins.png-1a78a21080c389446bf3cba13b62e3fb.ctex remapped: res://.godot/imported/fish_fins.png-1a78a21080c389446bf3cba13b62e3fb.ctex
Completed load for: 'res://assets/mg/fish_fins.png' remapped 'res://assets/mg/fish_fins.png' at thread -1
Loading resource: res://assets/mg/fish_line.png remapped: res://assets/mg/fish_line.png
Loading resource: res://.godot/imported/fish_line.png-39f76cc26809dd5ab0190c9b52edef84.ctex remapped: res://.godot/imported/fish_line.png-39f76cc26809dd5ab0190c9b52edef84.ctex
Completed load for: 'res://assets/mg/fish_line.png' remapped 'res://assets/mg/fish_line.png' at thread -1
UI_SYSTEM|OK|craft uses only global Back
UI_SYSTEM|OK|craft finish is a 150px-class primary action
UI_SYSTEM|OK|craft exposes three picture part selectors
UI_SYSTEM|OK|craft shows one nine-choice palette row
UI_SYSTEM|OK|craft studio carries the shared shell crest
UI_SYSTEM|OK|craft swatch is at least 110x110
UI_SYSTEM|OK|craft swatch is at least 110x110
UI_SYSTEM|OK|craft swatch is at least 110x110
UI_SYSTEM|OK|craft swatch is at least 110x110
UI_SYSTEM|OK|craft swatch is at least 110x110
UI_SYSTEM|OK|craft swatch is at least 110x110
UI_SYSTEM|OK|craft swatch is at least 110x110
UI_SYSTEM|OK|craft swatch is at least 110x110
UI_SYSTEM|OK|the same upper-left control becomes Back inside craft
UI_SYSTEM|OK|global Back closes craft through its existing safe teardown
Loading resource: res://assets/audio/voices/filler_v1/roshan_castle_logo_open.ogg remapped: res://assets/audio/voices/filler_v1/roshan_castle_logo_open.ogg
Loading resource: res://.godot/imported/roshan_castle_logo_open.ogg-b8505ee0c77cd9ea41e1bd25af6a9040.oggvorbisstr remapped: res://.godot/imported/roshan_castle_logo_open.ogg-b8505ee0c77cd9ea41e1bd25af6a9040.oggvorbisstr
Completed load for: 'res://assets/audio/voices/filler_v1/roshan_castle_logo_open.ogg' remapped 'res://assets/audio/voices/filler_v1/roshan_castle_logo_open.ogg' at thread -1
UI_SYSTEM|OK|castle logo uses only global Back
UI_SYSTEM|OK|castle logo finish is a 150px-class primary action
UI_SYSTEM|OK|castle logo offers five solid paints plus rainbow
UI_SYSTEM|OK|castle logo offers eight child-readable picture marks
UI_SYSTEM|OK|castle logo has a live emblem preview in the shared shell frame
UI_SYSTEM|OK|castle logo paint is at least 110x110
UI_SYSTEM|OK|castle logo paint is at least 110x110
UI_SYSTEM|OK|castle logo paint is at least 110x110
UI_SYSTEM|OK|castle logo paint is at least 110x110
UI_SYSTEM|OK|castle logo paint is at least 110x110
UI_SYSTEM|OK|castle logo paint is at least 110x110
Loading resource: res://assets/characters/roshan_25d/roshan_base.png remapped: res://assets/characters/roshan_25d/roshan_base.png
Loading resource: res://.godot/imported/roshan_base.png-9c456388e4a5ef13b9331f23ea18de99.s3tc.ctex remapped: res://.godot/imported/roshan_base.png-9c456388e4a5ef13b9331f23ea18de99.s3tc.ctex
Completed load for: 'res://assets/characters/roshan_25d/roshan_base.png' remapped 'res://assets/characters/roshan_25d/roshan_base.png' at thread -1
Loading resource: res://assets/characters/skins/fairy_mermaid.png remapped: res://assets/characters/skins/fairy_mermaid.png
Loading resource: res://.godot/imported/fairy_mermaid.png-8feede5a1576f4428883f409d154a852.ctex remapped: res://.godot/imported/fairy_mermaid.png-8feede5a1576f4428883f409d154a852.ctex
Completed load for: 'res://assets/characters/skins/fairy_mermaid.png' remapped 'res://assets/characters/skins/fairy_mermaid.png' at thread -1
Loading resource: res://assets/characters/friends/huluu.png remapped: res://assets/characters/friends/huluu.png
Loading resource: res://.godot/imported/huluu.png-6fee73331b3d0600210812844b67ef58.ctex remapped: res://.godot/imported/huluu.png-6fee73331b3d0600210812844b67ef58.ctex
Completed load for: 'res://assets/characters/friends/huluu.png' remapped 'res://assets/characters/friends/huluu.png' at thread -1
UI_SYSTEM|OK|wardrobe uses only global Back
UI_SYSTEM|OK|wardrobe finish is thumb-sized
UI_SYSTEM|OK|wardrobe carries the shared shell-and-pearl frame
UI_SYSTEM|OK|wardrobe choices are backed by three existing character previews
Loading resource: res://assets/audio/ui_tap.ogg remapped: res://assets/audio/ui_tap.ogg
Loading resource: res://.godot/imported/ui_tap.ogg-69c2ac5ecadd43b76c4c4a8a3018f9bd.oggvorbisstr remapped: res://.godot/imported/ui_tap.ogg-69c2ac5ecadd43b76c4c4a8a3018f9bd.oggvorbisstr
Completed load for: 'res://assets/audio/ui_tap.ogg' remapped 'res://assets/audio/ui_tap.ogg' at thread -1
UI_SYSTEM|OK|real look pick refreshes the preview, selection, skin, and twirl
UI_SYSTEM|OK|look pick shows one 14-element burst centred on the preview
UI_SYSTEM|OK|look pick adds no off-overlay particle request
UI_SYSTEM|OK|rapid look pick replaces the prior burst without overdraw growth
UI_SYSTEM|OK|wardrobe close frees feedback nodes and stops its tween
Loading resource: res://assets/characters/roshan_25d/roshan_base.png remapped: res://assets/characters/roshan_25d/roshan_base.png
Loading resource: res://.godot/imported/roshan_base.png-9c456388e4a5ef13b9331f23ea18de99.s3tc.ctex remapped: res://.godot/imported/roshan_base.png-9c456388e4a5ef13b9331f23ea18de99.s3tc.ctex
Completed load for: 'res://assets/characters/roshan_25d/roshan_base.png' remapped 'res://assets/characters/roshan_25d/roshan_base.png' at thread -1
Loading resource: res://assets/characters/skins/fairy_mermaid.png remapped: res://assets/characters/skins/fairy_mermaid.png
Loading resource: res://.godot/imported/fairy_mermaid.png-8feede5a1576f4428883f409d154a852.ctex remapped: res://.godot/imported/fairy_mermaid.png-8feede5a1576f4428883f409d154a852.ctex
Completed load for: 'res://assets/characters/skins/fairy_mermaid.png' remapped 'res://assets/characters/skins/fairy_mermaid.png' at thread -1
UI_SYSTEM|OK|wardrobe re-entry starts with a clean feedback layer
UI_SYSTEM|OK|sticker book uses only global Back
UI_SYSTEM|OK|sticker book carries the shared shell crest
Loading resource: res://assets/audio/voices/filler_v1/roshan_collection_book_open.ogg remapped: res://assets/audio/voices/filler_v1/roshan_collection_book_open.ogg
Loading resource: res://.godot/imported/roshan_collection_book_open.ogg-7ca7129ee7cb5269ce9ff97d9eb6cc58.oggvorbisstr remapped: res://.godot/imported/roshan_collection_book_open.ogg-7ca7129ee7cb5269ce9ff97d9eb6cc58.oggvorbisstr
Completed load for: 'res://assets/audio/voices/filler_v1/roshan_collection_book_open.ogg' remapped 'res://assets/audio/voices/filler_v1/roshan_collection_book_open.ogg' at thread -1
UI_SYSTEM|OK|Critter Book uses only global Back
UI_SYSTEM|OK|critter book carries the shared shell crest
Loading resource: res://assets/characters/companions/baby_eagle.png remapped: res://assets/characters/companions/baby_eagle.png
Loading resource: res://.godot/imported/baby_eagle.png-69b231a455bd50c92dac4162828ca74e.ctex remapped: res://.godot/imported/baby_eagle.png-69b231a455bd50c92dac4162828ca74e.ctex
Completed load for: 'res://assets/characters/companions/baby_eagle.png' remapped 'res://assets/characters/companions/baby_eagle.png' at thread -1
Loading resource: res://assets/mg/cat_accent.png remapped: res://assets/mg/cat_accent.png
Loading resource: res://.godot/imported/cat_accent.png-0514273a5c2b411729b24798e1766c7c.ctex remapped: res://.godot/imported/cat_accent.png-0514273a5c2b411729b24798e1766c7c.ctex
Completed load for: 'res://assets/mg/cat_accent.png' remapped 'res://assets/mg/cat_accent.png' at thread -1
Loading resource: res://assets/mg/cat_body.png remapped: res://assets/mg/cat_body.png
Loading resource: res://.godot/imported/cat_body.png-56140eaaaf2fd999ece18ea6dfab4fbc.ctex remapped: res://.godot/imported/cat_body.png-56140eaaaf2fd999ece18ea6dfab4fbc.ctex
Completed load for: 'res://assets/mg/cat_body.png' remapped 'res://assets/mg/cat_body.png' at thread -1
Loading resource: res://assets/mg/cat_line.png remapped: res://assets/mg/cat_line.png
Loading resource: res://.godot/imported/cat_line.png-e2468fdaa9b2e4701906124a3a1054d6.s3tc.ctex remapped: res://.godot/imported/cat_line.png-e2468fdaa9b2e4701906124a3a1054d6.s3tc.ctex
Completed load for: 'res://assets/mg/cat_line.png' remapped 'res://assets/mg/cat_line.png' at thread -1
UI_SYSTEM|OK|stuffie picker uses only global Back
UI_SYSTEM|OK|stuffie picker has three picture part selectors
UI_SYSTEM|OK|stuffie picker shows one palette at a time
UI_SYSTEM|OK|stuffie swatch is at least 110x110
UI_SYSTEM|OK|stuffie swatch is at least 110x110
UI_SYSTEM|OK|stuffie swatch is at least 110x110
UI_SYSTEM|OK|stuffie swatch is at least 110x110
UI_SYSTEM|OK|stuffie swatch is at least 110x110
UI_SYSTEM|OK|stuffie swatch is at least 110x110
UI_SYSTEM|OK|stuffie swatch is at least 110x110
UI_SYSTEM|OK|stuffie swatch is at least 110x110
UI_SYSTEM|OK|stuffie care has no persistent launcher
UI_SYSTEM|OK|Critter Book has no persistent launcher
UI_SYSTEM|OK|care sheet uses only global Back
UI_SYSTEM|OK|Tamagotchi sheet has a thumb-sized friend switch
UI_SYSTEM|OK|Tamagotchi sheet carries the shared shell-and-pearl treatment
UI_SYSTEM|OK|Tamagotchi sheet shows hearts toward the next growth star
UI_SYSTEM|OK|Tamagotchi sheet exposes five picture care actions
UI_SYSTEM|OK|Tamagotchi care action is at least 110x110
UI_SYSTEM|OK|Tamagotchi care action is at least 110x110
UI_SYSTEM|OK|Tamagotchi care action is at least 110x110
UI_SYSTEM|OK|Tamagotchi care action is at least 110x110
UI_SYSTEM|OK|Tamagotchi care action is at least 110x110
Loading resource: res://assets/audio/ambience_lagoon.ogg remapped: res://assets/audio/ambience_lagoon.ogg
Loading resource: res://.godot/imported/ambience_lagoon.ogg-ae488c5c49780dd6b99e4d26aa81385b.oggvorbisstr remapped: res://.godot/imported/ambience_lagoon.ogg-ae488c5c49780dd6b99e4d26aa81385b.oggvorbisstr
Completed load for: 'res://assets/audio/ambience_lagoon.ogg' remapped 'res://assets/audio/ambience_lagoon.ogg' at thread -1
Loading resource: res://assets/audio/music/picture_garden.ogg remapped: res://assets/audio/music/picture_garden.ogg
Loading resource: res://.godot/imported/picture_garden.ogg-db6eb04694cce191ea6a7230500c75f3.oggvorbisstr remapped: res://.godot/imported/picture_garden.ogg-db6eb04694cce191ea6a7230500c75f3.oggvorbisstr
Completed load for: 'res://assets/audio/music/picture_garden.ogg' remapped 'res://assets/audio/music/picture_garden.ogg' at thread -1
Loading resource: res://assets/mg/seed.png remapped: res://assets/mg/seed.png
Loading resource: res://.godot/imported/seed.png-5a72e466719384605d0cd9a0fb90a3fe.ctex remapped: res://.godot/imported/seed.png-5a72e466719384605d0cd9a0fb90a3fe.ctex
Completed load for: 'res://assets/mg/seed.png' remapped 'res://assets/mg/seed.png' at thread -1
Loading resource: res://assets/characters/roshan_25d/roshan_base.png remapped: res://assets/characters/roshan_25d/roshan_base.png
Loading resource: res://.godot/imported/roshan_base.png-9c456388e4a5ef13b9331f23ea18de99.s3tc.ctex remapped: res://.godot/imported/roshan_base.png-9c456388e4a5ef13b9331f23ea18de99.s3tc.ctex
Completed load for: 'res://assets/characters/roshan_25d/roshan_base.png' remapped 'res://assets/characters/roshan_25d/roshan_base.png' at thread -1
Loading resource: res://assets/mg/wateringcan.png remapped: res://assets/mg/wateringcan.png
Loading resource: res://.godot/imported/wateringcan.png-39b931ba5714b2bb4ec6917440d11b1b.ctex remapped: res://.godot/imported/wateringcan.png-39b931ba5714b2bb4ec6917440d11b1b.ctex
Completed load for: 'res://assets/mg/wateringcan.png' remapped 'res://assets/mg/wateringcan.png' at thread -1
Loading resource: res://assets/mg/butterfly.png remapped: res://assets/mg/butterfly.png
Loading resource: res://.godot/imported/butterfly.png-11813926eb2601914d6a88532c824a84.ctex remapped: res://.godot/imported/butterfly.png-11813926eb2601914d6a88532c824a84.ctex
Completed load for: 'res://assets/mg/butterfly.png' remapped 'res://assets/mg/butterfly.png' at thread -1
UI_SYSTEM|OK|picture game uses only global Back
UI_SYSTEM|OK|picture games carry the shared Storybook shell header
Loading resource: res://assets/audio/ambience_reef.ogg remapped: res://assets/audio/ambience_reef.ogg
Loading resource: res://.godot/imported/ambience_reef.ogg-30031e4868dd5f41925c6b3f42f0f9b1.oggvorbisstr remapped: res://.godot/imported/ambience_reef.ogg-30031e4868dd5f41925c6b3f42f0f9b1.oggvorbisstr
Completed load for: 'res://assets/audio/ambience_reef.ogg' remapped 'res://assets/audio/ambience_reef.ogg' at thread -1
Loading resource: res://assets/audio/music/world.ogg remapped: res://assets/audio/music/world.ogg
Loading resource: res://.godot/imported/world.ogg-bfec9819aa7fa229c0057fe76832cfa3.oggvorbisstr remapped: res://.godot/imported/world.ogg-bfec9819aa7fa229c0057fe76832cfa3.oggvorbisstr
Completed load for: 'res://assets/audio/music/world.ogg' remapped 'res://assets/audio/music/world.ogg' at thread -1
UI_SYSTEM|RESULT|ALL OK
XR: Clearing primary interface
XR: Removed interface "Native mobile"
XR: Removed interface "OpenXR"
