WorkerThreadPool: 12 threads, 3 max low-priority.
Godot Engine v4.7.2.stable.official.ed1daf0bf - https://godotengine.org
TextServer: Added interface "Dummy"
TextServer: Added interface "ICU / HarfBuzz / Graphite (Built-in)"
Using "default" pen tablet driver...

TextServer: Primary interface set to: "ICU / HarfBuzz / Graphite (Built-in)".
Loading resource: res://default_bus_layout.tres remapped: res://default_bus_layout.tres
Completed load for: 'res://default_bus_layout.tres' remapped 'res://default_bus_layout.tres' at thread -1
CORE API HASH: 2004498165
EDITOR API HASH: 1696660745
Loading resource: res://scripts/probe_castle_door_language.gd remapped: res://scripts/probe_castle_door_language.gd
Completed load for: 'res://scripts/probe_castle_door_language.gd' remapped 'res://scripts/probe_castle_door_language.gd' at thread -1
SceneTreeFTI: traversal method DEFAULT
Loaded system CA certificates
DOORLANGUAGE|OK|one highlight while bubble_bath is current
DOORLANGUAGE|OK|bubble_bath is the sole rainbow plot door
DOORLANGUAGE|OK|mermaid_pool stays fog blocked
DOORLANGUAGE|OK|playroom stays fog blocked
DOORLANGUAGE|OK|craft_room stays fog blocked
DOORLANGUAGE|OK|one highlight while mermaid_pool is current
DOORLANGUAGE|OK|mermaid_pool is the sole rainbow plot door
DOORLANGUAGE|OK|bubble_bath stays quiet open
DOORLANGUAGE|OK|playroom stays fog blocked
DOORLANGUAGE|OK|craft_room stays fog blocked
DOORLANGUAGE|OK|one highlight while playroom is current
DOORLANGUAGE|OK|playroom is the sole rainbow plot door
DOORLANGUAGE|OK|bubble_bath stays quiet open
DOORLANGUAGE|OK|mermaid_pool stays quiet open
DOORLANGUAGE|OK|craft_room stays fog blocked
DOORLANGUAGE|OK|one highlight while craft_room is current
DOORLANGUAGE|OK|craft_room is the sole rainbow plot door
DOORLANGUAGE|OK|bubble_bath stays quiet open
DOORLANGUAGE|OK|mermaid_pool stays quiet open
DOORLANGUAGE|OK|playroom stays quiet open
DOORLANGUAGE|OK|Baby Eagle rescue is plot, never bonus
DOORLANGUAGE|OK|unrelated early rooms stay blocked
DOORLANGUAGE|OK|boss handoff has one highlight
DOORLANGUAGE|OK|Royal Hall becomes the sole plot door after four rooms
DOORLANGUAGE|OK|bubble_bath remains open at boss handoff
DOORLANGUAGE|OK|mermaid_pool remains open at boss handoff
DOORLANGUAGE|OK|playroom remains open at boss handoff
DOORLANGUAGE|OK|craft_room remains open at boss handoff
DOORLANGUAGE|OK|optional arbitration still permits only one red highlight
DOORLANGUAGE|OK|bonus cue is a slow red pulse
DOORLANGUAGE|OK|plot cue remains slower and restrained
DOORLANGUAGE|OK|unknown direct routes fail closed
DOORLANGUAGE|OK|blocked state cannot travel
DOORLANGUAGE|OK|open and highlighted states can travel
DOORLANGUAGE|OK|plot cue is visible and input-transparent
DOORLANGUAGE|OK|real plot cue survives process frame 0
DOORLANGUAGE|OK|real plot cue survives process frame 1
DOORLANGUAGE|OK|real plot cue survives process frame 2
DOORLANGUAGE|OK|real plot cue survives process frame 3
DOORLANGUAGE|OK|real plot cue survives process frame 4
DOORLANGUAGE|OK|real plot cue survives process frame 5
DOORLANGUAGE|OK|story attention pulse never expires the real plot state
DOORLANGUAGE|OK|unified cue has no legacy keyhole child
DOORLANGUAGE|OK|blocked fog cue owns local feedback
DOORLANGUAGE|OK|repeated blocked feedback cannot advertise plot 0
DOORLANGUAGE|OK|repeated blocked feedback cannot advertise plot 1
DOORLANGUAGE|OK|repeated blocked feedback cannot advertise plot 2
DOORLANGUAGE|OK|newly unlocked plot survives earlier blocked feedback
DOORLANGUAGE|OK|ordinary open has no cue
DOORLANGUAGE|ALL OK
XR: Clearing primary interface
XR: Removed interface "Native mobile"
XR: Removed interface "OpenXR"
