WorkerThreadPool: 12 threads, 3 max low-priority.
Godot Engine v4.7.2.stable.official.ed1daf0bf - https://godotengine.org
TextServer: Added interface "Dummy"
TextServer: Added interface "ICU / HarfBuzz / Graphite (Built-in)"
Using "default" pen tablet driver...

TextServer: Primary interface set to: "ICU / HarfBuzz / Graphite (Built-in)".
Loading resource: res://default_bus_layout.tres remapped: res://default_bus_layout.tres
Completed load for: 'res://default_bus_layout.tres' remapped 'res://default_bus_layout.tres' at thread -1
CORE API HASH: 2004498165
EDITOR API HASH: 1696660745
Loading resource: res://scripts/probe_voice.gd remapped: res://scripts/probe_voice.gd
Loading resource: res://shaders/castle_fixture_bloom.gdshader remapped: res://shaders/castle_fixture_bloom.gdshader
Completed load for: 'res://shaders/castle_fixture_bloom.gdshader' remapped 'res://shaders/castle_fixture_bloom.gdshader' at thread -1
Loading resource: res://assets/characters/roshan_25d/roshan_directional.png remapped: res://assets/characters/roshan_25d/roshan_directional.png
Loading resource: res://.godot/imported/roshan_directional.png-d625ae71ef68ca7b79f00f48e0d76cbb.s3tc.ctex remapped: res://.godot/imported/roshan_directional.png-d625ae71ef68ca7b79f00f48e0d76cbb.s3tc.ctex
Completed load for: 'res://assets/characters/roshan_25d/roshan_directional.png' remapped 'res://assets/characters/roshan_25d/roshan_directional.png' at thread -1
Loading resource: res://assets/characters/roshan_25d/roshan_swim_front.png remapped: res://assets/characters/roshan_25d/roshan_swim_front.png
Loading resource: res://.godot/imported/roshan_swim_front.png-42175e9e171cd7007cff3a9ae801e389.s3tc.ctex remapped: res://.godot/imported/roshan_swim_front.png-42175e9e171cd7007cff3a9ae801e389.s3tc.ctex
Completed load for: 'res://assets/characters/roshan_25d/roshan_swim_front.png' remapped 'res://assets/characters/roshan_25d/roshan_swim_front.png' at thread -1
Loading resource: res://assets/characters/roshan_25d/roshan_swim_back.png remapped: res://assets/characters/roshan_25d/roshan_swim_back.png
Loading resource: res://.godot/imported/roshan_swim_back.png-e93afa07bbddede1e856e92c5cdc462a.s3tc.ctex remapped: res://.godot/imported/roshan_swim_back.png-e93afa07bbddede1e856e92c5cdc462a.s3tc.ctex
Completed load for: 'res://assets/characters/roshan_25d/roshan_swim_back.png' remapped 'res://assets/characters/roshan_25d/roshan_swim_back.png' at thread -1
Loading resource: res://assets/flats/castle/rooms/room_actor_shadow.png remapped: res://assets/flats/castle/rooms/room_actor_shadow.png
Loading resource: res://.godot/imported/room_actor_shadow.png-f1d04727dc138f663653a3117bb0a06a.s3tc.ctex remapped: res://.godot/imported/room_actor_shadow.png-f1d04727dc138f663653a3117bb0a06a.s3tc.ctex
Completed load for: 'res://assets/flats/castle/rooms/room_actor_shadow.png' remapped 'res://assets/flats/castle/rooms/room_actor_shadow.png' at thread -1
Loading resource: res://assets/castle/dirty_cleanup_2d/effects/fx_soap_bubbles.png remapped: res://assets/castle/dirty_cleanup_2d/effects/fx_soap_bubbles.png
Loading resource: res://.godot/imported/fx_soap_bubbles.png-8f04cce33abb3c3312d7afe57e1021e1.ctex remapped: res://.godot/imported/fx_soap_bubbles.png-8f04cce33abb3c3312d7afe57e1021e1.ctex
Completed load for: 'res://assets/castle/dirty_cleanup_2d/effects/fx_soap_bubbles.png' remapped 'res://assets/castle/dirty_cleanup_2d/effects/fx_soap_bubbles.png' at thread -1
Loading resource: res://assets/shaders/castle_fixture_water.gdshader remapped: res://assets/shaders/castle_fixture_water.gdshader
Completed load for: 'res://assets/shaders/castle_fixture_water.gdshader' remapped 'res://assets/shaders/castle_fixture_water.gdshader' at thread -1
Loading resource: res://assets/terrain/up_water_nrm.jpg remapped: res://assets/terrain/up_water_nrm.jpg
Loading resource: res://.godot/imported/up_water_nrm.jpg-17f81a1afbb895061d198f7cd6fac5ca.ctex remapped: res://.godot/imported/up_water_nrm.jpg-17f81a1afbb895061d198f7cd6fac5ca.ctex
Completed load for: 'res://assets/terrain/up_water_nrm.jpg' remapped 'res://assets/terrain/up_water_nrm.jpg' at thread -1
Loading resource: res://assets/terrain/caustics.png remapped: res://assets/terrain/caustics.png
Loading resource: res://.godot/imported/caustics.png-3a5cbbf4f913abf47849e57640465f02.s3tc.ctex remapped: res://.godot/imported/caustics.png-3a5cbbf4f913abf47849e57640465f02.s3tc.ctex
Completed load for: 'res://assets/terrain/caustics.png' remapped 'res://assets/terrain/caustics.png' at thread -1
Loading resource: res://assets/sprites/fx_water/fx_water_bubble_burst_atlas.png remapped: res://assets/sprites/fx_water/fx_water_bubble_burst_atlas.png
Loading resource: res://.godot/imported/fx_water_bubble_burst_atlas.png-6756054a8ce0da3a133c2d2926db3fe9.s3tc.ctex remapped: res://.godot/imported/fx_water_bubble_burst_atlas.png-6756054a8ce0da3a133c2d2926db3fe9.s3tc.ctex
Completed load for: 'res://assets/sprites/fx_water/fx_water_bubble_burst_atlas.png' remapped 'res://assets/sprites/fx_water/fx_water_bubble_burst_atlas.png' at thread -1
Loading resource: res://assets/sprites/fx_water/fx_water_splash_medium_atlas.png remapped: res://assets/sprites/fx_water/fx_water_splash_medium_atlas.png
Loading resource: res://.godot/imported/fx_water_splash_medium_atlas.png-e51a9350ed55a41c49ea3d00f22151f4.s3tc.ctex remapped: res://.godot/imported/fx_water_splash_medium_atlas.png-e51a9350ed55a41c49ea3d00f22151f4.s3tc.ctex
Completed load for: 'res://assets/sprites/fx_water/fx_water_splash_medium_atlas.png' remapped 'res://assets/sprites/fx_water/fx_water_splash_medium_atlas.png' at thread -1
Loading resource: res://assets/flats/castle/logo_studio_v2/castle_banner_pink.png remapped: res://assets/flats/castle/logo_studio_v2/castle_banner_pink.png
Loading resource: res://.godot/imported/castle_banner_pink.png-1f07d5f169916030a25ffc843a00a097.ctex remapped: res://.godot/imported/castle_banner_pink.png-1f07d5f169916030a25ffc843a00a097.ctex
Completed load for: 'res://assets/flats/castle/logo_studio_v2/castle_banner_pink.png' remapped 'res://assets/flats/castle/logo_studio_v2/castle_banner_pink.png' at thread -1
Loading resource: res://assets/flats/castle/logo_studio_v2/castle_banner_gold.png remapped: res://assets/flats/castle/logo_studio_v2/castle_banner_gold.png
Loading resource: res://.godot/imported/castle_banner_gold.png-5442446e7bc3ba706d422fcbb4922333.ctex remapped: res://.godot/imported/castle_banner_gold.png-5442446e7bc3ba706d422fcbb4922333.ctex
Completed load for: 'res://assets/flats/castle/logo_studio_v2/castle_banner_gold.png' remapped 'res://assets/flats/castle/logo_studio_v2/castle_banner_gold.png' at thread -1
Loading resource: res://assets/flats/castle/logo_studio_v2/castle_banner_mint.png remapped: res://assets/flats/castle/logo_studio_v2/castle_banner_mint.png
Loading resource: res://.godot/imported/castle_banner_mint.png-1bd0912452535d09563f5821ab572aa1.ctex remapped: res://.godot/imported/castle_banner_mint.png-1bd0912452535d09563f5821ab572aa1.ctex
Completed load for: 'res://assets/flats/castle/logo_studio_v2/castle_banner_mint.png' remapped 'res://assets/flats/castle/logo_studio_v2/castle_banner_mint.png' at thread -1
Loading resource: res://assets/flats/castle/logo_studio_v2/castle_banner_ocean.png remapped: res://assets/flats/castle/logo_studio_v2/castle_banner_ocean.png
Loading resource: res://.godot/imported/castle_banner_ocean.png-b4870497f6aa7ef8fd0fa9b03a7817e1.ctex remapped: res://.godot/imported/castle_banner_ocean.png-b4870497f6aa7ef8fd0fa9b03a7817e1.ctex
Completed load for: 'res://assets/flats/castle/logo_studio_v2/castle_banner_ocean.png' remapped 'res://assets/flats/castle/logo_studio_v2/castle_banner_ocean.png' at thread -1
Loading resource: res://assets/flats/castle/logo_studio_v2/castle_banner_purple.png remapped: res://assets/flats/castle/logo_studio_v2/castle_banner_purple.png
Loading resource: res://.godot/imported/castle_banner_purple.png-a711c2ef7be4134e857e2b0804f886f4.ctex remapped: res://.godot/imported/castle_banner_purple.png-a711c2ef7be4134e857e2b0804f886f4.ctex
Completed load for: 'res://assets/flats/castle/logo_studio_v2/castle_banner_purple.png' remapped 'res://assets/flats/castle/logo_studio_v2/castle_banner_purple.png' at thread -1
Loading resource: res://assets/flats/castle/logo_studio_v2/castle_banner_rainbow.png remapped: res://assets/flats/castle/logo_studio_v2/castle_banner_rainbow.png
Loading resource: res://.godot/imported/castle_banner_rainbow.png-51987bbcab3d63a5e6b8856c39d3e1f5.ctex remapped: res://.godot/imported/castle_banner_rainbow.png-51987bbcab3d63a5e6b8856c39d3e1f5.ctex
Completed load for: 'res://assets/flats/castle/logo_studio_v2/castle_banner_rainbow.png' remapped 'res://assets/flats/castle/logo_studio_v2/castle_banner_rainbow.png' at thread -1
Loading resource: res://assets/flats/castle/logo_studio_v2/castle_banner_motif_rainbow.png remapped: res://assets/flats/castle/logo_studio_v2/castle_banner_motif_rainbow.png
Loading resource: res://.godot/imported/castle_banner_motif_rainbow.png-7d37c39c57d9145c1662a600706a0215.ctex remapped: res://.godot/imported/castle_banner_motif_rainbow.png-7d37c39c57d9145c1662a600706a0215.ctex
Completed load for: 'res://assets/flats/castle/logo_studio_v2/castle_banner_motif_rainbow.png' remapped 'res://assets/flats/castle/logo_studio_v2/castle_banner_motif_rainbow.png' at thread -1
Loading resource: res://assets/flats/castle/logo_studio_v2/castle_banner_motif_shell.png remapped: res://assets/flats/castle/logo_studio_v2/castle_banner_motif_shell.png
Loading resource: res://.godot/imported/castle_banner_motif_shell.png-2ded8f0554ad78cbf31ed04692a2e95a.ctex remapped: res://.godot/imported/castle_banner_motif_shell.png-2ded8f0554ad78cbf31ed04692a2e95a.ctex
Completed load for: 'res://assets/flats/castle/logo_studio_v2/castle_banner_motif_shell.png' remapped 'res://assets/flats/castle/logo_studio_v2/castle_banner_motif_shell.png' at thread -1
Loading resource: res://assets/flats/castle/logo_studio_v2/castle_banner_motif_kitty.png remapped: res://assets/flats/castle/logo_studio_v2/castle_banner_motif_kitty.png
Loading resource: res://.godot/imported/castle_banner_motif_kitty.png-476ecb445ef20b8f0ee562bf74ffc1f3.ctex remapped: res://.godot/imported/castle_banner_motif_kitty.png-476ecb445ef20b8f0ee562bf74ffc1f3.ctex
Completed load for: 'res://assets/flats/castle/logo_studio_v2/castle_banner_motif_kitty.png' remapped 'res://assets/flats/castle/logo_studio_v2/castle_banner_motif_kitty.png' at thread -1
Loading resource: res://assets/flats/castle/logo_studio_v2/castle_banner_motif_dog.png remapped: res://assets/flats/castle/logo_studio_v2/castle_banner_motif_dog.png
Loading resource: res://.godot/imported/castle_banner_motif_dog.png-f60e00a475feefbed7e6b7b03314b4e3.ctex remapped: res://.godot/imported/castle_banner_motif_dog.png-f60e00a475feefbed7e6b7b03314b4e3.ctex
Completed load for: 'res://assets/flats/castle/logo_studio_v2/castle_banner_motif_dog.png' remapped 'res://assets/flats/castle/logo_studio_v2/castle_banner_motif_dog.png' at thread -1
Loading resource: res://assets/flats/castle/logo_studio_v2/castle_banner_motif_star.png remapped: res://assets/flats/castle/logo_studio_v2/castle_banner_motif_star.png
Loading resource: res://.godot/imported/castle_banner_motif_star.png-c2920063905028bbe428c242038dc858.ctex remapped: res://.godot/imported/castle_banner_motif_star.png-c2920063905028bbe428c242038dc858.ctex
Completed load for: 'res://assets/flats/castle/logo_studio_v2/castle_banner_motif_star.png' remapped 'res://assets/flats/castle/logo_studio_v2/castle_banner_motif_star.png' at thread -1
Loading resource: res://assets/flats/castle/logo_studio_v2/castle_banner_motif_heart.png remapped: res://assets/flats/castle/logo_studio_v2/castle_banner_motif_heart.png
Loading resource: res://.godot/imported/castle_banner_motif_heart.png-1e2c41e7d0fee88319aa5e07bebb840c.ctex remapped: res://.godot/imported/castle_banner_motif_heart.png-1e2c41e7d0fee88319aa5e07bebb840c.ctex
Completed load for: 'res://assets/flats/castle/logo_studio_v2/castle_banner_motif_heart.png' remapped 'res://assets/flats/castle/logo_studio_v2/castle_banner_motif_heart.png' at thread -1
Loading resource: res://assets/flats/castle/logo_studio_v2/castle_banner_motif_crown.png remapped: res://assets/flats/castle/logo_studio_v2/castle_banner_motif_crown.png
Loading resource: res://.godot/imported/castle_banner_motif_crown.png-a6e77f1d9ed0122ac2aa4567a6832a08.ctex remapped: res://.godot/imported/castle_banner_motif_crown.png-a6e77f1d9ed0122ac2aa4567a6832a08.ctex
Completed load for: 'res://assets/flats/castle/logo_studio_v2/castle_banner_motif_crown.png' remapped 'res://assets/flats/castle/logo_studio_v2/castle_banner_motif_crown.png' at thread -1
Loading resource: res://assets/flats/castle/logo_studio_v2/castle_banner_motif_butterfly.png remapped: res://assets/flats/castle/logo_studio_v2/castle_banner_motif_butterfly.png
Loading resource: res://.godot/imported/castle_banner_motif_butterfly.png-862a1cf8dacc6daab2058d435ea0ad5f.ctex remapped: res://.godot/imported/castle_banner_motif_butterfly.png-862a1cf8dacc6daab2058d435ea0ad5f.ctex
Completed load for: 'res://assets/flats/castle/logo_studio_v2/castle_banner_motif_butterfly.png' remapped 'res://assets/flats/castle/logo_studio_v2/castle_banner_motif_butterfly.png' at thread -1
Loading resource: res://assets/castle/training/ghost_hand.png remapped: res://assets/castle/training/ghost_hand.png
Loading resource: res://.godot/imported/ghost_hand.png-1de3e3644c9a46e5892c5a8fa86dad01.ctex remapped: res://.godot/imported/ghost_hand.png-1de3e3644c9a46e5892c5a8fa86dad01.ctex
Completed load for: 'res://assets/castle/training/ghost_hand.png' remapped 'res://assets/castle/training/ghost_hand.png' at thread -1
Loading resource: res://assets/ui/boot_splash_mermaid_roshan.png remapped: res://assets/ui/boot_splash_mermaid_roshan.png
Loading resource: res://.godot/imported/boot_splash_mermaid_roshan.png-b4f76f82b4095448b9258c74830dd0bf.ctex remapped: res://.godot/imported/boot_splash_mermaid_roshan.png-b4f76f82b4095448b9258c74830dd0bf.ctex
Completed load for: 'res://assets/ui/boot_splash_mermaid_roshan.png' remapped 'res://assets/ui/boot_splash_mermaid_roshan.png' at thread -1
Loading resource: res://assets/castle/day_one_art_studio/magic_cleaning_brush.png remapped: res://assets/castle/day_one_art_studio/magic_cleaning_brush.png
Loading resource: res://.godot/imported/magic_cleaning_brush.png-9aab3d5c1cf900b3b09e19eacb3d842d.ctex remapped: res://.godot/imported/magic_cleaning_brush.png-9aab3d5c1cf900b3b09e19eacb3d842d.ctex
Completed load for: 'res://assets/castle/day_one_art_studio/magic_cleaning_brush.png' remapped 'res://assets/castle/day_one_art_studio/magic_cleaning_brush.png' at thread -1
Loading resource: res://assets/castle/day_one_art_studio/loose_brush_bundle.png remapped: res://assets/castle/day_one_art_studio/loose_brush_bundle.png
Loading resource: res://.godot/imported/loose_brush_bundle.png-864136367585f2d9d14d7d1e8b20b7c8.ctex remapped: res://.godot/imported/loose_brush_bundle.png-864136367585f2d9d14d7d1e8b20b7c8.ctex
Completed load for: 'res://assets/castle/day_one_art_studio/loose_brush_bundle.png' remapped 'res://assets/castle/day_one_art_studio/loose_brush_bundle.png' at thread -1
Loading resource: res://assets/castle/day_one_art_studio/paint_bottle_pink.png remapped: res://assets/castle/day_one_art_studio/paint_bottle_pink.png
Loading resource: res://.godot/imported/paint_bottle_pink.png-c543c4d9f1f567c443e165a9fa714da8.ctex remapped: res://.godot/imported/paint_bottle_pink.png-c543c4d9f1f567c443e165a9fa714da8.ctex
Completed load for: 'res://assets/castle/day_one_art_studio/paint_bottle_pink.png' remapped 'res://assets/castle/day_one_art_studio/paint_bottle_pink.png' at thread -1
Loading resource: res://assets/castle/day_one_art_studio/paint_bottle_blue.png remapped: res://assets/castle/day_one_art_studio/paint_bottle_blue.png
Loading resource: res://.godot/imported/paint_bottle_blue.png-5095790b8453a9b3e2ea954bc927e605.ctex remapped: res://.godot/imported/paint_bottle_blue.png-5095790b8453a9b3e2ea954bc927e605.ctex
Completed load for: 'res://assets/castle/day_one_art_studio/paint_bottle_blue.png' remapped 'res://assets/castle/day_one_art_studio/paint_bottle_blue.png' at thread -1
Loading resource: res://assets/castle/day_one_art_studio/paint_cups.png remapped: res://assets/castle/day_one_art_studio/paint_cups.png
Loading resource: res://.godot/imported/paint_cups.png-100570cd9a806d4462c301ca08769707.ctex remapped: res://.godot/imported/paint_cups.png-100570cd9a806d4462c301ca08769707.ctex
Completed load for: 'res://assets/castle/day_one_art_studio/paint_cups.png' remapped 'res://assets/castle/day_one_art_studio/paint_cups.png' at thread -1
Loading resource: res://assets/castle/day_one_art_studio/grime_left.png remapped: res://assets/castle/day_one_art_studio/grime_left.png
Loading resource: res://.godot/imported/grime_left.png-9b85fce9291a82cc7fa602186defdc14.ctex remapped: res://.godot/imported/grime_left.png-9b85fce9291a82cc7fa602186defdc14.ctex
Completed load for: 'res://assets/castle/day_one_art_studio/grime_left.png' remapped 'res://assets/castle/day_one_art_studio/grime_left.png' at thread -1
Loading resource: res://assets/castle/day_one_art_studio/grime_desk.png remapped: res://assets/castle/day_one_art_studio/grime_desk.png
Loading resource: res://.godot/imported/grime_desk.png-38eed6c08bb917d3198d2d948f230b8b.ctex remapped: res://.godot/imported/grime_desk.png-38eed6c08bb917d3198d2d948f230b8b.ctex
Completed load for: 'res://assets/castle/day_one_art_studio/grime_desk.png' remapped 'res://assets/castle/day_one_art_studio/grime_desk.png' at thread -1
Loading resource: res://assets/castle/day_one_art_studio/grime_right.png remapped: res://assets/castle/day_one_art_studio/grime_right.png
Loading resource: res://.godot/imported/grime_right.png-9c83e9c00c88d0942dc2efe0b144a31b.ctex remapped: res://.godot/imported/grime_right.png-9c83e9c00c88d0942dc2efe0b144a31b.ctex
Completed load for: 'res://assets/castle/day_one_art_studio/grime_right.png' remapped 'res://assets/castle/day_one_art_studio/grime_right.png' at thread -1
Loading resource: res://assets/flats/castle/rooms/room_bubble_bath_dirty_day_one.png remapped: res://assets/flats/castle/rooms/room_bubble_bath_dirty_day_one.png
Loading resource: res://.godot/imported/room_bubble_bath_dirty_day_one.png-9e5525828616e0db5b9a3b8b28435c35.ctex remapped: res://.godot/imported/room_bubble_bath_dirty_day_one.png-9e5525828616e0db5b9a3b8b28435c35.ctex
Completed load for: 'res://assets/flats/castle/rooms/room_bubble_bath_dirty_day_one.png' remapped 'res://assets/flats/castle/rooms/room_bubble_bath_dirty_day_one.png' at thread -1
Loading resource: res://assets/flats/castle/rooms/room_bubble_bath_dirty_drained_day_one.png remapped: res://assets/flats/castle/rooms/room_bubble_bath_dirty_drained_day_one.png
Loading resource: res://.godot/imported/room_bubble_bath_dirty_drained_day_one.png-7e8d3b4c3b9d1f29e91ac035a5fb7262.ctex remapped: res://.godot/imported/room_bubble_bath_dirty_drained_day_one.png-7e8d3b4c3b9d1f29e91ac035a5fb7262.ctex
Completed load for: 'res://assets/flats/castle/rooms/room_bubble_bath_dirty_drained_day_one.png' remapped 'res://assets/flats/castle/rooms/room_bubble_bath_dirty_drained_day_one.png' at thread -1
Loading resource: res://assets/flats/castle/rooms/room_bubble_bath.png remapped: res://assets/flats/castle/rooms/room_bubble_bath.png
Loading resource: res://.godot/imported/room_bubble_bath.png-8ee98b24e8364131dc5cfc2232874cd7.ctex remapped: res://.godot/imported/room_bubble_bath.png-8ee98b24e8364131dc5cfc2232874cd7.ctex
Completed load for: 'res://assets/flats/castle/rooms/room_bubble_bath.png' remapped 'res://assets/flats/castle/rooms/room_bubble_bath.png' at thread -1
Loading resource: res://assets/castle/dirty_cleanup_2d/targets/target_sink_grime_v1.png remapped: res://assets/castle/dirty_cleanup_2d/targets/target_sink_grime_v1.png
Loading resource: res://.godot/imported/target_sink_grime_v1.png-5d01aaca3a2b34c04e93afaef486eb50.ctex remapped: res://.godot/imported/target_sink_grime_v1.png-5d01aaca3a2b34c04e93afaef486eb50.ctex
Completed load for: 'res://assets/castle/dirty_cleanup_2d/targets/target_sink_grime_v1.png' remapped 'res://assets/castle/dirty_cleanup_2d/targets/target_sink_grime_v1.png' at thread -1
Loading resource: res://assets/sprites/sky_lagoon/sky_lagoon_castle_four_tower_v4.png remapped: res://assets/sprites/sky_lagoon/sky_lagoon_castle_four_tower_v4.png
Loading resource: res://.godot/imported/sky_lagoon_castle_four_tower_v4.png-3db3791a13b15911d5b711360be9c503.ctex remapped: res://.godot/imported/sky_lagoon_castle_four_tower_v4.png-3db3791a13b15911d5b711360be9c503.ctex
Completed load for: 'res://assets/sprites/sky_lagoon/sky_lagoon_castle_four_tower_v4.png' remapped 'res://assets/sprites/sky_lagoon/sky_lagoon_castle_four_tower_v4.png' at thread -1
Loading resource: res://assets/sprites/sky_lagoon/sky_lagoon_cloud_family_v7_hd_grade.png remapped: res://assets/sprites/sky_lagoon/sky_lagoon_cloud_family_v7_hd_grade.png
Loading resource: res://.godot/imported/sky_lagoon_cloud_family_v7_hd_grade.png-dc0538f7caa6b853334b469234e73a2d.ctex remapped: res://.godot/imported/sky_lagoon_cloud_family_v7_hd_grade.png-dc0538f7caa6b853334b469234e73a2d.ctex
Completed load for: 'res://assets/sprites/sky_lagoon/sky_lagoon_cloud_family_v7_hd_grade.png' remapped 'res://assets/sprites/sky_lagoon/sky_lagoon_cloud_family_v7_hd_grade.png' at thread -1
Loading resource: res://assets/sprites/sky_lagoon/sky_lagoon_cloud_single_v1.png remapped: res://assets/sprites/sky_lagoon/sky_lagoon_cloud_single_v1.png
Loading resource: res://.godot/imported/sky_lagoon_cloud_single_v1.png-b03683c7f3026927cde33f24d92a67e5.ctex remapped: res://.godot/imported/sky_lagoon_cloud_single_v1.png-b03683c7f3026927cde33f24d92a67e5.ctex
Completed load for: 'res://assets/sprites/sky_lagoon/sky_lagoon_cloud_single_v1.png' remapped 'res://assets/sprites/sky_lagoon/sky_lagoon_cloud_single_v1.png' at thread -1
Loading resource: res://assets/ui/castle_room_buttons_v2/room_opera_hall.png remapped: res://assets/ui/castle_room_buttons_v2/room_opera_hall.png
Loading resource: res://.godot/imported/room_opera_hall.png-4be4ecc3703261914b8a9526019262cc.ctex remapped: res://.godot/imported/room_opera_hall.png-4be4ecc3703261914b8a9526019262cc.ctex
Completed load for: 'res://assets/ui/castle_room_buttons_v2/room_opera_hall.png' remapped 'res://assets/ui/castle_room_buttons_v2/room_opera_hall.png' at thread -1
Loading resource: res://assets/ui/castle_room_buttons_v2/room_craft_room.png remapped: res://assets/ui/castle_room_buttons_v2/room_craft_room.png
Loading resource: res://.godot/imported/room_craft_room.png-7dc4a5c01065ce328e731b6b38053da5.ctex remapped: res://.godot/imported/room_craft_room.png-7dc4a5c01065ce328e731b6b38053da5.ctex
Completed load for: 'res://assets/ui/castle_room_buttons_v2/room_craft_room.png' remapped 'res://assets/ui/castle_room_buttons_v2/room_craft_room.png' at thread -1
Loading resource: res://assets/ui/castle_room_buttons_v2/room_kitchen.png remapped: res://assets/ui/castle_room_buttons_v2/room_kitchen.png
Loading resource: res://.godot/imported/room_kitchen.png-61af0fca52cce833210f295107496cf7.ctex remapped: res://.godot/imported/room_kitchen.png-61af0fca52cce833210f295107496cf7.ctex
Completed load for: 'res://assets/ui/castle_room_buttons_v2/room_kitchen.png' remapped 'res://assets/ui/castle_room_buttons_v2/room_kitchen.png' at thread -1
Loading resource: res://assets/mg/sun.png remapped: res://assets/mg/sun.png
Loading resource: res://.godot/imported/sun.png-c8bf9605370f6e02d9b21d685d405f9b.ctex remapped: res://.godot/imported/sun.png-c8bf9605370f6e02d9b21d685d405f9b.ctex
Completed load for: 'res://assets/mg/sun.png' remapped 'res://assets/mg/sun.png' at thread -1
Loading resource: res://assets/props/story/play_swing_frame.png remapped: res://assets/props/story/play_swing_frame.png
Loading resource: res://.godot/imported/play_swing_frame.png-a81ab1af7d4b95737787aabcf622cdbc.ctex remapped: res://.godot/imported/play_swing_frame.png-a81ab1af7d4b95737787aabcf622cdbc.ctex
Completed load for: 'res://assets/props/story/play_swing_frame.png' remapped 'res://assets/props/story/play_swing_frame.png' at thread -1
Loading resource: res://assets/props/story/play_swing_seat.png remapped: res://assets/props/story/play_swing_seat.png
Loading resource: res://.godot/imported/play_swing_seat.png-fbc2feb15e1e0c3563f38dd6be314f41.ctex remapped: res://.godot/imported/play_swing_seat.png-fbc2feb15e1e0c3563f38dd6be314f41.ctex
Completed load for: 'res://assets/props/story/play_swing_seat.png' remapped 'res://assets/props/story/play_swing_seat.png' at thread -1
Loading resource: res://assets/characters/roshan_25d/roshan_gesture_a.png remapped: res://assets/characters/roshan_25d/roshan_gesture_a.png
Loading resource: res://.godot/imported/roshan_gesture_a.png-18a31aea6ac3722a9397d1f4c4f45867.s3tc.ctex remapped: res://.godot/imported/roshan_gesture_a.png-18a31aea6ac3722a9397d1f4c4f45867.s3tc.ctex
Completed load for: 'res://assets/characters/roshan_25d/roshan_gesture_a.png' remapped 'res://assets/characters/roshan_25d/roshan_gesture_a.png' at thread -1
Loading resource: res://assets/characters/roshan_25d/roshan_gesture_b.png remapped: res://assets/characters/roshan_25d/roshan_gesture_b.png
Loading resource: res://.godot/imported/roshan_gesture_b.png-8cb0fb1a0e3c6a3ff52f66869af29ee3.s3tc.ctex remapped: res://.godot/imported/roshan_gesture_b.png-8cb0fb1a0e3c6a3ff52f66869af29ee3.s3tc.ctex
Completed load for: 'res://assets/characters/roshan_25d/roshan_gesture_b.png' remapped 'res://assets/characters/roshan_25d/roshan_gesture_b.png' at thread -1
Loading resource: res://assets/characters/roshan_25d/roshan_gesture_c.png remapped: res://assets/characters/roshan_25d/roshan_gesture_c.png
Loading resource: res://.godot/imported/roshan_gesture_c.png-938a4e5c63b0fe35548d3f25bd960773.s3tc.ctex remapped: res://.godot/imported/roshan_gesture_c.png-938a4e5c63b0fe35548d3f25bd960773.s3tc.ctex
Completed load for: 'res://assets/characters/roshan_25d/roshan_gesture_c.png' remapped 'res://assets/characters/roshan_25d/roshan_gesture_c.png' at thread -1
Loading resource: res://assets/characters/roshan_25d/roshan_gesture_d.png remapped: res://assets/characters/roshan_25d/roshan_gesture_d.png
Loading resource: res://.godot/imported/roshan_gesture_d.png-08aed87dc09d080eaf1e4104fb084fdc.s3tc.ctex remapped: res://.godot/imported/roshan_gesture_d.png-08aed87dc09d080eaf1e4104fb084fdc.s3tc.ctex
Completed load for: 'res://assets/characters/roshan_25d/roshan_gesture_d.png' remapped 'res://assets/characters/roshan_25d/roshan_gesture_d.png' at thread -1
Loading resource: res://assets/characters/roshan_25d/roshan_play_a.png remapped: res://assets/characters/roshan_25d/roshan_play_a.png
Loading resource: res://.godot/imported/roshan_play_a.png-7836c4193fc7d229ea3c5f1583aa2038.s3tc.ctex remapped: res://.godot/imported/roshan_play_a.png-7836c4193fc7d229ea3c5f1583aa2038.s3tc.ctex
Completed load for: 'res://assets/characters/roshan_25d/roshan_play_a.png' remapped 'res://assets/characters/roshan_25d/roshan_play_a.png' at thread -1
Loading resource: res://assets/characters/roshan_25d/roshan_play_b.png remapped: res://assets/characters/roshan_25d/roshan_play_b.png
Loading resource: res://.godot/imported/roshan_play_b.png-115ffaa3712f999ce1caf531c6fbc9ec.s3tc.ctex remapped: res://.godot/imported/roshan_play_b.png-115ffaa3712f999ce1caf531c6fbc9ec.s3tc.ctex
Completed load for: 'res://assets/characters/roshan_25d/roshan_play_b.png' remapped 'res://assets/characters/roshan_25d/roshan_play_b.png' at thread -1
Loading resource: res://assets/flats/castle/boss/dusty_attic_arena_2048.png remapped: res://assets/flats/castle/boss/dusty_attic_arena_2048.png
Loading resource: res://.godot/imported/dusty_attic_arena_2048.png-d3ca08103aa6a7020e840963166fbe19.ctex remapped: res://.godot/imported/dusty_attic_arena_2048.png-d3ca08103aa6a7020e840963166fbe19.ctex
Completed load for: 'res://assets/flats/castle/boss/dusty_attic_arena_2048.png' remapped 'res://assets/flats/castle/boss/dusty_attic_arena_2048.png' at thread -1
Loading resource: res://assets/opera/worlds/props/fx_stolen_sparkle.png remapped: res://assets/opera/worlds/props/fx_stolen_sparkle.png
Loading resource: res://.godot/imported/fx_stolen_sparkle.png-78d191c055130f9a82753b3c1b5d08ac.s3tc.ctex remapped: res://.godot/imported/fx_stolen_sparkle.png-78d191c055130f9a82753b3c1b5d08ac.s3tc.ctex
Completed load for: 'res://assets/opera/worlds/props/fx_stolen_sparkle.png' remapped 'res://assets/opera/worlds/props/fx_stolen_sparkle.png' at thread -1
Loading resource: res://assets/opera/worlds/props/fx_dust_puff.png remapped: res://assets/opera/worlds/props/fx_dust_puff.png
Loading resource: res://.godot/imported/fx_dust_puff.png-c19e7c817e63296b4a7808774d821915.ctex remapped: res://.godot/imported/fx_dust_puff.png-c19e7c817e63296b4a7808774d821915.ctex
Completed load for: 'res://assets/opera/worlds/props/fx_dust_puff.png' remapped 'res://assets/opera/worlds/props/fx_dust_puff.png' at thread -1
Loading resource: res://assets/effects/grand_puff/purple_vortex_v4.png remapped: res://assets/effects/grand_puff/purple_vortex_v4.png
Loading resource: res://.godot/imported/purple_vortex_v4.png-73637daaea783585b2d9d0dcf967aace.ctex remapped: res://.godot/imported/purple_vortex_v4.png-73637daaea783585b2d9d0dcf967aace.ctex
Completed load for: 'res://assets/effects/grand_puff/purple_vortex_v4.png' remapped 'res://assets/effects/grand_puff/purple_vortex_v4.png' at thread -1
Completed load for: 'res://scripts/probe_voice.gd' remapped 'res://scripts/probe_voice.gd' at thread -1
SceneTreeFTI: traversal method DEFAULT
Loading resource: res://scenes/main.tscn remapped: res://scenes/main.tscn
Completed load for: 'res://scenes/main.tscn' remapped 'res://scenes/main.tscn' at thread -1
Loaded system CA certificates
Loading resource: res://assets/audio/ambience_reef.ogg remapped: res://assets/audio/ambience_reef.ogg
Loading resource: res://.godot/imported/ambience_reef.ogg-30031e4868dd5f41925c6b3f42f0f9b1.oggvorbisstr remapped: res://.godot/imported/ambience_reef.ogg-30031e4868dd5f41925c6b3f42f0f9b1.oggvorbisstr
Completed load for: 'res://assets/audio/ambience_reef.ogg' remapped 'res://assets/audio/ambience_reef.ogg' at thread -1
Loading resource: res://assets/audio/music/world.ogg remapped: res://assets/audio/music/world.ogg
Loading resource: res://.godot/imported/world.ogg-bfec9819aa7fa229c0057fe76832cfa3.oggvorbisstr remapped: res://.godot/imported/world.ogg-bfec9819aa7fa229c0057fe76832cfa3.oggvorbisstr
Completed load for: 'res://assets/audio/music/world.ogg' remapped 'res://assets/audio/music/world.ogg' at thread -1
Loading resource: res://assets/audio/voices/filler_v1/yay.ogg remapped: res://assets/audio/voices/filler_v1/yay.ogg
Loading resource: res://.godot/imported/yay.ogg-a4cd419929b402130d14f60cd99b5355.oggvorbisstr remapped: res://.godot/imported/yay.ogg-a4cd419929b402130d14f60cd99b5355.oggvorbisstr
Completed load for: 'res://assets/audio/voices/filler_v1/yay.ogg' remapped 'res://assets/audio/voices/filler_v1/yay.ogg' at thread -1
Loading resource: res://assets/audio/chime.ogg remapped: res://assets/audio/chime.ogg
Loading resource: res://.godot/imported/chime.ogg-ccbd9039a16fca2270295f3df3042e4a.oggvorbisstr remapped: res://.godot/imported/chime.ogg-ccbd9039a16fca2270295f3df3042e4a.oggvorbisstr
Completed load for: 'res://assets/audio/chime.ogg' remapped 'res://assets/audio/chime.ogg' at thread -1
Loading resource: res://assets/audio/hop_boing.ogg remapped: res://assets/audio/hop_boing.ogg
Loading resource: res://.godot/imported/hop_boing.ogg-23491bc7346e37a3c3a7e5718a1c6334.oggvorbisstr remapped: res://.godot/imported/hop_boing.ogg-23491bc7346e37a3c3a7e5718a1c6334.oggvorbisstr
Completed load for: 'res://assets/audio/hop_boing.ogg' remapped 'res://assets/audio/hop_boing.ogg' at thread -1
Loading resource: res://assets/audio/penguin_giggle.ogg remapped: res://assets/audio/penguin_giggle.ogg
Loading resource: res://.godot/imported/penguin_giggle.ogg-1caa548251b7585be1b157de4e41c1b8.oggvorbisstr remapped: res://.godot/imported/penguin_giggle.ogg-1caa548251b7585be1b157de4e41c1b8.oggvorbisstr
Completed load for: 'res://assets/audio/penguin_giggle.ogg' remapped 'res://assets/audio/penguin_giggle.ogg' at thread -1
Loading resource: res://assets/audio/buy.ogg remapped: res://assets/audio/buy.ogg
Loading resource: res://.godot/imported/buy.ogg-ccfb5d2b9f2837f43f22621a6d87b91c.oggvorbisstr remapped: res://.godot/imported/buy.ogg-ccfb5d2b9f2837f43f22621a6d87b91c.oggvorbisstr
Completed load for: 'res://assets/audio/buy.ogg' remapped 'res://assets/audio/buy.ogg' at thread -1
Loading resource: res://assets/audio/music/banjo.ogg remapped: res://assets/audio/music/banjo.ogg
Loading resource: res://.godot/imported/banjo.ogg-6ace2633ccde608d168cb04a28077650.oggvorbisstr remapped: res://.godot/imported/banjo.ogg-6ace2633ccde608d168cb04a28077650.oggvorbisstr
Completed load for: 'res://assets/audio/music/banjo.ogg' remapped 'res://assets/audio/music/banjo.ogg' at thread -1
Loading resource: res://assets/audio/voices/filler_v1/roshan_intro1.ogg remapped: res://assets/audio/voices/filler_v1/roshan_intro1.ogg
Loading resource: res://.godot/imported/roshan_intro1.ogg-f820084970fc77bf53c9fa3fc87e9d14.oggvorbisstr remapped: res://.godot/imported/roshan_intro1.ogg-f820084970fc77bf53c9fa3fc87e9d14.oggvorbisstr
Completed load for: 'res://assets/audio/voices/filler_v1/roshan_intro1.ogg' remapped 'res://assets/audio/voices/filler_v1/roshan_intro1.ogg' at thread -1
Loading resource: res://assets/characters/friends/huluu.png remapped: res://assets/characters/friends/huluu.png
Loading resource: res://.godot/imported/huluu.png-6fee73331b3d0600210812844b67ef58.ctex remapped: res://.godot/imported/huluu.png-6fee73331b3d0600210812844b67ef58.ctex
Completed load for: 'res://assets/characters/friends/huluu.png' remapped 'res://assets/characters/friends/huluu.png' at thread -1
VOICE|Harper objective filler retains exact generator and ledger provenance: OK|
VOICE|Yay and This is so much fun are exact synthetic filler cues: OK|
VOICE|common Roshan reactions use distinct contextual cues: OK|
VOICE|expected Roshan clips present: OK|15 / 15
VOICE|Racer repair owns exact generated objective text: OK|
Loading resource: res://assets/audio/voices/filler_v1/roshan_beans.ogg remapped: res://assets/audio/voices/filler_v1/roshan_beans.ogg
Loading resource: res://.godot/imported/roshan_beans.ogg-6cd31fc91a69ea281b03107a0eeefc51.oggvorbisstr remapped: res://.godot/imported/roshan_beans.ogg-6cd31fc91a69ea281b03107a0eeefc51.oggvorbisstr
Completed load for: 'res://assets/audio/voices/filler_v1/roshan_beans.ogg' remapped 'res://assets/audio/voices/filler_v1/roshan_beans.ogg' at thread -1
VOICE|beans cue speaks once: OK|voice_i=2->3
VOICE|beans cue resolves exact clip: OK|expected=res://assets/audio/voices/filler_v1/roshan_beans.ogg actual=res://assets/audio/voices/filler_v1/roshan_beans.ogg
VOICE|Melody Daddy route exists for exact cue coverage: OK|
Loading resource: res://assets/audio/music/melody.ogg remapped: res://assets/audio/music/melody.ogg
Loading resource: res://.godot/imported/melody.ogg-d88fbeb3a09edbadd4594753c78ccecc.oggvorbisstr remapped: res://.godot/imported/melody.ogg-d88fbeb3a09edbadd4594753c78ccecc.oggvorbisstr
Completed load for: 'res://assets/audio/music/melody.ogg' remapped 'res://assets/audio/music/melody.ogg' at thread -1
Loading resource: res://assets/flats/sky_lagoon/main/flat_sky_lagoon_main_panorama_v5_tile_r0_c2.png remapped: res://assets/flats/sky_lagoon/main/flat_sky_lagoon_main_panorama_v5_tile_r0_c2.png
Loading resource: res://.godot/imported/flat_sky_lagoon_main_panorama_v5_tile_r0_c2.png-707b7c1249db60c277ba18a5a90d2606.s3tc.ctex remapped: res://.godot/imported/flat_sky_lagoon_main_panorama_v5_tile_r0_c2.png-707b7c1249db60c277ba18a5a90d2606.s3tc.ctex
Completed load for: 'res://assets/flats/sky_lagoon/main/flat_sky_lagoon_main_panorama_v5_tile_r0_c2.png' remapped 'res://assets/flats/sky_lagoon/main/flat_sky_lagoon_main_panorama_v5_tile_r0_c2.png' at thread -1
Loading resource: res://assets/flats/sky_lagoon/main/flat_sky_lagoon_main_panorama_v5_tile_r0_c3.png remapped: res://assets/flats/sky_lagoon/main/flat_sky_lagoon_main_panorama_v5_tile_r0_c3.png
Loading resource: res://.godot/imported/flat_sky_lagoon_main_panorama_v5_tile_r0_c3.png-f5a0de2cacbf855b5537bfa011fb414f.s3tc.ctex remapped: res://.godot/imported/flat_sky_lagoon_main_panorama_v5_tile_r0_c3.png-f5a0de2cacbf855b5537bfa011fb414f.s3tc.ctex
Completed load for: 'res://assets/flats/sky_lagoon/main/flat_sky_lagoon_main_panorama_v5_tile_r0_c3.png' remapped 'res://assets/flats/sky_lagoon/main/flat_sky_lagoon_main_panorama_v5_tile_r0_c3.png' at thread -1
Loading resource: res://assets/flats/sky_lagoon/main/flat_sky_lagoon_main_panorama_v5_tile_r1_c2.png remapped: res://assets/flats/sky_lagoon/main/flat_sky_lagoon_main_panorama_v5_tile_r1_c2.png
Loading resource: res://.godot/imported/flat_sky_lagoon_main_panorama_v5_tile_r1_c2.png-0c556d40124fed4dea38c25d4997f920.s3tc.ctex remapped: res://.godot/imported/flat_sky_lagoon_main_panorama_v5_tile_r1_c2.png-0c556d40124fed4dea38c25d4997f920.s3tc.ctex
Completed load for: 'res://assets/flats/sky_lagoon/main/flat_sky_lagoon_main_panorama_v5_tile_r1_c2.png' remapped 'res://assets/flats/sky_lagoon/main/flat_sky_lagoon_main_panorama_v5_tile_r1_c2.png' at thread -1
Loading resource: res://assets/flats/sky_lagoon/main/flat_sky_lagoon_main_panorama_v5_tile_r1_c3.png remapped: res://assets/flats/sky_lagoon/main/flat_sky_lagoon_main_panorama_v5_tile_r1_c3.png
Loading resource: res://.godot/imported/flat_sky_lagoon_main_panorama_v5_tile_r1_c3.png-f8ce0e5f490964960eec056604b88fb0.s3tc.ctex remapped: res://.godot/imported/flat_sky_lagoon_main_panorama_v5_tile_r1_c3.png-f8ce0e5f490964960eec056604b88fb0.s3tc.ctex
Completed load for: 'res://assets/flats/sky_lagoon/main/flat_sky_lagoon_main_panorama_v5_tile_r1_c3.png' remapped 'res://assets/flats/sky_lagoon/main/flat_sky_lagoon_main_panorama_v5_tile_r1_c3.png' at thread -1
Loading resource: res://assets/characters/stickers/daddy.png remapped: res://assets/characters/stickers/daddy.png
Loading resource: res://.godot/imported/daddy.png-dcdd33bdd5069058cd6dd7c836998157.ctex remapped: res://.godot/imported/daddy.png-dcdd33bdd5069058cd6dd7c836998157.ctex
Completed load for: 'res://assets/characters/stickers/daddy.png' remapped 'res://assets/characters/stickers/daddy.png' at thread -1
Loading resource: res://assets/opera/worlds/actors/roshan_popstar.png remapped: res://assets/opera/worlds/actors/roshan_popstar.png
Loading resource: res://.godot/imported/roshan_popstar.png-b010642ec9fba8921c9267b9708d9c93.s3tc.ctex remapped: res://.godot/imported/roshan_popstar.png-b010642ec9fba8921c9267b9708d9c93.s3tc.ctex
Completed load for: 'res://assets/opera/worlds/actors/roshan_popstar.png' remapped 'res://assets/opera/worlds/actors/roshan_popstar.png' at thread -1
Loading resource: res://assets/audio/voices/filler_v1/roshan_op_popstar_rhythm.ogg remapped: res://assets/audio/voices/filler_v1/roshan_op_popstar_rhythm.ogg
Loading resource: res://.godot/imported/roshan_op_popstar_rhythm.ogg-00c4b23506e208b47cf3852b4d29c845.oggvorbisstr remapped: res://.godot/imported/roshan_op_popstar_rhythm.ogg-00c4b23506e208b47cf3852b4d29c845.oggvorbisstr
Completed load for: 'res://assets/audio/voices/filler_v1/roshan_op_popstar_rhythm.ogg' remapped 'res://assets/audio/voices/filler_v1/roshan_op_popstar_rhythm.ogg' at thread -1
VOICE|Melody entry makes one intended request: OK|requests=0->1 cue=roshan_op_popstar_rhythm
VOICE|Melody entry plays one cue: OK|voice_i=3->4
VOICE|Melody entry resolves exact clip: OK|expected=res://assets/audio/voices/filler_v1/roshan_op_popstar_rhythm.ogg actual=res://assets/audio/voices/filler_v1/roshan_op_popstar_rhythm.ogg
VOICE|Melody exact cue path and immutable bytes are present: OK|
VOICE|Melody entry retains the exact semantic objective copy: OK|
Loading resource: res://assets/terrain/up_cliff_col.jpg remapped: res://assets/terrain/up_cliff_col.jpg
Loading resource: res://.godot/imported/up_cliff_col.jpg-9cb5863af13b3f4bb3e41cc85a7d97e7.ctex remapped: res://.godot/imported/up_cliff_col.jpg-9cb5863af13b3f4bb3e41cc85a7d97e7.ctex
Completed load for: 'res://assets/terrain/up_cliff_col.jpg' remapped 'res://assets/terrain/up_cliff_col.jpg' at thread -1
Loading resource: res://assets/terrain/up_cliff_nrm.jpg remapped: res://assets/terrain/up_cliff_nrm.jpg
Loading resource: res://.godot/imported/up_cliff_nrm.jpg-913a0bd3d8a83e09aff98d769b142e63.ctex remapped: res://.godot/imported/up_cliff_nrm.jpg-913a0bd3d8a83e09aff98d769b142e63.ctex
Completed load for: 'res://assets/terrain/up_cliff_nrm.jpg' remapped 'res://assets/terrain/up_cliff_nrm.jpg' at thread -1
Loading resource: res://assets/audio/music/race.ogg remapped: res://assets/audio/music/race.ogg
Loading resource: res://.godot/imported/race.ogg-1a787077a7f2ec43d53d4804976e301d.oggvorbisstr remapped: res://.godot/imported/race.ogg-1a787077a7f2ec43d53d4804976e301d.oggvorbisstr
Completed load for: 'res://assets/audio/music/race.ogg' remapped 'res://assets/audio/music/race.ogg' at thread -1
Loading resource: res://assets/characters/friends/huluu.png remapped: res://assets/characters/friends/huluu.png
Loading resource: res://.godot/imported/huluu.png-6fee73331b3d0600210812844b67ef58.ctex remapped: res://.godot/imported/huluu.png-6fee73331b3d0600210812844b67ef58.ctex
Completed load for: 'res://assets/characters/friends/huluu.png' remapped 'res://assets/characters/friends/huluu.png' at thread -1
Loading resource: res://assets/audio/voices/filler_v1/huluu_greet.ogg remapped: res://assets/audio/voices/filler_v1/huluu_greet.ogg
Loading resource: res://.godot/imported/huluu_greet.ogg-916644f4d1ae862b6bbe619ce3690ed5.oggvorbisstr remapped: res://.godot/imported/huluu_greet.ogg-916644f4d1ae862b6bbe619ce3690ed5.oggvorbisstr
Completed load for: 'res://assets/audio/voices/filler_v1/huluu_greet.ogg' remapped 'res://assets/audio/voices/filler_v1/huluu_greet.ogg' at thread -1
VOICE|brawl entry makes one intended request: OK|requests=1->2 cue=huluu_greet
VOICE|brawl entry plays one cue: OK|voice_i=4->5
VOICE|brawl entry resolves exact clip: OK|expected=res://assets/audio/voices/filler_v1/huluu_greet.ogg actual=res://assets/audio/voices/filler_v1/huluu_greet.ogg
VOICE|brawl entry caption and state stay intact: OK|
Loading resource: res://assets/sprites/dust_bunnies/dust_bunny_idle.png remapped: res://assets/sprites/dust_bunnies/dust_bunny_idle.png
Loading resource: res://.godot/imported/dust_bunny_idle.png-2882eed6037a7432104494fa1c84a5f2.ctex remapped: res://.godot/imported/dust_bunny_idle.png-2882eed6037a7432104494fa1c84a5f2.ctex
Completed load for: 'res://assets/sprites/dust_bunnies/dust_bunny_idle.png' remapped 'res://assets/sprites/dust_bunnies/dust_bunny_idle.png' at thread -1
Loading resource: res://assets/audio/voices/filler_v1/huluu_talk.ogg remapped: res://assets/audio/voices/filler_v1/huluu_talk.ogg
Loading resource: res://.godot/imported/huluu_talk.ogg-e588b37adc6b5062048264985385339f.oggvorbisstr remapped: res://.godot/imported/huluu_talk.ogg-e588b37adc6b5062048264985385339f.oggvorbisstr
Completed load for: 'res://assets/audio/voices/filler_v1/huluu_talk.ogg' remapped 'res://assets/audio/voices/filler_v1/huluu_talk.ogg' at thread -1
VOICE|brawl route makes one intended request: OK|requests=2->3 cue=huluu_talk
VOICE|brawl route plays one cue: OK|voice_i=5->6
VOICE|brawl route resolves exact clip: OK|expected=res://assets/audio/voices/filler_v1/huluu_talk.ogg actual=res://assets/audio/voices/filler_v1/huluu_talk.ogg
VOICE|brawl route caption and progression stay intact: OK|
VOICE|brawl warning makes one intended request: OK|requests=3->4 cue=huluu_talk
VOICE|brawl warning plays one cue: OK|voice_i=6->7
VOICE|brawl warning resolves exact clip: OK|expected=res://assets/audio/voices/filler_v1/huluu_talk.ogg actual=res://assets/audio/voices/filler_v1/huluu_talk.ogg
VOICE|brawl warning caption and one-shot state stay intact: OK|
Loading resource: res://assets/audio/voices/filler_v1/roshan_talk.ogg remapped: res://assets/audio/voices/filler_v1/roshan_talk.ogg
Loading resource: res://.godot/imported/roshan_talk.ogg-e1f4421496ec72637dc0f4ccd398592a.oggvorbisstr remapped: res://.godot/imported/roshan_talk.ogg-e1f4421496ec72637dc0f4ccd398592a.oggvorbisstr
Completed load for: 'res://assets/audio/voices/filler_v1/roshan_talk.ogg' remapped 'res://assets/audio/voices/filler_v1/roshan_talk.ogg' at thread -1
VOICE|fallback speech replaces prior exact speech: OK|
VOICE|fallback speech is active before clear: OK|
VOICE|clear stops every pooled voice: OK|
VOICE|clear stops fallback voice: OK|
VOICE|sequence starts one cue: OK|
VOICE|sequence starts first exact clip: OK|
Loading resource: res://assets/audio/voices/filler_v1/roshan_intro1.ogg remapped: res://assets/audio/voices/filler_v1/roshan_intro1.ogg
Loading resource: res://.godot/imported/roshan_intro1.ogg-f820084970fc77bf53c9fa3fc87e9d14.oggvorbisstr remapped: res://.godot/imported/roshan_intro1.ogg-f820084970fc77bf53c9fa3fc87e9d14.oggvorbisstr
Completed load for: 'res://assets/audio/voices/filler_v1/roshan_intro1.ogg' remapped 'res://assets/audio/voices/filler_v1/roshan_intro1.ogg' at thread -1
VOICE|first rapid skip is consumed: OK|
VOICE|first rapid skip stops prior cue: OK|
VOICE|first rapid skip starts only next cue: OK|
Loading resource: res://assets/audio/voices/filler_v1/roshan_intro4.ogg remapped: res://assets/audio/voices/filler_v1/roshan_intro4.ogg
Loading resource: res://.godot/imported/roshan_intro4.ogg-cc90cad56a5663780f0b7c259d7c6116.oggvorbisstr remapped: res://.godot/imported/roshan_intro4.ogg-cc90cad56a5663780f0b7c259d7c6116.oggvorbisstr
Completed load for: 'res://assets/audio/voices/filler_v1/roshan_intro4.ogg' remapped 'res://assets/audio/voices/filler_v1/roshan_intro4.ogg' at thread -1
VOICE|second rapid skip is consumed: OK|
VOICE|second rapid skip stops prior cue: OK|
VOICE|second rapid skip starts only next cue: OK|
VOICE|final rapid skip is consumed: OK|
VOICE|sequence exhaustion stops final cue: OK|
VOICE|sequence exhaustion clears dialogue state: OK|
VOICE|voice cooldown still suppresses duplicate cue: OK|
Loading resource: res://assets/audio/voices/filler_v1/roshan_chapter2_farmer_gather_strawberries.ogg remapped: res://assets/audio/voices/filler_v1/roshan_chapter2_farmer_gather_strawberries.ogg
Loading resource: res://.godot/imported/roshan_chapter2_farmer_gather_strawberries.ogg-b9ee03d505b5c43165bca071f7fee16c.oggvorbisstr remapped: res://.godot/imported/roshan_chapter2_farmer_gather_strawberries.ogg-b9ee03d505b5c43165bca071f7fee16c.oggvorbisstr
Completed load for: 'res://assets/audio/voices/filler_v1/roshan_chapter2_farmer_gather_strawberries.ogg' remapped 'res://assets/audio/voices/filler_v1/roshan_chapter2_farmer_gather_strawberries.ogg' at thread -1
VOICE|chapter2_farmer_gather_strawberries cue speaks once: OK|voice_i=13->14
VOICE|chapter2_farmer_gather_strawberries cue resolves exact clip: OK|expected=res://assets/audio/voices/filler_v1/roshan_chapter2_farmer_gather_strawberries.ogg actual=res://assets/audio/voices/filler_v1/roshan_chapter2_farmer_gather_strawberries.ogg
VOICE|one speech channel after changed objective chapter2_farmer_gather_strawberries: OK|
Loading resource: res://assets/audio/voices/filler_v1/roshan_chapter2_farmer_fill_basket.ogg remapped: res://assets/audio/voices/filler_v1/roshan_chapter2_farmer_fill_basket.ogg
Loading resource: res://.godot/imported/roshan_chapter2_farmer_fill_basket.ogg-5b5d6177101e9ec310d01065834fdc42.oggvorbisstr remapped: res://.godot/imported/roshan_chapter2_farmer_fill_basket.ogg-5b5d6177101e9ec310d01065834fdc42.oggvorbisstr
Completed load for: 'res://assets/audio/voices/filler_v1/roshan_chapter2_farmer_fill_basket.ogg' remapped 'res://assets/audio/voices/filler_v1/roshan_chapter2_farmer_fill_basket.ogg' at thread -1
VOICE|chapter2_farmer_fill_basket cue speaks once: OK|voice_i=14->15
VOICE|chapter2_farmer_fill_basket cue resolves exact clip: OK|expected=res://assets/audio/voices/filler_v1/roshan_chapter2_farmer_fill_basket.ogg actual=res://assets/audio/voices/filler_v1/roshan_chapter2_farmer_fill_basket.ogg
VOICE|one speech channel after changed objective chapter2_farmer_fill_basket: OK|
Loading resource: res://assets/audio/voices/filler_v1/roshan_chapter2_farmer_deliver_to_kitchen.ogg remapped: res://assets/audio/voices/filler_v1/roshan_chapter2_farmer_deliver_to_kitchen.ogg
Loading resource: res://.godot/imported/roshan_chapter2_farmer_deliver_to_kitchen.ogg-d38b39559c4348dbfc83602d9582dc74.oggvorbisstr remapped: res://.godot/imported/roshan_chapter2_farmer_deliver_to_kitchen.ogg-d38b39559c4348dbfc83602d9582dc74.oggvorbisstr
Completed load for: 'res://assets/audio/voices/filler_v1/roshan_chapter2_farmer_deliver_to_kitchen.ogg' remapped 'res://assets/audio/voices/filler_v1/roshan_chapter2_farmer_deliver_to_kitchen.ogg' at thread -1
VOICE|chapter2_farmer_deliver_to_kitchen cue speaks once: OK|voice_i=15->16
VOICE|chapter2_farmer_deliver_to_kitchen cue resolves exact clip: OK|expected=res://assets/audio/voices/filler_v1/roshan_chapter2_farmer_deliver_to_kitchen.ogg actual=res://assets/audio/voices/filler_v1/roshan_chapter2_farmer_deliver_to_kitchen.ogg
VOICE|one speech channel after changed objective chapter2_farmer_deliver_to_kitchen: OK|
Loading resource: res://assets/audio/voices/filler_v1/roshan_chapter2_route_farmer.ogg remapped: res://assets/audio/voices/filler_v1/roshan_chapter2_route_farmer.ogg
Loading resource: res://.godot/imported/roshan_chapter2_route_farmer.ogg-3ed06d1d85660ff07372ee227966dd9a.oggvorbisstr remapped: res://.godot/imported/roshan_chapter2_route_farmer.ogg-3ed06d1d85660ff07372ee227966dd9a.oggvorbisstr
Completed load for: 'res://assets/audio/voices/filler_v1/roshan_chapter2_route_farmer.ogg' remapped 'res://assets/audio/voices/filler_v1/roshan_chapter2_route_farmer.ogg' at thread -1
VOICE|chapter2_route_farmer cue speaks once: OK|voice_i=16->17
VOICE|chapter2_route_farmer cue resolves exact clip: OK|expected=res://assets/audio/voices/filler_v1/roshan_chapter2_route_farmer.ogg actual=res://assets/audio/voices/filler_v1/roshan_chapter2_route_farmer.ogg
VOICE|one speech channel after changed objective chapter2_route_farmer: OK|
Loading resource: res://assets/audio/voices/filler_v1/roshan_op_chef_pour_stage.ogg remapped: res://assets/audio/voices/filler_v1/roshan_op_chef_pour_stage.ogg
Loading resource: res://.godot/imported/roshan_op_chef_pour_stage.ogg-cc6ca1215618ea0853e35f5f93a50529.oggvorbisstr remapped: res://.godot/imported/roshan_op_chef_pour_stage.ogg-cc6ca1215618ea0853e35f5f93a50529.oggvorbisstr
Completed load for: 'res://assets/audio/voices/filler_v1/roshan_op_chef_pour_stage.ogg' remapped 'res://assets/audio/voices/filler_v1/roshan_op_chef_pour_stage.ogg' at thread -1
VOICE|op_chef_pour_stage cue speaks once: OK|voice_i=17->18
VOICE|op_chef_pour_stage cue resolves exact clip: OK|expected=res://assets/audio/voices/filler_v1/roshan_op_chef_pour_stage.ogg actual=res://assets/audio/voices/filler_v1/roshan_op_chef_pour_stage.ogg
VOICE|one speech channel after changed objective op_chef_pour_stage: OK|
Loading resource: res://assets/audio/voices/filler_v1/roshan_op_chef_stir_stage.ogg remapped: res://assets/audio/voices/filler_v1/roshan_op_chef_stir_stage.ogg
Loading resource: res://.godot/imported/roshan_op_chef_stir_stage.ogg-b0ada53e71619bc58c88a36b51c4c66c.oggvorbisstr remapped: res://.godot/imported/roshan_op_chef_stir_stage.ogg-b0ada53e71619bc58c88a36b51c4c66c.oggvorbisstr
Completed load for: 'res://assets/audio/voices/filler_v1/roshan_op_chef_stir_stage.ogg' remapped 'res://assets/audio/voices/filler_v1/roshan_op_chef_stir_stage.ogg' at thread -1
VOICE|op_chef_stir_stage cue speaks once: OK|voice_i=18->19
VOICE|op_chef_stir_stage cue resolves exact clip: OK|expected=res://assets/audio/voices/filler_v1/roshan_op_chef_stir_stage.ogg actual=res://assets/audio/voices/filler_v1/roshan_op_chef_stir_stage.ogg
VOICE|one speech channel after changed objective op_chef_stir_stage: OK|
Loading resource: res://assets/audio/voices/filler_v1/roshan_op_chef_bake_stage.ogg remapped: res://assets/audio/voices/filler_v1/roshan_op_chef_bake_stage.ogg
Loading resource: res://.godot/imported/roshan_op_chef_bake_stage.ogg-c47419e6ee731e778fb205b152e10476.oggvorbisstr remapped: res://.godot/imported/roshan_op_chef_bake_stage.ogg-c47419e6ee731e778fb205b152e10476.oggvorbisstr
Completed load for: 'res://assets/audio/voices/filler_v1/roshan_op_chef_bake_stage.ogg' remapped 'res://assets/audio/voices/filler_v1/roshan_op_chef_bake_stage.ogg' at thread -1
VOICE|op_chef_bake_stage cue speaks once: OK|voice_i=19->20
VOICE|op_chef_bake_stage cue resolves exact clip: OK|expected=res://assets/audio/voices/filler_v1/roshan_op_chef_bake_stage.ogg actual=res://assets/audio/voices/filler_v1/roshan_op_chef_bake_stage.ogg
VOICE|one speech channel after changed objective op_chef_bake_stage: OK|
Loading resource: res://assets/audio/voices/filler_v1/roshan_chapter2_chef_stack.ogg remapped: res://assets/audio/voices/filler_v1/roshan_chapter2_chef_stack.ogg
Loading resource: res://.godot/imported/roshan_chapter2_chef_stack.ogg-8b5983b220f1ca1b9073e9f6c343c7a6.oggvorbisstr remapped: res://.godot/imported/roshan_chapter2_chef_stack.ogg-8b5983b220f1ca1b9073e9f6c343c7a6.oggvorbisstr
Completed load for: 'res://assets/audio/voices/filler_v1/roshan_chapter2_chef_stack.ogg' remapped 'res://assets/audio/voices/filler_v1/roshan_chapter2_chef_stack.ogg' at thread -1
VOICE|chapter2_chef_stack cue speaks once: OK|voice_i=20->21
VOICE|chapter2_chef_stack cue resolves exact clip: OK|expected=res://assets/audio/voices/filler_v1/roshan_chapter2_chef_stack.ogg actual=res://assets/audio/voices/filler_v1/roshan_chapter2_chef_stack.ogg
VOICE|one speech channel after changed objective chapter2_chef_stack: OK|
Loading resource: res://assets/audio/voices/filler_v1/roshan_op_chef_pipe_stage.ogg remapped: res://assets/audio/voices/filler_v1/roshan_op_chef_pipe_stage.ogg
Loading resource: res://.godot/imported/roshan_op_chef_pipe_stage.ogg-cdc863b49d261af29c4f8c6217413073.oggvorbisstr remapped: res://.godot/imported/roshan_op_chef_pipe_stage.ogg-cdc863b49d261af29c4f8c6217413073.oggvorbisstr
Completed load for: 'res://assets/audio/voices/filler_v1/roshan_op_chef_pipe_stage.ogg' remapped 'res://assets/audio/voices/filler_v1/roshan_op_chef_pipe_stage.ogg' at thread -1
VOICE|op_chef_pipe_stage cue speaks once: OK|voice_i=21->22
VOICE|op_chef_pipe_stage cue resolves exact clip: OK|expected=res://assets/audio/voices/filler_v1/roshan_op_chef_pipe_stage.ogg actual=res://assets/audio/voices/filler_v1/roshan_op_chef_pipe_stage.ogg
VOICE|one speech channel after changed objective op_chef_pipe_stage: OK|
Loading resource: res://assets/audio/voices/filler_v1/roshan_chapter2_route_chef.ogg remapped: res://assets/audio/voices/filler_v1/roshan_chapter2_route_chef.ogg
Loading resource: res://.godot/imported/roshan_chapter2_route_chef.ogg-1e32127fa74284ed1832d7bc9fdaaf07.oggvorbisstr remapped: res://.godot/imported/roshan_chapter2_route_chef.ogg-1e32127fa74284ed1832d7bc9fdaaf07.oggvorbisstr
Completed load for: 'res://assets/audio/voices/filler_v1/roshan_chapter2_route_chef.ogg' remapped 'res://assets/audio/voices/filler_v1/roshan_chapter2_route_chef.ogg' at thread -1
VOICE|chapter2_route_chef cue speaks once: OK|voice_i=22->23
VOICE|chapter2_route_chef cue resolves exact clip: OK|expected=res://assets/audio/voices/filler_v1/roshan_chapter2_route_chef.ogg actual=res://assets/audio/voices/filler_v1/roshan_chapter2_route_chef.ogg
VOICE|one speech channel after changed objective chapter2_route_chef: OK|
Loading resource: res://assets/audio/voices/filler_v1/roshan_chapter2_candymaker_coat_strawberries.ogg remapped: res://assets/audio/voices/filler_v1/roshan_chapter2_candymaker_coat_strawberries.ogg
Loading resource: res://.godot/imported/roshan_chapter2_candymaker_coat_strawberries.ogg-69ad256cf55f3c51f1e0d87688954bc2.oggvorbisstr remapped: res://.godot/imported/roshan_chapter2_candymaker_coat_strawberries.ogg-69ad256cf55f3c51f1e0d87688954bc2.oggvorbisstr
Completed load for: 'res://assets/audio/voices/filler_v1/roshan_chapter2_candymaker_coat_strawberries.ogg' remapped 'res://assets/audio/voices/filler_v1/roshan_chapter2_candymaker_coat_strawberries.ogg' at thread -1
VOICE|chapter2_candymaker_coat_strawberries cue speaks once: OK|voice_i=23->24
VOICE|chapter2_candymaker_coat_strawberries cue resolves exact clip: OK|expected=res://assets/audio/voices/filler_v1/roshan_chapter2_candymaker_coat_strawberries.ogg actual=res://assets/audio/voices/filler_v1/roshan_chapter2_candymaker_coat_strawberries.ogg
VOICE|one speech channel after changed objective chapter2_candymaker_coat_strawberries: OK|
Loading resource: res://assets/audio/voices/filler_v1/roshan_chapter2_candymaker_sort_strawberries.ogg remapped: res://assets/audio/voices/filler_v1/roshan_chapter2_candymaker_sort_strawberries.ogg
Loading resource: res://.godot/imported/roshan_chapter2_candymaker_sort_strawberries.ogg-e8ecebc6e7093a0a486af42cec45fb11.oggvorbisstr remapped: res://.godot/imported/roshan_chapter2_candymaker_sort_strawberries.ogg-e8ecebc6e7093a0a486af42cec45fb11.oggvorbisstr
Completed load for: 'res://assets/audio/voices/filler_v1/roshan_chapter2_candymaker_sort_strawberries.ogg' remapped 'res://assets/audio/voices/filler_v1/roshan_chapter2_candymaker_sort_strawberries.ogg' at thread -1
VOICE|chapter2_candymaker_sort_strawberries cue speaks once: OK|voice_i=24->25
VOICE|chapter2_candymaker_sort_strawberries cue resolves exact clip: OK|expected=res://assets/audio/voices/filler_v1/roshan_chapter2_candymaker_sort_strawberries.ogg actual=res://assets/audio/voices/filler_v1/roshan_chapter2_candymaker_sort_strawberries.ogg
VOICE|one speech channel after changed objective chapter2_candymaker_sort_strawberries: OK|
Loading resource: res://assets/audio/voices/filler_v1/roshan_chapter2_candymaker_glaze_strawberries.ogg remapped: res://assets/audio/voices/filler_v1/roshan_chapter2_candymaker_glaze_strawberries.ogg
Loading resource: res://.godot/imported/roshan_chapter2_candymaker_glaze_strawberries.ogg-a275a8b6c49ade5bd9ee95b06ab8e60c.oggvorbisstr remapped: res://.godot/imported/roshan_chapter2_candymaker_glaze_strawberries.ogg-a275a8b6c49ade5bd9ee95b06ab8e60c.oggvorbisstr
Completed load for: 'res://assets/audio/voices/filler_v1/roshan_chapter2_candymaker_glaze_strawberries.ogg' remapped 'res://assets/audio/voices/filler_v1/roshan_chapter2_candymaker_glaze_strawberries.ogg' at thread -1
VOICE|chapter2_candymaker_glaze_strawberries cue speaks once: OK|voice_i=25->26
VOICE|chapter2_candymaker_glaze_strawberries cue resolves exact clip: OK|expected=res://assets/audio/voices/filler_v1/roshan_chapter2_candymaker_glaze_strawberries.ogg actual=res://assets/audio/voices/filler_v1/roshan_chapter2_candymaker_glaze_strawberries.ogg
VOICE|one speech channel after changed objective chapter2_candymaker_glaze_strawberries: OK|
Loading resource: res://assets/audio/voices/filler_v1/roshan_chapter2_candymaker_place_candied_strawberries.ogg remapped: res://assets/audio/voices/filler_v1/roshan_chapter2_candymaker_place_candied_strawberries.ogg
Loading resource: res://.godot/imported/roshan_chapter2_candymaker_place_candied_strawberries.ogg-92bbe76d6a3714196f7c2b772f99c56a.oggvorbisstr remapped: res://.godot/imported/roshan_chapter2_candymaker_place_candied_strawberries.ogg-92bbe76d6a3714196f7c2b772f99c56a.oggvorbisstr
Completed load for: 'res://assets/audio/voices/filler_v1/roshan_chapter2_candymaker_place_candied_strawberries.ogg' remapped 'res://assets/audio/voices/filler_v1/roshan_chapter2_candymaker_place_candied_strawberries.ogg' at thread -1
VOICE|chapter2_candymaker_place_candied_strawberries cue speaks once: OK|voice_i=26->27
VOICE|chapter2_candymaker_place_candied_strawberries cue resolves exact clip: OK|expected=res://assets/audio/voices/filler_v1/roshan_chapter2_candymaker_place_candied_strawberries.ogg actual=res://assets/audio/voices/filler_v1/roshan_chapter2_candymaker_place_candied_strawberries.ogg
VOICE|one speech channel after changed objective chapter2_candymaker_place_candied_strawberries: OK|
Loading resource: res://assets/audio/voices/filler_v1/roshan_chapter2_route_candy_maker.ogg remapped: res://assets/audio/voices/filler_v1/roshan_chapter2_route_candy_maker.ogg
Loading resource: res://.godot/imported/roshan_chapter2_route_candy_maker.ogg-2d56d12f0d0af58aec4a496aa0244ac6.oggvorbisstr remapped: res://.godot/imported/roshan_chapter2_route_candy_maker.ogg-2d56d12f0d0af58aec4a496aa0244ac6.oggvorbisstr
Completed load for: 'res://assets/audio/voices/filler_v1/roshan_chapter2_route_candy_maker.ogg' remapped 'res://assets/audio/voices/filler_v1/roshan_chapter2_route_candy_maker.ogg' at thread -1
VOICE|chapter2_route_candy_maker cue speaks once: OK|voice_i=27->28
VOICE|chapter2_route_candy_maker cue resolves exact clip: OK|expected=res://assets/audio/voices/filler_v1/roshan_chapter2_route_candy_maker.ogg actual=res://assets/audio/voices/filler_v1/roshan_chapter2_route_candy_maker.ogg
VOICE|one speech channel after changed objective chapter2_route_candy_maker: OK|
Loading resource: res://assets/audio/voices/filler_v1/roshan_chapter2_painter_paint_banner.ogg remapped: res://assets/audio/voices/filler_v1/roshan_chapter2_painter_paint_banner.ogg
Loading resource: res://.godot/imported/roshan_chapter2_painter_paint_banner.ogg-69b1266c5b08bc3b95ba4fdbbb4f9754.oggvorbisstr remapped: res://.godot/imported/roshan_chapter2_painter_paint_banner.ogg-69b1266c5b08bc3b95ba4fdbbb4f9754.oggvorbisstr
Completed load for: 'res://assets/audio/voices/filler_v1/roshan_chapter2_painter_paint_banner.ogg' remapped 'res://assets/audio/voices/filler_v1/roshan_chapter2_painter_paint_banner.ogg' at thread -1
VOICE|chapter2_painter_paint_banner cue speaks once: OK|voice_i=28->29
VOICE|chapter2_painter_paint_banner cue resolves exact clip: OK|expected=res://assets/audio/voices/filler_v1/roshan_chapter2_painter_paint_banner.ogg actual=res://assets/audio/voices/filler_v1/roshan_chapter2_painter_paint_banner.ogg
VOICE|one speech channel after changed objective chapter2_painter_paint_banner: OK|
Loading resource: res://assets/audio/voices/filler_v1/roshan_op_painter_splat_stage.ogg remapped: res://assets/audio/voices/filler_v1/roshan_op_painter_splat_stage.ogg
Loading resource: res://.godot/imported/roshan_op_painter_splat_stage.ogg-0fa083aeccce197f21e89024dc1a63ee.oggvorbisstr remapped: res://.godot/imported/roshan_op_painter_splat_stage.ogg-0fa083aeccce197f21e89024dc1a63ee.oggvorbisstr
Completed load for: 'res://assets/audio/voices/filler_v1/roshan_op_painter_splat_stage.ogg' remapped 'res://assets/audio/voices/filler_v1/roshan_op_painter_splat_stage.ogg' at thread -1
VOICE|op_painter_splat_stage cue speaks once: OK|voice_i=29->30
VOICE|op_painter_splat_stage cue resolves exact clip: OK|expected=res://assets/audio/voices/filler_v1/roshan_op_painter_splat_stage.ogg actual=res://assets/audio/voices/filler_v1/roshan_op_painter_splat_stage.ogg
VOICE|one speech channel after changed objective op_painter_splat_stage: OK|
Loading resource: res://assets/audio/voices/filler_v1/roshan_chapter2_painter_hang_banner.ogg remapped: res://assets/audio/voices/filler_v1/roshan_chapter2_painter_hang_banner.ogg
Loading resource: res://.godot/imported/roshan_chapter2_painter_hang_banner.ogg-9d2b6a28ee6a3d71a5473c4c47bf6e23.oggvorbisstr remapped: res://.godot/imported/roshan_chapter2_painter_hang_banner.ogg-9d2b6a28ee6a3d71a5473c4c47bf6e23.oggvorbisstr
Completed load for: 'res://assets/audio/voices/filler_v1/roshan_chapter2_painter_hang_banner.ogg' remapped 'res://assets/audio/voices/filler_v1/roshan_chapter2_painter_hang_banner.ogg' at thread -1
VOICE|chapter2_painter_hang_banner cue speaks once: OK|voice_i=30->31
VOICE|chapter2_painter_hang_banner cue resolves exact clip: OK|expected=res://assets/audio/voices/filler_v1/roshan_chapter2_painter_hang_banner.ogg actual=res://assets/audio/voices/filler_v1/roshan_chapter2_painter_hang_banner.ogg
VOICE|one speech channel after changed objective chapter2_painter_hang_banner: OK|
Loading resource: res://assets/audio/voices/filler_v1/roshan_chapter2_route_painter.ogg remapped: res://assets/audio/voices/filler_v1/roshan_chapter2_route_painter.ogg
Loading resource: res://.godot/imported/roshan_chapter2_route_painter.ogg-3a9f3f136f7c6ab39bf8b1675b70df74.oggvorbisstr remapped: res://.godot/imported/roshan_chapter2_route_painter.ogg-3a9f3f136f7c6ab39bf8b1675b70df74.oggvorbisstr
Completed load for: 'res://assets/audio/voices/filler_v1/roshan_chapter2_route_painter.ogg' remapped 'res://assets/audio/voices/filler_v1/roshan_chapter2_route_painter.ogg' at thread -1
VOICE|chapter2_route_painter cue speaks once: OK|voice_i=31->32
VOICE|chapter2_route_painter cue resolves exact clip: OK|expected=res://assets/audio/voices/filler_v1/roshan_chapter2_route_painter.ogg actual=res://assets/audio/voices/filler_v1/roshan_chapter2_route_painter.ogg
VOICE|one speech channel after changed objective chapter2_route_painter: OK|
Loading resource: res://assets/audio/voices/filler_v1/roshan_chapter2_ballerina_stuffies_mirror.ogg remapped: res://assets/audio/voices/filler_v1/roshan_chapter2_ballerina_stuffies_mirror.ogg
Loading resource: res://.godot/imported/roshan_chapter2_ballerina_stuffies_mirror.ogg-c3bb9f17b47e8bd3c3c7a2e226e0030a.oggvorbisstr remapped: res://.godot/imported/roshan_chapter2_ballerina_stuffies_mirror.ogg-c3bb9f17b47e8bd3c3c7a2e226e0030a.oggvorbisstr
Completed load for: 'res://assets/audio/voices/filler_v1/roshan_chapter2_ballerina_stuffies_mirror.ogg' remapped 'res://assets/audio/voices/filler_v1/roshan_chapter2_ballerina_stuffies_mirror.ogg' at thread -1
VOICE|chapter2_ballerina_stuffies_mirror cue speaks once: OK|voice_i=32->33
VOICE|chapter2_ballerina_stuffies_mirror cue resolves exact clip: OK|expected=res://assets/audio/voices/filler_v1/roshan_chapter2_ballerina_stuffies_mirror.ogg actual=res://assets/audio/voices/filler_v1/roshan_chapter2_ballerina_stuffies_mirror.ogg
VOICE|one speech channel after changed objective chapter2_ballerina_stuffies_mirror: OK|
Loading resource: res://assets/audio/voices/filler_v1/roshan_op_ballerina_ribbon.ogg remapped: res://assets/audio/voices/filler_v1/roshan_op_ballerina_ribbon.ogg
Loading resource: res://.godot/imported/roshan_op_ballerina_ribbon.ogg-bca4c22233d1ff81849cb5c2ebbb92eb.oggvorbisstr remapped: res://.godot/imported/roshan_op_ballerina_ribbon.ogg-bca4c22233d1ff81849cb5c2ebbb92eb.oggvorbisstr
Completed load for: 'res://assets/audio/voices/filler_v1/roshan_op_ballerina_ribbon.ogg' remapped 'res://assets/audio/voices/filler_v1/roshan_op_ballerina_ribbon.ogg' at thread -1
VOICE|op_ballerina_ribbon cue speaks once: OK|voice_i=33->34
VOICE|op_ballerina_ribbon cue resolves exact clip: OK|expected=res://assets/audio/voices/filler_v1/roshan_op_ballerina_ribbon.ogg actual=res://assets/audio/voices/filler_v1/roshan_op_ballerina_ribbon.ogg
VOICE|one speech channel after changed objective op_ballerina_ribbon: OK|
Loading resource: res://assets/audio/voices/filler_v1/roshan_op_ballerina_twirl.ogg remapped: res://assets/audio/voices/filler_v1/roshan_op_ballerina_twirl.ogg
Loading resource: res://.godot/imported/roshan_op_ballerina_twirl.ogg-7a69ace870ebb35b9310eca2818bcad7.oggvorbisstr remapped: res://.godot/imported/roshan_op_ballerina_twirl.ogg-7a69ace870ebb35b9310eca2818bcad7.oggvorbisstr
Completed load for: 'res://assets/audio/voices/filler_v1/roshan_op_ballerina_twirl.ogg' remapped 'res://assets/audio/voices/filler_v1/roshan_op_ballerina_twirl.ogg' at thread -1
VOICE|op_ballerina_twirl cue speaks once: OK|voice_i=34->35
VOICE|op_ballerina_twirl cue resolves exact clip: OK|expected=res://assets/audio/voices/filler_v1/roshan_op_ballerina_twirl.ogg actual=res://assets/audio/voices/filler_v1/roshan_op_ballerina_twirl.ogg
VOICE|one speech channel after changed objective op_ballerina_twirl: OK|
Loading resource: res://assets/audio/voices/filler_v1/roshan_chapter2_route_ballerina.ogg remapped: res://assets/audio/voices/filler_v1/roshan_chapter2_route_ballerina.ogg
Loading resource: res://.godot/imported/roshan_chapter2_route_ballerina.ogg-6f08d882c21c4427dc842fe91bcb20cc.oggvorbisstr remapped: res://.godot/imported/roshan_chapter2_route_ballerina.ogg-6f08d882c21c4427dc842fe91bcb20cc.oggvorbisstr
Completed load for: 'res://assets/audio/voices/filler_v1/roshan_chapter2_route_ballerina.ogg' remapped 'res://assets/audio/voices/filler_v1/roshan_chapter2_route_ballerina.ogg' at thread -1
VOICE|chapter2_route_ballerina cue speaks once: OK|voice_i=35->36
VOICE|chapter2_route_ballerina cue resolves exact clip: OK|expected=res://assets/audio/voices/filler_v1/roshan_chapter2_route_ballerina.ogg actual=res://assets/audio/voices/filler_v1/roshan_chapter2_route_ballerina.ogg
VOICE|one speech channel after changed objective chapter2_route_ballerina: OK|
Loading resource: res://assets/audio/voices/filler_v1/roshan_op_popstar_sound_check_stage.ogg remapped: res://assets/audio/voices/filler_v1/roshan_op_popstar_sound_check_stage.ogg
Loading resource: res://.godot/imported/roshan_op_popstar_sound_check_stage.ogg-deccbcc0bab32affdd7a990c30cbb478.oggvorbisstr remapped: res://.godot/imported/roshan_op_popstar_sound_check_stage.ogg-deccbcc0bab32affdd7a990c30cbb478.oggvorbisstr
Completed load for: 'res://assets/audio/voices/filler_v1/roshan_op_popstar_sound_check_stage.ogg' remapped 'res://assets/audio/voices/filler_v1/roshan_op_popstar_sound_check_stage.ogg' at thread -1
VOICE|op_popstar_sound_check_stage cue speaks once: OK|voice_i=36->37
VOICE|op_popstar_sound_check_stage cue resolves exact clip: OK|expected=res://assets/audio/voices/filler_v1/roshan_op_popstar_sound_check_stage.ogg actual=res://assets/audio/voices/filler_v1/roshan_op_popstar_sound_check_stage.ogg
VOICE|one speech channel after changed objective op_popstar_sound_check_stage: OK|
Loading resource: res://assets/audio/voices/filler_v1/roshan_op_popstar_dance.ogg remapped: res://assets/audio/voices/filler_v1/roshan_op_popstar_dance.ogg
Loading resource: res://.godot/imported/roshan_op_popstar_dance.ogg-67611ef1d575efb505e186b59d58cd6a.oggvorbisstr remapped: res://.godot/imported/roshan_op_popstar_dance.ogg-67611ef1d575efb505e186b59d58cd6a.oggvorbisstr
Completed load for: 'res://assets/audio/voices/filler_v1/roshan_op_popstar_dance.ogg' remapped 'res://assets/audio/voices/filler_v1/roshan_op_popstar_dance.ogg' at thread -1
VOICE|op_popstar_dance cue speaks once: OK|voice_i=37->38
VOICE|op_popstar_dance cue resolves exact clip: OK|expected=res://assets/audio/voices/filler_v1/roshan_op_popstar_dance.ogg actual=res://assets/audio/voices/filler_v1/roshan_op_popstar_dance.ogg
VOICE|one speech channel after changed objective op_popstar_dance: OK|
Loading resource: res://assets/audio/voices/filler_v1/roshan_op_popstar_rhythm_stage.ogg remapped: res://assets/audio/voices/filler_v1/roshan_op_popstar_rhythm_stage.ogg
Loading resource: res://.godot/imported/roshan_op_popstar_rhythm_stage.ogg-e2a8df7b60da24d221061408ac7a2077.oggvorbisstr remapped: res://.godot/imported/roshan_op_popstar_rhythm_stage.ogg-e2a8df7b60da24d221061408ac7a2077.oggvorbisstr
Completed load for: 'res://assets/audio/voices/filler_v1/roshan_op_popstar_rhythm_stage.ogg' remapped 'res://assets/audio/voices/filler_v1/roshan_op_popstar_rhythm_stage.ogg' at thread -1
VOICE|op_popstar_rhythm_stage cue speaks once: OK|voice_i=38->39
VOICE|op_popstar_rhythm_stage cue resolves exact clip: OK|expected=res://assets/audio/voices/filler_v1/roshan_op_popstar_rhythm_stage.ogg actual=res://assets/audio/voices/filler_v1/roshan_op_popstar_rhythm_stage.ogg
VOICE|one speech channel after changed objective op_popstar_rhythm_stage: OK|
Loading resource: res://assets/audio/voices/filler_v1/roshan_op_popstar_encore_stage.ogg remapped: res://assets/audio/voices/filler_v1/roshan_op_popstar_encore_stage.ogg
Loading resource: res://.godot/imported/roshan_op_popstar_encore_stage.ogg-4e2cb789dbacf0d154d0bf9dc24886e2.oggvorbisstr remapped: res://.godot/imported/roshan_op_popstar_encore_stage.ogg-4e2cb789dbacf0d154d0bf9dc24886e2.oggvorbisstr
Completed load for: 'res://assets/audio/voices/filler_v1/roshan_op_popstar_encore_stage.ogg' remapped 'res://assets/audio/voices/filler_v1/roshan_op_popstar_encore_stage.ogg' at thread -1
VOICE|op_popstar_encore_stage cue speaks once: OK|voice_i=39->40
VOICE|op_popstar_encore_stage cue resolves exact clip: OK|expected=res://assets/audio/voices/filler_v1/roshan_op_popstar_encore_stage.ogg actual=res://assets/audio/voices/filler_v1/roshan_op_popstar_encore_stage.ogg
VOICE|one speech channel after changed objective op_popstar_encore_stage: OK|
Loading resource: res://assets/audio/voices/filler_v1/roshan_chapter2_route_popstar.ogg remapped: res://assets/audio/voices/filler_v1/roshan_chapter2_route_popstar.ogg
Loading resource: res://.godot/imported/roshan_chapter2_route_popstar.ogg-c567df0b361543f8cde9a894e9e4534f.oggvorbisstr remapped: res://.godot/imported/roshan_chapter2_route_popstar.ogg-c567df0b361543f8cde9a894e9e4534f.oggvorbisstr
Completed load for: 'res://assets/audio/voices/filler_v1/roshan_chapter2_route_popstar.ogg' remapped 'res://assets/audio/voices/filler_v1/roshan_chapter2_route_popstar.ogg' at thread -1
VOICE|chapter2_route_popstar cue speaks once: OK|voice_i=40->41
VOICE|chapter2_route_popstar cue resolves exact clip: OK|expected=res://assets/audio/voices/filler_v1/roshan_chapter2_route_popstar.ogg actual=res://assets/audio/voices/filler_v1/roshan_chapter2_route_popstar.ogg
VOICE|one speech channel after changed objective chapter2_route_popstar: OK|
Loading resource: res://assets/audio/voices/filler_v1/roshan_op_astronaut_pipes_stage.ogg remapped: res://assets/audio/voices/filler_v1/roshan_op_astronaut_pipes_stage.ogg
Loading resource: res://.godot/imported/roshan_op_astronaut_pipes_stage.ogg-111a41b8559f4db0b7331a289d5c1e81.oggvorbisstr remapped: res://.godot/imported/roshan_op_astronaut_pipes_stage.ogg-111a41b8559f4db0b7331a289d5c1e81.oggvorbisstr
Completed load for: 'res://assets/audio/voices/filler_v1/roshan_op_astronaut_pipes_stage.ogg' remapped 'res://assets/audio/voices/filler_v1/roshan_op_astronaut_pipes_stage.ogg' at thread -1
VOICE|op_astronaut_pipes_stage cue speaks once: OK|voice_i=41->42
VOICE|op_astronaut_pipes_stage cue resolves exact clip: OK|expected=res://assets/audio/voices/filler_v1/roshan_op_astronaut_pipes_stage.ogg actual=res://assets/audio/voices/filler_v1/roshan_op_astronaut_pipes_stage.ogg
VOICE|one speech channel after changed objective op_astronaut_pipes_stage: OK|
Loading resource: res://assets/audio/voices/filler_v1/roshan_op_astronaut_patch_stage.ogg remapped: res://assets/audio/voices/filler_v1/roshan_op_astronaut_patch_stage.ogg
Loading resource: res://.godot/imported/roshan_op_astronaut_patch_stage.ogg-44bb6323e6be364330e3895943a7a5cb.oggvorbisstr remapped: res://.godot/imported/roshan_op_astronaut_patch_stage.ogg-44bb6323e6be364330e3895943a7a5cb.oggvorbisstr
Completed load for: 'res://assets/audio/voices/filler_v1/roshan_op_astronaut_patch_stage.ogg' remapped 'res://assets/audio/voices/filler_v1/roshan_op_astronaut_patch_stage.ogg' at thread -1
VOICE|op_astronaut_patch_stage cue speaks once: OK|voice_i=42->43
VOICE|op_astronaut_patch_stage cue resolves exact clip: OK|expected=res://assets/audio/voices/filler_v1/roshan_op_astronaut_patch_stage.ogg actual=res://assets/audio/voices/filler_v1/roshan_op_astronaut_patch_stage.ogg
VOICE|one speech channel after changed objective op_astronaut_patch_stage: OK|
Loading resource: res://assets/audio/voices/filler_v1/roshan_op_astronaut_valve.ogg remapped: res://assets/audio/voices/filler_v1/roshan_op_astronaut_valve.ogg
Loading resource: res://.godot/imported/roshan_op_astronaut_valve.ogg-20208bf65f2c40bb550a65a347c8d392.oggvorbisstr remapped: res://.godot/imported/roshan_op_astronaut_valve.ogg-20208bf65f2c40bb550a65a347c8d392.oggvorbisstr
Completed load for: 'res://assets/audio/voices/filler_v1/roshan_op_astronaut_valve.ogg' remapped 'res://assets/audio/voices/filler_v1/roshan_op_astronaut_valve.ogg' at thread -1
VOICE|op_astronaut_valve cue speaks once: OK|voice_i=43->44
VOICE|op_astronaut_valve cue resolves exact clip: OK|expected=res://assets/audio/voices/filler_v1/roshan_op_astronaut_valve.ogg actual=res://assets/audio/voices/filler_v1/roshan_op_astronaut_valve.ogg
VOICE|one speech channel after changed objective op_astronaut_valve: OK|
Loading resource: res://assets/audio/voices/filler_v1/roshan_chapter2_astronaut_ready_park.ogg remapped: res://assets/audio/voices/filler_v1/roshan_chapter2_astronaut_ready_park.ogg
Loading resource: res://.godot/imported/roshan_chapter2_astronaut_ready_park.ogg-82e8ee54af7950335890bf15ffdd112e.oggvorbisstr remapped: res://.godot/imported/roshan_chapter2_astronaut_ready_park.ogg-82e8ee54af7950335890bf15ffdd112e.oggvorbisstr
Completed load for: 'res://assets/audio/voices/filler_v1/roshan_chapter2_astronaut_ready_park.ogg' remapped 'res://assets/audio/voices/filler_v1/roshan_chapter2_astronaut_ready_park.ogg' at thread -1
VOICE|chapter2_astronaut_ready_park cue speaks once: OK|voice_i=44->45
VOICE|chapter2_astronaut_ready_park cue resolves exact clip: OK|expected=res://assets/audio/voices/filler_v1/roshan_chapter2_astronaut_ready_park.ogg actual=res://assets/audio/voices/filler_v1/roshan_chapter2_astronaut_ready_park.ogg
VOICE|one speech channel after changed objective chapter2_astronaut_ready_park: OK|
Loading resource: res://assets/audio/voices/filler_v1/roshan_chapter2_route_astronaut.ogg remapped: res://assets/audio/voices/filler_v1/roshan_chapter2_route_astronaut.ogg
Loading resource: res://.godot/imported/roshan_chapter2_route_astronaut.ogg-f790c9757e00caae4ff6f809463e3f64.oggvorbisstr remapped: res://.godot/imported/roshan_chapter2_route_astronaut.ogg-f790c9757e00caae4ff6f809463e3f64.oggvorbisstr
Completed load for: 'res://assets/audio/voices/filler_v1/roshan_chapter2_route_astronaut.ogg' remapped 'res://assets/audio/voices/filler_v1/roshan_chapter2_route_astronaut.ogg' at thread -1
VOICE|chapter2_route_astronaut cue speaks once: OK|voice_i=45->46
VOICE|chapter2_route_astronaut cue resolves exact clip: OK|expected=res://assets/audio/voices/filler_v1/roshan_chapter2_route_astronaut.ogg actual=res://assets/audio/voices/filler_v1/roshan_chapter2_route_astronaut.ogg
VOICE|one speech channel after changed objective chapter2_route_astronaut: OK|
Loading resource: res://assets/audio/voices/filler_v1/roshan_op_detective_lens_stage.ogg remapped: res://assets/audio/voices/filler_v1/roshan_op_detective_lens_stage.ogg
Loading resource: res://.godot/imported/roshan_op_detective_lens_stage.ogg-9843cde0f86f1d5d53e992d30a7cb712.oggvorbisstr remapped: res://.godot/imported/roshan_op_detective_lens_stage.ogg-9843cde0f86f1d5d53e992d30a7cb712.oggvorbisstr
Completed load for: 'res://assets/audio/voices/filler_v1/roshan_op_detective_lens_stage.ogg' remapped 'res://assets/audio/voices/filler_v1/roshan_op_detective_lens_stage.ogg' at thread -1
VOICE|op_detective_lens_stage cue speaks once: OK|voice_i=46->47
VOICE|op_detective_lens_stage cue resolves exact clip: OK|expected=res://assets/audio/voices/filler_v1/roshan_op_detective_lens_stage.ogg actual=res://assets/audio/voices/filler_v1/roshan_op_detective_lens_stage.ogg
VOICE|one speech channel after changed objective op_detective_lens_stage: OK|
Loading resource: res://assets/audio/voices/filler_v1/roshan_op_detective_match.ogg remapped: res://assets/audio/voices/filler_v1/roshan_op_detective_match.ogg
Loading resource: res://.godot/imported/roshan_op_detective_match.ogg-6fc3a52ce1ac6996511fb6335521b376.oggvorbisstr remapped: res://.godot/imported/roshan_op_detective_match.ogg-6fc3a52ce1ac6996511fb6335521b376.oggvorbisstr
Completed load for: 'res://assets/audio/voices/filler_v1/roshan_op_detective_match.ogg' remapped 'res://assets/audio/voices/filler_v1/roshan_op_detective_match.ogg' at thread -1
VOICE|op_detective_match cue speaks once: OK|voice_i=47->48
VOICE|op_detective_match cue resolves exact clip: OK|expected=res://assets/audio/voices/filler_v1/roshan_op_detective_match.ogg actual=res://assets/audio/voices/filler_v1/roshan_op_detective_match.ogg
VOICE|one speech channel after changed objective op_detective_match: OK|
Loading resource: res://assets/audio/voices/filler_v1/roshan_chapter2_detective_unlit_rainbow_candle_reveal.ogg remapped: res://assets/audio/voices/filler_v1/roshan_chapter2_detective_unlit_rainbow_candle_reveal.ogg
Loading resource: res://.godot/imported/roshan_chapter2_detective_unlit_rainbow_candle_reveal.ogg-a92de04e1eb8898916241425caf793ee.oggvorbisstr remapped: res://.godot/imported/roshan_chapter2_detective_unlit_rainbow_candle_reveal.ogg-a92de04e1eb8898916241425caf793ee.oggvorbisstr
Completed load for: 'res://assets/audio/voices/filler_v1/roshan_chapter2_detective_unlit_rainbow_candle_reveal.ogg' remapped 'res://assets/audio/voices/filler_v1/roshan_chapter2_detective_unlit_rainbow_candle_reveal.ogg' at thread -1
VOICE|chapter2_detective_unlit_rainbow_candle_reveal cue speaks once: OK|voice_i=48->49
VOICE|chapter2_detective_unlit_rainbow_candle_reveal cue resolves exact clip: OK|expected=res://assets/audio/voices/filler_v1/roshan_chapter2_detective_unlit_rainbow_candle_reveal.ogg actual=res://assets/audio/voices/filler_v1/roshan_chapter2_detective_unlit_rainbow_candle_reveal.ogg
VOICE|one speech channel after changed objective chapter2_detective_unlit_rainbow_candle_reveal: OK|
Loading resource: res://assets/audio/voices/filler_v1/roshan_chapter2_route_detective.ogg remapped: res://assets/audio/voices/filler_v1/roshan_chapter2_route_detective.ogg
Loading resource: res://.godot/imported/roshan_chapter2_route_detective.ogg-b9364444efce6a9d693a79998cd73c05.oggvorbisstr remapped: res://.godot/imported/roshan_chapter2_route_detective.ogg-b9364444efce6a9d693a79998cd73c05.oggvorbisstr
Completed load for: 'res://assets/audio/voices/filler_v1/roshan_chapter2_route_detective.ogg' remapped 'res://assets/audio/voices/filler_v1/roshan_chapter2_route_detective.ogg' at thread -1
VOICE|chapter2_route_detective cue speaks once: OK|voice_i=49->50
VOICE|chapter2_route_detective cue resolves exact clip: OK|expected=res://assets/audio/voices/filler_v1/roshan_chapter2_route_detective.ogg actual=res://assets/audio/voices/filler_v1/roshan_chapter2_route_detective.ogg
VOICE|one speech channel after changed objective chapter2_route_detective: OK|
Loading resource: res://assets/audio/voices/filler_v1/roshan_chapter2_party_ready.ogg remapped: res://assets/audio/voices/filler_v1/roshan_chapter2_party_ready.ogg
Loading resource: res://.godot/imported/roshan_chapter2_party_ready.ogg-b50fcd28a3bbdada6b85be11fa60cd09.oggvorbisstr remapped: res://.godot/imported/roshan_chapter2_party_ready.ogg-b50fcd28a3bbdada6b85be11fa60cd09.oggvorbisstr
Completed load for: 'res://assets/audio/voices/filler_v1/roshan_chapter2_party_ready.ogg' remapped 'res://assets/audio/voices/filler_v1/roshan_chapter2_party_ready.ogg' at thread -1
VOICE|chapter2_party_ready cue speaks once: OK|voice_i=50->51
VOICE|chapter2_party_ready cue resolves exact clip: OK|expected=res://assets/audio/voices/filler_v1/roshan_chapter2_party_ready.ogg actual=res://assets/audio/voices/filler_v1/roshan_chapter2_party_ready.ogg
VOICE|one speech channel after changed objective chapter2_party_ready: OK|
Loading resource: res://assets/audio/voices/filler_v1/roshan_chapter2_ember_clue.ogg remapped: res://assets/audio/voices/filler_v1/roshan_chapter2_ember_clue.ogg
Loading resource: res://.godot/imported/roshan_chapter2_ember_clue.ogg-2c249fbd3e6f0feb8c3c61a00a3c7e2c.oggvorbisstr remapped: res://.godot/imported/roshan_chapter2_ember_clue.ogg-2c249fbd3e6f0feb8c3c61a00a3c7e2c.oggvorbisstr
Completed load for: 'res://assets/audio/voices/filler_v1/roshan_chapter2_ember_clue.ogg' remapped 'res://assets/audio/voices/filler_v1/roshan_chapter2_ember_clue.ogg' at thread -1
VOICE|chapter2_ember_clue cue speaks once: OK|voice_i=51->52
VOICE|chapter2_ember_clue cue resolves exact clip: OK|expected=res://assets/audio/voices/filler_v1/roshan_chapter2_ember_clue.ogg actual=res://assets/audio/voices/filler_v1/roshan_chapter2_ember_clue.ogg
VOICE|one speech channel after changed objective chapter2_ember_clue: OK|
VOICE|missing exact Day Two cue is silent without generic fallback: OK|
Loading resource: res://assets/audio/voices/filler_v1/roshan_op_racer_tune_up_stage.ogg remapped: res://assets/audio/voices/filler_v1/roshan_op_racer_tune_up_stage.ogg
Loading resource: res://.godot/imported/roshan_op_racer_tune_up_stage.ogg-742b7b40283f025d970622be29f2a737.oggvorbisstr remapped: res://.godot/imported/roshan_op_racer_tune_up_stage.ogg-742b7b40283f025d970622be29f2a737.oggvorbisstr
Completed load for: 'res://assets/audio/voices/filler_v1/roshan_op_racer_tune_up_stage.ogg' remapped 'res://assets/audio/voices/filler_v1/roshan_op_racer_tune_up_stage.ogg' at thread -1
VOICE|op_racer_tune_up_stage cue speaks once: OK|voice_i=53->54
VOICE|op_racer_tune_up_stage cue resolves exact clip: OK|expected=res://assets/audio/voices/filler_v1/roshan_op_racer_tune_up_stage.ogg actual=res://assets/audio/voices/filler_v1/roshan_op_racer_tune_up_stage.ogg
VOICE|new Opera objective replaces required Day Two route without overlap: OK|
VOICE|generic Opera talk cannot replace required Day Two instruction: OK|
VOICE|generic Opera win cannot replace required Day Two instruction: OK|
VOICE|generic Opera pearl cannot replace required Day Two instruction: OK|
VOICE|result: ALL OK
XR: Clearing primary interface
XR: Removed interface "Native mobile"
XR: Removed interface "OpenXR"
