WorkerThreadPool: 12 threads, 3 max low-priority.
Godot Engine v4.7.2.stable.official.ed1daf0bf - https://godotengine.org
TextServer: Added interface "Dummy"
TextServer: Added interface "ICU / HarfBuzz / Graphite (Built-in)"
Using "default" pen tablet driver...

TextServer: Primary interface set to: "ICU / HarfBuzz / Graphite (Built-in)".
Loading resource: res://default_bus_layout.tres remapped: res://default_bus_layout.tres
Completed load for: 'res://default_bus_layout.tres' remapped 'res://default_bus_layout.tres' at thread -1
CORE API HASH: 2004498165
EDITOR API HASH: 1696660745
Loading resource: res://scripts/probe_chapter2.gd remapped: res://scripts/probe_chapter2.gd
Loading resource: res://shaders/castle_fixture_bloom.gdshader remapped: res://shaders/castle_fixture_bloom.gdshader
Completed load for: 'res://shaders/castle_fixture_bloom.gdshader' remapped 'res://shaders/castle_fixture_bloom.gdshader' at thread -1
Loading resource: res://assets/characters/roshan_25d/roshan_directional.png remapped: res://assets/characters/roshan_25d/roshan_directional.png
Loading resource: res://.godot/imported/roshan_directional.png-d625ae71ef68ca7b79f00f48e0d76cbb.s3tc.ctex remapped: res://.godot/imported/roshan_directional.png-d625ae71ef68ca7b79f00f48e0d76cbb.s3tc.ctex
Completed load for: 'res://assets/characters/roshan_25d/roshan_directional.png' remapped 'res://assets/characters/roshan_25d/roshan_directional.png' at thread -1
Loading resource: res://assets/characters/roshan_25d/roshan_swim_front.png remapped: res://assets/characters/roshan_25d/roshan_swim_front.png
Loading resource: res://.godot/imported/roshan_swim_front.png-42175e9e171cd7007cff3a9ae801e389.s3tc.ctex remapped: res://.godot/imported/roshan_swim_front.png-42175e9e171cd7007cff3a9ae801e389.s3tc.ctex
Completed load for: 'res://assets/characters/roshan_25d/roshan_swim_front.png' remapped 'res://assets/characters/roshan_25d/roshan_swim_front.png' at thread -1
Loading resource: res://assets/characters/roshan_25d/roshan_swim_back.png remapped: res://assets/characters/roshan_25d/roshan_swim_back.png
Loading resource: res://.godot/imported/roshan_swim_back.png-e93afa07bbddede1e856e92c5cdc462a.s3tc.ctex remapped: res://.godot/imported/roshan_swim_back.png-e93afa07bbddede1e856e92c5cdc462a.s3tc.ctex
Completed load for: 'res://assets/characters/roshan_25d/roshan_swim_back.png' remapped 'res://assets/characters/roshan_25d/roshan_swim_back.png' at thread -1
Loading resource: res://assets/flats/castle/rooms/room_actor_shadow.png remapped: res://assets/flats/castle/rooms/room_actor_shadow.png
Loading resource: res://.godot/imported/room_actor_shadow.png-f1d04727dc138f663653a3117bb0a06a.s3tc.ctex remapped: res://.godot/imported/room_actor_shadow.png-f1d04727dc138f663653a3117bb0a06a.s3tc.ctex
Completed load for: 'res://assets/flats/castle/rooms/room_actor_shadow.png' remapped 'res://assets/flats/castle/rooms/room_actor_shadow.png' at thread -1
Loading resource: res://assets/castle/dirty_cleanup_2d/effects/fx_soap_bubbles.png remapped: res://assets/castle/dirty_cleanup_2d/effects/fx_soap_bubbles.png
Loading resource: res://.godot/imported/fx_soap_bubbles.png-8f04cce33abb3c3312d7afe57e1021e1.ctex remapped: res://.godot/imported/fx_soap_bubbles.png-8f04cce33abb3c3312d7afe57e1021e1.ctex
Completed load for: 'res://assets/castle/dirty_cleanup_2d/effects/fx_soap_bubbles.png' remapped 'res://assets/castle/dirty_cleanup_2d/effects/fx_soap_bubbles.png' at thread -1
Loading resource: res://assets/shaders/castle_fixture_water.gdshader remapped: res://assets/shaders/castle_fixture_water.gdshader
Completed load for: 'res://assets/shaders/castle_fixture_water.gdshader' remapped 'res://assets/shaders/castle_fixture_water.gdshader' at thread -1
Loading resource: res://assets/terrain/up_water_nrm.jpg remapped: res://assets/terrain/up_water_nrm.jpg
Loading resource: res://.godot/imported/up_water_nrm.jpg-17f81a1afbb895061d198f7cd6fac5ca.ctex remapped: res://.godot/imported/up_water_nrm.jpg-17f81a1afbb895061d198f7cd6fac5ca.ctex
Completed load for: 'res://assets/terrain/up_water_nrm.jpg' remapped 'res://assets/terrain/up_water_nrm.jpg' at thread -1
Loading resource: res://assets/terrain/caustics.png remapped: res://assets/terrain/caustics.png
Loading resource: res://.godot/imported/caustics.png-3a5cbbf4f913abf47849e57640465f02.s3tc.ctex remapped: res://.godot/imported/caustics.png-3a5cbbf4f913abf47849e57640465f02.s3tc.ctex
Completed load for: 'res://assets/terrain/caustics.png' remapped 'res://assets/terrain/caustics.png' at thread -1
Loading resource: res://assets/sprites/fx_water/fx_water_bubble_burst_atlas.png remapped: res://assets/sprites/fx_water/fx_water_bubble_burst_atlas.png
Loading resource: res://.godot/imported/fx_water_bubble_burst_atlas.png-6756054a8ce0da3a133c2d2926db3fe9.s3tc.ctex remapped: res://.godot/imported/fx_water_bubble_burst_atlas.png-6756054a8ce0da3a133c2d2926db3fe9.s3tc.ctex
Completed load for: 'res://assets/sprites/fx_water/fx_water_bubble_burst_atlas.png' remapped 'res://assets/sprites/fx_water/fx_water_bubble_burst_atlas.png' at thread -1
Loading resource: res://assets/sprites/fx_water/fx_water_splash_medium_atlas.png remapped: res://assets/sprites/fx_water/fx_water_splash_medium_atlas.png
Loading resource: res://.godot/imported/fx_water_splash_medium_atlas.png-e51a9350ed55a41c49ea3d00f22151f4.s3tc.ctex remapped: res://.godot/imported/fx_water_splash_medium_atlas.png-e51a9350ed55a41c49ea3d00f22151f4.s3tc.ctex
Completed load for: 'res://assets/sprites/fx_water/fx_water_splash_medium_atlas.png' remapped 'res://assets/sprites/fx_water/fx_water_splash_medium_atlas.png' at thread -1
Loading resource: res://assets/flats/castle/logo_studio_v2/castle_banner_pink.png remapped: res://assets/flats/castle/logo_studio_v2/castle_banner_pink.png
Loading resource: res://.godot/imported/castle_banner_pink.png-1f07d5f169916030a25ffc843a00a097.ctex remapped: res://.godot/imported/castle_banner_pink.png-1f07d5f169916030a25ffc843a00a097.ctex
Completed load for: 'res://assets/flats/castle/logo_studio_v2/castle_banner_pink.png' remapped 'res://assets/flats/castle/logo_studio_v2/castle_banner_pink.png' at thread -1
Loading resource: res://assets/flats/castle/logo_studio_v2/castle_banner_gold.png remapped: res://assets/flats/castle/logo_studio_v2/castle_banner_gold.png
Loading resource: res://.godot/imported/castle_banner_gold.png-5442446e7bc3ba706d422fcbb4922333.ctex remapped: res://.godot/imported/castle_banner_gold.png-5442446e7bc3ba706d422fcbb4922333.ctex
Completed load for: 'res://assets/flats/castle/logo_studio_v2/castle_banner_gold.png' remapped 'res://assets/flats/castle/logo_studio_v2/castle_banner_gold.png' at thread -1
Loading resource: res://assets/flats/castle/logo_studio_v2/castle_banner_mint.png remapped: res://assets/flats/castle/logo_studio_v2/castle_banner_mint.png
Loading resource: res://.godot/imported/castle_banner_mint.png-1bd0912452535d09563f5821ab572aa1.ctex remapped: res://.godot/imported/castle_banner_mint.png-1bd0912452535d09563f5821ab572aa1.ctex
Completed load for: 'res://assets/flats/castle/logo_studio_v2/castle_banner_mint.png' remapped 'res://assets/flats/castle/logo_studio_v2/castle_banner_mint.png' at thread -1
Loading resource: res://assets/flats/castle/logo_studio_v2/castle_banner_ocean.png remapped: res://assets/flats/castle/logo_studio_v2/castle_banner_ocean.png
Loading resource: res://.godot/imported/castle_banner_ocean.png-b4870497f6aa7ef8fd0fa9b03a7817e1.ctex remapped: res://.godot/imported/castle_banner_ocean.png-b4870497f6aa7ef8fd0fa9b03a7817e1.ctex
Completed load for: 'res://assets/flats/castle/logo_studio_v2/castle_banner_ocean.png' remapped 'res://assets/flats/castle/logo_studio_v2/castle_banner_ocean.png' at thread -1
Loading resource: res://assets/flats/castle/logo_studio_v2/castle_banner_purple.png remapped: res://assets/flats/castle/logo_studio_v2/castle_banner_purple.png
Loading resource: res://.godot/imported/castle_banner_purple.png-a711c2ef7be4134e857e2b0804f886f4.ctex remapped: res://.godot/imported/castle_banner_purple.png-a711c2ef7be4134e857e2b0804f886f4.ctex
Completed load for: 'res://assets/flats/castle/logo_studio_v2/castle_banner_purple.png' remapped 'res://assets/flats/castle/logo_studio_v2/castle_banner_purple.png' at thread -1
Loading resource: res://assets/flats/castle/logo_studio_v2/castle_banner_rainbow.png remapped: res://assets/flats/castle/logo_studio_v2/castle_banner_rainbow.png
Loading resource: res://.godot/imported/castle_banner_rainbow.png-51987bbcab3d63a5e6b8856c39d3e1f5.ctex remapped: res://.godot/imported/castle_banner_rainbow.png-51987bbcab3d63a5e6b8856c39d3e1f5.ctex
Completed load for: 'res://assets/flats/castle/logo_studio_v2/castle_banner_rainbow.png' remapped 'res://assets/flats/castle/logo_studio_v2/castle_banner_rainbow.png' at thread -1
Loading resource: res://assets/flats/castle/logo_studio_v2/castle_banner_motif_rainbow.png remapped: res://assets/flats/castle/logo_studio_v2/castle_banner_motif_rainbow.png
Loading resource: res://.godot/imported/castle_banner_motif_rainbow.png-7d37c39c57d9145c1662a600706a0215.ctex remapped: res://.godot/imported/castle_banner_motif_rainbow.png-7d37c39c57d9145c1662a600706a0215.ctex
Completed load for: 'res://assets/flats/castle/logo_studio_v2/castle_banner_motif_rainbow.png' remapped 'res://assets/flats/castle/logo_studio_v2/castle_banner_motif_rainbow.png' at thread -1
Loading resource: res://assets/flats/castle/logo_studio_v2/castle_banner_motif_shell.png remapped: res://assets/flats/castle/logo_studio_v2/castle_banner_motif_shell.png
Loading resource: res://.godot/imported/castle_banner_motif_shell.png-2ded8f0554ad78cbf31ed04692a2e95a.ctex remapped: res://.godot/imported/castle_banner_motif_shell.png-2ded8f0554ad78cbf31ed04692a2e95a.ctex
Completed load for: 'res://assets/flats/castle/logo_studio_v2/castle_banner_motif_shell.png' remapped 'res://assets/flats/castle/logo_studio_v2/castle_banner_motif_shell.png' at thread -1
Loading resource: res://assets/flats/castle/logo_studio_v2/castle_banner_motif_kitty.png remapped: res://assets/flats/castle/logo_studio_v2/castle_banner_motif_kitty.png
Loading resource: res://.godot/imported/castle_banner_motif_kitty.png-476ecb445ef20b8f0ee562bf74ffc1f3.ctex remapped: res://.godot/imported/castle_banner_motif_kitty.png-476ecb445ef20b8f0ee562bf74ffc1f3.ctex
Completed load for: 'res://assets/flats/castle/logo_studio_v2/castle_banner_motif_kitty.png' remapped 'res://assets/flats/castle/logo_studio_v2/castle_banner_motif_kitty.png' at thread -1
Loading resource: res://assets/flats/castle/logo_studio_v2/castle_banner_motif_dog.png remapped: res://assets/flats/castle/logo_studio_v2/castle_banner_motif_dog.png
Loading resource: res://.godot/imported/castle_banner_motif_dog.png-f60e00a475feefbed7e6b7b03314b4e3.ctex remapped: res://.godot/imported/castle_banner_motif_dog.png-f60e00a475feefbed7e6b7b03314b4e3.ctex
Completed load for: 'res://assets/flats/castle/logo_studio_v2/castle_banner_motif_dog.png' remapped 'res://assets/flats/castle/logo_studio_v2/castle_banner_motif_dog.png' at thread -1
Loading resource: res://assets/flats/castle/logo_studio_v2/castle_banner_motif_star.png remapped: res://assets/flats/castle/logo_studio_v2/castle_banner_motif_star.png
Loading resource: res://.godot/imported/castle_banner_motif_star.png-c2920063905028bbe428c242038dc858.ctex remapped: res://.godot/imported/castle_banner_motif_star.png-c2920063905028bbe428c242038dc858.ctex
Completed load for: 'res://assets/flats/castle/logo_studio_v2/castle_banner_motif_star.png' remapped 'res://assets/flats/castle/logo_studio_v2/castle_banner_motif_star.png' at thread -1
Loading resource: res://assets/flats/castle/logo_studio_v2/castle_banner_motif_heart.png remapped: res://assets/flats/castle/logo_studio_v2/castle_banner_motif_heart.png
Loading resource: res://.godot/imported/castle_banner_motif_heart.png-1e2c41e7d0fee88319aa5e07bebb840c.ctex remapped: res://.godot/imported/castle_banner_motif_heart.png-1e2c41e7d0fee88319aa5e07bebb840c.ctex
Completed load for: 'res://assets/flats/castle/logo_studio_v2/castle_banner_motif_heart.png' remapped 'res://assets/flats/castle/logo_studio_v2/castle_banner_motif_heart.png' at thread -1
Loading resource: res://assets/flats/castle/logo_studio_v2/castle_banner_motif_crown.png remapped: res://assets/flats/castle/logo_studio_v2/castle_banner_motif_crown.png
Loading resource: res://.godot/imported/castle_banner_motif_crown.png-a6e77f1d9ed0122ac2aa4567a6832a08.ctex remapped: res://.godot/imported/castle_banner_motif_crown.png-a6e77f1d9ed0122ac2aa4567a6832a08.ctex
Completed load for: 'res://assets/flats/castle/logo_studio_v2/castle_banner_motif_crown.png' remapped 'res://assets/flats/castle/logo_studio_v2/castle_banner_motif_crown.png' at thread -1
Loading resource: res://assets/flats/castle/logo_studio_v2/castle_banner_motif_butterfly.png remapped: res://assets/flats/castle/logo_studio_v2/castle_banner_motif_butterfly.png
Loading resource: res://.godot/imported/castle_banner_motif_butterfly.png-862a1cf8dacc6daab2058d435ea0ad5f.ctex remapped: res://.godot/imported/castle_banner_motif_butterfly.png-862a1cf8dacc6daab2058d435ea0ad5f.ctex
Completed load for: 'res://assets/flats/castle/logo_studio_v2/castle_banner_motif_butterfly.png' remapped 'res://assets/flats/castle/logo_studio_v2/castle_banner_motif_butterfly.png' at thread -1
Loading resource: res://assets/castle/training/ghost_hand.png remapped: res://assets/castle/training/ghost_hand.png
Loading resource: res://.godot/imported/ghost_hand.png-1de3e3644c9a46e5892c5a8fa86dad01.ctex remapped: res://.godot/imported/ghost_hand.png-1de3e3644c9a46e5892c5a8fa86dad01.ctex
Completed load for: 'res://assets/castle/training/ghost_hand.png' remapped 'res://assets/castle/training/ghost_hand.png' at thread -1
Loading resource: res://assets/ui/boot_splash_mermaid_roshan.png remapped: res://assets/ui/boot_splash_mermaid_roshan.png
Loading resource: res://.godot/imported/boot_splash_mermaid_roshan.png-b4f76f82b4095448b9258c74830dd0bf.ctex remapped: res://.godot/imported/boot_splash_mermaid_roshan.png-b4f76f82b4095448b9258c74830dd0bf.ctex
Completed load for: 'res://assets/ui/boot_splash_mermaid_roshan.png' remapped 'res://assets/ui/boot_splash_mermaid_roshan.png' at thread -1
Loading resource: res://assets/castle/day_one_art_studio/magic_cleaning_brush.png remapped: res://assets/castle/day_one_art_studio/magic_cleaning_brush.png
Loading resource: res://.godot/imported/magic_cleaning_brush.png-9aab3d5c1cf900b3b09e19eacb3d842d.ctex remapped: res://.godot/imported/magic_cleaning_brush.png-9aab3d5c1cf900b3b09e19eacb3d842d.ctex
Completed load for: 'res://assets/castle/day_one_art_studio/magic_cleaning_brush.png' remapped 'res://assets/castle/day_one_art_studio/magic_cleaning_brush.png' at thread -1
Loading resource: res://assets/castle/day_one_art_studio/loose_brush_bundle.png remapped: res://assets/castle/day_one_art_studio/loose_brush_bundle.png
Loading resource: res://.godot/imported/loose_brush_bundle.png-864136367585f2d9d14d7d1e8b20b7c8.ctex remapped: res://.godot/imported/loose_brush_bundle.png-864136367585f2d9d14d7d1e8b20b7c8.ctex
Completed load for: 'res://assets/castle/day_one_art_studio/loose_brush_bundle.png' remapped 'res://assets/castle/day_one_art_studio/loose_brush_bundle.png' at thread -1
Loading resource: res://assets/castle/day_one_art_studio/paint_bottle_pink.png remapped: res://assets/castle/day_one_art_studio/paint_bottle_pink.png
Loading resource: res://.godot/imported/paint_bottle_pink.png-c543c4d9f1f567c443e165a9fa714da8.ctex remapped: res://.godot/imported/paint_bottle_pink.png-c543c4d9f1f567c443e165a9fa714da8.ctex
Completed load for: 'res://assets/castle/day_one_art_studio/paint_bottle_pink.png' remapped 'res://assets/castle/day_one_art_studio/paint_bottle_pink.png' at thread -1
Loading resource: res://assets/castle/day_one_art_studio/paint_bottle_blue.png remapped: res://assets/castle/day_one_art_studio/paint_bottle_blue.png
Loading resource: res://.godot/imported/paint_bottle_blue.png-5095790b8453a9b3e2ea954bc927e605.ctex remapped: res://.godot/imported/paint_bottle_blue.png-5095790b8453a9b3e2ea954bc927e605.ctex
Completed load for: 'res://assets/castle/day_one_art_studio/paint_bottle_blue.png' remapped 'res://assets/castle/day_one_art_studio/paint_bottle_blue.png' at thread -1
Loading resource: res://assets/castle/day_one_art_studio/paint_cups.png remapped: res://assets/castle/day_one_art_studio/paint_cups.png
Loading resource: res://.godot/imported/paint_cups.png-100570cd9a806d4462c301ca08769707.ctex remapped: res://.godot/imported/paint_cups.png-100570cd9a806d4462c301ca08769707.ctex
Completed load for: 'res://assets/castle/day_one_art_studio/paint_cups.png' remapped 'res://assets/castle/day_one_art_studio/paint_cups.png' at thread -1
Loading resource: res://assets/castle/day_one_art_studio/grime_left.png remapped: res://assets/castle/day_one_art_studio/grime_left.png
Loading resource: res://.godot/imported/grime_left.png-9b85fce9291a82cc7fa602186defdc14.ctex remapped: res://.godot/imported/grime_left.png-9b85fce9291a82cc7fa602186defdc14.ctex
Completed load for: 'res://assets/castle/day_one_art_studio/grime_left.png' remapped 'res://assets/castle/day_one_art_studio/grime_left.png' at thread -1
Loading resource: res://assets/castle/day_one_art_studio/grime_desk.png remapped: res://assets/castle/day_one_art_studio/grime_desk.png
Loading resource: res://.godot/imported/grime_desk.png-38eed6c08bb917d3198d2d948f230b8b.ctex remapped: res://.godot/imported/grime_desk.png-38eed6c08bb917d3198d2d948f230b8b.ctex
Completed load for: 'res://assets/castle/day_one_art_studio/grime_desk.png' remapped 'res://assets/castle/day_one_art_studio/grime_desk.png' at thread -1
Loading resource: res://assets/castle/day_one_art_studio/grime_right.png remapped: res://assets/castle/day_one_art_studio/grime_right.png
Loading resource: res://.godot/imported/grime_right.png-9c83e9c00c88d0942dc2efe0b144a31b.ctex remapped: res://.godot/imported/grime_right.png-9c83e9c00c88d0942dc2efe0b144a31b.ctex
Completed load for: 'res://assets/castle/day_one_art_studio/grime_right.png' remapped 'res://assets/castle/day_one_art_studio/grime_right.png' at thread -1
Loading resource: res://assets/flats/castle/rooms/room_bubble_bath_dirty_day_one.png remapped: res://assets/flats/castle/rooms/room_bubble_bath_dirty_day_one.png
Loading resource: res://.godot/imported/room_bubble_bath_dirty_day_one.png-9e5525828616e0db5b9a3b8b28435c35.ctex remapped: res://.godot/imported/room_bubble_bath_dirty_day_one.png-9e5525828616e0db5b9a3b8b28435c35.ctex
Completed load for: 'res://assets/flats/castle/rooms/room_bubble_bath_dirty_day_one.png' remapped 'res://assets/flats/castle/rooms/room_bubble_bath_dirty_day_one.png' at thread -1
Loading resource: res://assets/flats/castle/rooms/room_bubble_bath_dirty_drained_day_one.png remapped: res://assets/flats/castle/rooms/room_bubble_bath_dirty_drained_day_one.png
Loading resource: res://.godot/imported/room_bubble_bath_dirty_drained_day_one.png-7e8d3b4c3b9d1f29e91ac035a5fb7262.ctex remapped: res://.godot/imported/room_bubble_bath_dirty_drained_day_one.png-7e8d3b4c3b9d1f29e91ac035a5fb7262.ctex
Completed load for: 'res://assets/flats/castle/rooms/room_bubble_bath_dirty_drained_day_one.png' remapped 'res://assets/flats/castle/rooms/room_bubble_bath_dirty_drained_day_one.png' at thread -1
Loading resource: res://assets/flats/castle/rooms/room_bubble_bath.png remapped: res://assets/flats/castle/rooms/room_bubble_bath.png
Loading resource: res://.godot/imported/room_bubble_bath.png-8ee98b24e8364131dc5cfc2232874cd7.ctex remapped: res://.godot/imported/room_bubble_bath.png-8ee98b24e8364131dc5cfc2232874cd7.ctex
Completed load for: 'res://assets/flats/castle/rooms/room_bubble_bath.png' remapped 'res://assets/flats/castle/rooms/room_bubble_bath.png' at thread -1
Loading resource: res://assets/castle/dirty_cleanup_2d/targets/target_sink_grime_v1.png remapped: res://assets/castle/dirty_cleanup_2d/targets/target_sink_grime_v1.png
Loading resource: res://.godot/imported/target_sink_grime_v1.png-5d01aaca3a2b34c04e93afaef486eb50.ctex remapped: res://.godot/imported/target_sink_grime_v1.png-5d01aaca3a2b34c04e93afaef486eb50.ctex
Completed load for: 'res://assets/castle/dirty_cleanup_2d/targets/target_sink_grime_v1.png' remapped 'res://assets/castle/dirty_cleanup_2d/targets/target_sink_grime_v1.png' at thread -1
Loading resource: res://assets/sprites/sky_lagoon/sky_lagoon_castle_four_tower_v4.png remapped: res://assets/sprites/sky_lagoon/sky_lagoon_castle_four_tower_v4.png
Loading resource: res://.godot/imported/sky_lagoon_castle_four_tower_v4.png-3db3791a13b15911d5b711360be9c503.ctex remapped: res://.godot/imported/sky_lagoon_castle_four_tower_v4.png-3db3791a13b15911d5b711360be9c503.ctex
Completed load for: 'res://assets/sprites/sky_lagoon/sky_lagoon_castle_four_tower_v4.png' remapped 'res://assets/sprites/sky_lagoon/sky_lagoon_castle_four_tower_v4.png' at thread -1
Loading resource: res://assets/sprites/sky_lagoon/sky_lagoon_cloud_family_v7_hd_grade.png remapped: res://assets/sprites/sky_lagoon/sky_lagoon_cloud_family_v7_hd_grade.png
Loading resource: res://.godot/imported/sky_lagoon_cloud_family_v7_hd_grade.png-dc0538f7caa6b853334b469234e73a2d.ctex remapped: res://.godot/imported/sky_lagoon_cloud_family_v7_hd_grade.png-dc0538f7caa6b853334b469234e73a2d.ctex
Completed load for: 'res://assets/sprites/sky_lagoon/sky_lagoon_cloud_family_v7_hd_grade.png' remapped 'res://assets/sprites/sky_lagoon/sky_lagoon_cloud_family_v7_hd_grade.png' at thread -1
Loading resource: res://assets/sprites/sky_lagoon/sky_lagoon_cloud_single_v1.png remapped: res://assets/sprites/sky_lagoon/sky_lagoon_cloud_single_v1.png
Loading resource: res://.godot/imported/sky_lagoon_cloud_single_v1.png-b03683c7f3026927cde33f24d92a67e5.ctex remapped: res://.godot/imported/sky_lagoon_cloud_single_v1.png-b03683c7f3026927cde33f24d92a67e5.ctex
Completed load for: 'res://assets/sprites/sky_lagoon/sky_lagoon_cloud_single_v1.png' remapped 'res://assets/sprites/sky_lagoon/sky_lagoon_cloud_single_v1.png' at thread -1
Loading resource: res://assets/ui/castle_room_buttons_v2/room_opera_hall.png remapped: res://assets/ui/castle_room_buttons_v2/room_opera_hall.png
Loading resource: res://.godot/imported/room_opera_hall.png-4be4ecc3703261914b8a9526019262cc.ctex remapped: res://.godot/imported/room_opera_hall.png-4be4ecc3703261914b8a9526019262cc.ctex
Completed load for: 'res://assets/ui/castle_room_buttons_v2/room_opera_hall.png' remapped 'res://assets/ui/castle_room_buttons_v2/room_opera_hall.png' at thread -1
Loading resource: res://assets/ui/castle_room_buttons_v2/room_craft_room.png remapped: res://assets/ui/castle_room_buttons_v2/room_craft_room.png
Loading resource: res://.godot/imported/room_craft_room.png-7dc4a5c01065ce328e731b6b38053da5.ctex remapped: res://.godot/imported/room_craft_room.png-7dc4a5c01065ce328e731b6b38053da5.ctex
Completed load for: 'res://assets/ui/castle_room_buttons_v2/room_craft_room.png' remapped 'res://assets/ui/castle_room_buttons_v2/room_craft_room.png' at thread -1
Loading resource: res://assets/ui/castle_room_buttons_v2/room_kitchen.png remapped: res://assets/ui/castle_room_buttons_v2/room_kitchen.png
Loading resource: res://.godot/imported/room_kitchen.png-61af0fca52cce833210f295107496cf7.ctex remapped: res://.godot/imported/room_kitchen.png-61af0fca52cce833210f295107496cf7.ctex
Completed load for: 'res://assets/ui/castle_room_buttons_v2/room_kitchen.png' remapped 'res://assets/ui/castle_room_buttons_v2/room_kitchen.png' at thread -1
Loading resource: res://assets/mg/sun.png remapped: res://assets/mg/sun.png
Loading resource: res://.godot/imported/sun.png-c8bf9605370f6e02d9b21d685d405f9b.ctex remapped: res://.godot/imported/sun.png-c8bf9605370f6e02d9b21d685d405f9b.ctex
Completed load for: 'res://assets/mg/sun.png' remapped 'res://assets/mg/sun.png' at thread -1
Loading resource: res://assets/props/story/play_swing_frame.png remapped: res://assets/props/story/play_swing_frame.png
Loading resource: res://.godot/imported/play_swing_frame.png-a81ab1af7d4b95737787aabcf622cdbc.ctex remapped: res://.godot/imported/play_swing_frame.png-a81ab1af7d4b95737787aabcf622cdbc.ctex
Completed load for: 'res://assets/props/story/play_swing_frame.png' remapped 'res://assets/props/story/play_swing_frame.png' at thread -1
Loading resource: res://assets/props/story/play_swing_seat.png remapped: res://assets/props/story/play_swing_seat.png
Loading resource: res://.godot/imported/play_swing_seat.png-fbc2feb15e1e0c3563f38dd6be314f41.ctex remapped: res://.godot/imported/play_swing_seat.png-fbc2feb15e1e0c3563f38dd6be314f41.ctex
Completed load for: 'res://assets/props/story/play_swing_seat.png' remapped 'res://assets/props/story/play_swing_seat.png' at thread -1
Loading resource: res://assets/characters/roshan_25d/roshan_gesture_a.png remapped: res://assets/characters/roshan_25d/roshan_gesture_a.png
Loading resource: res://.godot/imported/roshan_gesture_a.png-18a31aea6ac3722a9397d1f4c4f45867.s3tc.ctex remapped: res://.godot/imported/roshan_gesture_a.png-18a31aea6ac3722a9397d1f4c4f45867.s3tc.ctex
Completed load for: 'res://assets/characters/roshan_25d/roshan_gesture_a.png' remapped 'res://assets/characters/roshan_25d/roshan_gesture_a.png' at thread -1
Loading resource: res://assets/characters/roshan_25d/roshan_gesture_b.png remapped: res://assets/characters/roshan_25d/roshan_gesture_b.png
Loading resource: res://.godot/imported/roshan_gesture_b.png-8cb0fb1a0e3c6a3ff52f66869af29ee3.s3tc.ctex remapped: res://.godot/imported/roshan_gesture_b.png-8cb0fb1a0e3c6a3ff52f66869af29ee3.s3tc.ctex
Completed load for: 'res://assets/characters/roshan_25d/roshan_gesture_b.png' remapped 'res://assets/characters/roshan_25d/roshan_gesture_b.png' at thread -1
Loading resource: res://assets/characters/roshan_25d/roshan_gesture_c.png remapped: res://assets/characters/roshan_25d/roshan_gesture_c.png
Loading resource: res://.godot/imported/roshan_gesture_c.png-938a4e5c63b0fe35548d3f25bd960773.s3tc.ctex remapped: res://.godot/imported/roshan_gesture_c.png-938a4e5c63b0fe35548d3f25bd960773.s3tc.ctex
Completed load for: 'res://assets/characters/roshan_25d/roshan_gesture_c.png' remapped 'res://assets/characters/roshan_25d/roshan_gesture_c.png' at thread -1
Loading resource: res://assets/characters/roshan_25d/roshan_gesture_d.png remapped: res://assets/characters/roshan_25d/roshan_gesture_d.png
Loading resource: res://.godot/imported/roshan_gesture_d.png-08aed87dc09d080eaf1e4104fb084fdc.s3tc.ctex remapped: res://.godot/imported/roshan_gesture_d.png-08aed87dc09d080eaf1e4104fb084fdc.s3tc.ctex
Completed load for: 'res://assets/characters/roshan_25d/roshan_gesture_d.png' remapped 'res://assets/characters/roshan_25d/roshan_gesture_d.png' at thread -1
Loading resource: res://assets/characters/roshan_25d/roshan_play_a.png remapped: res://assets/characters/roshan_25d/roshan_play_a.png
Loading resource: res://.godot/imported/roshan_play_a.png-7836c4193fc7d229ea3c5f1583aa2038.s3tc.ctex remapped: res://.godot/imported/roshan_play_a.png-7836c4193fc7d229ea3c5f1583aa2038.s3tc.ctex
Completed load for: 'res://assets/characters/roshan_25d/roshan_play_a.png' remapped 'res://assets/characters/roshan_25d/roshan_play_a.png' at thread -1
Loading resource: res://assets/characters/roshan_25d/roshan_play_b.png remapped: res://assets/characters/roshan_25d/roshan_play_b.png
Loading resource: res://.godot/imported/roshan_play_b.png-115ffaa3712f999ce1caf531c6fbc9ec.s3tc.ctex remapped: res://.godot/imported/roshan_play_b.png-115ffaa3712f999ce1caf531c6fbc9ec.s3tc.ctex
Completed load for: 'res://assets/characters/roshan_25d/roshan_play_b.png' remapped 'res://assets/characters/roshan_25d/roshan_play_b.png' at thread -1
Loading resource: res://assets/flats/castle/boss/dusty_attic_arena_2048.png remapped: res://assets/flats/castle/boss/dusty_attic_arena_2048.png
Loading resource: res://.godot/imported/dusty_attic_arena_2048.png-d3ca08103aa6a7020e840963166fbe19.ctex remapped: res://.godot/imported/dusty_attic_arena_2048.png-d3ca08103aa6a7020e840963166fbe19.ctex
Completed load for: 'res://assets/flats/castle/boss/dusty_attic_arena_2048.png' remapped 'res://assets/flats/castle/boss/dusty_attic_arena_2048.png' at thread -1
Loading resource: res://assets/opera/worlds/props/fx_stolen_sparkle.png remapped: res://assets/opera/worlds/props/fx_stolen_sparkle.png
Loading resource: res://.godot/imported/fx_stolen_sparkle.png-78d191c055130f9a82753b3c1b5d08ac.s3tc.ctex remapped: res://.godot/imported/fx_stolen_sparkle.png-78d191c055130f9a82753b3c1b5d08ac.s3tc.ctex
Completed load for: 'res://assets/opera/worlds/props/fx_stolen_sparkle.png' remapped 'res://assets/opera/worlds/props/fx_stolen_sparkle.png' at thread -1
Loading resource: res://assets/opera/worlds/props/fx_dust_puff.png remapped: res://assets/opera/worlds/props/fx_dust_puff.png
Loading resource: res://.godot/imported/fx_dust_puff.png-c19e7c817e63296b4a7808774d821915.ctex remapped: res://.godot/imported/fx_dust_puff.png-c19e7c817e63296b4a7808774d821915.ctex
Completed load for: 'res://assets/opera/worlds/props/fx_dust_puff.png' remapped 'res://assets/opera/worlds/props/fx_dust_puff.png' at thread -1
Loading resource: res://assets/effects/grand_puff/purple_vortex_v4.png remapped: res://assets/effects/grand_puff/purple_vortex_v4.png
Loading resource: res://.godot/imported/purple_vortex_v4.png-73637daaea783585b2d9d0dcf967aace.ctex remapped: res://.godot/imported/purple_vortex_v4.png-73637daaea783585b2d9d0dcf967aace.ctex
Completed load for: 'res://assets/effects/grand_puff/purple_vortex_v4.png' remapped 'res://assets/effects/grand_puff/purple_vortex_v4.png' at thread -1
Completed load for: 'res://scripts/probe_chapter2.gd' remapped 'res://scripts/probe_chapter2.gd' at thread -1
SceneTreeFTI: traversal method DEFAULT
CHAPTER2|boss defeat is blocked before the boss trigger: OK
CHAPTER2|the four clean rooms arm the boss door: OK
CHAPTER2|boss defeat starts Chapter 2: OK
CHAPTER2|Detective telemetry names the accepted unlit candle asset: OK
CHAPTER2|there is no standalone tutorial prelude: OK
CHAPTER2|chapter starts at Farmer, not Detective: OK
CHAPTER2|foyer cards resolve to truthful Castle launch owners: OK
CHAPTER2|foyer rejects a non-Opera career from hardcoded opera_hall: OK
CHAPTER2|plot-only Ballerina and Detective keep their room owners: OK
Loading resource: res://assets/chapter2/birthday/sky_lagoon_strawberry_single.png remapped: res://assets/chapter2/birthday/sky_lagoon_strawberry_single.png
Loading resource: res://.godot/imported/sky_lagoon_strawberry_single.png-e2c509ee20d382c5be74c6dc28decbc8.ctex remapped: res://.godot/imported/sky_lagoon_strawberry_single.png-e2c509ee20d382c5be74c6dc28decbc8.ctex
Completed load for: 'res://assets/chapter2/birthday/sky_lagoon_strawberry_single.png' remapped 'res://assets/chapter2/birthday/sky_lagoon_strawberry_single.png' at thread -1
CHAPTER2|Farmer hands the same five visible strawberries to the kitchen: OK
Loading resource: res://assets/chapter2/birthday/chapter2_chef_batter_unstirred.png remapped: res://assets/chapter2/birthday/chapter2_chef_batter_unstirred.png
Loading resource: res://.godot/imported/chapter2_chef_batter_unstirred.png-0e071f688f7ea26d07229bac9c7645c8.ctex remapped: res://.godot/imported/chapter2_chef_batter_unstirred.png-0e071f688f7ea26d07229bac9c7645c8.ctex
Completed load for: 'res://assets/chapter2/birthday/chapter2_chef_batter_unstirred.png' remapped 'res://assets/chapter2/birthday/chapter2_chef_batter_unstirred.png' at thread -1
Loading resource: res://assets/chapter2/birthday/chapter2_chef_batter_stirred.png remapped: res://assets/chapter2/birthday/chapter2_chef_batter_stirred.png
Loading resource: res://.godot/imported/chapter2_chef_batter_stirred.png-0d2f60bb703cb89dd0369f56fd8219bb.ctex remapped: res://.godot/imported/chapter2_chef_batter_stirred.png-0d2f60bb703cb89dd0369f56fd8219bb.ctex
Completed load for: 'res://assets/chapter2/birthday/chapter2_chef_batter_stirred.png' remapped 'res://assets/chapter2/birthday/chapter2_chef_batter_stirred.png' at thread -1
Loading resource: res://assets/chapter2/birthday/chapter2_chef_baked_tiers_unstacked.png remapped: res://assets/chapter2/birthday/chapter2_chef_baked_tiers_unstacked.png
Loading resource: res://.godot/imported/chapter2_chef_baked_tiers_unstacked.png-61b77c80f512d1b7982c44f08b0efc86.ctex remapped: res://.godot/imported/chapter2_chef_baked_tiers_unstacked.png-61b77c80f512d1b7982c44f08b0efc86.ctex
Completed load for: 'res://assets/chapter2/birthday/chapter2_chef_baked_tiers_unstacked.png' remapped 'res://assets/chapter2/birthday/chapter2_chef_baked_tiers_unstacked.png' at thread -1
Loading resource: res://assets/chapter2/birthday/chapter2_chef_stacked_unfrosted_cake.png remapped: res://assets/chapter2/birthday/chapter2_chef_stacked_unfrosted_cake.png
Loading resource: res://.godot/imported/chapter2_chef_stacked_unfrosted_cake.png-176874fcedc720ba04c4f9ee9e3c4241.ctex remapped: res://.godot/imported/chapter2_chef_stacked_unfrosted_cake.png-176874fcedc720ba04c4f9ee9e3c4241.ctex
Completed load for: 'res://assets/chapter2/birthday/chapter2_chef_stacked_unfrosted_cake.png' remapped 'res://assets/chapter2/birthday/chapter2_chef_stacked_unfrosted_cake.png' at thread -1
Loading resource: res://assets/chapter2/birthday/chapter2_chef_frosted_rainbow_cake.png remapped: res://assets/chapter2/birthday/chapter2_chef_frosted_rainbow_cake.png
Loading resource: res://.godot/imported/chapter2_chef_frosted_rainbow_cake.png-d5814ca36a02fb6a0c95af1574a1bd7f.ctex remapped: res://.godot/imported/chapter2_chef_frosted_rainbow_cake.png-d5814ca36a02fb6a0c95af1574a1bd7f.ctex
Completed load for: 'res://assets/chapter2/birthday/chapter2_chef_frosted_rainbow_cake.png' remapped 'res://assets/chapter2/birthday/chapter2_chef_frosted_rainbow_cake.png' at thread -1
CHAPTER2|Chef visibly builds one persistent cake through five distinct states: OK
Loading resource: res://assets/chapter2/birthday/chapter2_candied_strawberries_tray.png remapped: res://assets/chapter2/birthday/chapter2_candied_strawberries_tray.png
Loading resource: res://.godot/imported/chapter2_candied_strawberries_tray.png-7cee3b2fe388c6c630b87c752f1ee7d4.ctex remapped: res://.godot/imported/chapter2_candied_strawberries_tray.png-7cee3b2fe388c6c630b87c752f1ee7d4.ctex
Completed load for: 'res://assets/chapter2/birthday/chapter2_candied_strawberries_tray.png' remapped 'res://assets/chapter2/birthday/chapter2_candied_strawberries_tray.png' at thread -1
CHAPTER2|Candy Maker keeps the frosted cake and stages five glazed berries: OK
Loading resource: res://assets/chapter2/birthday/chapter2_grand_five_strawberry_cake.png remapped: res://assets/chapter2/birthday/chapter2_grand_five_strawberry_cake.png
Loading resource: res://.godot/imported/chapter2_grand_five_strawberry_cake.png-15d258e3bfb36bfe1a0dd9e5007fd873.ctex remapped: res://.godot/imported/chapter2_grand_five_strawberry_cake.png-15d258e3bfb36bfe1a0dd9e5007fd873.ctex
Completed load for: 'res://assets/chapter2/birthday/chapter2_grand_five_strawberry_cake.png' remapped 'res://assets/chapter2/birthday/chapter2_grand_five_strawberry_cake.png' at thread -1
CHAPTER2|Candy placement reveals the selected runtime cake without a candle: OK
CHAPTER2|Chef and Candy Maker phase data names the actual resulting art: OK
CHAPTER2|the Chapter 2 party roster is exactly eight stable Opera bits: OK
CHAPTER2|Chef cannot precede Farmer: OK
CHAPTER2|stale phase callbacks cannot award the wrong act: OK
CHAPTER2|Farmer phase callback fills exactly five strawberries: OK
CHAPTER2|ordered party act 6 completes: OK
CHAPTER2|Chef phase callback records the bottom cake piece: OK
CHAPTER2|ordered party act 0 completes: OK
CHAPTER2|ordered party act 3 completes: OK
CHAPTER2|ordered party act 10 completes: OK
CHAPTER2|Farmer ingredient and Chef cake milestones persist: OK
CHAPTER2|Painter unlocks the second four story careers: OK
CHAPTER2|Ballerina remains a plot-owned room action: OK
CHAPTER2|Ballerina completes after Painter: OK
CHAPTER2|Pop Star sound check follows Ballerina: OK
CHAPTER2|Astronaut parks the rocket before the final candle search: OK
CHAPTER2|all eight Chapter 2 careers teach a nonempty truthful skill: OK
CHAPTER2|export-safe caption matches generated speech chapter2_chef_stack: OK
CHAPTER2|export-safe caption matches generated speech chapter2_detective_unlit_rainbow_candle_reveal: OK
CHAPTER2|export-safe caption matches generated speech chapter2_ballerina_stuffies_mirror: OK
CHAPTER2|export-safe caption matches generated speech chapter2_candymaker_coat_strawberries: OK
CHAPTER2|export-safe caption matches generated speech chapter2_candymaker_sort_strawberries: OK
CHAPTER2|export-safe caption matches generated speech chapter2_candymaker_glaze_strawberries: OK
CHAPTER2|export-safe caption matches generated speech chapter2_candymaker_place_candied_strawberries: OK
CHAPTER2|export-safe caption matches generated speech chapter2_farmer_gather_strawberries: OK
CHAPTER2|export-safe caption matches generated speech chapter2_farmer_fill_basket: OK
CHAPTER2|export-safe caption matches generated speech chapter2_farmer_deliver_to_kitchen: OK
CHAPTER2|export-safe caption matches generated speech chapter2_painter_paint_banner: OK
CHAPTER2|export-safe caption matches generated speech chapter2_painter_hang_banner: OK
CHAPTER2|export-safe caption matches generated speech chapter2_astronaut_ready_park: OK
CHAPTER2|export-safe caption matches generated speech chapter2_route_farmer: OK
CHAPTER2|export-safe caption matches generated speech chapter2_route_chef: OK
CHAPTER2|export-safe caption matches generated speech chapter2_route_candy_maker: OK
CHAPTER2|export-safe caption matches generated speech chapter2_route_painter: OK
CHAPTER2|export-safe caption matches generated speech chapter2_route_ballerina: OK
CHAPTER2|export-safe caption matches generated speech chapter2_route_popstar: OK
CHAPTER2|export-safe caption matches generated speech chapter2_route_astronaut: OK
CHAPTER2|export-safe caption matches generated speech chapter2_route_detective: OK
CHAPTER2|export-safe caption matches generated speech chapter2_party_ready: OK
CHAPTER2|export-safe caption matches generated speech chapter2_ember_clue: OK
CHAPTER2|exact phase audio farmer/GATHER STRAWBERRIES: OK
CHAPTER2|exact phase audio farmer/FILL BASKET: OK
CHAPTER2|exact phase audio farmer/DELIVER TO KITCHEN: OK
CHAPTER2|exact door guidance farmer: OK
CHAPTER2|exact phase audio chef/MIX: OK
CHAPTER2|exact phase audio chef/STIR: OK
CHAPTER2|exact phase audio chef/BAKE: OK
CHAPTER2|exact phase audio chef/STACK: OK
CHAPTER2|exact phase audio chef/FROST: OK
CHAPTER2|exact door guidance chef: OK
CHAPTER2|exact phase audio candymaker/COAT STRAWBERRIES: OK
CHAPTER2|exact phase audio candymaker/SORT STRAWBERRIES: OK
CHAPTER2|exact phase audio candymaker/GLAZE STRAWBERRIES: OK
CHAPTER2|exact phase audio candymaker/PLACE ON CAKE: OK
CHAPTER2|exact door guidance candymaker: OK
CHAPTER2|exact phase audio painter/PAINT: OK
CHAPTER2|exact phase audio painter/STAMP: OK
CHAPTER2|exact phase audio painter/HANG: OK
CHAPTER2|exact door guidance painter: OK
CHAPTER2|exact phase audio ballerina/STUFFIES MIRROR: OK
CHAPTER2|exact phase audio ballerina/STUFFIES TWIRL: OK
CHAPTER2|exact phase audio ballerina/STUFFIES BOW: OK
CHAPTER2|exact door guidance ballerina: OK
CHAPTER2|exact phase audio popstar/SOUND CHECK: OK
CHAPTER2|exact phase audio popstar/STAGE RUMI: OK
CHAPTER2|exact phase audio popstar/RHYTHM: OK
CHAPTER2|exact phase audio popstar/ENCORE: OK
CHAPTER2|exact door guidance popstar: OK
CHAPTER2|exact phase audio astronaut/BUILD ROCKET: OK
CHAPTER2|exact phase audio astronaut/PATCH: OK
CHAPTER2|exact phase audio astronaut/VALVE: OK
CHAPTER2|exact phase audio astronaut/READY PARK: OK
CHAPTER2|exact door guidance astronaut: OK
CHAPTER2|exact phase audio detective/LENS: OK
CHAPTER2|exact phase audio detective/STORYBOOK BOARD: OK
CHAPTER2|exact phase audio detective/UNLIT RAINBOW CANDLE: OK
CHAPTER2|exact door guidance detective: OK
CHAPTER2|all 29 required Day Two phases covered: OK
CHAPTER2|Detective waits until every earlier preparation is ready: OK
CHAPTER2|Detective finds the last missing candle unlit: OK
CHAPTER2|party event phase stays at candle-found until ignition: OK
CHAPTER2|party cannot start in unrelated rooms: OK
CHAPTER2|party ignition starts only after all eight milestones: OK
Loading resource: res://assets/flats/castle/dream_house/dining_table.png remapped: res://assets/flats/castle/dream_house/dining_table.png
Loading resource: res://.godot/imported/dining_table.png-1adcb52d35ada4eaad348863d3c4ed14.ctex remapped: res://.godot/imported/dining_table.png-1adcb52d35ada4eaad348863d3c4ed14.ctex
Completed load for: 'res://assets/flats/castle/dream_house/dining_table.png' remapped 'res://assets/flats/castle/dream_house/dining_table.png' at thread -1
Loading resource: res://assets/opera/worlds/props/goal_painter.png remapped: res://assets/opera/worlds/props/goal_painter.png
Loading resource: res://.godot/imported/goal_painter.png-4289cb18595fe414f9fac5071aa163de.s3tc.ctex remapped: res://.godot/imported/goal_painter.png-4289cb18595fe414f9fac5071aa163de.s3tc.ctex
Completed load for: 'res://assets/opera/worlds/props/goal_painter.png' remapped 'res://assets/opera/worlds/props/goal_painter.png' at thread -1
Loading resource: res://assets/opera/worlds/props/goal_ballerina.png remapped: res://assets/opera/worlds/props/goal_ballerina.png
Loading resource: res://.godot/imported/goal_ballerina.png-db67e5af6a1fa1e71ecf4379dcef72ff.s3tc.ctex remapped: res://.godot/imported/goal_ballerina.png-db67e5af6a1fa1e71ecf4379dcef72ff.s3tc.ctex
Completed load for: 'res://assets/opera/worlds/props/goal_ballerina.png' remapped 'res://assets/opera/worlds/props/goal_ballerina.png' at thread -1
Loading resource: res://assets/opera/worlds/props/goal_popstar.png remapped: res://assets/opera/worlds/props/goal_popstar.png
Loading resource: res://.godot/imported/goal_popstar.png-31c1f07a899a0040c0e44accf433085d.s3tc.ctex remapped: res://.godot/imported/goal_popstar.png-31c1f07a899a0040c0e44accf433085d.s3tc.ctex
Completed load for: 'res://assets/opera/worlds/props/goal_popstar.png' remapped 'res://assets/opera/worlds/props/goal_popstar.png' at thread -1
Loading resource: res://assets/opera/worlds/props/goal_astronaut.png remapped: res://assets/opera/worlds/props/goal_astronaut.png
Loading resource: res://.godot/imported/goal_astronaut.png-99a883c005e02d50b9d2c0ef7d7f4365.s3tc.ctex remapped: res://.godot/imported/goal_astronaut.png-99a883c005e02d50b9d2c0ef7d7f4365.s3tc.ctex
Completed load for: 'res://assets/opera/worlds/props/goal_astronaut.png' remapped 'res://assets/opera/worlds/props/goal_astronaut.png' at thread -1
Loading resource: res://assets/chapter2/birthday/rainbow_candle_unlit.png remapped: res://assets/chapter2/birthday/rainbow_candle_unlit.png
Loading resource: res://.godot/imported/rainbow_candle_unlit.png-590e1bfc4f9a4572b2b8e253adc40060.ctex remapped: res://.godot/imported/rainbow_candle_unlit.png-590e1bfc4f9a4572b2b8e253adc40060.ctex
Completed load for: 'res://assets/chapter2/birthday/rainbow_candle_unlit.png' remapped 'res://assets/chapter2/birthday/rainbow_candle_unlit.png' at thread -1
Loading resource: res://assets/chapter2/birthday/rainbow_candle_large_flame.png remapped: res://assets/chapter2/birthday/rainbow_candle_large_flame.png
Loading resource: res://.godot/imported/rainbow_candle_large_flame.png-a1a0b3799a2bc1aeef43e25e6bbcd0c6.ctex remapped: res://.godot/imported/rainbow_candle_large_flame.png-a1a0b3799a2bc1aeef43e25e6bbcd0c6.ctex
Completed load for: 'res://assets/chapter2/birthday/rainbow_candle_large_flame.png' remapped 'res://assets/chapter2/birthday/rainbow_candle_large_flame.png' at thread -1
Loading resource: res://assets/chapter2/birthday/chapter2_grand_five_strawberry_cake.png remapped: res://assets/chapter2/birthday/chapter2_grand_five_strawberry_cake.png
Loading resource: res://.godot/imported/chapter2_grand_five_strawberry_cake.png-15d258e3bfb36bfe1a0dd9e5007fd873.ctex remapped: res://.godot/imported/chapter2_grand_five_strawberry_cake.png-15d258e3bfb36bfe1a0dd9e5007fd873.ctex
Completed load for: 'res://assets/chapter2/birthday/chapter2_grand_five_strawberry_cake.png' remapped 'res://assets/chapter2/birthday/chapter2_grand_five_strawberry_cake.png' at thread -1
CHAPTER2|Main Hall offers the lawn route without advancing the story on a timer: OK
CHAPTER2|leaving Main Hall cancels party beat timing without progress: OK
CHAPTER2|the safe ember scout beat precedes the King take: OK
CHAPTER2|King theft rejects missing protection and Main Hall callers: OK
CHAPTER2|Ember King takes the lit candle for his birthday: OK
CHAPTER2|Main Hall does not reintroduce the departed Prince placeholder: OK
CHAPTER2|Ember take removes only the candle and leaves the cake: OK
CHAPTER2|save healing rejects skipped milestones and early crash: OK
CHAPTER2|save normalization retains all eight milestones: OK
CHAPTER2|new milestone fields have strict boolean validation: OK
CHAPTER2|new masks are fixed, typed, and heal future bits: OK
CHAPTER2|save healing stores the same contiguous cake rendered after load: OK
CHAPTER2|phase healing preserves the current job and prunes later jobs: OK
CHAPTER2|Ember protection uses valid shared boss rules: OK
CHAPTER2|Ember round 0 offers a counter after safe dodges: OK
CHAPTER2|held and off-target input cannot protect a round: OK
CHAPTER2|one visible fresh counter saves exactly one protection round: OK
CHAPTER2|Ember re-entry preserves completed rounds: OK
CHAPTER2|Ember round 1 offers a counter after safe dodges: OK
CHAPTER2|held and off-target input cannot protect a round: OK
CHAPTER2|one visible fresh counter saves exactly one protection round: OK
CHAPTER2|Ember re-entry preserves completed rounds: OK
CHAPTER2|Ember round 2 offers a counter after safe dodges: OK
CHAPTER2|held and off-target input cannot protect a round: OK
CHAPTER2|one visible fresh counter saves exactly one protection round: OK
CHAPTER2|Ember re-entry preserves completed rounds: OK
CHAPTER2|protecting friends does not itself steal the candle or finish the story: OK
CHAPTER2|Ember checkpoint rejects malformed types: OK
CHAPTER2|Ember cannot pre-win before party preparation: OK
CHAPTER2|RESULT: PASS checks_failed=0
Loaded system CA certificates
XR: Clearing primary interface
XR: Removed interface "Native mobile"
XR: Removed interface "OpenXR"
