WorkerThreadPool: 12 threads, 3 max low-priority.
Godot Engine v4.7.2.stable.official.ed1daf0bf - https://godotengine.org
TextServer: Added interface "Dummy"
TextServer: Added interface "ICU / HarfBuzz / Graphite (Built-in)"
Using "default" pen tablet driver...

TextServer: Primary interface set to: "ICU / HarfBuzz / Graphite (Built-in)".
Loading resource: res://default_bus_layout.tres remapped: res://default_bus_layout.tres
Completed load for: 'res://default_bus_layout.tres' remapped 'res://default_bus_layout.tres' at thread -1
CORE API HASH: 2004498165
EDITOR API HASH: 1696660745
Loading resource: res://scripts/probe_kitchen_props.gd remapped: res://scripts/probe_kitchen_props.gd
Completed load for: 'res://scripts/probe_kitchen_props.gd' remapped 'res://scripts/probe_kitchen_props.gd' at thread -1
SceneTreeFTI: traversal method DEFAULT
Loaded system CA certificates
Loading resource: res://assets/flats/castle/rooms/room_kitchen_background.png remapped: res://assets/flats/castle/rooms/room_kitchen_background.png
Loading resource: res://.godot/imported/room_kitchen_background.png-9e47be3e4e5a880f373d2f614a5535b4.ctex remapped: res://.godot/imported/room_kitchen_background.png-9e47be3e4e5a880f373d2f614a5535b4.ctex
Completed load for: 'res://assets/flats/castle/rooms/room_kitchen_background.png' remapped 'res://assets/flats/castle/rooms/room_kitchen_background.png' at thread -1
KITCHEN|sprite=room_kitchen_background.png size=(1024.0, 576.0)
Loading resource: res://assets/flats/castle/rooms/room_kitchen_front_left.png remapped: res://assets/flats/castle/rooms/room_kitchen_front_left.png
Loading resource: res://.godot/imported/room_kitchen_front_left.png-8d02b3465a5e02f3c851b99142188844.ctex remapped: res://.godot/imported/room_kitchen_front_left.png-8d02b3465a5e02f3c851b99142188844.ctex
Completed load for: 'res://assets/flats/castle/rooms/room_kitchen_front_left.png' remapped 'res://assets/flats/castle/rooms/room_kitchen_front_left.png' at thread -1
KITCHEN|sprite=room_kitchen_front_left.png size=(286.0, 222.0)
Loading resource: res://assets/flats/castle/rooms/room_kitchen_front_right.png remapped: res://assets/flats/castle/rooms/room_kitchen_front_right.png
Loading resource: res://.godot/imported/room_kitchen_front_right.png-6c7cba7b12f5a05769470ad6bedec348.ctex remapped: res://.godot/imported/room_kitchen_front_right.png-6c7cba7b12f5a05769470ad6bedec348.ctex
Completed load for: 'res://assets/flats/castle/rooms/room_kitchen_front_right.png' remapped 'res://assets/flats/castle/rooms/room_kitchen_front_right.png' at thread -1
KITCHEN|sprite=room_kitchen_front_right.png size=(374.0, 252.0)
Loading resource: res://assets/flats/castle/rooms/room_kitchen_item_sink.png remapped: res://assets/flats/castle/rooms/room_kitchen_item_sink.png
Loading resource: res://.godot/imported/room_kitchen_item_sink.png-fd2bf8b386765d6ecc7dea2f3e97b405.ctex remapped: res://.godot/imported/room_kitchen_item_sink.png-fd2bf8b386765d6ecc7dea2f3e97b405.ctex
Completed load for: 'res://assets/flats/castle/rooms/room_kitchen_item_sink.png' remapped 'res://assets/flats/castle/rooms/room_kitchen_item_sink.png' at thread -1
KITCHEN|sprite=room_kitchen_item_sink.png size=(201.0, 124.0)
Loading resource: res://assets/flats/castle/rooms/room_kitchen_item_pan_1.png remapped: res://assets/flats/castle/rooms/room_kitchen_item_pan_1.png
Loading resource: res://.godot/imported/room_kitchen_item_pan_1.png-52c790b55dd2a1997e1689e3356606ba.ctex remapped: res://.godot/imported/room_kitchen_item_pan_1.png-52c790b55dd2a1997e1689e3356606ba.ctex
Completed load for: 'res://assets/flats/castle/rooms/room_kitchen_item_pan_1.png' remapped 'res://assets/flats/castle/rooms/room_kitchen_item_pan_1.png' at thread -1
KITCHEN|sprite=room_kitchen_item_pan_1.png size=(41.0, 83.0)
Loading resource: res://assets/flats/castle/rooms/room_kitchen_item_pan_2.png remapped: res://assets/flats/castle/rooms/room_kitchen_item_pan_2.png
Loading resource: res://.godot/imported/room_kitchen_item_pan_2.png-b3d9d4bc8a1e7d1433e8ac8e7a02e820.ctex remapped: res://.godot/imported/room_kitchen_item_pan_2.png-b3d9d4bc8a1e7d1433e8ac8e7a02e820.ctex
Completed load for: 'res://assets/flats/castle/rooms/room_kitchen_item_pan_2.png' remapped 'res://assets/flats/castle/rooms/room_kitchen_item_pan_2.png' at thread -1
KITCHEN|sprite=room_kitchen_item_pan_2.png size=(45.0, 83.0)
Loading resource: res://assets/flats/castle/rooms/room_kitchen_item_pan_3.png remapped: res://assets/flats/castle/rooms/room_kitchen_item_pan_3.png
Loading resource: res://.godot/imported/room_kitchen_item_pan_3.png-1d9561273f4349020be80e85bed50c83.ctex remapped: res://.godot/imported/room_kitchen_item_pan_3.png-1d9561273f4349020be80e85bed50c83.ctex
Completed load for: 'res://assets/flats/castle/rooms/room_kitchen_item_pan_3.png' remapped 'res://assets/flats/castle/rooms/room_kitchen_item_pan_3.png' at thread -1
KITCHEN|sprite=room_kitchen_item_pan_3.png size=(45.0, 83.0)
Loading resource: res://assets/flats/castle/rooms/room_kitchen_item_pan_4.png remapped: res://assets/flats/castle/rooms/room_kitchen_item_pan_4.png
Loading resource: res://.godot/imported/room_kitchen_item_pan_4.png-40c0e6aa2b4a592ccd4508f740af09e9.ctex remapped: res://.godot/imported/room_kitchen_item_pan_4.png-40c0e6aa2b4a592ccd4508f740af09e9.ctex
Completed load for: 'res://assets/flats/castle/rooms/room_kitchen_item_pan_4.png' remapped 'res://assets/flats/castle/rooms/room_kitchen_item_pan_4.png' at thread -1
KITCHEN|sprite=room_kitchen_item_pan_4.png size=(31.0, 83.0)
Loading resource: res://assets/flats/castle/rooms/room_kitchen_item_oven.png remapped: res://assets/flats/castle/rooms/room_kitchen_item_oven.png
Loading resource: res://.godot/imported/room_kitchen_item_oven.png-f795e6eeb14fece8d5c5341638cf48db.ctex remapped: res://.godot/imported/room_kitchen_item_oven.png-f795e6eeb14fece8d5c5341638cf48db.ctex
Completed load for: 'res://assets/flats/castle/rooms/room_kitchen_item_oven.png' remapped 'res://assets/flats/castle/rooms/room_kitchen_item_oven.png' at thread -1
KITCHEN|sprite=room_kitchen_item_oven.png size=(202.0, 112.0)
Loading resource: res://assets/flats/castle/rooms/room_kitchen_item_fridge.png remapped: res://assets/flats/castle/rooms/room_kitchen_item_fridge.png
Loading resource: res://.godot/imported/room_kitchen_item_fridge.png-411cf1478180a99612f93e6e69b0d566.ctex remapped: res://.godot/imported/room_kitchen_item_fridge.png-411cf1478180a99612f93e6e69b0d566.ctex
Completed load for: 'res://assets/flats/castle/rooms/room_kitchen_item_fridge.png' remapped 'res://assets/flats/castle/rooms/room_kitchen_item_fridge.png' at thread -1
KITCHEN|sprite=room_kitchen_item_fridge.png size=(140.0, 263.0)
Loading resource: res://assets/flats/castle/rooms/background_tiles/room_kitchen_background_r0_c0.png remapped: res://assets/flats/castle/rooms/background_tiles/room_kitchen_background_r0_c0.png
Loading resource: res://.godot/imported/room_kitchen_background_r0_c0.png-ca2c34196a7f7294bd76fc03937fc224.ctex remapped: res://.godot/imported/room_kitchen_background_r0_c0.png-ca2c34196a7f7294bd76fc03937fc224.ctex
Completed load for: 'res://assets/flats/castle/rooms/background_tiles/room_kitchen_background_r0_c0.png' remapped 'res://assets/flats/castle/rooms/background_tiles/room_kitchen_background_r0_c0.png' at thread -1
KITCHEN|sprite=background_tiles/room_kitchen_background_r0_c0.png size=(1024.0, 768.0)
Loading resource: res://assets/flats/castle/rooms/background_tiles/room_kitchen_background_r0_c1.png remapped: res://assets/flats/castle/rooms/background_tiles/room_kitchen_background_r0_c1.png
Loading resource: res://.godot/imported/room_kitchen_background_r0_c1.png-e717d477645e7c58114a85311027531a.ctex remapped: res://.godot/imported/room_kitchen_background_r0_c1.png-e717d477645e7c58114a85311027531a.ctex
Completed load for: 'res://assets/flats/castle/rooms/background_tiles/room_kitchen_background_r0_c1.png' remapped 'res://assets/flats/castle/rooms/background_tiles/room_kitchen_background_r0_c1.png' at thread -1
KITCHEN|sprite=background_tiles/room_kitchen_background_r0_c1.png size=(1024.0, 768.0)
Loading resource: res://assets/flats/castle/rooms/background_tiles/room_kitchen_background_r0_c2.png remapped: res://assets/flats/castle/rooms/background_tiles/room_kitchen_background_r0_c2.png
Loading resource: res://.godot/imported/room_kitchen_background_r0_c2.png-0dadb218a1ca79be885be1719f09b26d.ctex remapped: res://.godot/imported/room_kitchen_background_r0_c2.png-0dadb218a1ca79be885be1719f09b26d.ctex
Completed load for: 'res://assets/flats/castle/rooms/background_tiles/room_kitchen_background_r0_c2.png' remapped 'res://assets/flats/castle/rooms/background_tiles/room_kitchen_background_r0_c2.png' at thread -1
KITCHEN|sprite=background_tiles/room_kitchen_background_r0_c2.png size=(1024.0, 768.0)
Loading resource: res://assets/flats/castle/rooms/background_tiles/room_kitchen_background_r0_c3.png remapped: res://assets/flats/castle/rooms/background_tiles/room_kitchen_background_r0_c3.png
Loading resource: res://.godot/imported/room_kitchen_background_r0_c3.png-1d000e874225e1a41e02422d05667188.ctex remapped: res://.godot/imported/room_kitchen_background_r0_c3.png-1d000e874225e1a41e02422d05667188.ctex
Completed load for: 'res://assets/flats/castle/rooms/background_tiles/room_kitchen_background_r0_c3.png' remapped 'res://assets/flats/castle/rooms/background_tiles/room_kitchen_background_r0_c3.png' at thread -1
KITCHEN|sprite=background_tiles/room_kitchen_background_r0_c3.png size=(1024.0, 768.0)
Loading resource: res://assets/flats/castle/rooms/background_tiles/room_kitchen_background_r1_c0.png remapped: res://assets/flats/castle/rooms/background_tiles/room_kitchen_background_r1_c0.png
Loading resource: res://.godot/imported/room_kitchen_background_r1_c0.png-7ada13e07e14c077055ba6de5c7134b2.ctex remapped: res://.godot/imported/room_kitchen_background_r1_c0.png-7ada13e07e14c077055ba6de5c7134b2.ctex
Completed load for: 'res://assets/flats/castle/rooms/background_tiles/room_kitchen_background_r1_c0.png' remapped 'res://assets/flats/castle/rooms/background_tiles/room_kitchen_background_r1_c0.png' at thread -1
KITCHEN|sprite=background_tiles/room_kitchen_background_r1_c0.png size=(1024.0, 768.0)
Loading resource: res://assets/flats/castle/rooms/background_tiles/room_kitchen_background_r1_c1.png remapped: res://assets/flats/castle/rooms/background_tiles/room_kitchen_background_r1_c1.png
Loading resource: res://.godot/imported/room_kitchen_background_r1_c1.png-fbea9191734ef39823f8d773c3f31e21.ctex remapped: res://.godot/imported/room_kitchen_background_r1_c1.png-fbea9191734ef39823f8d773c3f31e21.ctex
Completed load for: 'res://assets/flats/castle/rooms/background_tiles/room_kitchen_background_r1_c1.png' remapped 'res://assets/flats/castle/rooms/background_tiles/room_kitchen_background_r1_c1.png' at thread -1
KITCHEN|sprite=background_tiles/room_kitchen_background_r1_c1.png size=(1024.0, 768.0)
Loading resource: res://assets/flats/castle/rooms/background_tiles/room_kitchen_background_r1_c2.png remapped: res://assets/flats/castle/rooms/background_tiles/room_kitchen_background_r1_c2.png
Loading resource: res://.godot/imported/room_kitchen_background_r1_c2.png-2f5f785b4057d509b19bd94b1a8f679b.ctex remapped: res://.godot/imported/room_kitchen_background_r1_c2.png-2f5f785b4057d509b19bd94b1a8f679b.ctex
Completed load for: 'res://assets/flats/castle/rooms/background_tiles/room_kitchen_background_r1_c2.png' remapped 'res://assets/flats/castle/rooms/background_tiles/room_kitchen_background_r1_c2.png' at thread -1
KITCHEN|sprite=background_tiles/room_kitchen_background_r1_c2.png size=(1024.0, 768.0)
Loading resource: res://assets/flats/castle/rooms/background_tiles/room_kitchen_background_r1_c3.png remapped: res://assets/flats/castle/rooms/background_tiles/room_kitchen_background_r1_c3.png
Loading resource: res://.godot/imported/room_kitchen_background_r1_c3.png-eef3959a627f797203605bed58e0fa2a.ctex remapped: res://.godot/imported/room_kitchen_background_r1_c3.png-eef3959a627f797203605bed58e0fa2a.ctex
Completed load for: 'res://assets/flats/castle/rooms/background_tiles/room_kitchen_background_r1_c3.png' remapped 'res://assets/flats/castle/rooms/background_tiles/room_kitchen_background_r1_c3.png' at thread -1
KITCHEN|sprite=background_tiles/room_kitchen_background_r1_c3.png size=(1024.0, 768.0)
Loading resource: res://assets/flats/castle/rooms/background_tiles/room_kitchen_background_r2_c0.png remapped: res://assets/flats/castle/rooms/background_tiles/room_kitchen_background_r2_c0.png
Loading resource: res://.godot/imported/room_kitchen_background_r2_c0.png-64d8c427cbce7f07e15c6c897992e0fc.ctex remapped: res://.godot/imported/room_kitchen_background_r2_c0.png-64d8c427cbce7f07e15c6c897992e0fc.ctex
Completed load for: 'res://assets/flats/castle/rooms/background_tiles/room_kitchen_background_r2_c0.png' remapped 'res://assets/flats/castle/rooms/background_tiles/room_kitchen_background_r2_c0.png' at thread -1
KITCHEN|sprite=background_tiles/room_kitchen_background_r2_c0.png size=(1024.0, 768.0)
Loading resource: res://assets/flats/castle/rooms/background_tiles/room_kitchen_background_r2_c1.png remapped: res://assets/flats/castle/rooms/background_tiles/room_kitchen_background_r2_c1.png
Loading resource: res://.godot/imported/room_kitchen_background_r2_c1.png-033dbc6839663f5b00f271f33b60da14.ctex remapped: res://.godot/imported/room_kitchen_background_r2_c1.png-033dbc6839663f5b00f271f33b60da14.ctex
Completed load for: 'res://assets/flats/castle/rooms/background_tiles/room_kitchen_background_r2_c1.png' remapped 'res://assets/flats/castle/rooms/background_tiles/room_kitchen_background_r2_c1.png' at thread -1
KITCHEN|sprite=background_tiles/room_kitchen_background_r2_c1.png size=(1024.0, 768.0)
Loading resource: res://assets/flats/castle/rooms/background_tiles/room_kitchen_background_r2_c2.png remapped: res://assets/flats/castle/rooms/background_tiles/room_kitchen_background_r2_c2.png
Loading resource: res://.godot/imported/room_kitchen_background_r2_c2.png-6faaf575f6b3f4fbf7cf0398548f8a8d.ctex remapped: res://.godot/imported/room_kitchen_background_r2_c2.png-6faaf575f6b3f4fbf7cf0398548f8a8d.ctex
Completed load for: 'res://assets/flats/castle/rooms/background_tiles/room_kitchen_background_r2_c2.png' remapped 'res://assets/flats/castle/rooms/background_tiles/room_kitchen_background_r2_c2.png' at thread -1
KITCHEN|sprite=background_tiles/room_kitchen_background_r2_c2.png size=(1024.0, 768.0)
Loading resource: res://assets/flats/castle/rooms/background_tiles/room_kitchen_background_r2_c3.png remapped: res://assets/flats/castle/rooms/background_tiles/room_kitchen_background_r2_c3.png
Loading resource: res://.godot/imported/room_kitchen_background_r2_c3.png-db9ee22c46a5d17ba9d95b4137543620.ctex remapped: res://.godot/imported/room_kitchen_background_r2_c3.png-db9ee22c46a5d17ba9d95b4137543620.ctex
Completed load for: 'res://assets/flats/castle/rooms/background_tiles/room_kitchen_background_r2_c3.png' remapped 'res://assets/flats/castle/rooms/background_tiles/room_kitchen_background_r2_c3.png' at thread -1
KITCHEN|sprite=background_tiles/room_kitchen_background_r2_c3.png size=(1024.0, 768.0)
Loading resource: res://assets/flats/castle/interactions/kitchen_sink_atlas.png remapped: res://assets/flats/castle/interactions/kitchen_sink_atlas.png
Loading resource: res://.godot/imported/kitchen_sink_atlas.png-668c74a89406eb7ccdf739ee1bd8fde0.ctex remapped: res://.godot/imported/kitchen_sink_atlas.png-668c74a89406eb7ccdf739ee1bd8fde0.ctex
Completed load for: 'res://assets/flats/castle/interactions/kitchen_sink_atlas.png' remapped 'res://assets/flats/castle/interactions/kitchen_sink_atlas.png' at thread -1
KITCHEN|atlas=kitchen_sink_atlas.png size=(804.0, 248.0) frames=8
Loading resource: res://assets/flats/castle/interactions/kitchen_pan_1_atlas.png remapped: res://assets/flats/castle/interactions/kitchen_pan_1_atlas.png
Loading resource: res://.godot/imported/kitchen_pan_1_atlas.png-179cf6d48133ecf6c9c55c0bcce3538f.ctex remapped: res://.godot/imported/kitchen_pan_1_atlas.png-179cf6d48133ecf6c9c55c0bcce3538f.ctex
Completed load for: 'res://assets/flats/castle/interactions/kitchen_pan_1_atlas.png' remapped 'res://assets/flats/castle/interactions/kitchen_pan_1_atlas.png' at thread -1
KITCHEN|atlas=kitchen_pan_1_atlas.png size=(164.0, 166.0) frames=8
Loading resource: res://assets/flats/castle/interactions/kitchen_pan_2_atlas.png remapped: res://assets/flats/castle/interactions/kitchen_pan_2_atlas.png
Loading resource: res://.godot/imported/kitchen_pan_2_atlas.png-1320ba0ae8a68a61f77fcbc239b200ce.ctex remapped: res://.godot/imported/kitchen_pan_2_atlas.png-1320ba0ae8a68a61f77fcbc239b200ce.ctex
Completed load for: 'res://assets/flats/castle/interactions/kitchen_pan_2_atlas.png' remapped 'res://assets/flats/castle/interactions/kitchen_pan_2_atlas.png' at thread -1
KITCHEN|atlas=kitchen_pan_2_atlas.png size=(180.0, 166.0) frames=8
Loading resource: res://assets/flats/castle/interactions/kitchen_pan_3_atlas.png remapped: res://assets/flats/castle/interactions/kitchen_pan_3_atlas.png
Loading resource: res://.godot/imported/kitchen_pan_3_atlas.png-b8de70fbe9a1a5ab4aa354be54c2ba67.ctex remapped: res://.godot/imported/kitchen_pan_3_atlas.png-b8de70fbe9a1a5ab4aa354be54c2ba67.ctex
Completed load for: 'res://assets/flats/castle/interactions/kitchen_pan_3_atlas.png' remapped 'res://assets/flats/castle/interactions/kitchen_pan_3_atlas.png' at thread -1
KITCHEN|atlas=kitchen_pan_3_atlas.png size=(180.0, 166.0) frames=8
Loading resource: res://assets/flats/castle/interactions/kitchen_pan_4_atlas.png remapped: res://assets/flats/castle/interactions/kitchen_pan_4_atlas.png
Loading resource: res://.godot/imported/kitchen_pan_4_atlas.png-168972211130a03d9b177a78958b3078.ctex remapped: res://.godot/imported/kitchen_pan_4_atlas.png-168972211130a03d9b177a78958b3078.ctex
Completed load for: 'res://assets/flats/castle/interactions/kitchen_pan_4_atlas.png' remapped 'res://assets/flats/castle/interactions/kitchen_pan_4_atlas.png' at thread -1
KITCHEN|atlas=kitchen_pan_4_atlas.png size=(124.0, 166.0) frames=8
Loading resource: res://assets/flats/castle/interactions/kitchen_oven_atlas.png remapped: res://assets/flats/castle/interactions/kitchen_oven_atlas.png
Loading resource: res://.godot/imported/kitchen_oven_atlas.png-ab1db43967379269ed37ba1674158968.ctex remapped: res://.godot/imported/kitchen_oven_atlas.png-ab1db43967379269ed37ba1674158968.ctex
Completed load for: 'res://assets/flats/castle/interactions/kitchen_oven_atlas.png' remapped 'res://assets/flats/castle/interactions/kitchen_oven_atlas.png' at thread -1
KITCHEN|atlas=kitchen_oven_atlas.png size=(808.0, 224.0) frames=8
Loading resource: res://assets/flats/castle/interactions/kitchen_fridge_atlas.png remapped: res://assets/flats/castle/interactions/kitchen_fridge_atlas.png
Loading resource: res://.godot/imported/kitchen_fridge_atlas.png-58f422836adf2b9ac0c4f60cd420991c.ctex remapped: res://.godot/imported/kitchen_fridge_atlas.png-58f422836adf2b9ac0c4f60cd420991c.ctex
Completed load for: 'res://assets/flats/castle/interactions/kitchen_fridge_atlas.png' remapped 'res://assets/flats/castle/interactions/kitchen_fridge_atlas.png' at thread -1
KITCHEN|atlas=kitchen_fridge_atlas.png size=(560.0, 526.0) frames=8
KITCHEN|RESULT=OK cards=29 pixels=11065074
XR: Clearing primary interface
XR: Removed interface "Native mobile"
XR: Removed interface "OpenXR"
