WorkerThreadPool: 12 threads, 3 max low-priority.
Godot Engine v4.7.2.stable.official.ed1daf0bf - https://godotengine.org
TextServer: Added interface "Dummy"
TextServer: Added interface "ICU / HarfBuzz / Graphite (Built-in)"
Using "default" pen tablet driver...

TextServer: Primary interface set to: "ICU / HarfBuzz / Graphite (Built-in)".
Loading resource: res://default_bus_layout.tres remapped: res://default_bus_layout.tres
Completed load for: 'res://default_bus_layout.tres' remapped 'res://default_bus_layout.tres' at thread -1
CORE API HASH: 2004498165
EDITOR API HASH: 1696660745
Loading resource: res://scripts/probe_melody.gd remapped: res://scripts/probe_melody.gd
Loading resource: res://assets/flats/castle/logo_studio_v2/castle_banner_pink.png remapped: res://assets/flats/castle/logo_studio_v2/castle_banner_pink.png
Loading resource: res://.godot/imported/castle_banner_pink.png-1f07d5f169916030a25ffc843a00a097.ctex remapped: res://.godot/imported/castle_banner_pink.png-1f07d5f169916030a25ffc843a00a097.ctex
Completed load for: 'res://assets/flats/castle/logo_studio_v2/castle_banner_pink.png' remapped 'res://assets/flats/castle/logo_studio_v2/castle_banner_pink.png' at thread -1
Loading resource: res://assets/flats/castle/logo_studio_v2/castle_banner_gold.png remapped: res://assets/flats/castle/logo_studio_v2/castle_banner_gold.png
Loading resource: res://.godot/imported/castle_banner_gold.png-5442446e7bc3ba706d422fcbb4922333.ctex remapped: res://.godot/imported/castle_banner_gold.png-5442446e7bc3ba706d422fcbb4922333.ctex
Completed load for: 'res://assets/flats/castle/logo_studio_v2/castle_banner_gold.png' remapped 'res://assets/flats/castle/logo_studio_v2/castle_banner_gold.png' at thread -1
Loading resource: res://assets/flats/castle/logo_studio_v2/castle_banner_mint.png remapped: res://assets/flats/castle/logo_studio_v2/castle_banner_mint.png
Loading resource: res://.godot/imported/castle_banner_mint.png-1bd0912452535d09563f5821ab572aa1.ctex remapped: res://.godot/imported/castle_banner_mint.png-1bd0912452535d09563f5821ab572aa1.ctex
Completed load for: 'res://assets/flats/castle/logo_studio_v2/castle_banner_mint.png' remapped 'res://assets/flats/castle/logo_studio_v2/castle_banner_mint.png' at thread -1
Loading resource: res://assets/flats/castle/logo_studio_v2/castle_banner_ocean.png remapped: res://assets/flats/castle/logo_studio_v2/castle_banner_ocean.png
Loading resource: res://.godot/imported/castle_banner_ocean.png-b4870497f6aa7ef8fd0fa9b03a7817e1.ctex remapped: res://.godot/imported/castle_banner_ocean.png-b4870497f6aa7ef8fd0fa9b03a7817e1.ctex
Completed load for: 'res://assets/flats/castle/logo_studio_v2/castle_banner_ocean.png' remapped 'res://assets/flats/castle/logo_studio_v2/castle_banner_ocean.png' at thread -1
Loading resource: res://assets/flats/castle/logo_studio_v2/castle_banner_purple.png remapped: res://assets/flats/castle/logo_studio_v2/castle_banner_purple.png
Loading resource: res://.godot/imported/castle_banner_purple.png-a711c2ef7be4134e857e2b0804f886f4.ctex remapped: res://.godot/imported/castle_banner_purple.png-a711c2ef7be4134e857e2b0804f886f4.ctex
Completed load for: 'res://assets/flats/castle/logo_studio_v2/castle_banner_purple.png' remapped 'res://assets/flats/castle/logo_studio_v2/castle_banner_purple.png' at thread -1
Loading resource: res://assets/flats/castle/logo_studio_v2/castle_banner_rainbow.png remapped: res://assets/flats/castle/logo_studio_v2/castle_banner_rainbow.png
Loading resource: res://.godot/imported/castle_banner_rainbow.png-51987bbcab3d63a5e6b8856c39d3e1f5.ctex remapped: res://.godot/imported/castle_banner_rainbow.png-51987bbcab3d63a5e6b8856c39d3e1f5.ctex
Completed load for: 'res://assets/flats/castle/logo_studio_v2/castle_banner_rainbow.png' remapped 'res://assets/flats/castle/logo_studio_v2/castle_banner_rainbow.png' at thread -1
Loading resource: res://assets/flats/castle/logo_studio_v2/castle_banner_motif_rainbow.png remapped: res://assets/flats/castle/logo_studio_v2/castle_banner_motif_rainbow.png
Loading resource: res://.godot/imported/castle_banner_motif_rainbow.png-7d37c39c57d9145c1662a600706a0215.ctex remapped: res://.godot/imported/castle_banner_motif_rainbow.png-7d37c39c57d9145c1662a600706a0215.ctex
Completed load for: 'res://assets/flats/castle/logo_studio_v2/castle_banner_motif_rainbow.png' remapped 'res://assets/flats/castle/logo_studio_v2/castle_banner_motif_rainbow.png' at thread -1
Loading resource: res://assets/flats/castle/logo_studio_v2/castle_banner_motif_shell.png remapped: res://assets/flats/castle/logo_studio_v2/castle_banner_motif_shell.png
Loading resource: res://.godot/imported/castle_banner_motif_shell.png-2ded8f0554ad78cbf31ed04692a2e95a.ctex remapped: res://.godot/imported/castle_banner_motif_shell.png-2ded8f0554ad78cbf31ed04692a2e95a.ctex
Completed load for: 'res://assets/flats/castle/logo_studio_v2/castle_banner_motif_shell.png' remapped 'res://assets/flats/castle/logo_studio_v2/castle_banner_motif_shell.png' at thread -1
Loading resource: res://assets/flats/castle/logo_studio_v2/castle_banner_motif_kitty.png remapped: res://assets/flats/castle/logo_studio_v2/castle_banner_motif_kitty.png
Loading resource: res://.godot/imported/castle_banner_motif_kitty.png-476ecb445ef20b8f0ee562bf74ffc1f3.ctex remapped: res://.godot/imported/castle_banner_motif_kitty.png-476ecb445ef20b8f0ee562bf74ffc1f3.ctex
Completed load for: 'res://assets/flats/castle/logo_studio_v2/castle_banner_motif_kitty.png' remapped 'res://assets/flats/castle/logo_studio_v2/castle_banner_motif_kitty.png' at thread -1
Loading resource: res://assets/flats/castle/logo_studio_v2/castle_banner_motif_dog.png remapped: res://assets/flats/castle/logo_studio_v2/castle_banner_motif_dog.png
Loading resource: res://.godot/imported/castle_banner_motif_dog.png-f60e00a475feefbed7e6b7b03314b4e3.ctex remapped: res://.godot/imported/castle_banner_motif_dog.png-f60e00a475feefbed7e6b7b03314b4e3.ctex
Completed load for: 'res://assets/flats/castle/logo_studio_v2/castle_banner_motif_dog.png' remapped 'res://assets/flats/castle/logo_studio_v2/castle_banner_motif_dog.png' at thread -1
Loading resource: res://assets/flats/castle/logo_studio_v2/castle_banner_motif_star.png remapped: res://assets/flats/castle/logo_studio_v2/castle_banner_motif_star.png
Loading resource: res://.godot/imported/castle_banner_motif_star.png-c2920063905028bbe428c242038dc858.ctex remapped: res://.godot/imported/castle_banner_motif_star.png-c2920063905028bbe428c242038dc858.ctex
Completed load for: 'res://assets/flats/castle/logo_studio_v2/castle_banner_motif_star.png' remapped 'res://assets/flats/castle/logo_studio_v2/castle_banner_motif_star.png' at thread -1
Loading resource: res://assets/flats/castle/logo_studio_v2/castle_banner_motif_heart.png remapped: res://assets/flats/castle/logo_studio_v2/castle_banner_motif_heart.png
Loading resource: res://.godot/imported/castle_banner_motif_heart.png-1e2c41e7d0fee88319aa5e07bebb840c.ctex remapped: res://.godot/imported/castle_banner_motif_heart.png-1e2c41e7d0fee88319aa5e07bebb840c.ctex
Completed load for: 'res://assets/flats/castle/logo_studio_v2/castle_banner_motif_heart.png' remapped 'res://assets/flats/castle/logo_studio_v2/castle_banner_motif_heart.png' at thread -1
Loading resource: res://assets/flats/castle/logo_studio_v2/castle_banner_motif_crown.png remapped: res://assets/flats/castle/logo_studio_v2/castle_banner_motif_crown.png
Loading resource: res://.godot/imported/castle_banner_motif_crown.png-a6e77f1d9ed0122ac2aa4567a6832a08.ctex remapped: res://.godot/imported/castle_banner_motif_crown.png-a6e77f1d9ed0122ac2aa4567a6832a08.ctex
Completed load for: 'res://assets/flats/castle/logo_studio_v2/castle_banner_motif_crown.png' remapped 'res://assets/flats/castle/logo_studio_v2/castle_banner_motif_crown.png' at thread -1
Loading resource: res://assets/flats/castle/logo_studio_v2/castle_banner_motif_butterfly.png remapped: res://assets/flats/castle/logo_studio_v2/castle_banner_motif_butterfly.png
Loading resource: res://.godot/imported/castle_banner_motif_butterfly.png-862a1cf8dacc6daab2058d435ea0ad5f.ctex remapped: res://.godot/imported/castle_banner_motif_butterfly.png-862a1cf8dacc6daab2058d435ea0ad5f.ctex
Completed load for: 'res://assets/flats/castle/logo_studio_v2/castle_banner_motif_butterfly.png' remapped 'res://assets/flats/castle/logo_studio_v2/castle_banner_motif_butterfly.png' at thread -1
Loading resource: res://assets/characters/roshan_25d/roshan_directional.png remapped: res://assets/characters/roshan_25d/roshan_directional.png
Loading resource: res://.godot/imported/roshan_directional.png-d625ae71ef68ca7b79f00f48e0d76cbb.s3tc.ctex remapped: res://.godot/imported/roshan_directional.png-d625ae71ef68ca7b79f00f48e0d76cbb.s3tc.ctex
Completed load for: 'res://assets/characters/roshan_25d/roshan_directional.png' remapped 'res://assets/characters/roshan_25d/roshan_directional.png' at thread -1
Loading resource: res://assets/characters/roshan_25d/roshan_swim_front.png remapped: res://assets/characters/roshan_25d/roshan_swim_front.png
Loading resource: res://.godot/imported/roshan_swim_front.png-42175e9e171cd7007cff3a9ae801e389.s3tc.ctex remapped: res://.godot/imported/roshan_swim_front.png-42175e9e171cd7007cff3a9ae801e389.s3tc.ctex
Completed load for: 'res://assets/characters/roshan_25d/roshan_swim_front.png' remapped 'res://assets/characters/roshan_25d/roshan_swim_front.png' at thread -1
Loading resource: res://assets/characters/roshan_25d/roshan_swim_back.png remapped: res://assets/characters/roshan_25d/roshan_swim_back.png
Loading resource: res://.godot/imported/roshan_swim_back.png-e93afa07bbddede1e856e92c5cdc462a.s3tc.ctex remapped: res://.godot/imported/roshan_swim_back.png-e93afa07bbddede1e856e92c5cdc462a.s3tc.ctex
Completed load for: 'res://assets/characters/roshan_25d/roshan_swim_back.png' remapped 'res://assets/characters/roshan_25d/roshan_swim_back.png' at thread -1
Loading resource: res://shaders/castle_fixture_bloom.gdshader remapped: res://shaders/castle_fixture_bloom.gdshader
Completed load for: 'res://shaders/castle_fixture_bloom.gdshader' remapped 'res://shaders/castle_fixture_bloom.gdshader' at thread -1
Loading resource: res://assets/flats/castle/rooms/room_actor_shadow.png remapped: res://assets/flats/castle/rooms/room_actor_shadow.png
Loading resource: res://.godot/imported/room_actor_shadow.png-f1d04727dc138f663653a3117bb0a06a.s3tc.ctex remapped: res://.godot/imported/room_actor_shadow.png-f1d04727dc138f663653a3117bb0a06a.s3tc.ctex
Completed load for: 'res://assets/flats/castle/rooms/room_actor_shadow.png' remapped 'res://assets/flats/castle/rooms/room_actor_shadow.png' at thread -1
Loading resource: res://assets/castle/dirty_cleanup_2d/effects/fx_soap_bubbles.png remapped: res://assets/castle/dirty_cleanup_2d/effects/fx_soap_bubbles.png
Loading resource: res://.godot/imported/fx_soap_bubbles.png-8f04cce33abb3c3312d7afe57e1021e1.ctex remapped: res://.godot/imported/fx_soap_bubbles.png-8f04cce33abb3c3312d7afe57e1021e1.ctex
Completed load for: 'res://assets/castle/dirty_cleanup_2d/effects/fx_soap_bubbles.png' remapped 'res://assets/castle/dirty_cleanup_2d/effects/fx_soap_bubbles.png' at thread -1
Loading resource: res://assets/shaders/castle_fixture_water.gdshader remapped: res://assets/shaders/castle_fixture_water.gdshader
Completed load for: 'res://assets/shaders/castle_fixture_water.gdshader' remapped 'res://assets/shaders/castle_fixture_water.gdshader' at thread -1
Loading resource: res://assets/terrain/up_water_nrm.jpg remapped: res://assets/terrain/up_water_nrm.jpg
Loading resource: res://.godot/imported/up_water_nrm.jpg-17f81a1afbb895061d198f7cd6fac5ca.ctex remapped: res://.godot/imported/up_water_nrm.jpg-17f81a1afbb895061d198f7cd6fac5ca.ctex
Completed load for: 'res://assets/terrain/up_water_nrm.jpg' remapped 'res://assets/terrain/up_water_nrm.jpg' at thread -1
Loading resource: res://assets/terrain/caustics.png remapped: res://assets/terrain/caustics.png
Loading resource: res://.godot/imported/caustics.png-3a5cbbf4f913abf47849e57640465f02.s3tc.ctex remapped: res://.godot/imported/caustics.png-3a5cbbf4f913abf47849e57640465f02.s3tc.ctex
Completed load for: 'res://assets/terrain/caustics.png' remapped 'res://assets/terrain/caustics.png' at thread -1
Loading resource: res://assets/sprites/fx_water/fx_water_bubble_burst_atlas.png remapped: res://assets/sprites/fx_water/fx_water_bubble_burst_atlas.png
Loading resource: res://.godot/imported/fx_water_bubble_burst_atlas.png-6756054a8ce0da3a133c2d2926db3fe9.s3tc.ctex remapped: res://.godot/imported/fx_water_bubble_burst_atlas.png-6756054a8ce0da3a133c2d2926db3fe9.s3tc.ctex
Completed load for: 'res://assets/sprites/fx_water/fx_water_bubble_burst_atlas.png' remapped 'res://assets/sprites/fx_water/fx_water_bubble_burst_atlas.png' at thread -1
Loading resource: res://assets/sprites/fx_water/fx_water_splash_medium_atlas.png remapped: res://assets/sprites/fx_water/fx_water_splash_medium_atlas.png
Loading resource: res://.godot/imported/fx_water_splash_medium_atlas.png-e51a9350ed55a41c49ea3d00f22151f4.s3tc.ctex remapped: res://.godot/imported/fx_water_splash_medium_atlas.png-e51a9350ed55a41c49ea3d00f22151f4.s3tc.ctex
Completed load for: 'res://assets/sprites/fx_water/fx_water_splash_medium_atlas.png' remapped 'res://assets/sprites/fx_water/fx_water_splash_medium_atlas.png' at thread -1
Loading resource: res://assets/castle/day_one_art_studio/magic_cleaning_brush.png remapped: res://assets/castle/day_one_art_studio/magic_cleaning_brush.png
Loading resource: res://.godot/imported/magic_cleaning_brush.png-9aab3d5c1cf900b3b09e19eacb3d842d.ctex remapped: res://.godot/imported/magic_cleaning_brush.png-9aab3d5c1cf900b3b09e19eacb3d842d.ctex
Completed load for: 'res://assets/castle/day_one_art_studio/magic_cleaning_brush.png' remapped 'res://assets/castle/day_one_art_studio/magic_cleaning_brush.png' at thread -1
Loading resource: res://assets/castle/day_one_art_studio/loose_brush_bundle.png remapped: res://assets/castle/day_one_art_studio/loose_brush_bundle.png
Loading resource: res://.godot/imported/loose_brush_bundle.png-864136367585f2d9d14d7d1e8b20b7c8.ctex remapped: res://.godot/imported/loose_brush_bundle.png-864136367585f2d9d14d7d1e8b20b7c8.ctex
Completed load for: 'res://assets/castle/day_one_art_studio/loose_brush_bundle.png' remapped 'res://assets/castle/day_one_art_studio/loose_brush_bundle.png' at thread -1
Loading resource: res://assets/castle/day_one_art_studio/paint_bottle_pink.png remapped: res://assets/castle/day_one_art_studio/paint_bottle_pink.png
Loading resource: res://.godot/imported/paint_bottle_pink.png-c543c4d9f1f567c443e165a9fa714da8.ctex remapped: res://.godot/imported/paint_bottle_pink.png-c543c4d9f1f567c443e165a9fa714da8.ctex
Completed load for: 'res://assets/castle/day_one_art_studio/paint_bottle_pink.png' remapped 'res://assets/castle/day_one_art_studio/paint_bottle_pink.png' at thread -1
Loading resource: res://assets/castle/day_one_art_studio/paint_bottle_blue.png remapped: res://assets/castle/day_one_art_studio/paint_bottle_blue.png
Loading resource: res://.godot/imported/paint_bottle_blue.png-5095790b8453a9b3e2ea954bc927e605.ctex remapped: res://.godot/imported/paint_bottle_blue.png-5095790b8453a9b3e2ea954bc927e605.ctex
Completed load for: 'res://assets/castle/day_one_art_studio/paint_bottle_blue.png' remapped 'res://assets/castle/day_one_art_studio/paint_bottle_blue.png' at thread -1
Loading resource: res://assets/castle/day_one_art_studio/paint_cups.png remapped: res://assets/castle/day_one_art_studio/paint_cups.png
Loading resource: res://.godot/imported/paint_cups.png-100570cd9a806d4462c301ca08769707.ctex remapped: res://.godot/imported/paint_cups.png-100570cd9a806d4462c301ca08769707.ctex
Completed load for: 'res://assets/castle/day_one_art_studio/paint_cups.png' remapped 'res://assets/castle/day_one_art_studio/paint_cups.png' at thread -1
Loading resource: res://assets/castle/day_one_art_studio/grime_left.png remapped: res://assets/castle/day_one_art_studio/grime_left.png
Loading resource: res://.godot/imported/grime_left.png-9b85fce9291a82cc7fa602186defdc14.ctex remapped: res://.godot/imported/grime_left.png-9b85fce9291a82cc7fa602186defdc14.ctex
Completed load for: 'res://assets/castle/day_one_art_studio/grime_left.png' remapped 'res://assets/castle/day_one_art_studio/grime_left.png' at thread -1
Loading resource: res://assets/castle/day_one_art_studio/grime_desk.png remapped: res://assets/castle/day_one_art_studio/grime_desk.png
Loading resource: res://.godot/imported/grime_desk.png-38eed6c08bb917d3198d2d948f230b8b.ctex remapped: res://.godot/imported/grime_desk.png-38eed6c08bb917d3198d2d948f230b8b.ctex
Completed load for: 'res://assets/castle/day_one_art_studio/grime_desk.png' remapped 'res://assets/castle/day_one_art_studio/grime_desk.png' at thread -1
Loading resource: res://assets/castle/day_one_art_studio/grime_right.png remapped: res://assets/castle/day_one_art_studio/grime_right.png
Loading resource: res://.godot/imported/grime_right.png-9c83e9c00c88d0942dc2efe0b144a31b.ctex remapped: res://.godot/imported/grime_right.png-9c83e9c00c88d0942dc2efe0b144a31b.ctex
Completed load for: 'res://assets/castle/day_one_art_studio/grime_right.png' remapped 'res://assets/castle/day_one_art_studio/grime_right.png' at thread -1
Loading resource: res://assets/castle/training/ghost_hand.png remapped: res://assets/castle/training/ghost_hand.png
Loading resource: res://.godot/imported/ghost_hand.png-1de3e3644c9a46e5892c5a8fa86dad01.ctex remapped: res://.godot/imported/ghost_hand.png-1de3e3644c9a46e5892c5a8fa86dad01.ctex
Completed load for: 'res://assets/castle/training/ghost_hand.png' remapped 'res://assets/castle/training/ghost_hand.png' at thread -1
Loading resource: res://assets/ui/boot_splash_mermaid_roshan.png remapped: res://assets/ui/boot_splash_mermaid_roshan.png
Loading resource: res://.godot/imported/boot_splash_mermaid_roshan.png-b4f76f82b4095448b9258c74830dd0bf.ctex remapped: res://.godot/imported/boot_splash_mermaid_roshan.png-b4f76f82b4095448b9258c74830dd0bf.ctex
Completed load for: 'res://assets/ui/boot_splash_mermaid_roshan.png' remapped 'res://assets/ui/boot_splash_mermaid_roshan.png' at thread -1
Loading resource: res://assets/flats/castle/rooms/room_bubble_bath_dirty_day_one.png remapped: res://assets/flats/castle/rooms/room_bubble_bath_dirty_day_one.png
Loading resource: res://.godot/imported/room_bubble_bath_dirty_day_one.png-9e5525828616e0db5b9a3b8b28435c35.ctex remapped: res://.godot/imported/room_bubble_bath_dirty_day_one.png-9e5525828616e0db5b9a3b8b28435c35.ctex
Completed load for: 'res://assets/flats/castle/rooms/room_bubble_bath_dirty_day_one.png' remapped 'res://assets/flats/castle/rooms/room_bubble_bath_dirty_day_one.png' at thread -1
Loading resource: res://assets/flats/castle/rooms/room_bubble_bath_dirty_drained_day_one.png remapped: res://assets/flats/castle/rooms/room_bubble_bath_dirty_drained_day_one.png
Loading resource: res://.godot/imported/room_bubble_bath_dirty_drained_day_one.png-7e8d3b4c3b9d1f29e91ac035a5fb7262.ctex remapped: res://.godot/imported/room_bubble_bath_dirty_drained_day_one.png-7e8d3b4c3b9d1f29e91ac035a5fb7262.ctex
Completed load for: 'res://assets/flats/castle/rooms/room_bubble_bath_dirty_drained_day_one.png' remapped 'res://assets/flats/castle/rooms/room_bubble_bath_dirty_drained_day_one.png' at thread -1
Loading resource: res://assets/flats/castle/rooms/room_bubble_bath.png remapped: res://assets/flats/castle/rooms/room_bubble_bath.png
Loading resource: res://.godot/imported/room_bubble_bath.png-8ee98b24e8364131dc5cfc2232874cd7.ctex remapped: res://.godot/imported/room_bubble_bath.png-8ee98b24e8364131dc5cfc2232874cd7.ctex
Completed load for: 'res://assets/flats/castle/rooms/room_bubble_bath.png' remapped 'res://assets/flats/castle/rooms/room_bubble_bath.png' at thread -1
Loading resource: res://assets/castle/dirty_cleanup_2d/targets/target_sink_grime_v1.png remapped: res://assets/castle/dirty_cleanup_2d/targets/target_sink_grime_v1.png
Loading resource: res://.godot/imported/target_sink_grime_v1.png-5d01aaca3a2b34c04e93afaef486eb50.ctex remapped: res://.godot/imported/target_sink_grime_v1.png-5d01aaca3a2b34c04e93afaef486eb50.ctex
Completed load for: 'res://assets/castle/dirty_cleanup_2d/targets/target_sink_grime_v1.png' remapped 'res://assets/castle/dirty_cleanup_2d/targets/target_sink_grime_v1.png' at thread -1
Loading resource: res://assets/sprites/sky_lagoon/sky_lagoon_castle_four_tower_v4.png remapped: res://assets/sprites/sky_lagoon/sky_lagoon_castle_four_tower_v4.png
Loading resource: res://.godot/imported/sky_lagoon_castle_four_tower_v4.png-3db3791a13b15911d5b711360be9c503.ctex remapped: res://.godot/imported/sky_lagoon_castle_four_tower_v4.png-3db3791a13b15911d5b711360be9c503.ctex
Completed load for: 'res://assets/sprites/sky_lagoon/sky_lagoon_castle_four_tower_v4.png' remapped 'res://assets/sprites/sky_lagoon/sky_lagoon_castle_four_tower_v4.png' at thread -1
Loading resource: res://assets/sprites/sky_lagoon/sky_lagoon_cloud_family_v7_hd_grade.png remapped: res://assets/sprites/sky_lagoon/sky_lagoon_cloud_family_v7_hd_grade.png
Loading resource: res://.godot/imported/sky_lagoon_cloud_family_v7_hd_grade.png-dc0538f7caa6b853334b469234e73a2d.ctex remapped: res://.godot/imported/sky_lagoon_cloud_family_v7_hd_grade.png-dc0538f7caa6b853334b469234e73a2d.ctex
Completed load for: 'res://assets/sprites/sky_lagoon/sky_lagoon_cloud_family_v7_hd_grade.png' remapped 'res://assets/sprites/sky_lagoon/sky_lagoon_cloud_family_v7_hd_grade.png' at thread -1
Loading resource: res://assets/sprites/sky_lagoon/sky_lagoon_cloud_single_v1.png remapped: res://assets/sprites/sky_lagoon/sky_lagoon_cloud_single_v1.png
Loading resource: res://.godot/imported/sky_lagoon_cloud_single_v1.png-b03683c7f3026927cde33f24d92a67e5.ctex remapped: res://.godot/imported/sky_lagoon_cloud_single_v1.png-b03683c7f3026927cde33f24d92a67e5.ctex
Completed load for: 'res://assets/sprites/sky_lagoon/sky_lagoon_cloud_single_v1.png' remapped 'res://assets/sprites/sky_lagoon/sky_lagoon_cloud_single_v1.png' at thread -1
Loading resource: res://assets/ui/castle_room_buttons_v2/room_opera_hall.png remapped: res://assets/ui/castle_room_buttons_v2/room_opera_hall.png
Loading resource: res://.godot/imported/room_opera_hall.png-4be4ecc3703261914b8a9526019262cc.ctex remapped: res://.godot/imported/room_opera_hall.png-4be4ecc3703261914b8a9526019262cc.ctex
Completed load for: 'res://assets/ui/castle_room_buttons_v2/room_opera_hall.png' remapped 'res://assets/ui/castle_room_buttons_v2/room_opera_hall.png' at thread -1
Loading resource: res://assets/ui/castle_room_buttons_v2/room_craft_room.png remapped: res://assets/ui/castle_room_buttons_v2/room_craft_room.png
Loading resource: res://.godot/imported/room_craft_room.png-7dc4a5c01065ce328e731b6b38053da5.ctex remapped: res://.godot/imported/room_craft_room.png-7dc4a5c01065ce328e731b6b38053da5.ctex
Completed load for: 'res://assets/ui/castle_room_buttons_v2/room_craft_room.png' remapped 'res://assets/ui/castle_room_buttons_v2/room_craft_room.png' at thread -1
Loading resource: res://assets/ui/castle_room_buttons_v2/room_kitchen.png remapped: res://assets/ui/castle_room_buttons_v2/room_kitchen.png
Loading resource: res://.godot/imported/room_kitchen.png-61af0fca52cce833210f295107496cf7.ctex remapped: res://.godot/imported/room_kitchen.png-61af0fca52cce833210f295107496cf7.ctex
Completed load for: 'res://assets/ui/castle_room_buttons_v2/room_kitchen.png' remapped 'res://assets/ui/castle_room_buttons_v2/room_kitchen.png' at thread -1
Loading resource: res://assets/mg/sun.png remapped: res://assets/mg/sun.png
Loading resource: res://.godot/imported/sun.png-c8bf9605370f6e02d9b21d685d405f9b.ctex remapped: res://.godot/imported/sun.png-c8bf9605370f6e02d9b21d685d405f9b.ctex
Completed load for: 'res://assets/mg/sun.png' remapped 'res://assets/mg/sun.png' at thread -1
Loading resource: res://assets/props/story/play_swing_frame.png remapped: res://assets/props/story/play_swing_frame.png
Loading resource: res://.godot/imported/play_swing_frame.png-a81ab1af7d4b95737787aabcf622cdbc.ctex remapped: res://.godot/imported/play_swing_frame.png-a81ab1af7d4b95737787aabcf622cdbc.ctex
Completed load for: 'res://assets/props/story/play_swing_frame.png' remapped 'res://assets/props/story/play_swing_frame.png' at thread -1
Loading resource: res://assets/props/story/play_swing_seat.png remapped: res://assets/props/story/play_swing_seat.png
Loading resource: res://.godot/imported/play_swing_seat.png-fbc2feb15e1e0c3563f38dd6be314f41.ctex remapped: res://.godot/imported/play_swing_seat.png-fbc2feb15e1e0c3563f38dd6be314f41.ctex
Completed load for: 'res://assets/props/story/play_swing_seat.png' remapped 'res://assets/props/story/play_swing_seat.png' at thread -1
Loading resource: res://assets/characters/roshan_25d/roshan_gesture_a.png remapped: res://assets/characters/roshan_25d/roshan_gesture_a.png
Loading resource: res://.godot/imported/roshan_gesture_a.png-18a31aea6ac3722a9397d1f4c4f45867.s3tc.ctex remapped: res://.godot/imported/roshan_gesture_a.png-18a31aea6ac3722a9397d1f4c4f45867.s3tc.ctex
Completed load for: 'res://assets/characters/roshan_25d/roshan_gesture_a.png' remapped 'res://assets/characters/roshan_25d/roshan_gesture_a.png' at thread -1
Loading resource: res://assets/characters/roshan_25d/roshan_gesture_b.png remapped: res://assets/characters/roshan_25d/roshan_gesture_b.png
Loading resource: res://.godot/imported/roshan_gesture_b.png-8cb0fb1a0e3c6a3ff52f66869af29ee3.s3tc.ctex remapped: res://.godot/imported/roshan_gesture_b.png-8cb0fb1a0e3c6a3ff52f66869af29ee3.s3tc.ctex
Completed load for: 'res://assets/characters/roshan_25d/roshan_gesture_b.png' remapped 'res://assets/characters/roshan_25d/roshan_gesture_b.png' at thread -1
Loading resource: res://assets/characters/roshan_25d/roshan_gesture_c.png remapped: res://assets/characters/roshan_25d/roshan_gesture_c.png
Loading resource: res://.godot/imported/roshan_gesture_c.png-938a4e5c63b0fe35548d3f25bd960773.s3tc.ctex remapped: res://.godot/imported/roshan_gesture_c.png-938a4e5c63b0fe35548d3f25bd960773.s3tc.ctex
Completed load for: 'res://assets/characters/roshan_25d/roshan_gesture_c.png' remapped 'res://assets/characters/roshan_25d/roshan_gesture_c.png' at thread -1
Loading resource: res://assets/characters/roshan_25d/roshan_gesture_d.png remapped: res://assets/characters/roshan_25d/roshan_gesture_d.png
Loading resource: res://.godot/imported/roshan_gesture_d.png-08aed87dc09d080eaf1e4104fb084fdc.s3tc.ctex remapped: res://.godot/imported/roshan_gesture_d.png-08aed87dc09d080eaf1e4104fb084fdc.s3tc.ctex
Completed load for: 'res://assets/characters/roshan_25d/roshan_gesture_d.png' remapped 'res://assets/characters/roshan_25d/roshan_gesture_d.png' at thread -1
Loading resource: res://assets/characters/roshan_25d/roshan_play_a.png remapped: res://assets/characters/roshan_25d/roshan_play_a.png
Loading resource: res://.godot/imported/roshan_play_a.png-7836c4193fc7d229ea3c5f1583aa2038.s3tc.ctex remapped: res://.godot/imported/roshan_play_a.png-7836c4193fc7d229ea3c5f1583aa2038.s3tc.ctex
Completed load for: 'res://assets/characters/roshan_25d/roshan_play_a.png' remapped 'res://assets/characters/roshan_25d/roshan_play_a.png' at thread -1
Loading resource: res://assets/characters/roshan_25d/roshan_play_b.png remapped: res://assets/characters/roshan_25d/roshan_play_b.png
Loading resource: res://.godot/imported/roshan_play_b.png-115ffaa3712f999ce1caf531c6fbc9ec.s3tc.ctex remapped: res://.godot/imported/roshan_play_b.png-115ffaa3712f999ce1caf531c6fbc9ec.s3tc.ctex
Completed load for: 'res://assets/characters/roshan_25d/roshan_play_b.png' remapped 'res://assets/characters/roshan_25d/roshan_play_b.png' at thread -1
Loading resource: res://assets/flats/castle/boss/dusty_attic_arena_2048.png remapped: res://assets/flats/castle/boss/dusty_attic_arena_2048.png
Loading resource: res://.godot/imported/dusty_attic_arena_2048.png-d3ca08103aa6a7020e840963166fbe19.ctex remapped: res://.godot/imported/dusty_attic_arena_2048.png-d3ca08103aa6a7020e840963166fbe19.ctex
Completed load for: 'res://assets/flats/castle/boss/dusty_attic_arena_2048.png' remapped 'res://assets/flats/castle/boss/dusty_attic_arena_2048.png' at thread -1
Loading resource: res://assets/opera/worlds/props/fx_stolen_sparkle.png remapped: res://assets/opera/worlds/props/fx_stolen_sparkle.png
Loading resource: res://.godot/imported/fx_stolen_sparkle.png-78d191c055130f9a82753b3c1b5d08ac.s3tc.ctex remapped: res://.godot/imported/fx_stolen_sparkle.png-78d191c055130f9a82753b3c1b5d08ac.s3tc.ctex
Completed load for: 'res://assets/opera/worlds/props/fx_stolen_sparkle.png' remapped 'res://assets/opera/worlds/props/fx_stolen_sparkle.png' at thread -1
Loading resource: res://assets/opera/worlds/props/fx_dust_puff.png remapped: res://assets/opera/worlds/props/fx_dust_puff.png
Loading resource: res://.godot/imported/fx_dust_puff.png-c19e7c817e63296b4a7808774d821915.ctex remapped: res://.godot/imported/fx_dust_puff.png-c19e7c817e63296b4a7808774d821915.ctex
Completed load for: 'res://assets/opera/worlds/props/fx_dust_puff.png' remapped 'res://assets/opera/worlds/props/fx_dust_puff.png' at thread -1
Loading resource: res://assets/effects/grand_puff/purple_vortex_v4.png remapped: res://assets/effects/grand_puff/purple_vortex_v4.png
Loading resource: res://.godot/imported/purple_vortex_v4.png-73637daaea783585b2d9d0dcf967aace.ctex remapped: res://.godot/imported/purple_vortex_v4.png-73637daaea783585b2d9d0dcf967aace.ctex
Completed load for: 'res://assets/effects/grand_puff/purple_vortex_v4.png' remapped 'res://assets/effects/grand_puff/purple_vortex_v4.png' at thread -1
Completed load for: 'res://scripts/probe_melody.gd' remapped 'res://scripts/probe_melody.gd' at thread -1
SceneTreeFTI: traversal method DEFAULT
Loaded system CA certificates
MELODY|OK|probe save is distinct from the child's normal save
MELODY|OK|normal primary, backup, and every recovery sidecar are fingerprinted before boot
MELODY|OK|stale probe-only save artifacts are removed
MELODY|OK|approved Sky Lagoon v5 master is exact native 6144x2048
WARNING: Loaded resource as image file, this will not work on export: 'res://assets/flats/sky_lagoon/main/flat_sky_lagoon_main_panorama_v5_tile_r0_c2.png'. Instead, import the image file as an Image resource and load it normally as a resource.
   at: load_from_file (core/io/image.cpp:2780)
   GDScript backtrace (most recent call first):
       [0] _check_asset_contract (res://scripts/probe_melody.gd:460)
       [1] _run (res://scripts/probe_melody.gd:134)
WARNING: Loaded resource as image file, this will not work on export: 'res://assets/flats/sky_lagoon/main/flat_sky_lagoon_main_panorama_v5_tile_r0_c3.png'. Instead, import the image file as an Image resource and load it normally as a resource.
   at: load_from_file (core/io/image.cpp:2780)
   GDScript backtrace (most recent call first):
       [0] _check_asset_contract (res://scripts/probe_melody.gd:460)
       [1] _run (res://scripts/probe_melody.gd:134)
WARNING: Loaded resource as image file, this will not work on export: 'res://assets/flats/sky_lagoon/main/flat_sky_lagoon_main_panorama_v5_tile_r1_c2.png'. Instead, import the image file as an Image resource and load it normally as a resource.
   at: load_from_file (core/io/image.cpp:2780)
   GDScript backtrace (most recent call first):
       [0] _check_asset_contract (res://scripts/probe_melody.gd:460)
       [1] _run (res://scripts/probe_melody.gd:134)
WARNING: Loaded resource as image file, this will not work on export: 'res://assets/flats/sky_lagoon/main/flat_sky_lagoon_main_panorama_v5_tile_r1_c3.png'. Instead, import the image file as an Image resource and load it normally as a resource.
   at: load_from_file (core/io/image.cpp:2780)
   GDScript backtrace (most recent call first):
       [0] _check_asset_contract (res://scripts/probe_melody.gd:460)
       [1] _run (res://scripts/probe_melody.gd:134)
MELODY|OK|four exact lossless center tiles reconstruct one native 2048x2048 screen
MELODY|OK|POT background tiles use bounded VRAM import without mip overfetch
WARNING: Loaded resource as image file, this will not work on export: 'res://assets/characters/stickers/daddy.png'. Instead, import the image file as an Image resource and load it normally as a resource.
   at: load_from_file (core/io/image.cpp:2780)
   GDScript backtrace (most recent call first):
       [0] _check_asset_contract (res://scripts/probe_melody.gd:481)
       [1] _run (res://scripts/probe_melody.gd:134)
WARNING: Loaded resource as image file, this will not work on export: 'res://assets/opera/worlds/actors/roshan_popstar.png'. Instead, import the image file as an Image resource and load it normally as a resource.
   at: load_from_file (core/io/image.cpp:2780)
   GDScript backtrace (most recent call first):
       [0] _check_asset_contract (res://scripts/probe_melody.gd:482)
       [1] _run (res://scripts/probe_melody.gd:134)
MELODY|OK|approved Daddy sticker remains exact protected 750x1024 art
MELODY|OK|approved Opera popstar Roshan remains exact 512x512 art
MELODY|OK|NPOT Daddy avoids forbidden VRAM mode and POT Roshan is mobile-compressed
MELODY|OK|all reused background/actor/voice families retain repository provenance
MELODY|OK|exact non-reader objective voice is present and immutable
Loading resource: res://scenes/main.tscn remapped: res://scenes/main.tscn
Completed load for: 'res://scenes/main.tscn' remapped 'res://scenes/main.tscn' at thread -1
Loading resource: res://assets/audio/ambience_reef.ogg remapped: res://assets/audio/ambience_reef.ogg
Loading resource: res://.godot/imported/ambience_reef.ogg-30031e4868dd5f41925c6b3f42f0f9b1.oggvorbisstr remapped: res://.godot/imported/ambience_reef.ogg-30031e4868dd5f41925c6b3f42f0f9b1.oggvorbisstr
Completed load for: 'res://assets/audio/ambience_reef.ogg' remapped 'res://assets/audio/ambience_reef.ogg' at thread -1
Loading resource: res://assets/audio/music/world.ogg remapped: res://assets/audio/music/world.ogg
Loading resource: res://.godot/imported/world.ogg-bfec9819aa7fa229c0057fe76832cfa3.oggvorbisstr remapped: res://.godot/imported/world.ogg-bfec9819aa7fa229c0057fe76832cfa3.oggvorbisstr
Completed load for: 'res://assets/audio/music/world.ogg' remapped 'res://assets/audio/music/world.ogg' at thread -1
Loading resource: res://assets/audio/voices/filler_v1/yay.ogg remapped: res://assets/audio/voices/filler_v1/yay.ogg
Loading resource: res://.godot/imported/yay.ogg-a4cd419929b402130d14f60cd99b5355.oggvorbisstr remapped: res://.godot/imported/yay.ogg-a4cd419929b402130d14f60cd99b5355.oggvorbisstr
Completed load for: 'res://assets/audio/voices/filler_v1/yay.ogg' remapped 'res://assets/audio/voices/filler_v1/yay.ogg' at thread -1
Loading resource: res://assets/audio/chime.ogg remapped: res://assets/audio/chime.ogg
Loading resource: res://.godot/imported/chime.ogg-ccbd9039a16fca2270295f3df3042e4a.oggvorbisstr remapped: res://.godot/imported/chime.ogg-ccbd9039a16fca2270295f3df3042e4a.oggvorbisstr
Completed load for: 'res://assets/audio/chime.ogg' remapped 'res://assets/audio/chime.ogg' at thread -1
Loading resource: res://assets/audio/hop_boing.ogg remapped: res://assets/audio/hop_boing.ogg
Loading resource: res://.godot/imported/hop_boing.ogg-23491bc7346e37a3c3a7e5718a1c6334.oggvorbisstr remapped: res://.godot/imported/hop_boing.ogg-23491bc7346e37a3c3a7e5718a1c6334.oggvorbisstr
Completed load for: 'res://assets/audio/hop_boing.ogg' remapped 'res://assets/audio/hop_boing.ogg' at thread -1
Loading resource: res://assets/audio/penguin_giggle.ogg remapped: res://assets/audio/penguin_giggle.ogg
Loading resource: res://.godot/imported/penguin_giggle.ogg-1caa548251b7585be1b157de4e41c1b8.oggvorbisstr remapped: res://.godot/imported/penguin_giggle.ogg-1caa548251b7585be1b157de4e41c1b8.oggvorbisstr
Completed load for: 'res://assets/audio/penguin_giggle.ogg' remapped 'res://assets/audio/penguin_giggle.ogg' at thread -1
Loading resource: res://assets/audio/buy.ogg remapped: res://assets/audio/buy.ogg
Loading resource: res://.godot/imported/buy.ogg-ccfb5d2b9f2837f43f22621a6d87b91c.oggvorbisstr remapped: res://.godot/imported/buy.ogg-ccfb5d2b9f2837f43f22621a6d87b91c.oggvorbisstr
Completed load for: 'res://assets/audio/buy.ogg' remapped 'res://assets/audio/buy.ogg' at thread -1
Loading resource: res://assets/audio/music/banjo.ogg remapped: res://assets/audio/music/banjo.ogg
Loading resource: res://.godot/imported/banjo.ogg-6ace2633ccde608d168cb04a28077650.oggvorbisstr remapped: res://.godot/imported/banjo.ogg-6ace2633ccde608d168cb04a28077650.oggvorbisstr
Completed load for: 'res://assets/audio/music/banjo.ogg' remapped 'res://assets/audio/music/banjo.ogg' at thread -1
Loading resource: res://assets/audio/voices/filler_v1/roshan_intro1.ogg remapped: res://assets/audio/voices/filler_v1/roshan_intro1.ogg
Loading resource: res://.godot/imported/roshan_intro1.ogg-f820084970fc77bf53c9fa3fc87e9d14.oggvorbisstr remapped: res://.godot/imported/roshan_intro1.ogg-f820084970fc77bf53c9fa3fc87e9d14.oggvorbisstr
Completed load for: 'res://assets/audio/voices/filler_v1/roshan_intro1.ogg' remapped 'res://assets/audio/voices/filler_v1/roshan_intro1.ogg' at thread -1
Loading resource: res://assets/characters/friends/huluu.png remapped: res://assets/characters/friends/huluu.png
Loading resource: res://.godot/imported/huluu.png-6fee73331b3d0600210812844b67ef58.ctex remapped: res://.godot/imported/huluu.png-6fee73331b3d0600210812844b67ef58.ctex
Completed load for: 'res://assets/characters/friends/huluu.png' remapped 'res://assets/characters/friends/huluu.png' at thread -1
MELODY|OK|Daddy Mermaid owns the sole Melody friend route at the canonical slot
MELODY|OK|fresh isolated save starts Daddy and Melody unawarded
Loading resource: res://assets/characters/roshan_25d/roshan_base.png remapped: res://assets/characters/roshan_25d/roshan_base.png
Loading resource: res://.godot/imported/roshan_base.png-9c456388e4a5ef13b9331f23ea18de99.s3tc.ctex remapped: res://.godot/imported/roshan_base.png-9c456388e4a5ef13b9331f23ea18de99.s3tc.ctex
Completed load for: 'res://assets/characters/roshan_25d/roshan_base.png' remapped 'res://assets/characters/roshan_25d/roshan_base.png' at thread -1
MELODY|OK|shared success chime exposes a restorable volume and pitch baseline
Loading resource: res://assets/audio/music/melody.ogg remapped: res://assets/audio/music/melody.ogg
Loading resource: res://.godot/imported/melody.ogg-d88fbeb3a09edbadd4594753c78ccecc.oggvorbisstr remapped: res://.godot/imported/melody.ogg-d88fbeb3a09edbadd4594753c78ccecc.oggvorbisstr
Completed load for: 'res://assets/audio/music/melody.ogg' remapped 'res://assets/audio/music/melody.ogg' at thread -1
Loading resource: res://assets/flats/sky_lagoon/main/flat_sky_lagoon_main_panorama_v5_tile_r0_c2.png remapped: res://assets/flats/sky_lagoon/main/flat_sky_lagoon_main_panorama_v5_tile_r0_c2.png
Loading resource: res://.godot/imported/flat_sky_lagoon_main_panorama_v5_tile_r0_c2.png-707b7c1249db60c277ba18a5a90d2606.s3tc.ctex remapped: res://.godot/imported/flat_sky_lagoon_main_panorama_v5_tile_r0_c2.png-707b7c1249db60c277ba18a5a90d2606.s3tc.ctex
Completed load for: 'res://assets/flats/sky_lagoon/main/flat_sky_lagoon_main_panorama_v5_tile_r0_c2.png' remapped 'res://assets/flats/sky_lagoon/main/flat_sky_lagoon_main_panorama_v5_tile_r0_c2.png' at thread -1
Loading resource: res://assets/flats/sky_lagoon/main/flat_sky_lagoon_main_panorama_v5_tile_r0_c3.png remapped: res://assets/flats/sky_lagoon/main/flat_sky_lagoon_main_panorama_v5_tile_r0_c3.png
Loading resource: res://.godot/imported/flat_sky_lagoon_main_panorama_v5_tile_r0_c3.png-f5a0de2cacbf855b5537bfa011fb414f.s3tc.ctex remapped: res://.godot/imported/flat_sky_lagoon_main_panorama_v5_tile_r0_c3.png-f5a0de2cacbf855b5537bfa011fb414f.s3tc.ctex
Completed load for: 'res://assets/flats/sky_lagoon/main/flat_sky_lagoon_main_panorama_v5_tile_r0_c3.png' remapped 'res://assets/flats/sky_lagoon/main/flat_sky_lagoon_main_panorama_v5_tile_r0_c3.png' at thread -1
Loading resource: res://assets/flats/sky_lagoon/main/flat_sky_lagoon_main_panorama_v5_tile_r1_c2.png remapped: res://assets/flats/sky_lagoon/main/flat_sky_lagoon_main_panorama_v5_tile_r1_c2.png
Loading resource: res://.godot/imported/flat_sky_lagoon_main_panorama_v5_tile_r1_c2.png-0c556d40124fed4dea38c25d4997f920.s3tc.ctex remapped: res://.godot/imported/flat_sky_lagoon_main_panorama_v5_tile_r1_c2.png-0c556d40124fed4dea38c25d4997f920.s3tc.ctex
Completed load for: 'res://assets/flats/sky_lagoon/main/flat_sky_lagoon_main_panorama_v5_tile_r1_c2.png' remapped 'res://assets/flats/sky_lagoon/main/flat_sky_lagoon_main_panorama_v5_tile_r1_c2.png' at thread -1
Loading resource: res://assets/flats/sky_lagoon/main/flat_sky_lagoon_main_panorama_v5_tile_r1_c3.png remapped: res://assets/flats/sky_lagoon/main/flat_sky_lagoon_main_panorama_v5_tile_r1_c3.png
Loading resource: res://.godot/imported/flat_sky_lagoon_main_panorama_v5_tile_r1_c3.png-f8ce0e5f490964960eec056604b88fb0.s3tc.ctex remapped: res://.godot/imported/flat_sky_lagoon_main_panorama_v5_tile_r1_c3.png-f8ce0e5f490964960eec056604b88fb0.s3tc.ctex
Completed load for: 'res://assets/flats/sky_lagoon/main/flat_sky_lagoon_main_panorama_v5_tile_r1_c3.png' remapped 'res://assets/flats/sky_lagoon/main/flat_sky_lagoon_main_panorama_v5_tile_r1_c3.png' at thread -1
Loading resource: res://assets/characters/stickers/daddy.png remapped: res://assets/characters/stickers/daddy.png
Loading resource: res://.godot/imported/daddy.png-dcdd33bdd5069058cd6dd7c836998157.ctex remapped: res://.godot/imported/daddy.png-dcdd33bdd5069058cd6dd7c836998157.ctex
Completed load for: 'res://assets/characters/stickers/daddy.png' remapped 'res://assets/characters/stickers/daddy.png' at thread -1
Loading resource: res://assets/opera/worlds/actors/roshan_popstar.png remapped: res://assets/opera/worlds/actors/roshan_popstar.png
Loading resource: res://.godot/imported/roshan_popstar.png-b010642ec9fba8921c9267b9708d9c93.s3tc.ctex remapped: res://.godot/imported/roshan_popstar.png-b010642ec9fba8921c9267b9708d9c93.s3tc.ctex
Completed load for: 'res://assets/opera/worlds/actors/roshan_popstar.png' remapped 'res://assets/opera/worlds/actors/roshan_popstar.png' at thread -1
Loading resource: res://assets/audio/voices/filler_v1/roshan_op_popstar_rhythm.ogg remapped: res://assets/audio/voices/filler_v1/roshan_op_popstar_rhythm.ogg
Loading resource: res://.godot/imported/roshan_op_popstar_rhythm.ogg-00c4b23506e208b47cf3852b4d29c845.oggvorbisstr remapped: res://.godot/imported/roshan_op_popstar_rhythm.ogg-00c4b23506e208b47cf3852b4d29c845.oggvorbisstr
Completed load for: 'res://assets/audio/voices/filler_v1/roshan_op_popstar_rhythm.ogg' remapped 'res://assets/audio/voices/filler_v1/roshan_op_popstar_rhythm.ogg' at thread -1
MELODY|OK|direct Daddy launch synchronously enters Melody
MELODY|ENTRY_FACTS|active_layers=1|direct_before=28|direct_now=29|only_layer_or_touch_fx_added=true|layer=7|pause_layer=12
MELODY|OK|entry owns exactly one Canvas layer below the pause sheet
MELODY|OK|Canvas theater exposes every stable stage, note, and progress node
MELODY|OK|Canvas theater has the exact typed surface tree with no unknown occluder
MELODY|OK|Melody adds no spatial descendants or hidden game-node authority
MELODY|OK|runtime binds the exact four native center tiles once in 2x2 order
MELODY|OK|runtime four-tile transforms are seam-free and cover the phone viewport
MELODY|OK|attached note geometry exposes all seven ordered colors and the draw path binds the same source color
MELODY|OK|stage has no failure state, countdown, or passive completion path
MELODY|OK|opaque Canvas preserves Reef position/environment while owning controls
MELODY|OK|Daddy entry sends the exact target+verb objective and voice exactly once
MELODY|OK|requested voice resolves to the exact immutable OGG
MELODY|OK|entry starts under the production reveal fade
MELODY|OK|quick press and release wholly under fade make no progress
MELODY|OK|shared objective text remains semantic state occluded below the opaque stage
MELODY|OK|opening non-reader objective is carried by the sole live attached visual pointer
MELODY|OK|fade tap release clears its neutral latch before fresh input
MELODY|OK|first fresh green tap after a swallowed fade tap scores exactly once
WARNING: Loaded resource as image file, this will not work on export: 'res://assets/flats/sky_lagoon/main/flat_sky_lagoon_main_panorama_v5_tile_r0_c2.png'. Instead, import the image file as an Image resource and load it normally as a resource.
   at: load_from_file (core/io/image.cpp:2780)
   GDScript backtrace (most recent call first):
       [0] _check_runtime_texture_census (res://scripts/probe_melody.gd:883)
       [1] _check_rendered_stage_contract (res://scripts/probe_melody.gd:570)
       [2] _run (res://scripts/probe_melody.gd:220)
WARNING: Loaded resource as image file, this will not work on export: 'res://assets/flats/sky_lagoon/main/flat_sky_lagoon_main_panorama_v5_tile_r0_c3.png'. Instead, import the image file as an Image resource and load it normally as a resource.
   at: load_from_file (core/io/image.cpp:2780)
   GDScript backtrace (most recent call first):
       [0] _check_runtime_texture_census (res://scripts/probe_melody.gd:883)
       [1] _check_rendered_stage_contract (res://scripts/probe_melody.gd:570)
       [2] _run (res://scripts/probe_melody.gd:220)
WARNING: Loaded resource as image file, this will not work on export: 'res://assets/flats/sky_lagoon/main/flat_sky_lagoon_main_panorama_v5_tile_r1_c2.png'. Instead, import the image file as an Image resource and load it normally as a resource.
   at: load_from_file (core/io/image.cpp:2780)
   GDScript backtrace (most recent call first):
       [0] _check_runtime_texture_census (res://scripts/probe_melody.gd:883)
       [1] _check_rendered_stage_contract (res://scripts/probe_melody.gd:570)
       [2] _run (res://scripts/probe_melody.gd:220)
WARNING: Loaded resource as image file, this will not work on export: 'res://assets/flats/sky_lagoon/main/flat_sky_lagoon_main_panorama_v5_tile_r1_c3.png'. Instead, import the image file as an Image resource and load it normally as a resource.
   at: load_from_file (core/io/image.cpp:2780)
   GDScript backtrace (most recent call first):
       [0] _check_runtime_texture_census (res://scripts/probe_melody.gd:883)
       [1] _check_rendered_stage_contract (res://scripts/probe_melody.gd:570)
       [2] _run (res://scripts/probe_melody.gd:220)
WARNING: Loaded resource as image file, this will not work on export: 'res://assets/characters/stickers/daddy.png'. Instead, import the image file as an Image resource and load it normally as a resource.
   at: load_from_file (core/io/image.cpp:2780)
   GDScript backtrace (most recent call first):
       [0] _check_runtime_texture_census (res://scripts/probe_melody.gd:883)
       [1] _check_rendered_stage_contract (res://scripts/probe_melody.gd:570)
       [2] _run (res://scripts/probe_melody.gd:220)
WARNING: Loaded resource as image file, this will not work on export: 'res://assets/opera/worlds/actors/roshan_popstar.png'. Instead, import the image file as an Image resource and load it normally as a resource.
   at: load_from_file (core/io/image.cpp:2780)
   GDScript backtrace (most recent call first):
       [0] _check_runtime_texture_census (res://scripts/probe_melody.gd:883)
       [1] _check_rendered_stage_contract (res://scripts/probe_melody.gd:570)
       [2] _run (res://scripts/probe_melody.gd:220)
MELODY|OK|live Canvas binds only four tiles, Daddy, and Roshan exactly once each
MELODY|OK|unique live texture census stays within conservative decoded and declared-upload bounds
bcdec: Decompression of a 512x512 DXT5 RGBA8 image with 0 mipmaps took 0 ms.
MELODY|LAYOUT_FACTS|standard={ "proscenium_dominant": true, "viewport_rect": [P: (0.0, 0.0), S: (1280.0, 720.0)], "proscenium_rect": [P: (24.0, 18.0), S: (1232.0, 684.0)], "proscenium_coverage": 0.44455555555556, "footlights_rect": [P: (134.88, 524.4), S: (1010.24, 48.0)], "stage_star_rect": [P: (332.0, 33.0), S: (104.0, 104.0)], "actors_readable": true, "note_readable": true, "pointer_geometry_unique": true, "critical_regions_clear": true, "z_order_valid": true, "backdrop_covers": true }
MELODY|OK|actual proscenium polygons visibly dominate the 1280x720 stage
MELODY|OK|actual Daddy and Roshan alpha bounds are readable at 1280x720
MELODY|OK|actual note, hit envelope, green zone, and pointer are readable at 1280x720
MELODY|OK|pointer is exactly one attached arrow, line, target, and two rings with no custom-draw duplicate
MELODY|OK|actual four-tile Canvas transforms cover 1280x720 seam-free
MELODY|LAYOUT_FACTS|tall={ "proscenium_dominant": true, "viewport_rect": [P: (0.0, 0.0), S: (1280.0, 800.0)], "proscenium_rect": [P: (24.0, 20.0), S: (1232.0, 760.0)], "proscenium_coverage": 0.42933333333333, "footlights_rect": [P: (134.88, 536.0), S: (1010.24, 53.33331)], "stage_star_rect": [P: (326.2222, 36.66666), S: (115.5555, 115.5556)], "actors_readable": true, "note_readable": true, "pointer_geometry_unique": true, "critical_regions_clear": true, "z_order_valid": true, "backdrop_covers": true }
MELODY|OK|Canvas reflows to the target 1280x800 M11 phone aspect
MELODY|OK|1280x800 reflow preserves the same live stage and note semantics
MELODY|LAYOUT_FACTS|restored={ "proscenium_dominant": true, "viewport_rect": [P: (0.0, 0.0), S: (1280.0, 720.0)], "proscenium_rect": [P: (24.0, 18.0), S: (1232.0, 684.0)], "proscenium_coverage": 0.44455555555556, "footlights_rect": [P: (134.88, 524.4), S: (1010.24, 48.0)], "stage_star_rect": [P: (332.0, 33.0), S: (104.0, 104.0)], "actors_readable": true, "note_readable": true, "pointer_geometry_unique": true, "critical_regions_clear": true, "z_order_valid": true, "backdrop_covers": true }
MELODY|OK|1280x720 restore needs no rebuild and retains readable geometry
MELODY|TICK_FACTS|game_delta=0.02857142857143|elapsed_delta=0.02857142857143|reported_frame_delta=0.03809523809524|tick_delta=1
MELODY|OK|one rendered frame produces exactly one Melody controller tick
MELODY|OK|shared ranking clock advances by exactly the one delivered frame delta
MELODY|OK|runtime motion consumes that same frame delta exactly once
MELODY|OK|early note tap makes no progress and carries no penalty
MELODY|OK|wrong-point fixture is outside the active hit and pause zones
MELODY|OK|wrong-point tap in the green window makes no progress or fail state
MELODY|OK|one complete passive miss recycles forever without progress or penalty
MELODY|OK|early held touch is down but never armed
MELODY|OK|holding from early into green cannot smuggle a hit
MELODY|OK|touch press reaches the held controller before pause
MELODY|OK|Melody exposes only the global Back control
MELODY|OK|internal Menu command raises the production Menu sheet
MELODY|OK|real pause gear cancels the held touch neutrally
Loading resource: res://assets/audio/ui_tap.ogg remapped: res://assets/audio/ui_tap.ogg
Loading resource: res://.godot/imported/ui_tap.ogg-69c2ac5ecadd43b76c4c4a8a3018f9bd.oggvorbisstr remapped: res://.godot/imported/ui_tap.ogg-69c2ac5ecadd43b76c4c4a8a3018f9bd.oggvorbisstr
Completed load for: 'res://assets/audio/ui_tap.ogg' remapped 'res://assets/audio/ui_tap.ogg' at thread -1
MELODY|OK|real resume button restores the live Melody stage
MELODY|OK|wrong sources cannot clear or score the touch held across pause
MELODY|OK|held touch release after pause cannot score
MELODY|OK|Melody exposes only the global Back control
MELODY|OK|internal Menu command raises the production Menu sheet
MELODY|OK|the original source may clear its own neutral latch while still paused
MELODY|OK|real resume button restores the live Melody stage
MELODY|OK|first fresh gesture after an in-pause lift scores exactly once
MELODY|OK|keyboard press reaches the same held controller
MELODY|OK|Melody exposes only the global Back control
MELODY|OK|internal Menu command raises the production Menu sheet
MELODY|OK|real pause gear cancels the held keyboard neutrally
MELODY|OK|real resume button restores the live Melody stage
MELODY|OK|wrong key, device, and pad releases cannot clear paused Space
MELODY|OK|held keyboard release after pause cannot score
MELODY|OK|only the exact keyboard owner may finish an armed note
MELODY|OK|fresh keyboard press/release scores exactly one note
MELODY|OK|Melody exposes only the global Back control
MELODY|OK|internal Menu command raises the production Menu sheet
MELODY|OK|real pause gear cancels the held pad action neutrally
MELODY|OK|real resume button restores the live Melody stage
MELODY|OK|wrong pad button, device, and key cannot clear paused pad A
MELODY|OK|held pad release after pause cannot score
MELODY|OK|only the exact pad owner may finish an armed note
MELODY|OK|fresh pad press/release scores exactly one note
MELODY|OK|controller disconnect neutralizes only its unreleasable held source
MELODY|OK|Melody exposes only the global Back control
MELODY|OK|internal Menu command raises the production Menu sheet
MELODY|OK|no-held real pause leaves the controller neutral
MELODY|OK|real resume button restores the live Melody stage
MELODY|OK|Android-cancelled touch is neutral and clears only its own source
MELODY|OK|only the exact touch owner may finish an armed note
MELODY|OK|first fresh tap after no-held pause scores exactly once
MELODY|OK|touch source is genuinely held before opening the Sticker overlay
MELODY|OK|Melody exposes only the global Back control
MELODY|OK|internal Menu command raises the production Menu sheet
MELODY|OK|real pause sheet exposes its visible Sticker Book doorway
MELODY|OK|real Sticker button opens the higher-layer book without touching progress
MELODY|OK|overlay traffic cannot clear or score another held touch source
MELODY|OK|held source release clears neutrally through the higher overlay
MELODY|OK|Sticker Book uses the sole global Back target
MELODY|OK|TouchUI routes the sole global Back tap to the Sticker Book
MELODY|OK|cancelled owner mouse is neutral and clears only its own source
MELODY|OK|mouse ownership distinguishes device and touch source tokens
MELODY|OK|first fresh green mouse gesture after Sticker Book scores exactly once
MELODY|OK|standalone focus loss neutrally forgets the held touch owner
MELODY|OK|lost focus cannot clear its neutral guard on background frames
MELODY|OK|matching focus restoration retains the guard until an active tick
MELODY|OK|first active focus-restored tick needs no missing old release
MELODY|OK|partial deliberate input reaches exactly six notes before leave
MELODY|OK|Melody exposes only the global Back control
MELODY|OK|internal Menu command raises the production Menu sheet
MELODY|OK|real pause sheet exposes its neutral BACK doorway
MELODY|OK|neutral BACK doorway owns real focused Pause GUI input
Loading resource: res://assets/audio/music/world.ogg remapped: res://assets/audio/music/world.ogg
Loading resource: res://.godot/imported/world.ogg-bfec9819aa7fa229c0057fe76832cfa3.oggvorbisstr remapped: res://.godot/imported/world.ogg-bfec9819aa7fa229c0057fe76832cfa3.oggvorbisstr
Completed load for: 'res://assets/audio/music/world.ogg' remapped 'res://assets/audio/music/world.ogg' at thread -1
Loading resource: res://assets/audio/voices/filler_v1/roshan_talk.ogg remapped: res://assets/audio/voices/filler_v1/roshan_talk.ogg
Loading resource: res://.godot/imported/roshan_talk.ogg-e1f4421496ec72637dc0f4ccd398592a.oggvorbisstr remapped: res://.godot/imported/roshan_talk.ogg-e1f4421496ec72637dc0f4ccd398592a.oggvorbisstr
Completed load for: 'res://assets/audio/voices/filler_v1/roshan_talk.ogg' remapped 'res://assets/audio/voices/filler_v1/roshan_talk.ogg' at thread -1
MELODY|LEAVE_FACTS|game=|g_empty=true|active_layers=0|direct_match=true|game_nodes_match=true|controls_match=true|world_controls=true|position_match=true|environment_match=true|track=world|expected_track=world|music_match=true|chime_match=true
MELODY|OK|neutral pause-menu leave synchronously detaches only Melody
MELODY|OK|neutral leave awards nothing
MELODY|OK|closed Melody teardown is synchronously idempotent
MELODY|OK|neutral teardown frees the complete Canvas subtree
MELODY|OK|ordinary Reef input populates the complete Melody entry-source census
MELODY|OK|ordinary non-Melody pause suspends Main while TouchUI stays live
MELODY|OK|paused terminal touch, mouse, key, and pad releases retire the census
MELODY|OK|ordinary pause resumes without creating a Melody activity
Loading resource: res://assets/flats/sky_lagoon/main/flat_sky_lagoon_main_panorama_v5_tile_r0_c2.png remapped: res://assets/flats/sky_lagoon/main/flat_sky_lagoon_main_panorama_v5_tile_r0_c2.png
Loading resource: res://.godot/imported/flat_sky_lagoon_main_panorama_v5_tile_r0_c2.png-707b7c1249db60c277ba18a5a90d2606.s3tc.ctex remapped: res://.godot/imported/flat_sky_lagoon_main_panorama_v5_tile_r0_c2.png-707b7c1249db60c277ba18a5a90d2606.s3tc.ctex
Completed load for: 'res://assets/flats/sky_lagoon/main/flat_sky_lagoon_main_panorama_v5_tile_r0_c2.png' remapped 'res://assets/flats/sky_lagoon/main/flat_sky_lagoon_main_panorama_v5_tile_r0_c2.png' at thread -1
Loading resource: res://assets/flats/sky_lagoon/main/flat_sky_lagoon_main_panorama_v5_tile_r0_c3.png remapped: res://assets/flats/sky_lagoon/main/flat_sky_lagoon_main_panorama_v5_tile_r0_c3.png
Loading resource: res://.godot/imported/flat_sky_lagoon_main_panorama_v5_tile_r0_c3.png-f5a0de2cacbf855b5537bfa011fb414f.s3tc.ctex remapped: res://.godot/imported/flat_sky_lagoon_main_panorama_v5_tile_r0_c3.png-f5a0de2cacbf855b5537bfa011fb414f.s3tc.ctex
Completed load for: 'res://assets/flats/sky_lagoon/main/flat_sky_lagoon_main_panorama_v5_tile_r0_c3.png' remapped 'res://assets/flats/sky_lagoon/main/flat_sky_lagoon_main_panorama_v5_tile_r0_c3.png' at thread -1
Loading resource: res://assets/flats/sky_lagoon/main/flat_sky_lagoon_main_panorama_v5_tile_r1_c2.png remapped: res://assets/flats/sky_lagoon/main/flat_sky_lagoon_main_panorama_v5_tile_r1_c2.png
Loading resource: res://.godot/imported/flat_sky_lagoon_main_panorama_v5_tile_r1_c2.png-0c556d40124fed4dea38c25d4997f920.s3tc.ctex remapped: res://.godot/imported/flat_sky_lagoon_main_panorama_v5_tile_r1_c2.png-0c556d40124fed4dea38c25d4997f920.s3tc.ctex
Completed load for: 'res://assets/flats/sky_lagoon/main/flat_sky_lagoon_main_panorama_v5_tile_r1_c2.png' remapped 'res://assets/flats/sky_lagoon/main/flat_sky_lagoon_main_panorama_v5_tile_r1_c2.png' at thread -1
Loading resource: res://assets/flats/sky_lagoon/main/flat_sky_lagoon_main_panorama_v5_tile_r1_c3.png remapped: res://assets/flats/sky_lagoon/main/flat_sky_lagoon_main_panorama_v5_tile_r1_c3.png
Loading resource: res://.godot/imported/flat_sky_lagoon_main_panorama_v5_tile_r1_c3.png-f8ce0e5f490964960eec056604b88fb0.s3tc.ctex remapped: res://.godot/imported/flat_sky_lagoon_main_panorama_v5_tile_r1_c3.png-f8ce0e5f490964960eec056604b88fb0.s3tc.ctex
Completed load for: 'res://assets/flats/sky_lagoon/main/flat_sky_lagoon_main_panorama_v5_tile_r1_c3.png' remapped 'res://assets/flats/sky_lagoon/main/flat_sky_lagoon_main_panorama_v5_tile_r1_c3.png' at thread -1
Loading resource: res://assets/characters/stickers/daddy.png remapped: res://assets/characters/stickers/daddy.png
Loading resource: res://.godot/imported/daddy.png-dcdd33bdd5069058cd6dd7c836998157.ctex remapped: res://.godot/imported/daddy.png-dcdd33bdd5069058cd6dd7c836998157.ctex
Completed load for: 'res://assets/characters/stickers/daddy.png' remapped 'res://assets/characters/stickers/daddy.png' at thread -1
Loading resource: res://assets/opera/worlds/actors/roshan_popstar.png remapped: res://assets/opera/worlds/actors/roshan_popstar.png
Loading resource: res://.godot/imported/roshan_popstar.png-b010642ec9fba8921c9267b9708d9c93.s3tc.ctex remapped: res://.godot/imported/roshan_popstar.png-b010642ec9fba8921c9267b9708d9c93.s3tc.ctex
Completed load for: 'res://assets/opera/worlds/actors/roshan_popstar.png' remapped 'res://assets/opera/worlds/actors/roshan_popstar.png' at thread -1
MELODY|OK|clean census cannot poison the next Melody entry
MELODY|OK|ordered context-loss fixture holds a concrete touch owner
MELODY|OK|focus-out then application-paused tracks both reasons behind one guard
MELODY|OK|lost context consumes the real touch and mouse Pause-corner target
MELODY|OK|lost-context touch, mouse, key, and pad presses cannot claim census state
MELODY|OK|lost-context touch, mouse, key, and pad releases are also inert
MELODY|OK|resumed alone cannot override the still-lost focus reason
MELODY|OK|partially restored context still rejects every fresh source press
MELODY|OK|partially restored context still rejects every terminal release
MELODY|OK|full ordered restoration keeps a source-free guard until its tick
MELODY|OK|pre-tick restored presses cannot enter Main census, arm Melody, or score
MELODY|OK|first restored tick clears only the guard, never preserves pre-tick presses
MELODY|OK|Melody exposes only the global Back control
MELODY|OK|internal Menu command raises the production Menu sheet
MELODY|OK|real pause sheet exposes its neutral BACK doorway
MELODY|OK|neutral BACK doorway owns real focused Pause GUI input
Loading resource: res://assets/audio/music/world.ogg remapped: res://assets/audio/music/world.ogg
Loading resource: res://.godot/imported/world.ogg-bfec9819aa7fa229c0057fe76832cfa3.oggvorbisstr remapped: res://.godot/imported/world.ogg-bfec9819aa7fa229c0057fe76832cfa3.oggvorbisstr
Completed load for: 'res://assets/audio/music/world.ogg' remapped 'res://assets/audio/music/world.ogg' at thread -1
MELODY|OK|unreleased pre-tick sources cannot poison a neutral Melody leave
MELODY|OK|pre-tick-source recovery teardown frees its first Canvas subtree
Loading resource: res://assets/audio/music/melody.ogg remapped: res://assets/audio/music/melody.ogg
Loading resource: res://.godot/imported/melody.ogg-d88fbeb3a09edbadd4594753c78ccecc.oggvorbisstr remapped: res://.godot/imported/melody.ogg-d88fbeb3a09edbadd4594753c78ccecc.oggvorbisstr
Completed load for: 'res://assets/audio/music/melody.ogg' remapped 'res://assets/audio/music/melody.ogg' at thread -1
Loading resource: res://assets/flats/sky_lagoon/main/flat_sky_lagoon_main_panorama_v5_tile_r0_c2.png remapped: res://assets/flats/sky_lagoon/main/flat_sky_lagoon_main_panorama_v5_tile_r0_c2.png
Loading resource: res://.godot/imported/flat_sky_lagoon_main_panorama_v5_tile_r0_c2.png-707b7c1249db60c277ba18a5a90d2606.s3tc.ctex remapped: res://.godot/imported/flat_sky_lagoon_main_panorama_v5_tile_r0_c2.png-707b7c1249db60c277ba18a5a90d2606.s3tc.ctex
Completed load for: 'res://assets/flats/sky_lagoon/main/flat_sky_lagoon_main_panorama_v5_tile_r0_c2.png' remapped 'res://assets/flats/sky_lagoon/main/flat_sky_lagoon_main_panorama_v5_tile_r0_c2.png' at thread -1
Loading resource: res://assets/flats/sky_lagoon/main/flat_sky_lagoon_main_panorama_v5_tile_r0_c3.png remapped: res://assets/flats/sky_lagoon/main/flat_sky_lagoon_main_panorama_v5_tile_r0_c3.png
Loading resource: res://.godot/imported/flat_sky_lagoon_main_panorama_v5_tile_r0_c3.png-f5a0de2cacbf855b5537bfa011fb414f.s3tc.ctex remapped: res://.godot/imported/flat_sky_lagoon_main_panorama_v5_tile_r0_c3.png-f5a0de2cacbf855b5537bfa011fb414f.s3tc.ctex
Completed load for: 'res://assets/flats/sky_lagoon/main/flat_sky_lagoon_main_panorama_v5_tile_r0_c3.png' remapped 'res://assets/flats/sky_lagoon/main/flat_sky_lagoon_main_panorama_v5_tile_r0_c3.png' at thread -1
Loading resource: res://assets/flats/sky_lagoon/main/flat_sky_lagoon_main_panorama_v5_tile_r1_c2.png remapped: res://assets/flats/sky_lagoon/main/flat_sky_lagoon_main_panorama_v5_tile_r1_c2.png
Loading resource: res://.godot/imported/flat_sky_lagoon_main_panorama_v5_tile_r1_c2.png-0c556d40124fed4dea38c25d4997f920.s3tc.ctex remapped: res://.godot/imported/flat_sky_lagoon_main_panorama_v5_tile_r1_c2.png-0c556d40124fed4dea38c25d4997f920.s3tc.ctex
Completed load for: 'res://assets/flats/sky_lagoon/main/flat_sky_lagoon_main_panorama_v5_tile_r1_c2.png' remapped 'res://assets/flats/sky_lagoon/main/flat_sky_lagoon_main_panorama_v5_tile_r1_c2.png' at thread -1
Loading resource: res://assets/flats/sky_lagoon/main/flat_sky_lagoon_main_panorama_v5_tile_r1_c3.png remapped: res://assets/flats/sky_lagoon/main/flat_sky_lagoon_main_panorama_v5_tile_r1_c3.png
Loading resource: res://.godot/imported/flat_sky_lagoon_main_panorama_v5_tile_r1_c3.png-f8ce0e5f490964960eec056604b88fb0.s3tc.ctex remapped: res://.godot/imported/flat_sky_lagoon_main_panorama_v5_tile_r1_c3.png-f8ce0e5f490964960eec056604b88fb0.s3tc.ctex
Completed load for: 'res://assets/flats/sky_lagoon/main/flat_sky_lagoon_main_panorama_v5_tile_r1_c3.png' remapped 'res://assets/flats/sky_lagoon/main/flat_sky_lagoon_main_panorama_v5_tile_r1_c3.png' at thread -1
Loading resource: res://assets/characters/stickers/daddy.png remapped: res://assets/characters/stickers/daddy.png
Loading resource: res://.godot/imported/daddy.png-dcdd33bdd5069058cd6dd7c836998157.ctex remapped: res://.godot/imported/daddy.png-dcdd33bdd5069058cd6dd7c836998157.ctex
Completed load for: 'res://assets/characters/stickers/daddy.png' remapped 'res://assets/characters/stickers/daddy.png' at thread -1
Loading resource: res://assets/opera/worlds/actors/roshan_popstar.png remapped: res://assets/opera/worlds/actors/roshan_popstar.png
Loading resource: res://.godot/imported/roshan_popstar.png-b010642ec9fba8921c9267b9708d9c93.s3tc.ctex remapped: res://.godot/imported/roshan_popstar.png-b010642ec9fba8921c9267b9708d9c93.s3tc.ctex
Completed load for: 'res://assets/opera/worlds/actors/roshan_popstar.png' remapped 'res://assets/opera/worlds/actors/roshan_popstar.png' at thread -1
MELODY|OK|recovery relaunch enters Melody through the production start path
MELODY|OK|reentry after missing releases has no inherited census or exact owner
MELODY|OK|different fresh gesture scores exactly once after source-clean reentry
MELODY|OK|reverse-order context-loss fixture holds a concrete pad owner
MELODY|OK|application-paused then focus-out also retains both exact reasons
MELODY|OK|reverse loss ordering also ignores all traffic and forgets its owner
MELODY|OK|reverse-order terminal traffic cannot mutate the empty census
MELODY|OK|focus-in alone cannot override the still-paused application reason
MELODY|OK|reverse full restoration also retains its pre-tick guard
MELODY|OK|reverse restoration clears the guard on its first active tick
MELODY|OK|reverse-order different-source touch gesture scores exactly once
MELODY|OK|Melody exposes only the global Back control
MELODY|OK|internal Menu command raises the production Menu sheet
MELODY|OK|nested fixture starts with a normal exact-source Pause latch
MELODY|OK|real Pause accessibility keeps Resume focused for lost-input testing
MELODY|OK|lost-context presses cannot activate real Resume/Leave or focused actions
MELODY|OK|lost-context releases also leave real Pause GUI and Melody untouched
MELODY|OK|full OS restore cannot clear the guard while Pause remains open
MELODY|OK|real focused ui_accept resumes without clearing the restored context guard
MELODY|OK|first active unpaused nested-restoration tick clears the guard
MELODY|OK|fresh pad gesture after nested restoration scores exactly once
MELODY|OK|Melody exposes only the global Back control
MELODY|OK|internal Menu command raises the production Menu sheet
MELODY|OK|real pause sheet exposes its neutral BACK doorway
MELODY|OK|neutral BACK doorway owns real focused Pause GUI input
Loading resource: res://assets/audio/music/world.ogg remapped: res://assets/audio/music/world.ogg
Loading resource: res://.godot/imported/world.ogg-bfec9819aa7fa229c0057fe76832cfa3.oggvorbisstr remapped: res://.godot/imported/world.ogg-bfec9819aa7fa229c0057fe76832cfa3.oggvorbisstr
Completed load for: 'res://assets/audio/music/world.ogg' remapped 'res://assets/audio/music/world.ogg' at thread -1
MELODY|OK|system-loss recovery stage leaves neutrally with no reward or save progress
MELODY|OK|system-loss recovery teardown frees its complete Canvas subtree
Loading resource: res://assets/flats/sky_lagoon/main/flat_sky_lagoon_main_panorama_v5_tile_r0_c2.png remapped: res://assets/flats/sky_lagoon/main/flat_sky_lagoon_main_panorama_v5_tile_r0_c2.png
Loading resource: res://.godot/imported/flat_sky_lagoon_main_panorama_v5_tile_r0_c2.png-707b7c1249db60c277ba18a5a90d2606.s3tc.ctex remapped: res://.godot/imported/flat_sky_lagoon_main_panorama_v5_tile_r0_c2.png-707b7c1249db60c277ba18a5a90d2606.s3tc.ctex
Completed load for: 'res://assets/flats/sky_lagoon/main/flat_sky_lagoon_main_panorama_v5_tile_r0_c2.png' remapped 'res://assets/flats/sky_lagoon/main/flat_sky_lagoon_main_panorama_v5_tile_r0_c2.png' at thread -1
Loading resource: res://assets/flats/sky_lagoon/main/flat_sky_lagoon_main_panorama_v5_tile_r0_c3.png remapped: res://assets/flats/sky_lagoon/main/flat_sky_lagoon_main_panorama_v5_tile_r0_c3.png
Loading resource: res://.godot/imported/flat_sky_lagoon_main_panorama_v5_tile_r0_c3.png-f5a0de2cacbf855b5537bfa011fb414f.s3tc.ctex remapped: res://.godot/imported/flat_sky_lagoon_main_panorama_v5_tile_r0_c3.png-f5a0de2cacbf855b5537bfa011fb414f.s3tc.ctex
Completed load for: 'res://assets/flats/sky_lagoon/main/flat_sky_lagoon_main_panorama_v5_tile_r0_c3.png' remapped 'res://assets/flats/sky_lagoon/main/flat_sky_lagoon_main_panorama_v5_tile_r0_c3.png' at thread -1
Loading resource: res://assets/flats/sky_lagoon/main/flat_sky_lagoon_main_panorama_v5_tile_r1_c2.png remapped: res://assets/flats/sky_lagoon/main/flat_sky_lagoon_main_panorama_v5_tile_r1_c2.png
Loading resource: res://.godot/imported/flat_sky_lagoon_main_panorama_v5_tile_r1_c2.png-0c556d40124fed4dea38c25d4997f920.s3tc.ctex remapped: res://.godot/imported/flat_sky_lagoon_main_panorama_v5_tile_r1_c2.png-0c556d40124fed4dea38c25d4997f920.s3tc.ctex
Completed load for: 'res://assets/flats/sky_lagoon/main/flat_sky_lagoon_main_panorama_v5_tile_r1_c2.png' remapped 'res://assets/flats/sky_lagoon/main/flat_sky_lagoon_main_panorama_v5_tile_r1_c2.png' at thread -1
Loading resource: res://assets/flats/sky_lagoon/main/flat_sky_lagoon_main_panorama_v5_tile_r1_c3.png remapped: res://assets/flats/sky_lagoon/main/flat_sky_lagoon_main_panorama_v5_tile_r1_c3.png
Loading resource: res://.godot/imported/flat_sky_lagoon_main_panorama_v5_tile_r1_c3.png-f8ce0e5f490964960eec056604b88fb0.s3tc.ctex remapped: res://.godot/imported/flat_sky_lagoon_main_panorama_v5_tile_r1_c3.png-f8ce0e5f490964960eec056604b88fb0.s3tc.ctex
Completed load for: 'res://assets/flats/sky_lagoon/main/flat_sky_lagoon_main_panorama_v5_tile_r1_c3.png' remapped 'res://assets/flats/sky_lagoon/main/flat_sky_lagoon_main_panorama_v5_tile_r1_c3.png' at thread -1
Loading resource: res://assets/characters/stickers/daddy.png remapped: res://assets/characters/stickers/daddy.png
Loading resource: res://.godot/imported/daddy.png-dcdd33bdd5069058cd6dd7c836998157.ctex remapped: res://.godot/imported/daddy.png-dcdd33bdd5069058cd6dd7c836998157.ctex
Completed load for: 'res://assets/characters/stickers/daddy.png' remapped 'res://assets/characters/stickers/daddy.png' at thread -1
Loading resource: res://assets/opera/worlds/actors/roshan_popstar.png remapped: res://assets/opera/worlds/actors/roshan_popstar.png
Loading resource: res://.godot/imported/roshan_popstar.png-b010642ec9fba8921c9267b9708d9c93.s3tc.ctex remapped: res://.godot/imported/roshan_popstar.png-b010642ec9fba8921c9267b9708d9c93.s3tc.ctex
Completed load for: 'res://assets/opera/worlds/actors/roshan_popstar.png' remapped 'res://assets/opera/worlds/actors/roshan_popstar.png' at thread -1
MELODY|OK|re-entry replaces the closed stage with one fresh 0-of-7 layer
MELODY|OK|reset key/pad plus wrong finger/mouse cannot clear the held touch
MELODY|OK|pre-entry held touch cannot become the first note
MELODY|OK|ordered note 0 scores once on a fresh touch release
MELODY|OK|ordered note 1 scores once on a fresh touch release
MELODY|OK|ordered note 2 scores once on a fresh touch release
MELODY|OK|ordered note 3 scores once on a fresh touch release
MELODY|OK|ordered note 4 scores once on a fresh touch release
MELODY|OK|ordered note 5 scores once on a fresh touch release
Loading resource: res://assets/audio/music/world.ogg remapped: res://assets/audio/music/world.ogg
Loading resource: res://.godot/imported/world.ogg-bfec9819aa7fa229c0057fe76832cfa3.oggvorbisstr remapped: res://.godot/imported/world.ogg-bfec9819aa7fa229c0057fe76832cfa3.oggvorbisstr
Completed load for: 'res://assets/audio/music/world.ogg' remapped 'res://assets/audio/music/world.ogg' at thread -1
MELODY|OK|seventh ordered note completes without a fail/timer branch
MELODY|OK|seven fresh direct touch gestures complete red through violet
MELODY|OK|deliberately slow first win awards one bronze medal and one trophy
MELODY|OK|bronze upgrade and terminal persistence each write exactly once
MELODY|WIN_RETURN_FACTS|terminal_position_match=true|environment_match=true|track=world|expected_track=world|music={ "track": "world", "stream_path": "res://assets/audio/music/world.ogg", "playing": true, "volume_db": -8.0, "pitch_scale": 1.0 }|expected_music={ "track": "world", "stream_path": "res://assets/audio/music/world.ogg", "playing": true, "volume_db": -14.0, "pitch_scale": 1.0 }
MELODY|OK|first win restores its exact Reef return context while the shared reward owns fanfare audio
MELODY|OK|first win synchronously clears Canvas and controls
MELODY|OK|first-win layer is freed after synchronous detach
MELODY|OK|replay captures the settled shared-fanfare chime tuning exactly
Loading resource: res://assets/audio/music/melody.ogg remapped: res://assets/audio/music/melody.ogg
Loading resource: res://.godot/imported/melody.ogg-d88fbeb3a09edbadd4594753c78ccecc.oggvorbisstr remapped: res://.godot/imported/melody.ogg-d88fbeb3a09edbadd4594753c78ccecc.oggvorbisstr
Completed load for: 'res://assets/audio/music/melody.ogg' remapped 'res://assets/audio/music/melody.ogg' at thread -1
Loading resource: res://assets/flats/sky_lagoon/main/flat_sky_lagoon_main_panorama_v5_tile_r0_c2.png remapped: res://assets/flats/sky_lagoon/main/flat_sky_lagoon_main_panorama_v5_tile_r0_c2.png
Loading resource: res://.godot/imported/flat_sky_lagoon_main_panorama_v5_tile_r0_c2.png-707b7c1249db60c277ba18a5a90d2606.s3tc.ctex remapped: res://.godot/imported/flat_sky_lagoon_main_panorama_v5_tile_r0_c2.png-707b7c1249db60c277ba18a5a90d2606.s3tc.ctex
Completed load for: 'res://assets/flats/sky_lagoon/main/flat_sky_lagoon_main_panorama_v5_tile_r0_c2.png' remapped 'res://assets/flats/sky_lagoon/main/flat_sky_lagoon_main_panorama_v5_tile_r0_c2.png' at thread -1
Loading resource: res://assets/flats/sky_lagoon/main/flat_sky_lagoon_main_panorama_v5_tile_r0_c3.png remapped: res://assets/flats/sky_lagoon/main/flat_sky_lagoon_main_panorama_v5_tile_r0_c3.png
Loading resource: res://.godot/imported/flat_sky_lagoon_main_panorama_v5_tile_r0_c3.png-f5a0de2cacbf855b5537bfa011fb414f.s3tc.ctex remapped: res://.godot/imported/flat_sky_lagoon_main_panorama_v5_tile_r0_c3.png-f5a0de2cacbf855b5537bfa011fb414f.s3tc.ctex
Completed load for: 'res://assets/flats/sky_lagoon/main/flat_sky_lagoon_main_panorama_v5_tile_r0_c3.png' remapped 'res://assets/flats/sky_lagoon/main/flat_sky_lagoon_main_panorama_v5_tile_r0_c3.png' at thread -1
Loading resource: res://assets/flats/sky_lagoon/main/flat_sky_lagoon_main_panorama_v5_tile_r1_c2.png remapped: res://assets/flats/sky_lagoon/main/flat_sky_lagoon_main_panorama_v5_tile_r1_c2.png
Loading resource: res://.godot/imported/flat_sky_lagoon_main_panorama_v5_tile_r1_c2.png-0c556d40124fed4dea38c25d4997f920.s3tc.ctex remapped: res://.godot/imported/flat_sky_lagoon_main_panorama_v5_tile_r1_c2.png-0c556d40124fed4dea38c25d4997f920.s3tc.ctex
Completed load for: 'res://assets/flats/sky_lagoon/main/flat_sky_lagoon_main_panorama_v5_tile_r1_c2.png' remapped 'res://assets/flats/sky_lagoon/main/flat_sky_lagoon_main_panorama_v5_tile_r1_c2.png' at thread -1
Loading resource: res://assets/flats/sky_lagoon/main/flat_sky_lagoon_main_panorama_v5_tile_r1_c3.png remapped: res://assets/flats/sky_lagoon/main/flat_sky_lagoon_main_panorama_v5_tile_r1_c3.png
Loading resource: res://.godot/imported/flat_sky_lagoon_main_panorama_v5_tile_r1_c3.png-f8ce0e5f490964960eec056604b88fb0.s3tc.ctex remapped: res://.godot/imported/flat_sky_lagoon_main_panorama_v5_tile_r1_c3.png-f8ce0e5f490964960eec056604b88fb0.s3tc.ctex
Completed load for: 'res://assets/flats/sky_lagoon/main/flat_sky_lagoon_main_panorama_v5_tile_r1_c3.png' remapped 'res://assets/flats/sky_lagoon/main/flat_sky_lagoon_main_panorama_v5_tile_r1_c3.png' at thread -1
Loading resource: res://assets/characters/stickers/daddy.png remapped: res://assets/characters/stickers/daddy.png
Loading resource: res://.godot/imported/daddy.png-dcdd33bdd5069058cd6dd7c836998157.ctex remapped: res://.godot/imported/daddy.png-dcdd33bdd5069058cd6dd7c836998157.ctex
Completed load for: 'res://assets/characters/stickers/daddy.png' remapped 'res://assets/characters/stickers/daddy.png' at thread -1
Loading resource: res://assets/opera/worlds/actors/roshan_popstar.png remapped: res://assets/opera/worlds/actors/roshan_popstar.png
Loading resource: res://.godot/imported/roshan_popstar.png-b010642ec9fba8921c9267b9708d9c93.s3tc.ctex remapped: res://.godot/imported/roshan_popstar.png-b010642ec9fba8921c9267b9708d9c93.s3tc.ctex
Completed load for: 'res://assets/opera/worlds/actors/roshan_popstar.png' remapped 'res://assets/opera/worlds/actors/roshan_popstar.png' at thread -1
MELODY|OK|unrelated key and pad releases preserve both pre-entry action owners
MELODY|OK|releasing one of two pre-entry owners keeps the other owner blocked
MELODY|OK|pre-entry held keyboard/pad actions release neutrally
MELODY|OK|ordered note 0 scores once on a fresh key release
MELODY|OK|ordered note 1 scores once on a fresh pad release
MELODY|OK|ordered note 2 scores once on a fresh touch release
MELODY|OK|ordered note 3 scores once on a fresh touch release
MELODY|OK|ordered note 4 scores once on a fresh touch release
MELODY|OK|ordered note 5 scores once on a fresh touch release
Loading resource: res://assets/audio/music/world.ogg remapped: res://assets/audio/music/world.ogg
Loading resource: res://.godot/imported/world.ogg-bfec9819aa7fa229c0057fe76832cfa3.oggvorbisstr remapped: res://.godot/imported/world.ogg-bfec9819aa7fa229c0057fe76832cfa3.oggvorbisstr
Completed load for: 'res://assets/audio/music/world.ogg' remapped 'res://assets/audio/music/world.ogg' at thread -1
MELODY|OK|seventh ordered note completes without a fail/timer branch
MELODY|OK|fresh keyboard, pad, and touch presses all complete the replay
MELODY|OK|fast replay upgrades only the medal and never duplicates first-win reward
MELODY|OK|gold upgrade and terminal persistence each write exactly once
MELODY|REPLAY_RETURN_FACTS|terminal_position_match=true|environment_match=true|track=world|expected_track=world|music={ "track": "world", "stream_path": "res://assets/audio/music/world.ogg", "playing": true, "volume_db": -8.0, "pitch_scale": 1.0 }|expected_music={ "track": "world", "stream_path": "res://assets/audio/music/world.ogg", "playing": true, "volume_db": -8.0, "pitch_scale": 1.0 }|chime_match=true|active_layers=0|controls_match=true
MELODY|OK|replay restores context and synchronously tears down
MELODY|OK|replay layer is freed after synchronous detach
MELODY|OK|normal save and all recovery artifacts retain exact hash/mtime
MELODY|OK|isolated probe save and recovery artifacts clean up exactly
MELODY|result: ALL OK
XR: Clearing primary interface
XR: Removed interface "Native mobile"
XR: Removed interface "OpenXR"
