Godot Engine v4.7.2.stable.official.ed1daf0bf - https://godotengine.org
Vulkan 1.4.325 - Forward Mobile - Using Device #0: NVIDIA - NVIDIA GeForce RTX 3060 Ti

CURRENT_OPERA_ART|SOURCE|res://scripts/opera_teacher_surface.gd|5d52ec189d6990a7c9108d3724ba6a72e5cac45c05a5e3d2c0710c3bee87d667
CURRENT_OPERA_ART|SOURCE|res://scripts/opera_geology_surface.gd|da96f3b7c07b2ecac796cbe21410499c4439937a21d4096fd918a611e02ba8be
CURRENT_OPERA_ART|SOURCE|res://scripts/opera_career_world_2d.gd|2f01fb3d4ea8b517a4de26e1c759f105dcbb19ac7e87613bd99dd0912a145b4d
CURRENT_OPERA_ART|SOURCE|res://scripts/opera_act.gd|ad107c7cd70171969676d2568991ea42035237ce0189389c9eece7aa9809d776
CURRENT_OPERA_ART|SOURCE|res://scripts/opera_roshan_actor.gd|556301bbaeefcc55f7a5c28744170872e488563719aee54856ad4c65c4e9cb6d
CURRENT_OPERA_ART|SOURCE|res://assets/opera/worlds/actors/animation/roshan_teacher_sheet_a.png|2bddeebd6ca4fe0647e1f6deb670bfcab4d1183f36417e0a033e59c4788dd28c
CURRENT_OPERA_ART|SOURCE|res://assets/opera/worlds/actors/animation/roshan_geologist_sheet_a.png|1fd7080933fd49b27a9cbb2b20d9470e4fd654dec58db72e9aa9e081a6e24c37
CURRENT_OPERA_ART|OK|found teacher shipping config
CURRENT_OPERA_ART|OK|teacher configured Canvas career world
CURRENT_OPERA_ART|OK|teacher/pattern opened current live surface
CURRENT_OPERA_ART|OK|teacher/pattern normal surface clock advances
CURRENT_OPERA_ART|CLOCK|career=teacher|phase=pattern|before=0.278657|after=0.414716|paused=false|world_processing=true|surface_processing=true
CURRENT_OPERA_ART|OK|capture teacher_pattern_intro.png
CURRENT_OPERA_ART|CAPTURE|{"capture_origin":"configured_phase_shortcut","career":"teacher","elapsed_msec":6401,"mode":"teacher_pattern","path":"C:\\Users\\Peter\\Documents\\mermaid-roshan-reef\\.worktrees\\minigame-art-dev-reconcile-20260905\\tmp\\current-opera-art-capture\\run02\\captures/teacher_pattern_intro.png","phase":"pattern","phase_index":0,"process_frames":17,"renderer":"mobile","sha256":"ab6f55175c49ed5b6f798cb688f9f695f2dd4cd93b02f747b122a440d98a7c23","state":"intro","surface":{"assisted":false,"can_answer":true,"chosen":-1,"counted":[],"joined":true,"kind":"pattern","sequence":0,"solved":false,"tier":0,"version":1,"wrong_attempts":0},"task_open":true,"ticks_msec":15584,"time_scale":1.0,"viewport":[1280,720]}
CURRENT_OPERA_ART|OK|capture teacher_pattern_partial.png
CURRENT_OPERA_ART|CAPTURE|{"capture_origin":"live_gui_input","career":"teacher","elapsed_msec":7628,"mode":"teacher_pattern","path":"C:\\Users\\Peter\\Documents\\mermaid-roshan-reef\\.worktrees\\minigame-art-dev-reconcile-20260905\\tmp\\current-opera-art-capture\\run02\\captures/teacher_pattern_partial.png","phase":"pattern","phase_index":0,"process_frames":25,"renderer":"mobile","sha256":"40ac123e505e79eb782497cceb37390a8cd40734b751e32dc24faf9be5d380cf","state":"partial","surface":{"assisted":true,"can_answer":true,"chosen":-1,"counted":[],"joined":true,"kind":"pattern","sequence":0,"solved":false,"tier":0,"version":1,"wrong_attempts":1},"task_open":true,"ticks_msec":16811,"time_scale":1.0,"viewport":[1280,720]}
CURRENT_OPERA_ART|OK|teacher/pattern completion still owns current surface
CURRENT_OPERA_ART|OK|capture teacher_pattern_completion.png
CURRENT_OPERA_ART|CAPTURE|{"capture_origin":"live_gui_input","career":"teacher","elapsed_msec":9063,"mode":"teacher_pattern","path":"C:\\Users\\Peter\\Documents\\mermaid-roshan-reef\\.worktrees\\minigame-art-dev-reconcile-20260905\\tmp\\current-opera-art-capture\\run02\\captures/teacher_pattern_completion.png","phase":"pattern","phase_index":0,"process_frames":35,"renderer":"mobile","sha256":"459a8a956bc830722d3e054990986142619cb708e3b6129001dc49d4ce0eba19","state":"completion","surface":{"assisted":true,"can_answer":true,"chosen":0,"counted":[],"joined":true,"kind":"pattern","sequence":0,"solved":true,"tier":0,"version":1,"wrong_attempts":1},"task_open":true,"ticks_msec":18246,"time_scale":1.0,"viewport":[1280,720]}
CURRENT_OPERA_ART|OK|teacher/pattern reached complete surface state
CURRENT_OPERA_ART|OK|teacher/count opened current live surface
CURRENT_OPERA_ART|OK|teacher/count normal surface clock advances
CURRENT_OPERA_ART|CLOCK|career=teacher|phase=count|before=0.144978|after=0.356384|paused=false|world_processing=true|surface_processing=true
CURRENT_OPERA_ART|OK|capture teacher_count_intro.png
CURRENT_OPERA_ART|CAPTURE|{"capture_origin":"configured_phase_shortcut","career":"teacher","elapsed_msec":10257,"mode":"teacher_count","path":"C:\\Users\\Peter\\Documents\\mermaid-roshan-reef\\.worktrees\\minigame-art-dev-reconcile-20260905\\tmp\\current-opera-art-capture\\run02\\captures/teacher_count_intro.png","phase":"count","phase_index":1,"process_frames":44,"renderer":"mobile","sha256":"920bb5e2218d455b99e251a346b76f4b7d8fbc7e947bcf5bd1bba2bf89ac8009","state":"intro","surface":{"assisted":false,"can_answer":false,"chosen":-1,"counted":[false],"joined":true,"kind":"count","sequence":0,"solved":false,"tier":0,"version":1,"wrong_attempts":0},"task_open":true,"ticks_msec":19440,"time_scale":1.0,"viewport":[1280,720]}
CURRENT_OPERA_ART|OK|capture teacher_count_partial.png
CURRENT_OPERA_ART|CAPTURE|{"capture_origin":"live_gui_input","career":"teacher","elapsed_msec":13170,"mode":"teacher_count","path":"C:\\Users\\Peter\\Documents\\mermaid-roshan-reef\\.worktrees\\minigame-art-dev-reconcile-20260905\\tmp\\current-opera-art-capture\\run02\\captures/teacher_count_partial.png","phase":"count","phase_index":1,"process_frames":51,"renderer":"mobile","sha256":"5a5f6ec76890f56f7fd0a533f3db4de53b10a9bd0d5f3102618fc5560862c08b","state":"partial","surface":{"assisted":false,"can_answer":true,"chosen":-1,"counted":[true],"joined":true,"kind":"count","sequence":0,"solved":false,"tier":0,"version":1,"wrong_attempts":0},"task_open":true,"ticks_msec":22353,"time_scale":1.0,"viewport":[1280,720]}
CURRENT_OPERA_ART|OK|teacher/count completion still owns current surface
CURRENT_OPERA_ART|OK|capture teacher_count_completion.png
CURRENT_OPERA_ART|CAPTURE|{"capture_origin":"live_gui_input","career":"teacher","elapsed_msec":17283,"mode":"teacher_count","path":"C:\\Users\\Peter\\Documents\\mermaid-roshan-reef\\.worktrees\\minigame-art-dev-reconcile-20260905\\tmp\\current-opera-art-capture\\run02\\captures/teacher_count_completion.png","phase":"count","phase_index":1,"process_frames":60,"renderer":"mobile","sha256":"571fadcaaefee931845c7a1272be469e72f30b26022c9816f3a46764841cddc4","state":"completion","surface":{"assisted":false,"can_answer":true,"chosen":0,"counted":[true],"joined":true,"kind":"count","sequence":0,"solved":true,"tier":0,"version":1,"wrong_attempts":0},"task_open":true,"ticks_msec":26466,"time_scale":1.0,"viewport":[1280,720]}
CURRENT_OPERA_ART|OK|teacher/count reached complete surface state
CURRENT_OPERA_ART|OK|teacher/add opened current live surface
CURRENT_OPERA_ART|OK|teacher/add normal surface clock advances
CURRENT_OPERA_ART|CLOCK|career=teacher|phase=add|before=0.174948|after=0.341614|paused=false|world_processing=true|surface_processing=true
CURRENT_OPERA_ART|OK|capture teacher_add_intro.png
CURRENT_OPERA_ART|CAPTURE|{"capture_origin":"configured_phase_shortcut","career":"teacher","elapsed_msec":18704,"mode":"teacher_add","path":"C:\\Users\\Peter\\Documents\\mermaid-roshan-reef\\.worktrees\\minigame-art-dev-reconcile-20260905\\tmp\\current-opera-art-capture\\run02\\captures/teacher_add_intro.png","phase":"add","phase_index":2,"process_frames":68,"renderer":"mobile","sha256":"5e11a8fbc980fc439bac7bd9a5c5cd30a59f627193cbad059a9f00fb4545e9b7","state":"intro","surface":{"assisted":false,"can_answer":false,"chosen":-1,"counted":[false,false],"joined":false,"kind":"add","sequence":0,"solved":false,"tier":0,"version":1,"wrong_attempts":0},"task_open":true,"ticks_msec":27887,"time_scale":1.0,"viewport":[1280,720]}
CURRENT_OPERA_ART|OK|capture teacher_add_partial.png
CURRENT_OPERA_ART|CAPTURE|{"capture_origin":"live_gui_input","career":"teacher","elapsed_msec":20456,"mode":"teacher_add","path":"C:\\Users\\Peter\\Documents\\mermaid-roshan-reef\\.worktrees\\minigame-art-dev-reconcile-20260905\\tmp\\current-opera-art-capture\\run02\\captures/teacher_add_partial.png","phase":"add","phase_index":2,"process_frames":80,"renderer":"mobile","sha256":"9f15eef275c7ceae30f8940fa28f13cbd767f142ed6105533d2f99f14b54e868","state":"partial","surface":{"assisted":false,"can_answer":false,"chosen":-1,"counted":[false,false],"joined":true,"kind":"add","sequence":0,"solved":false,"tier":0,"version":1,"wrong_attempts":0},"task_open":true,"ticks_msec":29639,"time_scale":1.0,"viewport":[1280,720]}
CURRENT_OPERA_ART|OK|teacher/add completion still owns current surface
CURRENT_OPERA_ART|OK|capture teacher_add_completion.png
CURRENT_OPERA_ART|CAPTURE|{"capture_origin":"live_gui_input","career":"teacher","elapsed_msec":23522,"mode":"teacher_add","path":"C:\\Users\\Peter\\Documents\\mermaid-roshan-reef\\.worktrees\\minigame-art-dev-reconcile-20260905\\tmp\\current-opera-art-capture\\run02\\captures/teacher_add_completion.png","phase":"add","phase_index":2,"process_frames":100,"renderer":"mobile","sha256":"37adf8c727961b4642d7f95d326a6cff21e25908a0287f8cbdcc1dbe957dc75c","state":"completion","surface":{"assisted":false,"can_answer":true,"chosen":0,"counted":[true,true],"joined":true,"kind":"add","sequence":0,"solved":true,"tier":0,"version":1,"wrong_attempts":0},"task_open":true,"ticks_msec":32705,"time_scale":1.0,"viewport":[1280,720]}
CURRENT_OPERA_ART|OK|teacher/add reached complete surface state
CURRENT_OPERA_ART|OK|teacher/match opened current live surface
CURRENT_OPERA_ART|OK|teacher/match normal surface clock advances
CURRENT_OPERA_ART|CLOCK|career=teacher|phase=match|before=0.183333|after=0.350000|paused=false|world_processing=true|surface_processing=true
CURRENT_OPERA_ART|OK|capture teacher_match_intro.png
CURRENT_OPERA_ART|CAPTURE|{"capture_origin":"configured_phase_shortcut","career":"teacher","elapsed_msec":24889,"mode":"teacher_match","path":"C:\\Users\\Peter\\Documents\\mermaid-roshan-reef\\.worktrees\\minigame-art-dev-reconcile-20260905\\tmp\\current-opera-art-capture\\run02\\captures/teacher_match_intro.png","phase":"match","phase_index":3,"process_frames":108,"renderer":"mobile","sha256":"f3ba04af584eaa14834e8bc6c89ccdc6ed457c8c75b99364e8f6a9517c2e363c","state":"intro","surface":{"assisted":false,"can_answer":true,"chosen":-1,"counted":[],"joined":true,"kind":"match","sequence":0,"solved":false,"tier":0,"version":1,"wrong_attempts":0},"task_open":true,"ticks_msec":34072,"time_scale":1.0,"viewport":[1280,720]}
CURRENT_OPERA_ART|OK|capture teacher_match_partial.png
CURRENT_OPERA_ART|CAPTURE|{"capture_origin":"live_gui_input","career":"teacher","elapsed_msec":26184,"mode":"teacher_match","path":"C:\\Users\\Peter\\Documents\\mermaid-roshan-reef\\.worktrees\\minigame-art-dev-reconcile-20260905\\tmp\\current-opera-art-capture\\run02\\captures/teacher_match_partial.png","phase":"match","phase_index":3,"process_frames":115,"renderer":"mobile","sha256":"1044da6ccaa211ed64548bd1f206fe3adbaf03706b8df3f55d286b78d897467e","state":"partial","surface":{"assisted":true,"can_answer":true,"chosen":-1,"counted":[],"joined":true,"kind":"match","sequence":0,"solved":false,"tier":0,"version":1,"wrong_attempts":1},"task_open":true,"ticks_msec":35367,"time_scale":1.0,"viewport":[1280,720]}
CURRENT_OPERA_ART|OK|teacher/match completion still owns current surface
CURRENT_OPERA_ART|OK|capture teacher_match_completion.png
CURRENT_OPERA_ART|CAPTURE|{"capture_origin":"live_gui_input","career":"teacher","elapsed_msec":29070,"mode":"teacher_match","path":"C:\\Users\\Peter\\Documents\\mermaid-roshan-reef\\.worktrees\\minigame-art-dev-reconcile-20260905\\tmp\\current-opera-art-capture\\run02\\captures/teacher_match_completion.png","phase":"match","phase_index":3,"process_frames":125,"renderer":"mobile","sha256":"0ced8429aeaa881f86693e3b8a52e972cfcf41b757a32e94bd3387af0f227419","state":"completion","surface":{"assisted":true,"can_answer":true,"chosen":0,"counted":[],"joined":true,"kind":"match","sequence":0,"solved":true,"tier":0,"version":1,"wrong_attempts":1},"task_open":true,"ticks_msec":38253,"time_scale":1.0,"viewport":[1280,720]}
CURRENT_OPERA_ART|OK|teacher/match reached complete surface state
CURRENT_OPERA_ART|OK|found geologist shipping config
CURRENT_OPERA_ART|OK|geologist configured Canvas career world
CURRENT_OPERA_ART|OK|geologist/river opened current live surface
CURRENT_OPERA_ART|OK|geologist/river normal surface clock advances
CURRENT_OPERA_ART|CLOCK|career=geologist|phase=river|before=0.399364|after=0.517521|paused=false|world_processing=true|surface_processing=true
CURRENT_OPERA_ART|OK|capture geologist_river_intro.png
CURRENT_OPERA_ART|CAPTURE|{"capture_origin":"configured_phase_shortcut","career":"geologist","elapsed_msec":31575,"mode":"geology_river","path":"C:\\Users\\Peter\\Documents\\mermaid-roshan-reef\\.worktrees\\minigame-art-dev-reconcile-20260905\\tmp\\current-opera-art-capture\\run02\\captures/geologist_river_intro.png","phase":"river","phase_index":0,"process_frames":139,"renderer":"mobile","sha256":"b18271e764f0a2e83158a8e4565dc38b9e5bb9f1319c92877a4d34b6724e250d","state":"intro","surface":{"complete":false,"mode":"geology_river","progress":0.0,"stage":"RIVER","stage_name":"RIVER","version":1,"wet":[]},"task_open":true,"ticks_msec":40758,"time_scale":1.0,"viewport":[1280,720]}
CURRENT_OPERA_ART|OK|capture geologist_river_partial.png
CURRENT_OPERA_ART|CAPTURE|{"capture_origin":"live_gui_input","career":"geologist","elapsed_msec":34644,"mode":"geology_river","path":"C:\\Users\\Peter\\Documents\\mermaid-roshan-reef\\.worktrees\\minigame-art-dev-reconcile-20260905\\tmp\\current-opera-art-capture\\run02\\captures/geologist_river_partial.png","phase":"river","phase_index":0,"process_frames":157,"renderer":"mobile","sha256":"7cc1f5907e3b11da43762c62dcb175d1dcabc10a7b0f430dea416153873fda69","state":"partial","surface":{"complete":false,"mode":"geology_river","progress":0.384615384615385,"stage":"RIVER","stage_name":"RIVER","version":1,"wet":[11,12,18,19,20]},"task_open":true,"ticks_msec":43827,"time_scale":1.0,"viewport":[1280,720]}
CURRENT_OPERA_ART|OK|geologist/river completion still owns current surface
CURRENT_OPERA_ART|OK|capture geologist_river_completion.png
CURRENT_OPERA_ART|CAPTURE|{"capture_origin":"live_gui_input","career":"geologist","elapsed_msec":40439,"mode":"geology_river","path":"C:\\Users\\Peter\\Documents\\mermaid-roshan-reef\\.worktrees\\minigame-art-dev-reconcile-20260905\\tmp\\current-opera-art-capture\\run02\\captures/geologist_river_completion.png","phase":"river","phase_index":0,"process_frames":188,"renderer":"mobile","sha256":"2db968548ac88a9d6502ae3d3adb77cafa2aaa46ee0813341f49a25bc00e9cfa","state":"completion","surface":{"complete":true,"mode":"geology_river","progress":1.0,"stage":"RIVER","stage_name":"RIVER","version":1,"wet":[11,12,13,18,19,20,22,24,25,26,31,32,33]},"task_open":true,"ticks_msec":49622,"time_scale":1.0,"viewport":[1280,720]}
CURRENT_OPERA_ART|OK|geologist/river reached complete surface state
CURRENT_OPERA_ART|OK|geologist/fossil opened current live surface
CURRENT_OPERA_ART|OK|geologist/fossil normal surface clock advances
CURRENT_OPERA_ART|CLOCK|career=geologist|phase=fossil|before=0.173341|after=0.391031|paused=false|world_processing=true|surface_processing=true
CURRENT_OPERA_ART|OK|capture geologist_fossil_intro.png
CURRENT_OPERA_ART|CAPTURE|{"capture_origin":"configured_phase_shortcut","career":"geologist","elapsed_msec":41713,"mode":"geology_fossil","path":"C:\\Users\\Peter\\Documents\\mermaid-roshan-reef\\.worktrees\\minigame-art-dev-reconcile-20260905\\tmp\\current-opera-art-capture\\run02\\captures/geologist_fossil_intro.png","phase":"fossil","phase_index":1,"process_frames":196,"renderer":"mobile","sha256":"001d1a9bebe4ff60c045ba13f76a897dd6fcf7bd070b36239e3f9a78c887201c","state":"intro","surface":{"cleared":[],"complete":false,"fossil_stage":0,"mode":"geology_fossil","progress":0.0,"snapped":[false,false,false],"stage":"FOSSIL_BRUSH","stage_name":"FOSSIL_BRUSH","version":1},"task_open":true,"ticks_msec":50896,"time_scale":1.0,"viewport":[1280,720]}
CURRENT_OPERA_ART|OK|capture geologist_fossil_partial.png
CURRENT_OPERA_ART|CAPTURE|{"capture_origin":"live_gui_input","career":"geologist","elapsed_msec":49067,"mode":"geology_fossil","path":"C:\\Users\\Peter\\Documents\\mermaid-roshan-reef\\.worktrees\\minigame-art-dev-reconcile-20260905\\tmp\\current-opera-art-capture\\run02\\captures/geologist_fossil_partial.png","phase":"fossil","phase_index":1,"process_frames":248,"renderer":"mobile","sha256":"f91fcf7399df7e19c995707ea9e3353870f30c33022c97606de6f8f7d82dec17","state":"partial","surface":{"cleared":[0,1,2,3,4,5,6,7,8,9,10,11,12,13,14,15],"complete":false,"fossil_stage":0,"mode":"geology_fossil","progress":0.307692307692308,"snapped":[false,false,false],"stage":"FOSSIL_BRUSH","stage_name":"FOSSIL_BRUSH","version":1},"task_open":true,"ticks_msec":58250,"time_scale":1.0,"viewport":[1280,720]}
CURRENT_OPERA_ART|OK|geologist/fossil completion still owns current surface
CURRENT_OPERA_ART|OK|capture geologist_fossil_completion.png
CURRENT_OPERA_ART|CAPTURE|{"capture_origin":"live_gui_input","career":"geologist","elapsed_msec":70558,"mode":"geology_fossil","path":"C:\\Users\\Peter\\Documents\\mermaid-roshan-reef\\.worktrees\\minigame-art-dev-reconcile-20260905\\tmp\\current-opera-art-capture\\run02\\captures/geologist_fossil_completion.png","phase":"fossil","phase_index":1,"process_frames":390,"renderer":"mobile","sha256":"e078d0b362d8a513374c911a09357bc7e739c5c515ecebc1c8aee6ed6bf013ea","state":"completion","surface":{"cleared":[0,1,2,3,4,5,6,7,8,9,10,11,12,13,14,15,16,17,18,19,20,21,22,23,30,31],"complete":true,"fossil_stage":1,"mode":"geology_fossil","progress":1.0,"snapped":[true,true,true],"stage":"FOSSIL_ASSEMBLE","stage_name":"FOSSIL_ASSEMBLE","version":1},"task_open":true,"ticks_msec":79741,"time_scale":1.0,"viewport":[1280,720]}
CURRENT_OPERA_ART|OK|geologist/fossil reached complete surface state
CURRENT_OPERA_ART|OK|geologist/pan opened current live surface
CURRENT_OPERA_ART|OK|geologist/pan normal surface clock advances
CURRENT_OPERA_ART|CLOCK|career=geologist|phase=pan|before=0.189936|after=0.373269|paused=false|world_processing=true|surface_processing=true
CURRENT_OPERA_ART|OK|capture geologist_pan_intro.png
CURRENT_OPERA_ART|CAPTURE|{"capture_origin":"configured_phase_shortcut","career":"geologist","elapsed_msec":71747,"mode":"geology_pan","path":"C:\\Users\\Peter\\Documents\\mermaid-roshan-reef\\.worktrees\\minigame-art-dev-reconcile-20260905\\tmp\\current-opera-art-capture\\run02\\captures/geologist_pan_intro.png","phase":"pan","phase_index":2,"process_frames":398,"renderer":"mobile","sha256":"47a06dc9f2ce7408d7583065b5f0e3840980f1ec6282b73253e6ea0591c2e75d","state":"intro","surface":{"complete":false,"minerals":0,"mode":"geology_pan","progress":0.0,"reversals":0,"stage":"PAN","stage_name":"PAN","version":1,"wash":0.0},"task_open":true,"ticks_msec":80930,"time_scale":1.0,"viewport":[1280,720]}
CURRENT_OPERA_ART|OK|capture geologist_pan_partial.png
CURRENT_OPERA_ART|CAPTURE|{"capture_origin":"live_gui_input","career":"geologist","elapsed_msec":74670,"mode":"geology_pan","path":"C:\\Users\\Peter\\Documents\\mermaid-roshan-reef\\.worktrees\\minigame-art-dev-reconcile-20260905\\tmp\\current-opera-art-capture\\run02\\captures/geologist_pan_partial.png","phase":"pan","phase_index":2,"process_frames":417,"renderer":"mobile","sha256":"59618cc434a0eee65aaa451920bd6508806187d9a51e0c0dbdc274768ca9b404","state":"partial","surface":{"complete":false,"minerals":1,"mode":"geology_pan","progress":0.333333333333333,"reversals":3,"stage":"PAN","stage_name":"PAN","version":1,"wash":0.333333333333333},"task_open":true,"ticks_msec":83853,"time_scale":1.0,"viewport":[1280,720]}
CURRENT_OPERA_ART|OK|geologist/pan completion still owns current surface
CURRENT_OPERA_ART|OK|capture geologist_pan_completion.png
CURRENT_OPERA_ART|CAPTURE|{"capture_origin":"live_gui_input","career":"geologist","elapsed_msec":79390,"mode":"geology_pan","path":"C:\\Users\\Peter\\Documents\\mermaid-roshan-reef\\.worktrees\\minigame-art-dev-reconcile-20260905\\tmp\\current-opera-art-capture\\run02\\captures/geologist_pan_completion.png","phase":"pan","phase_index":2,"process_frames":445,"renderer":"mobile","sha256":"03385a7cbc9ad2406014de56d21e8074ff191ca01bd8aa963189eddb2d4e9470","state":"completion","surface":{"complete":true,"minerals":3,"mode":"geology_pan","progress":1.0,"reversals":9,"stage":"PAN","stage_name":"PAN","version":1,"wash":1.0},"task_open":true,"ticks_msec":88573,"time_scale":1.0,"viewport":[1280,720]}
CURRENT_OPERA_ART|OK|geologist/pan reached complete surface state
CURRENT_OPERA_ART|OK|geologist/geode opened current live surface
CURRENT_OPERA_ART|OK|geologist/geode normal surface clock advances
CURRENT_OPERA_ART|CLOCK|career=geologist|phase=geode|before=0.183333|after=0.331855|paused=false|world_processing=true|surface_processing=true
CURRENT_OPERA_ART|OK|capture geologist_geode_intro.png
CURRENT_OPERA_ART|CAPTURE|{"capture_origin":"configured_phase_shortcut","career":"geologist","elapsed_msec":80641,"mode":"geology_geode","path":"C:\\Users\\Peter\\Documents\\mermaid-roshan-reef\\.worktrees\\minigame-art-dev-reconcile-20260905\\tmp\\current-opera-art-capture\\run02\\captures/geologist_geode_intro.png","phase":"geode","phase_index":3,"process_frames":452,"renderer":"mobile","sha256":"1e86783889e03cdfcf3fbfea36b2c24318b3274af226d69d9c77445061d1f863","state":"intro","surface":{"complete":false,"mode":"geology_geode","progress":0.0,"pull":0.0,"seams":[false,false,false,false,false],"stage":"GEODE_SEAM","stage_name":"GEODE_SEAM","version":1},"task_open":true,"ticks_msec":89824,"time_scale":1.0,"viewport":[1280,720]}
CURRENT_OPERA_ART|OK|capture geologist_geode_partial.png
CURRENT_OPERA_ART|CAPTURE|{"capture_origin":"live_gui_input","career":"geologist","elapsed_msec":82072,"mode":"geology_geode","path":"C:\\Users\\Peter\\Documents\\mermaid-roshan-reef\\.worktrees\\minigame-art-dev-reconcile-20260905\\tmp\\current-opera-art-capture\\run02\\captures/geologist_geode_partial.png","phase":"geode","phase_index":3,"process_frames":463,"renderer":"mobile","sha256":"542ea7475432bb870af3b8f9bc6f13e99c74590a1f62857d94d8700571c387ed","state":"partial","surface":{"complete":false,"mode":"geology_geode","progress":0.36,"pull":0.0,"seams":[true,true,true,false,false],"stage":"GEODE_SEAM","stage_name":"GEODE_SEAM","version":1},"task_open":true,"ticks_msec":91255,"time_scale":1.0,"viewport":[1280,720]}
CURRENT_OPERA_ART|OK|geologist/geode completion still owns current surface
CURRENT_OPERA_ART|OK|capture geologist_geode_completion.png
CURRENT_OPERA_ART|CAPTURE|{"capture_origin":"live_gui_input","career":"geologist","elapsed_msec":84660,"mode":"geology_geode","path":"C:\\Users\\Peter\\Documents\\mermaid-roshan-reef\\.worktrees\\minigame-art-dev-reconcile-20260905\\tmp\\current-opera-art-capture\\run02\\captures/geologist_geode_completion.png","phase":"geode","phase_index":3,"process_frames":479,"renderer":"mobile","sha256":"52056fe9d8976a9b712306186965fdfdde7eefb32b055e3580d1cecaac9c3542","state":"completion","surface":{"complete":true,"mode":"geology_geode","progress":1.0,"pull":120.0,"seams":[true,true,true,true,true],"stage":"GEODE_OPEN","stage_name":"GEODE_OPEN","version":1},"task_open":true,"ticks_msec":93843,"time_scale":1.0,"viewport":[1280,720]}
CURRENT_OPERA_ART|OK|geologist/geode reached complete surface state
CURRENT_OPERA_ART|OK|manifest opened
CURRENT_OPERA_ART|MANIFEST|C:\Users\Peter\Documents\mermaid-roshan-reef\.worktrees\minigame-art-dev-reconcile-20260905\tmp\current-opera-art-capture\run02\captures/manifest.json|sha256=1245de4c07e8c2b255dea0b3c42776aaac38776c5c77f4f563c0b74efe9e7f80
CURRENT_OPERA_ART|RESULT|PASS|captures=24|elapsed_ms=84714
