scripts/audio_director.gd
Godot Engine v4.7.2.stable.official.ed1daf0bf - https://godotengine.org


scripts/castle_career_routes.gd
Godot Engine v4.7.2.stable.official.ed1daf0bf - https://godotengine.org


scripts/chapter_two_career_scene_adapter.gd
Godot Engine v4.7.2.stable.official.ed1daf0bf - https://godotengine.org


scripts/kart.gd
Godot Engine v4.7.2.stable.official.ed1daf0bf - https://godotengine.org


scripts/kart_driving.gd
Godot Engine v4.7.2.stable.official.ed1daf0bf - https://godotengine.org


scripts/living_world_catalog.gd
Godot Engine v4.7.2.stable.official.ed1daf0bf - https://godotengine.org


scripts/opera_act.gd
Godot Engine v4.7.2.stable.official.ed1daf0bf - https://godotengine.org


scripts/opera_career_world_2d.gd
Godot Engine v4.7.2.stable.official.ed1daf0bf - https://godotengine.org


scripts/opera_competition.gd
Godot Engine v4.7.2.stable.official.ed1daf0bf - https://godotengine.org


scripts/opera_geology_surface.gd
Godot Engine v4.7.2.stable.official.ed1daf0bf - https://godotengine.org


scripts/opera_gesture_surface.gd
Godot Engine v4.7.2.stable.official.ed1daf0bf - https://godotengine.org


scripts/opera_hotspot_catalog.gd
Godot Engine v4.7.2.stable.official.ed1daf0bf - https://godotengine.org


scripts/opera_house.gd
Godot Engine v4.7.2.stable.official.ed1daf0bf - https://godotengine.org


scripts/opera_mastery.gd
Godot Engine v4.7.2.stable.official.ed1daf0bf - https://godotengine.org


scripts/opera_performance_overlay.gd
Godot Engine v4.7.2.stable.official.ed1daf0bf - https://godotengine.org


scripts/opera_performance_plan.gd
Godot Engine v4.7.2.stable.official.ed1daf0bf - https://godotengine.org


scripts/opera_racer_surface.gd
Godot Engine v4.7.2.stable.official.ed1daf0bf - https://godotengine.org


scripts/opera_stage_paths.gd
Godot Engine v4.7.2.stable.official.ed1daf0bf - https://godotengine.org


scripts/opera_teacher_surface.gd
Godot Engine v4.7.2.stable.official.ed1daf0bf - https://godotengine.org


scripts/opera_world_backdrop_2d.gd
Godot Engine v4.7.2.stable.official.ed1daf0bf - https://godotengine.org


scripts/probe_living_world.gd
Godot Engine v4.7.2.stable.official.ed1daf0bf - https://godotengine.org


scripts/probe_opera.gd
Godot Engine v4.7.2.stable.official.ed1daf0bf - https://godotengine.org


scripts/probe_opera_2d.gd
Godot Engine v4.7.2.stable.official.ed1daf0bf - https://godotengine.org


scripts/probe_opera_gesture_quality.gd
Godot Engine v4.7.2.stable.official.ed1daf0bf - https://godotengine.org


scripts/probe_opera_mastery.gd
Godot Engine v4.7.2.stable.official.ed1daf0bf - https://godotengine.org


scripts/probe_opera_nursery.gd
Godot Engine v4.7.2.stable.official.ed1daf0bf - https://godotengine.org


scripts/probe_opera_performance.gd
Godot Engine v4.7.2.stable.official.ed1daf0bf - https://godotengine.org


scripts/probe_save_recovery.gd
Godot Engine v4.7.2.stable.official.ed1daf0bf - https://godotengine.org


scripts/save_state.gd
Godot Engine v4.7.2.stable.official.ed1daf0bf - https://godotengine.org


scripts/teacher_lesson_plan.gd
Godot Engine v4.7.2.stable.official.ed1daf0bf - https://godotengine.org
