WARNING: Loaded resource as image file, this will not work on export: 'res://assets/flats/sky_lagoon/main/flat_sky_lagoon_main_panorama_v5_tile_r0_c2.png'. Instead, import the image file as an Image resource and load it normally as a resource.
   at: load_from_file (core/io/image.cpp:2780)
   GDScript backtrace (most recent call first):
       [0] _slide_check_assets (res://scripts/probe_audit.gd:820)
       [1] _audit_slide_canvas (res://scripts/probe_audit.gd:386)
       [2] _init (res://scripts/probe_audit.gd:141)
WARNING: Loaded resource as image file, this will not work on export: 'res://assets/flats/sky_lagoon/main/flat_sky_lagoon_main_panorama_v5_tile_r0_c3.png'. Instead, import the image file as an Image resource and load it normally as a resource.
   at: load_from_file (core/io/image.cpp:2780)
   GDScript backtrace (most recent call first):
       [0] _slide_check_assets (res://scripts/probe_audit.gd:820)
       [1] _audit_slide_canvas (res://scripts/probe_audit.gd:386)
       [2] _init (res://scripts/probe_audit.gd:141)
WARNING: Loaded resource as image file, this will not work on export: 'res://assets/flats/sky_lagoon/main/flat_sky_lagoon_main_panorama_v5_tile_r1_c2.png'. Instead, import the image file as an Image resource and load it normally as a resource.
   at: load_from_file (core/io/image.cpp:2780)
   GDScript backtrace (most recent call first):
       [0] _slide_check_assets (res://scripts/probe_audit.gd:820)
       [1] _audit_slide_canvas (res://scripts/probe_audit.gd:386)
       [2] _init (res://scripts/probe_audit.gd:141)
WARNING: Loaded resource as image file, this will not work on export: 'res://assets/flats/sky_lagoon/main/flat_sky_lagoon_main_panorama_v5_tile_r1_c3.png'. Instead, import the image file as an Image resource and load it normally as a resource.
   at: load_from_file (core/io/image.cpp:2780)
   GDScript backtrace (most recent call first):
       [0] _slide_check_assets (res://scripts/probe_audit.gd:820)
       [1] _audit_slide_canvas (res://scripts/probe_audit.gd:386)
       [2] _init (res://scripts/probe_audit.gd:141)
WARNING: Loaded resource as image file, this will not work on export: 'res://assets/sprites/sky_lagoon/sky_lagoon_slide_v3_compact.png'. Instead, import the image file as an Image resource and load it normally as a resource.
   at: load_from_file (core/io/image.cpp:2780)
   GDScript backtrace (most recent call first):
       [0] _slide_check_assets (res://scripts/probe_audit.gd:835)
       [1] _audit_slide_canvas (res://scripts/probe_audit.gd:386)
       [2] _init (res://scripts/probe_audit.gd:141)
WARNING: Loaded resource as image file, this will not work on export: 'res://assets/characters/friends/two_friends.png'. Instead, import the image file as an Image resource and load it normally as a resource.
   at: load_from_file (core/io/image.cpp:2780)
   GDScript backtrace (most recent call first):
       [0] _slide_check_assets (res://scripts/probe_audit.gd:835)
       [1] _audit_slide_canvas (res://scripts/probe_audit.gd:386)
       [2] _init (res://scripts/probe_audit.gd:141)
WARNING: Loaded resource as image file, this will not work on export: 'res://assets/props/gen2/clownfish_side.png'. Instead, import the image file as an Image resource and load it normally as a resource.
   at: load_from_file (core/io/image.cpp:2780)
   GDScript backtrace (most recent call first):
       [0] _slide_check_assets (res://scripts/probe_audit.gd:835)
       [1] _audit_slide_canvas (res://scripts/probe_audit.gd:386)
       [2] _init (res://scripts/probe_audit.gd:141)
WARNING: Loaded resource as image file, this will not work on export: 'res://assets/sprites/sky_lagoon/roshan_playground/roshan_slide_0.png'. Instead, import the image file as an Image resource and load it normally as a resource.
   at: load_from_file (core/io/image.cpp:2780)
   GDScript backtrace (most recent call first):
       [0] _slide_check_assets (res://scripts/probe_audit.gd:835)
       [1] _audit_slide_canvas (res://scripts/probe_audit.gd:386)
       [2] _init (res://scripts/probe_audit.gd:141)
WARNING: Loaded resource as image file, this will not work on export: 'res://assets/sprites/sky_lagoon/roshan_playground/roshan_slide_1.png'. Instead, import the image file as an Image resource and load it normally as a resource.
   at: load_from_file (core/io/image.cpp:2780)
   GDScript backtrace (most recent call first):
       [0] _slide_check_assets (res://scripts/probe_audit.gd:835)
       [1] _audit_slide_canvas (res://scripts/probe_audit.gd:386)
       [2] _init (res://scripts/probe_audit.gd:141)
WARNING: Loaded resource as image file, this will not work on export: 'res://assets/sprites/sky_lagoon/roshan_playground/roshan_slide_2_v2.png'. Instead, import the image file as an Image resource and load it normally as a resource.
   at: load_from_file (core/io/image.cpp:2780)
   GDScript backtrace (most recent call first):
       [0] _slide_check_assets (res://scripts/probe_audit.gd:835)
       [1] _audit_slide_canvas (res://scripts/probe_audit.gd:386)
       [2] _init (res://scripts/probe_audit.gd:141)
WARNING: Loaded resource as image file, this will not work on export: 'res://assets/sprites/sky_lagoon/roshan_playground/roshan_slide_3_v2.png'. Instead, import the image file as an Image resource and load it normally as a resource.
   at: load_from_file (core/io/image.cpp:2780)
   GDScript backtrace (most recent call first):
       [0] _slide_check_assets (res://scripts/probe_audit.gd:835)
       [1] _audit_slide_canvas (res://scripts/probe_audit.gd:386)
       [2] _init (res://scripts/probe_audit.gd:141)
