Godot Engine v4.7.2.stable.official.ed1daf0bf - https://godotengine.org
Vulkan 1.4.325 - Forward Mobile - Using Device #0: NVIDIA - NVIDIA GeForce RTX 3060 Ti

DAY_ONE_POOL_SHOTS|capture directory: OK (C:\Users\Peter\Documents\mermaid-roshan-reef\tmp\day2_graphics_audit_20260930\audit\day_one_job_art_census_v2_20261001\native_pool_1280)
DAY_ONE_POOL_SHOTS|dirty pool mounted: OK
DAY_ONE_POOL_SHOTS|dirty state fully hides clean rainbow waterfall: OK
DAY_ONE_POOL_SHOTS|approach cannot collect remotely: OK
DAY_ONE_POOL_SHOTS|Roshan reaches the visible scoop: FAIL
DAY_ONE_POOL_SHOTS|skimmer first catch after travel and scoop: FAIL
DAY_ONE_POOL_SHOTS|skimmer remaining catch: OK
DAY_ONE_POOL_SHOTS|skimmer remaining catch: OK
DAY_ONE_POOL_SHOTS|skimmer remaining catch: OK
DAY_ONE_POOL_SHOTS|skimmer remaining catch: OK
DAY_ONE_POOL_SHOTS|skimmer remaining catch: OK
DAY_ONE_POOL_SHOTS|waterfall unlocked after pool clear: FAIL
DAY_ONE_POOL_SHOTS|waterfall first scrub lane: OK
DAY_ONE_POOL_SHOTS|waterfall second scrub lane: OK
DAY_ONE_POOL_SHOTS|waterfall final scrub lane: OK
DAY_ONE_POOL_SHOTS|seahorse unlocked after waterfall clear: FAIL
DAY_ONE_POOL_SHOTS|rainbow flow remains stopped during rescue: FAIL
DAY_ONE_POOL_SHOTS|seahorse opening tug: OK
DAY_ONE_POOL_SHOTS|seahorse opening tug: OK
DAY_ONE_POOL_SHOTS|seahorse opening tug: OK
DAY_ONE_POOL_SHOTS|seahorse opening tug: OK
DAY_ONE_POOL_SHOTS|seahorse release tug: OK
DAY_ONE_POOL_SHOTS|seahorse release tug: OK
DAY_ONE_POOL_SHOTS|seahorse release tug: OK
DAY_ONE_POOL_SHOTS|seahorse release tug: OK
DAY_ONE_POOL_SHOTS|Rumi is visible during her reveal: FAIL
DAY_ONE_POOL_SHOTS|reveal capture precedes next-room overlay: FAIL
DAY_ONE_POOL_SHOTS|RESULT: FAIL failures=7 output=C:\Users\Peter\Documents\mermaid-roshan-reef\tmp\day2_graphics_audit_20260930\audit\day_one_job_art_census_v2_20261001\native_pool_1280
