=== probe_chapter2 ===
Godot Engine v4.7.2.stable.official.ed1daf0bf - https://godotengine.org

CHAPTER2|boss defeat is blocked before the boss trigger: OK
CHAPTER2|the four clean rooms arm the boss door: OK
CHAPTER2|boss defeat starts Chapter 2: OK
CHAPTER2|Detective telemetry names the accepted unlit candle asset: OK
CHAPTER2|there is no standalone tutorial prelude: OK
CHAPTER2|chapter starts at Farmer, not Detective: OK
CHAPTER2|foyer cards resolve to truthful Castle launch owners: OK
CHAPTER2|foyer rejects a non-Opera career from hardcoded opera_hall: OK
CHAPTER2|plot-only Ballerina and Detective keep their room owners: OK
CHAPTER2|Farmer hands the same five visible strawberries to the kitchen: OK
CHAPTER2|Chef visibly builds one persistent cake through five distinct states: OK
CHAPTER2|Candy Maker keeps the frosted cake and stages five glazed berries: OK
CHAPTER2|Candy placement reveals the selected runtime cake without a candle: OK
CHAPTER2|Chef and Candy Maker phase data names the actual resulting art: OK
CHAPTER2|the Chapter 2 party roster is exactly eight stable Opera bits: OK
CHAPTER2|Chef cannot precede Farmer: OK
CHAPTER2|stale phase callbacks cannot award the wrong act: OK
CHAPTER2|Farmer phase callback fills exactly five strawberries: OK
CHAPTER2|ordered party act 6 completes: OK
CHAPTER2|Chef phase callback records the bottom cake piece: OK
CHAPTER2|ordered party act 0 completes: OK
CHAPTER2|ordered party act 3 completes: OK
CHAPTER2|ordered party act 10 completes: OK
CHAPTER2|Farmer ingredient and Chef cake milestones persist: OK
CHAPTER2|Painter unlocks the second four story careers: OK
CHAPTER2|Ballerina remains a plot-owned room action: OK
CHAPTER2|Ballerina completes after Painter: OK
CHAPTER2|Pop Star sound check follows Ballerina: OK
CHAPTER2|Astronaut parks the rocket before the final candle search: OK
CHAPTER2|all eight Chapter 2 careers teach a nonempty truthful skill: OK
CHAPTER2|rewritten story phases never route false legacy recordings: OK
CHAPTER2|truthful existing sound-check recording remains routed: OK
CHAPTER2|Detective waits until every earlier preparation is ready: OK
CHAPTER2|Detective finds the last missing candle unlit: OK
CHAPTER2|party event phase stays at candle-found until ignition: OK
CHAPTER2|party cannot start in unrelated rooms: OK
CHAPTER2|party ignition starts only after all eight milestones: OK
CHAPTER2|Main Hall offers the lawn route without advancing the story on a timer: OK
CHAPTER2|leaving Main Hall cancels party beat timing without progress: OK
CHAPTER2|the safe ember scout beat precedes the King take: OK
CHAPTER2|King theft rejects missing protection and Main Hall callers: OK
CHAPTER2|Ember King takes the lit candle for his birthday: OK
CHAPTER2|Main Hall does not reintroduce the departed Prince placeholder: OK
CHAPTER2|Ember take removes only the candle and leaves the cake: OK
CHAPTER2|save healing rejects skipped milestones and early crash: OK
CHAPTER2|save normalization retains all eight milestones: OK
CHAPTER2|new milestone fields have strict boolean validation: OK
CHAPTER2|new masks are fixed, typed, and heal future bits: OK
CHAPTER2|save healing stores the same contiguous cake rendered after load: OK
CHAPTER2|phase healing preserves the current job and prunes later jobs: OK
CHAPTER2|Ember protection uses valid shared boss rules: OK
CHAPTER2|Ember round 0 offers a counter after safe dodges: OK
CHAPTER2|held and off-target input cannot protect a round: OK
CHAPTER2|one visible fresh counter saves exactly one protection round: OK
CHAPTER2|Ember re-entry preserves completed rounds: OK
CHAPTER2|Ember round 1 offers a counter after safe dodges: OK
CHAPTER2|held and off-target input cannot protect a round: OK
CHAPTER2|one visible fresh counter saves exactly one protection round: OK
CHAPTER2|Ember re-entry preserves completed rounds: OK
CHAPTER2|Ember round 2 offers a counter after safe dodges: OK
CHAPTER2|held and off-target input cannot protect a round: OK
CHAPTER2|one visible fresh counter saves exactly one protection round: OK
CHAPTER2|Ember re-entry preserves completed rounds: OK
CHAPTER2|protecting friends does not itself steal the candle or finish the story: OK
CHAPTER2|Ember checkpoint rejects malformed types: OK
CHAPTER2|Ember cannot pre-win before party preparation: OK
CHAPTER2|RESULT: PASS checks_failed=0
=== probe_chapter2_lawn ===
Godot Engine v4.7.2.stable.official.ed1daf0bf - https://godotengine.org

CHAPTER2_LAWN|birthday staging represents all eight earned castle jobs: OK
CHAPTER2_LAWN|earned handoff is physically visible: Cake: OK
CHAPTER2_LAWN|earned handoff is physically visible: Banner: OK
CHAPTER2_LAWN|earned handoff is physically visible: StuffieCat: OK
CHAPTER2_LAWN|earned handoff is physically visible: StuffieBunny: OK
CHAPTER2_LAWN|earned handoff is physically visible: MusicBox: OK
CHAPTER2_LAWN|earned handoff is physically visible: Rumi: OK
CHAPTER2_LAWN|earned handoff is physically visible: PartyMicrophone: OK
CHAPTER2_LAWN|earned handoff is physically visible: Rocket: OK
CHAPTER2_LAWN|earned handoff is physically visible: Candle: OK
CHAPTER2_LAWN|stuffies reuse the original protected ballet art: OK
CHAPTER2_LAWN|birthday lawn contains no playground equipment: OK
CHAPTER2_LAWN|idle lawn cannot light candle or start battle: OK
CHAPTER2_LAWN|rocket tap requests bounded travel without remote progress: OK
CHAPTER2_LAWN|another finger cannot cancel the requested ignition: OK
CHAPTER2_LAWN|canceled source touch cannot complete ignition later: OK
CHAPTER2_LAWN|checkpoint writes to disk: OK
CHAPTER2_LAWN|teardown and reload discard unfinished ignition: OK
CHAPTER2_LAWN|interrupted approach cannot finish after resume: OK
CHAPTER2_LAWN|Roshan reaches the actual rocket before its action: OK
CHAPTER2_LAWN|authored hand reach contacts the ignition before progress: OK
CHAPTER2_LAWN|interrupted contact cannot light the candle later: OK
CHAPTER2_LAWN|fresh complete travel and ignition light the candle once: OK
CHAPTER2_LAWN|checkpoint writes to disk: OK
CHAPTER2_LAWN|lighting checkpoint survives disk reload: OK
CHAPTER2_LAWN|introduction reaches playable battle: OK
CHAPTER2_LAWN|zero input cannot protect friends or lose progress: OK
CHAPTER2_LAWN|round 0 has reachable safe lawn: OK
CHAPTER2_LAWN|background freezes encounter and clears held pointer: OK
CHAPTER2_LAWN|focus alone cannot restore an application pause: OK
CHAPTER2_LAWN|late release after resume cannot award a counter: OK
CHAPTER2_LAWN|off-target press cannot award protection: OK
CHAPTER2_LAWN|fresh visible counter advances exactly one round: OK
CHAPTER2_LAWN|checkpoint writes to disk: OK
CHAPTER2_LAWN|round checkpoint survives disk reload: OK
CHAPTER2_LAWN|round 1 has reachable safe lawn: OK
CHAPTER2_LAWN|off-target press cannot award protection: OK
CHAPTER2_LAWN|fresh visible counter advances exactly one round: OK
CHAPTER2_LAWN|checkpoint writes to disk: OK
CHAPTER2_LAWN|round checkpoint survives disk reload: OK
CHAPTER2_LAWN|round 2 has reachable safe lawn: OK
CHAPTER2_LAWN|off-target press cannot award protection: OK
CHAPTER2_LAWN|fresh visible counter advances exactly one round: OK
CHAPTER2_LAWN|checkpoint writes to disk: OK
CHAPTER2_LAWN|round checkpoint survives disk reload: OK
CHAPTER2_LAWN|three rounds preserve candle until story theft: OK
CHAPTER2_LAWN|King cheats only after protection success: OK
CHAPTER2_LAWN|checkpoint writes to disk: OK
CHAPTER2_LAWN|theft checkpoint does not skip reassurance: OK
CHAPTER2_LAWN|King leaves earned handoff intact: Cake: OK
CHAPTER2_LAWN|King leaves earned handoff intact: Banner: OK
CHAPTER2_LAWN|King leaves earned handoff intact: StuffieCat: OK
CHAPTER2_LAWN|King leaves earned handoff intact: StuffieBunny: OK
CHAPTER2_LAWN|King leaves earned handoff intact: MusicBox: OK
CHAPTER2_LAWN|King leaves earned handoff intact: Rumi: OK
CHAPTER2_LAWN|King leaves earned handoff intact: PartyMicrophone: OK
CHAPTER2_LAWN|King leaves earned handoff intact: Rocket: OK
CHAPTER2_LAWN|King takes only the local candle: OK
CHAPTER2_LAWN|checkpoint writes to disk: OK
CHAPTER2_LAWN|reassurance completes story without losing party rewards: OK
CHAPTER2_LAWN|royals leave together: OK
CHAPTER2_LAWN|RESULT: PASS checks_failed=0
=== probe_stage_navigation_2d ===
Godot Engine v4.7.2.stable.official.ed1daf0bf - https://godotengine.org

STAGE NAVIGATION 2D | ALL OK
