Godot Engine v4.7.2.stable.official.ed1daf0bf - https://godotengine.org

CROWN|room_shell_open: OK
CROWN|movement_does_not_award: OK
CROWN|legacy_3d_castle_hall_not_built: OK
CROWN|sprite_castle_is_only_interior_route: OK
CROWN|opera_lives_behind_physical_door_not_3d_courtyard: OK
CROWN|canvas2d_world_root: OK
CROWN|direct_canvas_has_no_room_camera: OK
CROWN|world_has_no_spatial_art: OK
CROWN|backdrop_is_unshaded_sprite2d: OK
CROWN|reference_canvas_scale: OK scale=(1.25, 1.25)
CROWN|backdrop_aspect_preserved: OK
CROWN|clean_background_unique_pixel_manifest: OK
CROWN|manifest_sprite2d_node_contract: OK
CROWN|main_hall_manifest_points_to_current_strict_runtime: OK
CROWN|native_2k_environment_gate: OK native >=2K masters reconstruct through exact <=1024 tiles
CROWN|library_mid_layer: OK
CROWN|library_front_layers: OK
CROWN|library_node_inventory: OK
CROWN|library_depth_bands: OK
CROWN|room_item_inventory_matches_source_owned_design: OK
CROWN|room_touch_inventory_matches_design: OK
CROWN|source_owned_v4_items_match_audited_design: OK
CROWN|native_healed_background_routes_match_design: OK
CROWN|all_room_art_uses_sprite2d_contract: OK
CROWN|objects_have_authored_real_depth: OK
CROWN|speedy_visible_card_budget: OK
CROWN|projected_touch_hit_mapping: OK stage=(1036.875, 314.9569) hit=[P: (941.25, 191.5758), S: (191.25, 240.0)]
CROWN|direct_canvas_depth_order: OK back=0 fixture=100
CROWN|touch_navigation_maps_to_walk_lane: OK
CROWN|toilet_waits_for_floor_arrival: OK
CROWN|toilet_action_starts_at_authored_contact: OK
CROWN|toilet_uses_semantic_flush_atlas: OK
CROWN|toilet_uses_bounded_fixture_water_not_generic_overlay: OK
CROWN|toilet_busy_guard: OK
CROWN|toilet_seat_flap_flush_sequence_completes: OK
CROWN|toilet_animation_keeps_fixture_pivot_fixed: OK
CROWN|toilet_flush_sound: OK
CROWN|decorations_do_not_award: OK
CROWN|sorts_behind_midground: OK
CROWN|sorts_in_front_of_midground: OK
CROWN|royal_hall_route_available: OK
CROWN|royal_hall_waits_for_arrival: OK
CROWN|crown_won_flag: OK
CROWN|win_recorded: OK
CROWN|still_in_castle: OK game=level2 phase=hall
CROWN|not_ejected_to_ocean: OK dist=24
CROWN|no_retrigger_teleport: OK
CROWN|front_door_exits: OK phase=promenade
CROWN|done: OK
