Godot Engine v4.7.2.stable.official.ed1daf0bf - https://godotengine.org
Vulkan 1.4.325 - Forward Mobile - Using Device #0: NVIDIA - NVIDIA GeForce RTX 3060 Ti

WARNING: Loaded resource as image file, this will not work on export: 'res://assets/opera/worlds/nursery/refinement_v2/care_00.png'. Instead, import the image file as an Image resource and load it normally as a resource.
   at: load_from_file (core/io/image.cpp:2780)
   GDScript backtrace (most recent call first):
       [0] _run (res://tools/capture_day2_nursery_baby_fit.gd:50)
WARNING: Loaded resource as image file, this will not work on export: 'res://assets/opera/worlds/nursery/refinement_v2/care_01.png'. Instead, import the image file as an Image resource and load it normally as a resource.
   at: load_from_file (core/io/image.cpp:2780)
   GDScript backtrace (most recent call first):
       [0] _run (res://tools/capture_day2_nursery_baby_fit.gd:50)
WARNING: Loaded resource as image file, this will not work on export: 'res://assets/opera/worlds/nursery/refinement_v2/care_02.png'. Instead, import the image file as an Image resource and load it normally as a resource.
   at: load_from_file (core/io/image.cpp:2780)
   GDScript backtrace (most recent call first):
       [0] _run (res://tools/capture_day2_nursery_baby_fit.gd:50)
WARNING: Loaded resource as image file, this will not work on export: 'res://assets/opera/worlds/nursery/refinement_v2/care_03.png'. Instead, import the image file as an Image resource and load it normally as a resource.
   at: load_from_file (core/io/image.cpp:2780)
   GDScript backtrace (most recent call first):
       [0] _run (res://tools/capture_day2_nursery_baby_fit.gd:50)
WARNING: Loaded resource as image file, this will not work on export: 'res://assets/opera/worlds/nursery/refinement_v2/care_04.png'. Instead, import the image file as an Image resource and load it normally as a resource.
   at: load_from_file (core/io/image.cpp:2780)
   GDScript backtrace (most recent call first):
       [0] _run (res://tools/capture_day2_nursery_baby_fit.gd:50)
WARNING: Loaded resource as image file, this will not work on export: 'res://assets/opera/worlds/nursery/refinement_v2/care_05.png'. Instead, import the image file as an Image resource and load it normally as a resource.
   at: load_from_file (core/io/image.cpp:2780)
   GDScript backtrace (most recent call first):
       [0] _run (res://tools/capture_day2_nursery_baby_fit.gd:50)
WARNING: Loaded resource as image file, this will not work on export: 'res://assets/opera/worlds/nursery/refinement_v2/care_06.png'. Instead, import the image file as an Image resource and load it normally as a resource.
   at: load_from_file (core/io/image.cpp:2780)
   GDScript backtrace (most recent call first):
       [0] _run (res://tools/capture_day2_nursery_baby_fit.gd:50)
WARNING: Loaded resource as image file, this will not work on export: 'res://assets/opera/worlds/nursery/refinement_v2/care_07.png'. Instead, import the image file as an Image resource and load it normally as a resource.
   at: load_from_file (core/io/image.cpp:2780)
   GDScript backtrace (most recent call first):
       [0] _run (res://tools/capture_day2_nursery_baby_fit.gd:50)
NURSERY_CARE_FIT|RESULT|CAPTURED|NOT_ACCEPTED
