...
----------------------------------------------------------------------
Ran 3 tests in 0.137s

OK
........s...............................
----------------------------------------------------------------------
Ran 40 tests in 34.460s

OK (skipped=1)
...
----------------------------------------------------------------------
Ran 3 tests in 0.164s

OK
.............................................................................
----------------------------------------------------------------------
Ran 77 tests in 72.831s

OK
.....
----------------------------------------------------------------------
Ran 5 tests in 0.127s

OK
.........................................
----------------------------------------------------------------------
Ran 41 tests in 0.550s

OK
...........
----------------------------------------------------------------------
Ran 11 tests in 10.389s

OK
........
----------------------------------------------------------------------
Ran 8 tests in 2.491s

OK
.........................
----------------------------------------------------------------------
Ran 25 tests in 0.979s

OK
...............................................................................................
----------------------------------------------------------------------
Ran 95 tests in 432.622s

OK
..
----------------------------------------------------------------------
Ran 2 tests in 0.004s

OK
................................................................
----------------------------------------------------------------------
Ran 64 tests in 8.289s

OK
