Godot Engine v4.7.2.stable.official.ed1daf0bf - https://godotengine.org

AUDIO|Music bus exists: OK
AUDIO|Voice bus exists: OK
AUDIO|SFX bus exists: OK
AUDIO|Ambience bus exists: OK
AUDIO|UI bus exists: OK
AUDIO|music is routed: OK
AUDIO|voice fallback is routed: OK
AUDIO|voice pool is routed: OK
AUDIO|effects are routed: OK
AUDIO|ambience is routed: OK
AUDIO|UI taps are routed: OK
AUDIO|all authored area cues exist: OK
AUDIO|all authored area cues import looped: OK
AUDIO|every live Opera career owns a unique cue: OK
AUDIO|every Castle room owns a cue: OK
AUDIO|missing cue does not poison return track: OK
AUDIO|visible Castle room state selects its cue: OK
AUDIO|Castle observer yields to a covered activity: OK
AUDIO|area cue routes through Music: OK
AUDIO|Castle area cue preserves room ambience: OK
AUDIO|portable Stuffie cue preserves its source ambience: OK
AUDIO|late picture close cannot overwrite a newer picture: OK
AUDIO|current picture close restores its source music: OK
AUDIO|Galaxy cue keeps the Lagoon ambience bed: OK
AUDIO|result: ALL OK
