...
----------------------------------------------------------------------
Ran 3 tests in 0.007s

OK
........s...............................
----------------------------------------------------------------------
Ran 40 tests in 31.035s

OK (skipped=1)
...
----------------------------------------------------------------------
Ran 3 tests in 0.130s

OK
...........................................................................
----------------------------------------------------------------------
Ran 75 tests in 235.748s

OK
.....
----------------------------------------------------------------------
Ran 5 tests in 0.095s

OK
.........................................
----------------------------------------------------------------------
Ran 41 tests in 0.323s

OK
...........
----------------------------------------------------------------------
Ran 11 tests in 9.539s

OK
........
----------------------------------------------------------------------
Ran 8 tests in 1.219s

OK
.........................
----------------------------------------------------------------------
Ran 25 tests in 0.566s

OK
...............................................................................................
----------------------------------------------------------------------
Ran 95 tests in 397.589s

OK
..
----------------------------------------------------------------------
Ran 2 tests in 0.003s

OK
................................................................
----------------------------------------------------------------------
Ran 64 tests in 7.220s

OK
