Godot Engine v4.7.2.stable.official.ed1daf0bf - https://godotengine.org
Vulkan 1.4.325 - Forward Mobile - Using Device #0: NVIDIA - NVIDIA GeForce RTX 3060 Ti

CURRENT_HALL_ART|OK|found ballerina shipping config
CURRENT_HALL_ART|OK|ballerina OperaAct.start
CURRENT_HALL_ART|OK|ballerina live career world
CURRENT_HALL_ART|OK|ballerina/practice task open
CURRENT_HALL_ART|OK|capture ballerina_practice_pearl_mirror_intro.png
CURRENT_HALL_ART|CAPTURE|{"animation_frame":3,"animation_state":"work","career":"ballerina","demo_active":true,"mode":"ballet_pose","origin":"configured_phase_shortcut","part":"practice","path":"C:\\Users\\Peter\\Documents\\mermaid-roshan-reef\\.worktrees\\minigame-art-dev-reconcile-20260905\\tmp\\current-hall-art-capture\\run04\\captures/ballerina_practice_pearl_mirror_intro.png","performance_part":"practice","phase":"pearl_mirror","phase_index":0,"phase_label":"PEARL MIRROR","pose_round":0,"process_frames":20,"renderer":"mobile","sha256":"3dc191bda297181f55e647c29090dca8ead3dcac400a80cb5d6cf2fe0aff09f9","source_phase":0,"state":"intro","surface_held":false,"task_open":true,"ticks_msec":14962,"time_scale":1.0,"viewport":[1280,720]}
CURRENT_HALL_ART|OK|ballet demo released
CURRENT_HALL_ART|FAIL|ballet held correct option
CURRENT_HALL_ART|OK|capture ballerina_practice_pearl_mirror_held_contact.png
CURRENT_HALL_ART|CAPTURE|{"animation_frame":2,"animation_state":"work","career":"ballerina","demo_active":true,"mode":"ballet_pose","origin":"live_gui_input_held","part":"practice","path":"C:\\Users\\Peter\\Documents\\mermaid-roshan-reef\\.worktrees\\minigame-art-dev-reconcile-20260905\\tmp\\current-hall-art-capture\\run04\\captures/ballerina_practice_pearl_mirror_held_contact.png","performance_part":"practice","phase":"pearl_mirror","phase_index":0,"phase_label":"PEARL MIRROR","pose_round":1,"process_frames":38,"renderer":"mobile","sha256":"d8e86024c86f520fd769932eca0203abc2e050bc8aacc00c8c209f9fcf669d61","source_phase":0,"state":"held_contact","surface_held":true,"task_open":true,"ticks_msec":17838,"time_scale":1.0,"viewport":[1280,720]}
CURRENT_HALL_ART|OK|ballet demo released
CURRENT_HALL_ART|OK|ballet demo released
CURRENT_HALL_ART|OK|capture ballerina_practice_pearl_mirror_phase_payoff.png
CURRENT_HALL_ART|CAPTURE|{"animation_frame":1,"animation_state":"work","career":"ballerina","demo_active":false,"mode":"ballet_pose","origin":"live_gui_input_completion","part":"practice","path":"C:\\Users\\Peter\\Documents\\mermaid-roshan-reef\\.worktrees\\minigame-art-dev-reconcile-20260905\\tmp\\current-hall-art-capture\\run04\\captures/ballerina_practice_pearl_mirror_phase_payoff.png","performance_part":"practice","phase":"pearl_mirror","phase_index":0,"phase_label":"PEARL MIRROR","pose_round":3,"process_frames":77,"renderer":"mobile","sha256":"93aa720a7f240208ccab8ac38bfa4221109a19e486a9beb297806cf2e5dda795","source_phase":0,"state":"phase_payoff","surface_held":true,"task_open":true,"ticks_msec":23485,"time_scale":1.0,"viewport":[1280,720]}
CURRENT_HALL_ART|OK|ballerina/stage task open
CURRENT_HALL_ART|OK|capture ballerina_stage_pearl_mirror_intro.png
CURRENT_HALL_ART|CAPTURE|{"animation_frame":3,"animation_state":"work","career":"ballerina","demo_active":true,"mode":"ballet_pose","origin":"configured_phase_shortcut","part":"stage","path":"C:\\Users\\Peter\\Documents\\mermaid-roshan-reef\\.worktrees\\minigame-art-dev-reconcile-20260905\\tmp\\current-hall-art-capture\\run04\\captures/ballerina_stage_pearl_mirror_intro.png","performance_part":"stage","phase":"pearl_mirror","phase_index":3,"phase_label":"PEARL MIRROR","pose_round":0,"process_frames":90,"renderer":"mobile","sha256":"550b0e988be60dbefd3341ffc0adac51381df4e55f5283d58024e84572e81570","source_phase":0,"state":"intro","surface_held":false,"task_open":true,"ticks_msec":25223,"time_scale":1.0,"viewport":[1280,720]}
CURRENT_HALL_ART|OK|ballet demo released
CURRENT_HALL_ART|FAIL|ballet held correct option
CURRENT_HALL_ART|OK|capture ballerina_stage_pearl_mirror_held_contact.png
CURRENT_HALL_ART|CAPTURE|{"animation_frame":2,"animation_state":"work","career":"ballerina","demo_active":true,"mode":"ballet_pose","origin":"live_gui_input_held","part":"stage","path":"C:\\Users\\Peter\\Documents\\mermaid-roshan-reef\\.worktrees\\minigame-art-dev-reconcile-20260905\\tmp\\current-hall-art-capture\\run04\\captures/ballerina_stage_pearl_mirror_held_contact.png","performance_part":"stage","phase":"pearl_mirror","phase_index":3,"phase_label":"PEARL MIRROR","pose_round":1,"process_frames":109,"renderer":"mobile","sha256":"1c821afc41fd27ec8e6ff8b8fd15767a34b0856399bbd249b7457397f1ff5fb5","source_phase":0,"state":"held_contact","surface_held":true,"task_open":true,"ticks_msec":27823,"time_scale":1.0,"viewport":[1280,720]}
CURRENT_HALL_ART|OK|ballet demo released
CURRENT_HALL_ART|OK|ballet demo released
CURRENT_HALL_ART|OK|capture ballerina_stage_pearl_mirror_phase_payoff.png
CURRENT_HALL_ART|CAPTURE|{"animation_frame":1,"animation_state":"work","career":"ballerina","demo_active":false,"mode":"ballet_pose","origin":"live_gui_input_completion","part":"stage","path":"C:\\Users\\Peter\\Documents\\mermaid-roshan-reef\\.worktrees\\minigame-art-dev-reconcile-20260905\\tmp\\current-hall-art-capture\\run04\\captures/ballerina_stage_pearl_mirror_phase_payoff.png","performance_part":"stage","phase":"pearl_mirror","phase_index":3,"phase_label":"PEARL MIRROR","pose_round":3,"process_frames":150,"renderer":"mobile","sha256":"05538b72d6c6f198dadd78efd6cf2c663b9e6a9346dc74b8cb59107c67c31484","source_phase":0,"state":"phase_payoff","surface_held":true,"task_open":true,"ticks_msec":33032,"time_scale":1.0,"viewport":[1280,720]}
CURRENT_HALL_ART|OK|found magician shipping config
CURRENT_HALL_ART|OK|magician OperaAct.start
CURRENT_HALL_ART|OK|magician live career world
CURRENT_HALL_ART|OK|magician/practice task open
CURRENT_HALL_ART|OK|capture magician_practice_vanish_intro.png
CURRENT_HALL_ART|CAPTURE|{"animation_frame":1,"animation_state":"work","career":"magician","demo_active":true,"mode":"hold","origin":"configured_phase_shortcut","part":"practice","path":"C:\\Users\\Peter\\Documents\\mermaid-roshan-reef\\.worktrees\\minigame-art-dev-reconcile-20260905\\tmp\\current-hall-art-capture\\run04\\captures/magician_practice_vanish_intro.png","performance_part":"practice","phase":"vanish","phase_index":0,"phase_label":"VANISH","pose_round":-1,"process_frames":172,"renderer":"mobile","sha256":"43e083fe480120a2b832f6d13d663380d05f75fa25a6ddf72c83dec620853300","source_phase":0,"state":"intro","surface_held":false,"task_open":true,"ticks_msec":35921,"time_scale":1.0,"viewport":[1280,720]}
CURRENT_HALL_ART|OK|capture magician_practice_vanish_held_contact.png
CURRENT_HALL_ART|CAPTURE|{"animation_frame":3,"animation_state":"work","career":"magician","demo_active":false,"mode":"hold","origin":"live_gui_input_held","part":"practice","path":"C:\\Users\\Peter\\Documents\\mermaid-roshan-reef\\.worktrees\\minigame-art-dev-reconcile-20260905\\tmp\\current-hall-art-capture\\run04\\captures/magician_practice_vanish_held_contact.png","performance_part":"practice","phase":"vanish","phase_index":0,"phase_label":"VANISH","pose_round":-1,"process_frames":176,"renderer":"mobile","sha256":"477bb80d6f8b3428bd4acb833302189d4c199955eb8173fb0bad22818f86964c","source_phase":0,"state":"held_contact","surface_held":true,"task_open":true,"ticks_msec":36461,"time_scale":1.0,"viewport":[1280,720]}
CURRENT_HALL_ART|OK|capture magician_practice_vanish_phase_payoff.png
CURRENT_HALL_ART|CAPTURE|{"animation_frame":1,"animation_state":"cheer","career":"magician","demo_active":false,"mode":"hold","origin":"live_gui_input_completion","part":"practice","path":"C:\\Users\\Peter\\Documents\\mermaid-roshan-reef\\.worktrees\\minigame-art-dev-reconcile-20260905\\tmp\\current-hall-art-capture\\run04\\captures/magician_practice_vanish_phase_payoff.png","performance_part":"practice","phase":"vanish","phase_index":0,"phase_label":"VANISH","pose_round":-1,"process_frames":222,"renderer":"mobile","sha256":"12565d31827c92a4979bc7b36c2a72c8e78ee7162d6aad80f942147fcde8ba34","source_phase":0,"state":"phase_payoff","surface_held":false,"task_open":true,"ticks_msec":42214,"time_scale":1.0,"viewport":[1280,720]}
CURRENT_HALL_ART|OK|magician/stage task open
CURRENT_HALL_ART|OK|capture magician_stage_vanish_intro.png
CURRENT_HALL_ART|CAPTURE|{"animation_frame":1,"animation_state":"work","career":"magician","demo_active":true,"mode":"hold","origin":"configured_phase_shortcut","part":"stage","path":"C:\\Users\\Peter\\Documents\\mermaid-roshan-reef\\.worktrees\\minigame-art-dev-reconcile-20260905\\tmp\\current-hall-art-capture\\run04\\captures/magician_stage_vanish_intro.png","performance_part":"stage","phase":"vanish","phase_index":3,"phase_label":"VANISH","pose_round":-1,"process_frames":235,"renderer":"mobile","sha256":"b6a99225a419ae344c8cb2353186da0c7eef8fd763c2385033ac1192a69ec319","source_phase":0,"state":"intro","surface_held":false,"task_open":true,"ticks_msec":44011,"time_scale":1.0,"viewport":[1280,720]}
CURRENT_HALL_ART|OK|capture magician_stage_vanish_held_contact.png
CURRENT_HALL_ART|CAPTURE|{"animation_frame":3,"animation_state":"work","career":"magician","demo_active":false,"mode":"hold","origin":"live_gui_input_held","part":"stage","path":"C:\\Users\\Peter\\Documents\\mermaid-roshan-reef\\.worktrees\\minigame-art-dev-reconcile-20260905\\tmp\\current-hall-art-capture\\run04\\captures/magician_stage_vanish_held_contact.png","performance_part":"stage","phase":"vanish","phase_index":3,"phase_label":"VANISH","pose_round":-1,"process_frames":239,"renderer":"mobile","sha256":"6d86bb79252d7f664fea567273709715eab87816c1d54a92b50e5709c489bde9","source_phase":0,"state":"held_contact","surface_held":true,"task_open":true,"ticks_msec":44696,"time_scale":1.0,"viewport":[1280,720]}
CURRENT_HALL_ART|OK|capture magician_stage_vanish_phase_payoff.png
CURRENT_HALL_ART|CAPTURE|{"animation_frame":1,"animation_state":"cheer","career":"magician","demo_active":false,"mode":"hold","origin":"live_gui_input_completion","part":"stage","path":"C:\\Users\\Peter\\Documents\\mermaid-roshan-reef\\.worktrees\\minigame-art-dev-reconcile-20260905\\tmp\\current-hall-art-capture\\run04\\captures/magician_stage_vanish_phase_payoff.png","performance_part":"stage","phase":"vanish","phase_index":3,"phase_label":"VANISH","pose_round":-1,"process_frames":285,"renderer":"mobile","sha256":"70e545c1634d14bac5328ca9f8623b0ae0ae469f99a0e9941ba31f58576d4d54","source_phase":0,"state":"phase_payoff","surface_held":false,"task_open":true,"ticks_msec":51683,"time_scale":1.0,"viewport":[1280,720]}
CURRENT_HALL_ART|OK|found popstar shipping config
CURRENT_HALL_ART|OK|popstar OperaAct.start
CURRENT_HALL_ART|OK|popstar live career world
CURRENT_HALL_ART|OK|popstar/practice task open
CURRENT_HALL_ART|OK|capture popstar_practice_sound_check_intro.png
CURRENT_HALL_ART|CAPTURE|{"animation_frame":2,"animation_state":"work","career":"popstar","demo_active":true,"mode":"hold","origin":"configured_phase_shortcut","part":"practice","path":"C:\\Users\\Peter\\Documents\\mermaid-roshan-reef\\.worktrees\\minigame-art-dev-reconcile-20260905\\tmp\\current-hall-art-capture\\run04\\captures/popstar_practice_sound_check_intro.png","performance_part":"practice","phase":"sound_check","phase_index":0,"phase_label":"SOUND CHECK","pose_round":-1,"process_frames":308,"renderer":"mobile","sha256":"c5d6255593d206cf58f910fedc13040a9a236330436496a458c5fe0afcaea99f","source_phase":0,"state":"intro","surface_held":false,"task_open":true,"ticks_msec":54780,"time_scale":1.0,"viewport":[1280,720]}
CURRENT_HALL_ART|OK|capture popstar_practice_sound_check_held_contact.png
CURRENT_HALL_ART|CAPTURE|{"animation_frame":3,"animation_state":"work","career":"popstar","demo_active":false,"mode":"hold","origin":"live_gui_input_held","part":"practice","path":"C:\\Users\\Peter\\Documents\\mermaid-roshan-reef\\.worktrees\\minigame-art-dev-reconcile-20260905\\tmp\\current-hall-art-capture\\run04\\captures/popstar_practice_sound_check_held_contact.png","performance_part":"practice","phase":"sound_check","phase_index":0,"phase_label":"SOUND CHECK","pose_round":-1,"process_frames":312,"renderer":"mobile","sha256":"f2c73565294a0fa8521d717418a8de5938a7af3e4f34e932f2df46dcbddfb7f1","source_phase":0,"state":"held_contact","surface_held":true,"task_open":true,"ticks_msec":55537,"time_scale":1.0,"viewport":[1280,720]}
CURRENT_HALL_ART|OK|capture popstar_practice_sound_check_phase_payoff.png
CURRENT_HALL_ART|CAPTURE|{"animation_frame":1,"animation_state":"cheer","career":"popstar","demo_active":false,"mode":"hold","origin":"live_gui_input_completion","part":"practice","path":"C:\\Users\\Peter\\Documents\\mermaid-roshan-reef\\.worktrees\\minigame-art-dev-reconcile-20260905\\tmp\\current-hall-art-capture\\run04\\captures/popstar_practice_sound_check_phase_payoff.png","performance_part":"practice","phase":"sound_check","phase_index":0,"phase_label":"SOUND CHECK","pose_round":-1,"process_frames":357,"renderer":"mobile","sha256":"1b1742b7ffa555dc12e968ef4492032f3870ef5992e3b6c42bcc12e86b3dc5c8","source_phase":0,"state":"phase_payoff","surface_held":false,"task_open":true,"ticks_msec":61448,"time_scale":1.0,"viewport":[1280,720]}
CURRENT_HALL_ART|OK|popstar/stage task open
CURRENT_HALL_ART|OK|capture popstar_stage_sound_check_intro.png
CURRENT_HALL_ART|CAPTURE|{"animation_frame":1,"animation_state":"work","career":"popstar","demo_active":true,"mode":"hold","origin":"configured_phase_shortcut","part":"stage","path":"C:\\Users\\Peter\\Documents\\mermaid-roshan-reef\\.worktrees\\minigame-art-dev-reconcile-20260905\\tmp\\current-hall-art-capture\\run04\\captures/popstar_stage_sound_check_intro.png","performance_part":"stage","phase":"sound_check","phase_index":3,"phase_label":"SOUND CHECK","pose_round":-1,"process_frames":369,"renderer":"mobile","sha256":"d8b126031890993e6206c9279c199c1e90d5e71621abd91f86032b8c98506dff","source_phase":0,"state":"intro","surface_held":false,"task_open":true,"ticks_msec":63039,"time_scale":1.0,"viewport":[1280,720]}
CURRENT_HALL_ART|OK|capture popstar_stage_sound_check_held_contact.png
CURRENT_HALL_ART|CAPTURE|{"animation_frame":3,"animation_state":"work","career":"popstar","demo_active":false,"mode":"hold","origin":"live_gui_input_held","part":"stage","path":"C:\\Users\\Peter\\Documents\\mermaid-roshan-reef\\.worktrees\\minigame-art-dev-reconcile-20260905\\tmp\\current-hall-art-capture\\run04\\captures/popstar_stage_sound_check_held_contact.png","performance_part":"stage","phase":"sound_check","phase_index":3,"phase_label":"SOUND CHECK","pose_round":-1,"process_frames":373,"renderer":"mobile","sha256":"08282b3fd2a523ec7be68625f6c9e305c78ef65e87d1992a4be986d2993dd970","source_phase":0,"state":"held_contact","surface_held":true,"task_open":true,"ticks_msec":63626,"time_scale":1.0,"viewport":[1280,720]}
CURRENT_HALL_ART|OK|capture popstar_stage_sound_check_phase_payoff.png
CURRENT_HALL_ART|CAPTURE|{"animation_frame":0,"animation_state":"cheer","career":"popstar","demo_active":false,"mode":"hold","origin":"live_gui_input_completion","part":"stage","path":"C:\\Users\\Peter\\Documents\\mermaid-roshan-reef\\.worktrees\\minigame-art-dev-reconcile-20260905\\tmp\\current-hall-art-capture\\run04\\captures/popstar_stage_sound_check_phase_payoff.png","performance_part":"stage","phase":"sound_check","phase_index":3,"phase_label":"SOUND CHECK","pose_round":-1,"process_frames":418,"renderer":"mobile","sha256":"4f2f9f0f71695d40cd5839dad7e190407e5212e4d35ababa0f4316043f44fd73","source_phase":0,"state":"phase_payoff","surface_held":false,"task_open":true,"ticks_msec":69554,"time_scale":1.0,"viewport":[1280,720]}
CURRENT_HALL_ART|OK|manifest opened
CURRENT_HALL_ART|RESULT|FAIL|captures=18|unsupported=0|elapsed_ms=62253
