WorkerThreadPool: 12 threads, 3 max low-priority.
Godot Engine v4.7.2.stable.official.ed1daf0bf - https://godotengine.org
TextServer: Added interface "Dummy"
TextServer: Added interface "ICU / HarfBuzz / Graphite (Built-in)"
Using "default" pen tablet driver...

TextServer: Primary interface set to: "ICU / HarfBuzz / Graphite (Built-in)".
Loading resource: res://default_bus_layout.tres remapped: res://default_bus_layout.tres
Completed load for: 'res://default_bus_layout.tres' remapped 'res://default_bus_layout.tres' at thread -1
CORE API HASH: 2004498165
EDITOR API HASH: 1696660745
Loading resource: res://scripts/probe_audit.gd remapped: res://scripts/probe_audit.gd
Loading resource: res://shaders/castle_fixture_bloom.gdshader remapped: res://shaders/castle_fixture_bloom.gdshader
Completed load for: 'res://shaders/castle_fixture_bloom.gdshader' remapped 'res://shaders/castle_fixture_bloom.gdshader' at thread -1
Loading resource: res://assets/characters/roshan_25d/roshan_directional.png remapped: res://assets/characters/roshan_25d/roshan_directional.png
Loading resource: res://.godot/imported/roshan_directional.png-d625ae71ef68ca7b79f00f48e0d76cbb.s3tc.ctex remapped: res://.godot/imported/roshan_directional.png-d625ae71ef68ca7b79f00f48e0d76cbb.s3tc.ctex
Completed load for: 'res://assets/characters/roshan_25d/roshan_directional.png' remapped 'res://assets/characters/roshan_25d/roshan_directional.png' at thread -1
Loading resource: res://assets/characters/roshan_25d/roshan_swim_front.png remapped: res://assets/characters/roshan_25d/roshan_swim_front.png
Loading resource: res://.godot/imported/roshan_swim_front.png-42175e9e171cd7007cff3a9ae801e389.s3tc.ctex remapped: res://.godot/imported/roshan_swim_front.png-42175e9e171cd7007cff3a9ae801e389.s3tc.ctex
Completed load for: 'res://assets/characters/roshan_25d/roshan_swim_front.png' remapped 'res://assets/characters/roshan_25d/roshan_swim_front.png' at thread -1
Loading resource: res://assets/characters/roshan_25d/roshan_swim_back.png remapped: res://assets/characters/roshan_25d/roshan_swim_back.png
Loading resource: res://.godot/imported/roshan_swim_back.png-e93afa07bbddede1e856e92c5cdc462a.s3tc.ctex remapped: res://.godot/imported/roshan_swim_back.png-e93afa07bbddede1e856e92c5cdc462a.s3tc.ctex
Completed load for: 'res://assets/characters/roshan_25d/roshan_swim_back.png' remapped 'res://assets/characters/roshan_25d/roshan_swim_back.png' at thread -1
Loading resource: res://assets/flats/castle/rooms/room_actor_shadow.png remapped: res://assets/flats/castle/rooms/room_actor_shadow.png
Loading resource: res://.godot/imported/room_actor_shadow.png-f1d04727dc138f663653a3117bb0a06a.s3tc.ctex remapped: res://.godot/imported/room_actor_shadow.png-f1d04727dc138f663653a3117bb0a06a.s3tc.ctex
Completed load for: 'res://assets/flats/castle/rooms/room_actor_shadow.png' remapped 'res://assets/flats/castle/rooms/room_actor_shadow.png' at thread -1
Loading resource: res://assets/shaders/castle_fixture_water.gdshader remapped: res://assets/shaders/castle_fixture_water.gdshader
Completed load for: 'res://assets/shaders/castle_fixture_water.gdshader' remapped 'res://assets/shaders/castle_fixture_water.gdshader' at thread -1
Loading resource: res://assets/terrain/up_water_nrm.jpg remapped: res://assets/terrain/up_water_nrm.jpg
Loading resource: res://.godot/imported/up_water_nrm.jpg-17f81a1afbb895061d198f7cd6fac5ca.ctex remapped: res://.godot/imported/up_water_nrm.jpg-17f81a1afbb895061d198f7cd6fac5ca.ctex
Completed load for: 'res://assets/terrain/up_water_nrm.jpg' remapped 'res://assets/terrain/up_water_nrm.jpg' at thread -1
Loading resource: res://assets/terrain/caustics.png remapped: res://assets/terrain/caustics.png
Loading resource: res://.godot/imported/caustics.png-3a5cbbf4f913abf47849e57640465f02.s3tc.ctex remapped: res://.godot/imported/caustics.png-3a5cbbf4f913abf47849e57640465f02.s3tc.ctex
Completed load for: 'res://assets/terrain/caustics.png' remapped 'res://assets/terrain/caustics.png' at thread -1
Loading resource: res://assets/sprites/fx_water/fx_water_bubble_burst_atlas.png remapped: res://assets/sprites/fx_water/fx_water_bubble_burst_atlas.png
Loading resource: res://.godot/imported/fx_water_bubble_burst_atlas.png-6756054a8ce0da3a133c2d2926db3fe9.s3tc.ctex remapped: res://.godot/imported/fx_water_bubble_burst_atlas.png-6756054a8ce0da3a133c2d2926db3fe9.s3tc.ctex
Completed load for: 'res://assets/sprites/fx_water/fx_water_bubble_burst_atlas.png' remapped 'res://assets/sprites/fx_water/fx_water_bubble_burst_atlas.png' at thread -1
Loading resource: res://assets/sprites/fx_water/fx_water_splash_medium_atlas.png remapped: res://assets/sprites/fx_water/fx_water_splash_medium_atlas.png
Loading resource: res://.godot/imported/fx_water_splash_medium_atlas.png-e51a9350ed55a41c49ea3d00f22151f4.s3tc.ctex remapped: res://.godot/imported/fx_water_splash_medium_atlas.png-e51a9350ed55a41c49ea3d00f22151f4.s3tc.ctex
Completed load for: 'res://assets/sprites/fx_water/fx_water_splash_medium_atlas.png' remapped 'res://assets/sprites/fx_water/fx_water_splash_medium_atlas.png' at thread -1
Loading resource: res://assets/flats/castle/logo_studio_v2/castle_banner_pink.png remapped: res://assets/flats/castle/logo_studio_v2/castle_banner_pink.png
Loading resource: res://.godot/imported/castle_banner_pink.png-1f07d5f169916030a25ffc843a00a097.ctex remapped: res://.godot/imported/castle_banner_pink.png-1f07d5f169916030a25ffc843a00a097.ctex
Completed load for: 'res://assets/flats/castle/logo_studio_v2/castle_banner_pink.png' remapped 'res://assets/flats/castle/logo_studio_v2/castle_banner_pink.png' at thread -1
Loading resource: res://assets/flats/castle/logo_studio_v2/castle_banner_gold.png remapped: res://assets/flats/castle/logo_studio_v2/castle_banner_gold.png
Loading resource: res://.godot/imported/castle_banner_gold.png-5442446e7bc3ba706d422fcbb4922333.ctex remapped: res://.godot/imported/castle_banner_gold.png-5442446e7bc3ba706d422fcbb4922333.ctex
Completed load for: 'res://assets/flats/castle/logo_studio_v2/castle_banner_gold.png' remapped 'res://assets/flats/castle/logo_studio_v2/castle_banner_gold.png' at thread -1
Loading resource: res://assets/flats/castle/logo_studio_v2/castle_banner_mint.png remapped: res://assets/flats/castle/logo_studio_v2/castle_banner_mint.png
Loading resource: res://.godot/imported/castle_banner_mint.png-1bd0912452535d09563f5821ab572aa1.ctex remapped: res://.godot/imported/castle_banner_mint.png-1bd0912452535d09563f5821ab572aa1.ctex
Completed load for: 'res://assets/flats/castle/logo_studio_v2/castle_banner_mint.png' remapped 'res://assets/flats/castle/logo_studio_v2/castle_banner_mint.png' at thread -1
Loading resource: res://assets/flats/castle/logo_studio_v2/castle_banner_ocean.png remapped: res://assets/flats/castle/logo_studio_v2/castle_banner_ocean.png
Loading resource: res://.godot/imported/castle_banner_ocean.png-b4870497f6aa7ef8fd0fa9b03a7817e1.ctex remapped: res://.godot/imported/castle_banner_ocean.png-b4870497f6aa7ef8fd0fa9b03a7817e1.ctex
Completed load for: 'res://assets/flats/castle/logo_studio_v2/castle_banner_ocean.png' remapped 'res://assets/flats/castle/logo_studio_v2/castle_banner_ocean.png' at thread -1
Loading resource: res://assets/flats/castle/logo_studio_v2/castle_banner_purple.png remapped: res://assets/flats/castle/logo_studio_v2/castle_banner_purple.png
Loading resource: res://.godot/imported/castle_banner_purple.png-a711c2ef7be4134e857e2b0804f886f4.ctex remapped: res://.godot/imported/castle_banner_purple.png-a711c2ef7be4134e857e2b0804f886f4.ctex
Completed load for: 'res://assets/flats/castle/logo_studio_v2/castle_banner_purple.png' remapped 'res://assets/flats/castle/logo_studio_v2/castle_banner_purple.png' at thread -1
Loading resource: res://assets/flats/castle/logo_studio_v2/castle_banner_rainbow.png remapped: res://assets/flats/castle/logo_studio_v2/castle_banner_rainbow.png
Loading resource: res://.godot/imported/castle_banner_rainbow.png-51987bbcab3d63a5e6b8856c39d3e1f5.ctex remapped: res://.godot/imported/castle_banner_rainbow.png-51987bbcab3d63a5e6b8856c39d3e1f5.ctex
Completed load for: 'res://assets/flats/castle/logo_studio_v2/castle_banner_rainbow.png' remapped 'res://assets/flats/castle/logo_studio_v2/castle_banner_rainbow.png' at thread -1
Loading resource: res://assets/flats/castle/logo_studio_v2/castle_banner_motif_rainbow.png remapped: res://assets/flats/castle/logo_studio_v2/castle_banner_motif_rainbow.png
Loading resource: res://.godot/imported/castle_banner_motif_rainbow.png-7d37c39c57d9145c1662a600706a0215.ctex remapped: res://.godot/imported/castle_banner_motif_rainbow.png-7d37c39c57d9145c1662a600706a0215.ctex
Completed load for: 'res://assets/flats/castle/logo_studio_v2/castle_banner_motif_rainbow.png' remapped 'res://assets/flats/castle/logo_studio_v2/castle_banner_motif_rainbow.png' at thread -1
Loading resource: res://assets/flats/castle/logo_studio_v2/castle_banner_motif_shell.png remapped: res://assets/flats/castle/logo_studio_v2/castle_banner_motif_shell.png
Loading resource: res://.godot/imported/castle_banner_motif_shell.png-2ded8f0554ad78cbf31ed04692a2e95a.ctex remapped: res://.godot/imported/castle_banner_motif_shell.png-2ded8f0554ad78cbf31ed04692a2e95a.ctex
Completed load for: 'res://assets/flats/castle/logo_studio_v2/castle_banner_motif_shell.png' remapped 'res://assets/flats/castle/logo_studio_v2/castle_banner_motif_shell.png' at thread -1
Loading resource: res://assets/flats/castle/logo_studio_v2/castle_banner_motif_kitty.png remapped: res://assets/flats/castle/logo_studio_v2/castle_banner_motif_kitty.png
Loading resource: res://.godot/imported/castle_banner_motif_kitty.png-476ecb445ef20b8f0ee562bf74ffc1f3.ctex remapped: res://.godot/imported/castle_banner_motif_kitty.png-476ecb445ef20b8f0ee562bf74ffc1f3.ctex
Completed load for: 'res://assets/flats/castle/logo_studio_v2/castle_banner_motif_kitty.png' remapped 'res://assets/flats/castle/logo_studio_v2/castle_banner_motif_kitty.png' at thread -1
Loading resource: res://assets/flats/castle/logo_studio_v2/castle_banner_motif_dog.png remapped: res://assets/flats/castle/logo_studio_v2/castle_banner_motif_dog.png
Loading resource: res://.godot/imported/castle_banner_motif_dog.png-f60e00a475feefbed7e6b7b03314b4e3.ctex remapped: res://.godot/imported/castle_banner_motif_dog.png-f60e00a475feefbed7e6b7b03314b4e3.ctex
Completed load for: 'res://assets/flats/castle/logo_studio_v2/castle_banner_motif_dog.png' remapped 'res://assets/flats/castle/logo_studio_v2/castle_banner_motif_dog.png' at thread -1
Loading resource: res://assets/flats/castle/logo_studio_v2/castle_banner_motif_star.png remapped: res://assets/flats/castle/logo_studio_v2/castle_banner_motif_star.png
Loading resource: res://.godot/imported/castle_banner_motif_star.png-c2920063905028bbe428c242038dc858.ctex remapped: res://.godot/imported/castle_banner_motif_star.png-c2920063905028bbe428c242038dc858.ctex
Completed load for: 'res://assets/flats/castle/logo_studio_v2/castle_banner_motif_star.png' remapped 'res://assets/flats/castle/logo_studio_v2/castle_banner_motif_star.png' at thread -1
Loading resource: res://assets/flats/castle/logo_studio_v2/castle_banner_motif_heart.png remapped: res://assets/flats/castle/logo_studio_v2/castle_banner_motif_heart.png
Loading resource: res://.godot/imported/castle_banner_motif_heart.png-1e2c41e7d0fee88319aa5e07bebb840c.ctex remapped: res://.godot/imported/castle_banner_motif_heart.png-1e2c41e7d0fee88319aa5e07bebb840c.ctex
Completed load for: 'res://assets/flats/castle/logo_studio_v2/castle_banner_motif_heart.png' remapped 'res://assets/flats/castle/logo_studio_v2/castle_banner_motif_heart.png' at thread -1
Loading resource: res://assets/flats/castle/logo_studio_v2/castle_banner_motif_crown.png remapped: res://assets/flats/castle/logo_studio_v2/castle_banner_motif_crown.png
Loading resource: res://.godot/imported/castle_banner_motif_crown.png-a6e77f1d9ed0122ac2aa4567a6832a08.ctex remapped: res://.godot/imported/castle_banner_motif_crown.png-a6e77f1d9ed0122ac2aa4567a6832a08.ctex
Completed load for: 'res://assets/flats/castle/logo_studio_v2/castle_banner_motif_crown.png' remapped 'res://assets/flats/castle/logo_studio_v2/castle_banner_motif_crown.png' at thread -1
Loading resource: res://assets/flats/castle/logo_studio_v2/castle_banner_motif_butterfly.png remapped: res://assets/flats/castle/logo_studio_v2/castle_banner_motif_butterfly.png
Loading resource: res://.godot/imported/castle_banner_motif_butterfly.png-862a1cf8dacc6daab2058d435ea0ad5f.ctex remapped: res://.godot/imported/castle_banner_motif_butterfly.png-862a1cf8dacc6daab2058d435ea0ad5f.ctex
Completed load for: 'res://assets/flats/castle/logo_studio_v2/castle_banner_motif_butterfly.png' remapped 'res://assets/flats/castle/logo_studio_v2/castle_banner_motif_butterfly.png' at thread -1
Loading resource: res://assets/castle/training/ghost_hand.png remapped: res://assets/castle/training/ghost_hand.png
Loading resource: res://.godot/imported/ghost_hand.png-1de3e3644c9a46e5892c5a8fa86dad01.ctex remapped: res://.godot/imported/ghost_hand.png-1de3e3644c9a46e5892c5a8fa86dad01.ctex
Completed load for: 'res://assets/castle/training/ghost_hand.png' remapped 'res://assets/castle/training/ghost_hand.png' at thread -1
Loading resource: res://assets/ui/boot_splash_mermaid_roshan.png remapped: res://assets/ui/boot_splash_mermaid_roshan.png
Loading resource: res://.godot/imported/boot_splash_mermaid_roshan.png-b4f76f82b4095448b9258c74830dd0bf.ctex remapped: res://.godot/imported/boot_splash_mermaid_roshan.png-b4f76f82b4095448b9258c74830dd0bf.ctex
Completed load for: 'res://assets/ui/boot_splash_mermaid_roshan.png' remapped 'res://assets/ui/boot_splash_mermaid_roshan.png' at thread -1
Loading resource: res://assets/castle/day_one_art_studio/magic_cleaning_brush.png remapped: res://assets/castle/day_one_art_studio/magic_cleaning_brush.png
Loading resource: res://.godot/imported/magic_cleaning_brush.png-9aab3d5c1cf900b3b09e19eacb3d842d.ctex remapped: res://.godot/imported/magic_cleaning_brush.png-9aab3d5c1cf900b3b09e19eacb3d842d.ctex
Completed load for: 'res://assets/castle/day_one_art_studio/magic_cleaning_brush.png' remapped 'res://assets/castle/day_one_art_studio/magic_cleaning_brush.png' at thread -1
Loading resource: res://assets/castle/day_one_art_studio/loose_brush_bundle.png remapped: res://assets/castle/day_one_art_studio/loose_brush_bundle.png
Loading resource: res://.godot/imported/loose_brush_bundle.png-864136367585f2d9d14d7d1e8b20b7c8.ctex remapped: res://.godot/imported/loose_brush_bundle.png-864136367585f2d9d14d7d1e8b20b7c8.ctex
Completed load for: 'res://assets/castle/day_one_art_studio/loose_brush_bundle.png' remapped 'res://assets/castle/day_one_art_studio/loose_brush_bundle.png' at thread -1
Loading resource: res://assets/castle/day_one_art_studio/paint_bottle_pink.png remapped: res://assets/castle/day_one_art_studio/paint_bottle_pink.png
Loading resource: res://.godot/imported/paint_bottle_pink.png-c543c4d9f1f567c443e165a9fa714da8.ctex remapped: res://.godot/imported/paint_bottle_pink.png-c543c4d9f1f567c443e165a9fa714da8.ctex
Completed load for: 'res://assets/castle/day_one_art_studio/paint_bottle_pink.png' remapped 'res://assets/castle/day_one_art_studio/paint_bottle_pink.png' at thread -1
Loading resource: res://assets/castle/day_one_art_studio/paint_bottle_blue.png remapped: res://assets/castle/day_one_art_studio/paint_bottle_blue.png
Loading resource: res://.godot/imported/paint_bottle_blue.png-5095790b8453a9b3e2ea954bc927e605.ctex remapped: res://.godot/imported/paint_bottle_blue.png-5095790b8453a9b3e2ea954bc927e605.ctex
Completed load for: 'res://assets/castle/day_one_art_studio/paint_bottle_blue.png' remapped 'res://assets/castle/day_one_art_studio/paint_bottle_blue.png' at thread -1
Loading resource: res://assets/castle/day_one_art_studio/paint_cups.png remapped: res://assets/castle/day_one_art_studio/paint_cups.png
Loading resource: res://.godot/imported/paint_cups.png-100570cd9a806d4462c301ca08769707.ctex remapped: res://.godot/imported/paint_cups.png-100570cd9a806d4462c301ca08769707.ctex
Completed load for: 'res://assets/castle/day_one_art_studio/paint_cups.png' remapped 'res://assets/castle/day_one_art_studio/paint_cups.png' at thread -1
Loading resource: res://assets/castle/day_one_art_studio/grime_left.png remapped: res://assets/castle/day_one_art_studio/grime_left.png
Loading resource: res://.godot/imported/grime_left.png-9b85fce9291a82cc7fa602186defdc14.ctex remapped: res://.godot/imported/grime_left.png-9b85fce9291a82cc7fa602186defdc14.ctex
Completed load for: 'res://assets/castle/day_one_art_studio/grime_left.png' remapped 'res://assets/castle/day_one_art_studio/grime_left.png' at thread -1
Loading resource: res://assets/castle/day_one_art_studio/grime_desk.png remapped: res://assets/castle/day_one_art_studio/grime_desk.png
Loading resource: res://.godot/imported/grime_desk.png-38eed6c08bb917d3198d2d948f230b8b.ctex remapped: res://.godot/imported/grime_desk.png-38eed6c08bb917d3198d2d948f230b8b.ctex
Completed load for: 'res://assets/castle/day_one_art_studio/grime_desk.png' remapped 'res://assets/castle/day_one_art_studio/grime_desk.png' at thread -1
Loading resource: res://assets/castle/day_one_art_studio/grime_right.png remapped: res://assets/castle/day_one_art_studio/grime_right.png
Loading resource: res://.godot/imported/grime_right.png-9c83e9c00c88d0942dc2efe0b144a31b.ctex remapped: res://.godot/imported/grime_right.png-9c83e9c00c88d0942dc2efe0b144a31b.ctex
Completed load for: 'res://assets/castle/day_one_art_studio/grime_right.png' remapped 'res://assets/castle/day_one_art_studio/grime_right.png' at thread -1
Loading resource: res://assets/flats/castle/rooms/room_bubble_bath_dirty_day_one.png remapped: res://assets/flats/castle/rooms/room_bubble_bath_dirty_day_one.png
Loading resource: res://.godot/imported/room_bubble_bath_dirty_day_one.png-9e5525828616e0db5b9a3b8b28435c35.ctex remapped: res://.godot/imported/room_bubble_bath_dirty_day_one.png-9e5525828616e0db5b9a3b8b28435c35.ctex
Completed load for: 'res://assets/flats/castle/rooms/room_bubble_bath_dirty_day_one.png' remapped 'res://assets/flats/castle/rooms/room_bubble_bath_dirty_day_one.png' at thread -1
Loading resource: res://assets/flats/castle/rooms/room_bubble_bath_dirty_drained_day_one.png remapped: res://assets/flats/castle/rooms/room_bubble_bath_dirty_drained_day_one.png
Loading resource: res://.godot/imported/room_bubble_bath_dirty_drained_day_one.png-7e8d3b4c3b9d1f29e91ac035a5fb7262.ctex remapped: res://.godot/imported/room_bubble_bath_dirty_drained_day_one.png-7e8d3b4c3b9d1f29e91ac035a5fb7262.ctex
Completed load for: 'res://assets/flats/castle/rooms/room_bubble_bath_dirty_drained_day_one.png' remapped 'res://assets/flats/castle/rooms/room_bubble_bath_dirty_drained_day_one.png' at thread -1
Loading resource: res://assets/flats/castle/rooms/room_bubble_bath.png remapped: res://assets/flats/castle/rooms/room_bubble_bath.png
Loading resource: res://.godot/imported/room_bubble_bath.png-8ee98b24e8364131dc5cfc2232874cd7.ctex remapped: res://.godot/imported/room_bubble_bath.png-8ee98b24e8364131dc5cfc2232874cd7.ctex
Completed load for: 'res://assets/flats/castle/rooms/room_bubble_bath.png' remapped 'res://assets/flats/castle/rooms/room_bubble_bath.png' at thread -1
Loading resource: res://assets/castle/dirty_cleanup_2d/targets/target_sink_grime_v1.png remapped: res://assets/castle/dirty_cleanup_2d/targets/target_sink_grime_v1.png
Loading resource: res://.godot/imported/target_sink_grime_v1.png-5d01aaca3a2b34c04e93afaef486eb50.ctex remapped: res://.godot/imported/target_sink_grime_v1.png-5d01aaca3a2b34c04e93afaef486eb50.ctex
Completed load for: 'res://assets/castle/dirty_cleanup_2d/targets/target_sink_grime_v1.png' remapped 'res://assets/castle/dirty_cleanup_2d/targets/target_sink_grime_v1.png' at thread -1
Loading resource: res://assets/sprites/sky_lagoon/sky_lagoon_castle_four_tower_v4.png remapped: res://assets/sprites/sky_lagoon/sky_lagoon_castle_four_tower_v4.png
Loading resource: res://.godot/imported/sky_lagoon_castle_four_tower_v4.png-3db3791a13b15911d5b711360be9c503.ctex remapped: res://.godot/imported/sky_lagoon_castle_four_tower_v4.png-3db3791a13b15911d5b711360be9c503.ctex
Completed load for: 'res://assets/sprites/sky_lagoon/sky_lagoon_castle_four_tower_v4.png' remapped 'res://assets/sprites/sky_lagoon/sky_lagoon_castle_four_tower_v4.png' at thread -1
Loading resource: res://assets/sprites/sky_lagoon/sky_lagoon_cloud_family_v7_hd_grade.png remapped: res://assets/sprites/sky_lagoon/sky_lagoon_cloud_family_v7_hd_grade.png
Loading resource: res://.godot/imported/sky_lagoon_cloud_family_v7_hd_grade.png-dc0538f7caa6b853334b469234e73a2d.ctex remapped: res://.godot/imported/sky_lagoon_cloud_family_v7_hd_grade.png-dc0538f7caa6b853334b469234e73a2d.ctex
Completed load for: 'res://assets/sprites/sky_lagoon/sky_lagoon_cloud_family_v7_hd_grade.png' remapped 'res://assets/sprites/sky_lagoon/sky_lagoon_cloud_family_v7_hd_grade.png' at thread -1
Loading resource: res://assets/sprites/sky_lagoon/sky_lagoon_cloud_single_v1.png remapped: res://assets/sprites/sky_lagoon/sky_lagoon_cloud_single_v1.png
Loading resource: res://.godot/imported/sky_lagoon_cloud_single_v1.png-b03683c7f3026927cde33f24d92a67e5.ctex remapped: res://.godot/imported/sky_lagoon_cloud_single_v1.png-b03683c7f3026927cde33f24d92a67e5.ctex
Completed load for: 'res://assets/sprites/sky_lagoon/sky_lagoon_cloud_single_v1.png' remapped 'res://assets/sprites/sky_lagoon/sky_lagoon_cloud_single_v1.png' at thread -1
Loading resource: res://assets/ui/castle_room_buttons_v2/room_opera_hall.png remapped: res://assets/ui/castle_room_buttons_v2/room_opera_hall.png
Loading resource: res://.godot/imported/room_opera_hall.png-4be4ecc3703261914b8a9526019262cc.ctex remapped: res://.godot/imported/room_opera_hall.png-4be4ecc3703261914b8a9526019262cc.ctex
Completed load for: 'res://assets/ui/castle_room_buttons_v2/room_opera_hall.png' remapped 'res://assets/ui/castle_room_buttons_v2/room_opera_hall.png' at thread -1
Loading resource: res://assets/ui/castle_room_buttons_v2/room_craft_room.png remapped: res://assets/ui/castle_room_buttons_v2/room_craft_room.png
Loading resource: res://.godot/imported/room_craft_room.png-7dc4a5c01065ce328e731b6b38053da5.ctex remapped: res://.godot/imported/room_craft_room.png-7dc4a5c01065ce328e731b6b38053da5.ctex
Completed load for: 'res://assets/ui/castle_room_buttons_v2/room_craft_room.png' remapped 'res://assets/ui/castle_room_buttons_v2/room_craft_room.png' at thread -1
Loading resource: res://assets/ui/castle_room_buttons_v2/room_kitchen.png remapped: res://assets/ui/castle_room_buttons_v2/room_kitchen.png
Loading resource: res://.godot/imported/room_kitchen.png-61af0fca52cce833210f295107496cf7.ctex remapped: res://.godot/imported/room_kitchen.png-61af0fca52cce833210f295107496cf7.ctex
Completed load for: 'res://assets/ui/castle_room_buttons_v2/room_kitchen.png' remapped 'res://assets/ui/castle_room_buttons_v2/room_kitchen.png' at thread -1
Loading resource: res://assets/mg/sun.png remapped: res://assets/mg/sun.png
Loading resource: res://.godot/imported/sun.png-c8bf9605370f6e02d9b21d685d405f9b.ctex remapped: res://.godot/imported/sun.png-c8bf9605370f6e02d9b21d685d405f9b.ctex
Completed load for: 'res://assets/mg/sun.png' remapped 'res://assets/mg/sun.png' at thread -1
Loading resource: res://assets/props/story/play_swing_frame.png remapped: res://assets/props/story/play_swing_frame.png
Loading resource: res://.godot/imported/play_swing_frame.png-a81ab1af7d4b95737787aabcf622cdbc.ctex remapped: res://.godot/imported/play_swing_frame.png-a81ab1af7d4b95737787aabcf622cdbc.ctex
Completed load for: 'res://assets/props/story/play_swing_frame.png' remapped 'res://assets/props/story/play_swing_frame.png' at thread -1
Loading resource: res://assets/props/story/play_swing_seat.png remapped: res://assets/props/story/play_swing_seat.png
Loading resource: res://.godot/imported/play_swing_seat.png-fbc2feb15e1e0c3563f38dd6be314f41.ctex remapped: res://.godot/imported/play_swing_seat.png-fbc2feb15e1e0c3563f38dd6be314f41.ctex
Completed load for: 'res://assets/props/story/play_swing_seat.png' remapped 'res://assets/props/story/play_swing_seat.png' at thread -1
Loading resource: res://assets/characters/roshan_25d/roshan_gesture_a.png remapped: res://assets/characters/roshan_25d/roshan_gesture_a.png
Loading resource: res://.godot/imported/roshan_gesture_a.png-18a31aea6ac3722a9397d1f4c4f45867.s3tc.ctex remapped: res://.godot/imported/roshan_gesture_a.png-18a31aea6ac3722a9397d1f4c4f45867.s3tc.ctex
Completed load for: 'res://assets/characters/roshan_25d/roshan_gesture_a.png' remapped 'res://assets/characters/roshan_25d/roshan_gesture_a.png' at thread -1
Loading resource: res://assets/characters/roshan_25d/roshan_gesture_b.png remapped: res://assets/characters/roshan_25d/roshan_gesture_b.png
Loading resource: res://.godot/imported/roshan_gesture_b.png-8cb0fb1a0e3c6a3ff52f66869af29ee3.s3tc.ctex remapped: res://.godot/imported/roshan_gesture_b.png-8cb0fb1a0e3c6a3ff52f66869af29ee3.s3tc.ctex
Completed load for: 'res://assets/characters/roshan_25d/roshan_gesture_b.png' remapped 'res://assets/characters/roshan_25d/roshan_gesture_b.png' at thread -1
Loading resource: res://assets/characters/roshan_25d/roshan_gesture_c.png remapped: res://assets/characters/roshan_25d/roshan_gesture_c.png
Loading resource: res://.godot/imported/roshan_gesture_c.png-938a4e5c63b0fe35548d3f25bd960773.s3tc.ctex remapped: res://.godot/imported/roshan_gesture_c.png-938a4e5c63b0fe35548d3f25bd960773.s3tc.ctex
Completed load for: 'res://assets/characters/roshan_25d/roshan_gesture_c.png' remapped 'res://assets/characters/roshan_25d/roshan_gesture_c.png' at thread -1
Loading resource: res://assets/characters/roshan_25d/roshan_gesture_d.png remapped: res://assets/characters/roshan_25d/roshan_gesture_d.png
Loading resource: res://.godot/imported/roshan_gesture_d.png-08aed87dc09d080eaf1e4104fb084fdc.s3tc.ctex remapped: res://.godot/imported/roshan_gesture_d.png-08aed87dc09d080eaf1e4104fb084fdc.s3tc.ctex
Completed load for: 'res://assets/characters/roshan_25d/roshan_gesture_d.png' remapped 'res://assets/characters/roshan_25d/roshan_gesture_d.png' at thread -1
Loading resource: res://assets/characters/roshan_25d/roshan_play_a.png remapped: res://assets/characters/roshan_25d/roshan_play_a.png
Loading resource: res://.godot/imported/roshan_play_a.png-7836c4193fc7d229ea3c5f1583aa2038.s3tc.ctex remapped: res://.godot/imported/roshan_play_a.png-7836c4193fc7d229ea3c5f1583aa2038.s3tc.ctex
Completed load for: 'res://assets/characters/roshan_25d/roshan_play_a.png' remapped 'res://assets/characters/roshan_25d/roshan_play_a.png' at thread -1
Loading resource: res://assets/characters/roshan_25d/roshan_play_b.png remapped: res://assets/characters/roshan_25d/roshan_play_b.png
Loading resource: res://.godot/imported/roshan_play_b.png-115ffaa3712f999ce1caf531c6fbc9ec.s3tc.ctex remapped: res://.godot/imported/roshan_play_b.png-115ffaa3712f999ce1caf531c6fbc9ec.s3tc.ctex
Completed load for: 'res://assets/characters/roshan_25d/roshan_play_b.png' remapped 'res://assets/characters/roshan_25d/roshan_play_b.png' at thread -1
Loading resource: res://assets/flats/castle/boss/dusty_attic_arena_2048.png remapped: res://assets/flats/castle/boss/dusty_attic_arena_2048.png
Loading resource: res://.godot/imported/dusty_attic_arena_2048.png-d3ca08103aa6a7020e840963166fbe19.ctex remapped: res://.godot/imported/dusty_attic_arena_2048.png-d3ca08103aa6a7020e840963166fbe19.ctex
Completed load for: 'res://assets/flats/castle/boss/dusty_attic_arena_2048.png' remapped 'res://assets/flats/castle/boss/dusty_attic_arena_2048.png' at thread -1
Loading resource: res://assets/opera/worlds/props/fx_stolen_sparkle.png remapped: res://assets/opera/worlds/props/fx_stolen_sparkle.png
Loading resource: res://.godot/imported/fx_stolen_sparkle.png-78d191c055130f9a82753b3c1b5d08ac.s3tc.ctex remapped: res://.godot/imported/fx_stolen_sparkle.png-78d191c055130f9a82753b3c1b5d08ac.s3tc.ctex
Completed load for: 'res://assets/opera/worlds/props/fx_stolen_sparkle.png' remapped 'res://assets/opera/worlds/props/fx_stolen_sparkle.png' at thread -1
Loading resource: res://assets/opera/worlds/props/fx_dust_puff.png remapped: res://assets/opera/worlds/props/fx_dust_puff.png
Loading resource: res://.godot/imported/fx_dust_puff.png-c19e7c817e63296b4a7808774d821915.ctex remapped: res://.godot/imported/fx_dust_puff.png-c19e7c817e63296b4a7808774d821915.ctex
Completed load for: 'res://assets/opera/worlds/props/fx_dust_puff.png' remapped 'res://assets/opera/worlds/props/fx_dust_puff.png' at thread -1
Loading resource: res://assets/effects/grand_puff/purple_vortex_v4.png remapped: res://assets/effects/grand_puff/purple_vortex_v4.png
Loading resource: res://.godot/imported/purple_vortex_v4.png-73637daaea783585b2d9d0dcf967aace.ctex remapped: res://.godot/imported/purple_vortex_v4.png-73637daaea783585b2d9d0dcf967aace.ctex
Completed load for: 'res://assets/effects/grand_puff/purple_vortex_v4.png' remapped 'res://assets/effects/grand_puff/purple_vortex_v4.png' at thread -1
Loading resource: res://assets/castle/dirty_cleanup_2d/effects/fx_soap_bubbles.png remapped: res://assets/castle/dirty_cleanup_2d/effects/fx_soap_bubbles.png
Loading resource: res://.godot/imported/fx_soap_bubbles.png-8f04cce33abb3c3312d7afe57e1021e1.ctex remapped: res://.godot/imported/fx_soap_bubbles.png-8f04cce33abb3c3312d7afe57e1021e1.ctex
Completed load for: 'res://assets/castle/dirty_cleanup_2d/effects/fx_soap_bubbles.png' remapped 'res://assets/castle/dirty_cleanup_2d/effects/fx_soap_bubbles.png' at thread -1
Completed load for: 'res://scripts/probe_audit.gd' remapped 'res://scripts/probe_audit.gd' at thread -1
SceneTreeFTI: traversal method DEFAULT
Loading resource: res://scenes/main.tscn remapped: res://scenes/main.tscn
Completed load for: 'res://scenes/main.tscn' remapped 'res://scenes/main.tscn' at thread -1
Loaded system CA certificates
Loading resource: res://assets/audio/ambience_reef.ogg remapped: res://assets/audio/ambience_reef.ogg
Loading resource: res://.godot/imported/ambience_reef.ogg-30031e4868dd5f41925c6b3f42f0f9b1.oggvorbisstr remapped: res://.godot/imported/ambience_reef.ogg-30031e4868dd5f41925c6b3f42f0f9b1.oggvorbisstr
Completed load for: 'res://assets/audio/ambience_reef.ogg' remapped 'res://assets/audio/ambience_reef.ogg' at thread -1
Loading resource: res://assets/audio/music/world.ogg remapped: res://assets/audio/music/world.ogg
Loading resource: res://.godot/imported/world.ogg-bfec9819aa7fa229c0057fe76832cfa3.oggvorbisstr remapped: res://.godot/imported/world.ogg-bfec9819aa7fa229c0057fe76832cfa3.oggvorbisstr
Completed load for: 'res://assets/audio/music/world.ogg' remapped 'res://assets/audio/music/world.ogg' at thread -1
Loading resource: res://assets/audio/voices/filler_v1/yay.ogg remapped: res://assets/audio/voices/filler_v1/yay.ogg
Loading resource: res://.godot/imported/yay.ogg-a4cd419929b402130d14f60cd99b5355.oggvorbisstr remapped: res://.godot/imported/yay.ogg-a4cd419929b402130d14f60cd99b5355.oggvorbisstr
Completed load for: 'res://assets/audio/voices/filler_v1/yay.ogg' remapped 'res://assets/audio/voices/filler_v1/yay.ogg' at thread -1
Loading resource: res://assets/audio/chime.ogg remapped: res://assets/audio/chime.ogg
Loading resource: res://.godot/imported/chime.ogg-ccbd9039a16fca2270295f3df3042e4a.oggvorbisstr remapped: res://.godot/imported/chime.ogg-ccbd9039a16fca2270295f3df3042e4a.oggvorbisstr
Completed load for: 'res://assets/audio/chime.ogg' remapped 'res://assets/audio/chime.ogg' at thread -1
Loading resource: res://assets/audio/hop_boing.ogg remapped: res://assets/audio/hop_boing.ogg
Loading resource: res://.godot/imported/hop_boing.ogg-23491bc7346e37a3c3a7e5718a1c6334.oggvorbisstr remapped: res://.godot/imported/hop_boing.ogg-23491bc7346e37a3c3a7e5718a1c6334.oggvorbisstr
Completed load for: 'res://assets/audio/hop_boing.ogg' remapped 'res://assets/audio/hop_boing.ogg' at thread -1
Loading resource: res://assets/audio/penguin_giggle.ogg remapped: res://assets/audio/penguin_giggle.ogg
Loading resource: res://.godot/imported/penguin_giggle.ogg-1caa548251b7585be1b157de4e41c1b8.oggvorbisstr remapped: res://.godot/imported/penguin_giggle.ogg-1caa548251b7585be1b157de4e41c1b8.oggvorbisstr
Completed load for: 'res://assets/audio/penguin_giggle.ogg' remapped 'res://assets/audio/penguin_giggle.ogg' at thread -1
Loading resource: res://assets/audio/buy.ogg remapped: res://assets/audio/buy.ogg
Loading resource: res://.godot/imported/buy.ogg-ccfb5d2b9f2837f43f22621a6d87b91c.oggvorbisstr remapped: res://.godot/imported/buy.ogg-ccfb5d2b9f2837f43f22621a6d87b91c.oggvorbisstr
Completed load for: 'res://assets/audio/buy.ogg' remapped 'res://assets/audio/buy.ogg' at thread -1
Loading resource: res://assets/audio/music/banjo.ogg remapped: res://assets/audio/music/banjo.ogg
Loading resource: res://.godot/imported/banjo.ogg-6ace2633ccde608d168cb04a28077650.oggvorbisstr remapped: res://.godot/imported/banjo.ogg-6ace2633ccde608d168cb04a28077650.oggvorbisstr
Completed load for: 'res://assets/audio/music/banjo.ogg' remapped 'res://assets/audio/music/banjo.ogg' at thread -1
Loading resource: res://assets/audio/voices/filler_v1/roshan_intro1.ogg remapped: res://assets/audio/voices/filler_v1/roshan_intro1.ogg
Loading resource: res://.godot/imported/roshan_intro1.ogg-f820084970fc77bf53c9fa3fc87e9d14.oggvorbisstr remapped: res://.godot/imported/roshan_intro1.ogg-f820084970fc77bf53c9fa3fc87e9d14.oggvorbisstr
Completed load for: 'res://assets/audio/voices/filler_v1/roshan_intro1.ogg' remapped 'res://assets/audio/voices/filler_v1/roshan_intro1.ogg' at thread -1
Loading resource: res://assets/characters/friends/huluu.png remapped: res://assets/characters/friends/huluu.png
Loading resource: res://.godot/imported/huluu.png-6fee73331b3d0600210812844b67ef58.ctex remapped: res://.godot/imported/huluu.png-6fee73331b3d0600210812844b67ef58.ctex
Completed load for: 'res://assets/characters/friends/huluu.png' remapped 'res://assets/characters/friends/huluu.png' at thread -1
AUDIT|Day One lock and progressive room contract: OK
Loading resource: res://assets/mg/fish_body.png remapped: res://assets/mg/fish_body.png
Loading resource: res://.godot/imported/fish_body.png-1f9314f492d99de637abb177eb9883c2.ctex remapped: res://.godot/imported/fish_body.png-1f9314f492d99de637abb177eb9883c2.ctex
Completed load for: 'res://assets/mg/fish_body.png' remapped 'res://assets/mg/fish_body.png' at thread -1
Loading resource: res://assets/mg/fish_fins.png remapped: res://assets/mg/fish_fins.png
Loading resource: res://.godot/imported/fish_fins.png-1a78a21080c389446bf3cba13b62e3fb.ctex remapped: res://.godot/imported/fish_fins.png-1a78a21080c389446bf3cba13b62e3fb.ctex
Completed load for: 'res://assets/mg/fish_fins.png' remapped 'res://assets/mg/fish_fins.png' at thread -1
Loading resource: res://assets/mg/fish_line.png remapped: res://assets/mg/fish_line.png
Loading resource: res://.godot/imported/fish_line.png-39f76cc26809dd5ab0190c9b52edef84.ctex remapped: res://.godot/imported/fish_line.png-39f76cc26809dd5ab0190c9b52edef84.ctex
Completed load for: 'res://assets/mg/fish_line.png' remapped 'res://assets/mg/fish_line.png' at thread -1
Loading resource: res://assets/audio/voices/filler_v1/roshan_castle_logo_open.ogg remapped: res://assets/audio/voices/filler_v1/roshan_castle_logo_open.ogg
Loading resource: res://.godot/imported/roshan_castle_logo_open.ogg-b8505ee0c77cd9ea41e1bd25af6a9040.oggvorbisstr remapped: res://.godot/imported/roshan_castle_logo_open.ogg-b8505ee0c77cd9ea41e1bd25af6a9040.oggvorbisstr
Completed load for: 'res://assets/audio/voices/filler_v1/roshan_castle_logo_open.ogg' remapped 'res://assets/audio/voices/filler_v1/roshan_castle_logo_open.ogg' at thread -1
Loading resource: res://assets/characters/roshan_25d/roshan_base.png remapped: res://assets/characters/roshan_25d/roshan_base.png
Loading resource: res://.godot/imported/roshan_base.png-9c456388e4a5ef13b9331f23ea18de99.s3tc.ctex remapped: res://.godot/imported/roshan_base.png-9c456388e4a5ef13b9331f23ea18de99.s3tc.ctex
Completed load for: 'res://assets/characters/roshan_25d/roshan_base.png' remapped 'res://assets/characters/roshan_25d/roshan_base.png' at thread -1
Loading resource: res://assets/characters/skins/fairy_mermaid.png remapped: res://assets/characters/skins/fairy_mermaid.png
Loading resource: res://.godot/imported/fairy_mermaid.png-8feede5a1576f4428883f409d154a852.ctex remapped: res://.godot/imported/fairy_mermaid.png-8feede5a1576f4428883f409d154a852.ctex
Completed load for: 'res://assets/characters/skins/fairy_mermaid.png' remapped 'res://assets/characters/skins/fairy_mermaid.png' at thread -1
Loading resource: res://assets/characters/friends/huluu.png remapped: res://assets/characters/friends/huluu.png
Loading resource: res://.godot/imported/huluu.png-6fee73331b3d0600210812844b67ef58.ctex remapped: res://.godot/imported/huluu.png-6fee73331b3d0600210812844b67ef58.ctex
Completed load for: 'res://assets/characters/friends/huluu.png' remapped 'res://assets/characters/friends/huluu.png' at thread -1
Loading resource: res://assets/audio/voices/filler_v1/roshan_collection_book_open.ogg remapped: res://assets/audio/voices/filler_v1/roshan_collection_book_open.ogg
Loading resource: res://.godot/imported/roshan_collection_book_open.ogg-7ca7129ee7cb5269ce9ff97d9eb6cc58.oggvorbisstr remapped: res://.godot/imported/roshan_collection_book_open.ogg-7ca7129ee7cb5269ce9ff97d9eb6cc58.oggvorbisstr
Completed load for: 'res://assets/audio/voices/filler_v1/roshan_collection_book_open.ogg' remapped 'res://assets/audio/voices/filler_v1/roshan_collection_book_open.ogg' at thread -1
Loading resource: res://assets/characters/companions/baby_eagle.png remapped: res://assets/characters/companions/baby_eagle.png
Loading resource: res://.godot/imported/baby_eagle.png-69b231a455bd50c92dac4162828ca74e.ctex remapped: res://.godot/imported/baby_eagle.png-69b231a455bd50c92dac4162828ca74e.ctex
Completed load for: 'res://assets/characters/companions/baby_eagle.png' remapped 'res://assets/characters/companions/baby_eagle.png' at thread -1
Loading resource: res://assets/mg/cat_accent.png remapped: res://assets/mg/cat_accent.png
Loading resource: res://.godot/imported/cat_accent.png-0514273a5c2b411729b24798e1766c7c.ctex remapped: res://.godot/imported/cat_accent.png-0514273a5c2b411729b24798e1766c7c.ctex
Completed load for: 'res://assets/mg/cat_accent.png' remapped 'res://assets/mg/cat_accent.png' at thread -1
Loading resource: res://assets/mg/cat_body.png remapped: res://assets/mg/cat_body.png
Loading resource: res://.godot/imported/cat_body.png-56140eaaaf2fd999ece18ea6dfab4fbc.ctex remapped: res://.godot/imported/cat_body.png-56140eaaaf2fd999ece18ea6dfab4fbc.ctex
Completed load for: 'res://assets/mg/cat_body.png' remapped 'res://assets/mg/cat_body.png' at thread -1
Loading resource: res://assets/mg/cat_line.png remapped: res://assets/mg/cat_line.png
Loading resource: res://.godot/imported/cat_line.png-e2468fdaa9b2e4701906124a3a1054d6.s3tc.ctex remapped: res://.godot/imported/cat_line.png-e2468fdaa9b2e4701906124a3a1054d6.s3tc.ctex
Completed load for: 'res://assets/mg/cat_line.png' remapped 'res://assets/mg/cat_line.png' at thread -1
Loading resource: res://assets/audio/ui_tap.ogg remapped: res://assets/audio/ui_tap.ogg
Loading resource: res://.godot/imported/ui_tap.ogg-69c2ac5ecadd43b76c4c4a8a3018f9bd.oggvorbisstr remapped: res://.godot/imported/ui_tap.ogg-69c2ac5ecadd43b76c4c4a8a3018f9bd.oggvorbisstr
Completed load for: 'res://assets/audio/ui_tap.ogg' remapped 'res://assets/audio/ui_tap.ogg' at thread -1
Loading resource: res://assets/audio/voices/filler_v1/roshan_talk.ogg remapped: res://assets/audio/voices/filler_v1/roshan_talk.ogg
Loading resource: res://.godot/imported/roshan_talk.ogg-e1f4421496ec72637dc0f4ccd398592a.oggvorbisstr remapped: res://.godot/imported/roshan_talk.ogg-e1f4421496ec72637dc0f4ccd398592a.oggvorbisstr
Completed load for: 'res://assets/audio/voices/filler_v1/roshan_talk.ogg' remapped 'res://assets/audio/voices/filler_v1/roshan_talk.ogg' at thread -1
Loading resource: res://assets/audio/ambience_lagoon.ogg remapped: res://assets/audio/ambience_lagoon.ogg
Loading resource: res://.godot/imported/ambience_lagoon.ogg-ae488c5c49780dd6b99e4d26aa81385b.oggvorbisstr remapped: res://.godot/imported/ambience_lagoon.ogg-ae488c5c49780dd6b99e4d26aa81385b.oggvorbisstr
Completed load for: 'res://assets/audio/ambience_lagoon.ogg' remapped 'res://assets/audio/ambience_lagoon.ogg' at thread -1
Loading resource: res://assets/audio/music/picture_garden.ogg remapped: res://assets/audio/music/picture_garden.ogg
Loading resource: res://.godot/imported/picture_garden.ogg-db6eb04694cce191ea6a7230500c75f3.oggvorbisstr remapped: res://.godot/imported/picture_garden.ogg-db6eb04694cce191ea6a7230500c75f3.oggvorbisstr
Completed load for: 'res://assets/audio/music/picture_garden.ogg' remapped 'res://assets/audio/music/picture_garden.ogg' at thread -1
Loading resource: res://assets/mg/seed.png remapped: res://assets/mg/seed.png
Loading resource: res://.godot/imported/seed.png-5a72e466719384605d0cd9a0fb90a3fe.ctex remapped: res://.godot/imported/seed.png-5a72e466719384605d0cd9a0fb90a3fe.ctex
Completed load for: 'res://assets/mg/seed.png' remapped 'res://assets/mg/seed.png' at thread -1
Loading resource: res://assets/characters/roshan_25d/roshan_base.png remapped: res://assets/characters/roshan_25d/roshan_base.png
Loading resource: res://.godot/imported/roshan_base.png-9c456388e4a5ef13b9331f23ea18de99.s3tc.ctex remapped: res://.godot/imported/roshan_base.png-9c456388e4a5ef13b9331f23ea18de99.s3tc.ctex
Completed load for: 'res://assets/characters/roshan_25d/roshan_base.png' remapped 'res://assets/characters/roshan_25d/roshan_base.png' at thread -1
Loading resource: res://assets/mg/wateringcan.png remapped: res://assets/mg/wateringcan.png
Loading resource: res://.godot/imported/wateringcan.png-39b931ba5714b2bb4ec6917440d11b1b.ctex remapped: res://.godot/imported/wateringcan.png-39b931ba5714b2bb4ec6917440d11b1b.ctex
Completed load for: 'res://assets/mg/wateringcan.png' remapped 'res://assets/mg/wateringcan.png' at thread -1
Loading resource: res://assets/mg/butterfly.png remapped: res://assets/mg/butterfly.png
Loading resource: res://.godot/imported/butterfly.png-11813926eb2601914d6a88532c824a84.ctex remapped: res://.godot/imported/butterfly.png-11813926eb2601914d6a88532c824a84.ctex
Completed load for: 'res://assets/mg/butterfly.png' remapped 'res://assets/mg/butterfly.png' at thread -1
Loading resource: res://assets/audio/ambience_reef.ogg remapped: res://assets/audio/ambience_reef.ogg
Loading resource: res://.godot/imported/ambience_reef.ogg-30031e4868dd5f41925c6b3f42f0f9b1.oggvorbisstr remapped: res://.godot/imported/ambience_reef.ogg-30031e4868dd5f41925c6b3f42f0f9b1.oggvorbisstr
Completed load for: 'res://assets/audio/ambience_reef.ogg' remapped 'res://assets/audio/ambience_reef.ogg' at thread -1
Loading resource: res://assets/audio/music/world.ogg remapped: res://assets/audio/music/world.ogg
Loading resource: res://.godot/imported/world.ogg-bfec9819aa7fa229c0057fe76832cfa3.oggvorbisstr remapped: res://.godot/imported/world.ogg-bfec9819aa7fa229c0057fe76832cfa3.oggvorbisstr
Completed load for: 'res://assets/audio/music/world.ogg' remapped 'res://assets/audio/music/world.ogg' at thread -1
AUDIT|Storybook UI contract: OK
AUDIT|boot OK, seed=
AUDIT|Slide Canvas|approved panorama master remains exact 6144x2048 source: OK
WARNING: Loaded resource as image file, this will not work on export: 'res://assets/flats/sky_lagoon/main/flat_sky_lagoon_main_panorama_v5_tile_r0_c2.png'. Instead, import the image file as an Image resource and load it normally as a resource.
   at: load_from_file (core/io/image.cpp:2780)
   GDScript backtrace (most recent call first):
       [0] _slide_check_assets (res://scripts/probe_audit.gd:820)
       [1] _audit_slide_canvas (res://scripts/probe_audit.gd:386)
       [2] _init (res://scripts/probe_audit.gd:141)
WARNING: Loaded resource as image file, this will not work on export: 'res://assets/flats/sky_lagoon/main/flat_sky_lagoon_main_panorama_v5_tile_r0_c3.png'. Instead, import the image file as an Image resource and load it normally as a resource.
   at: load_from_file (core/io/image.cpp:2780)
   GDScript backtrace (most recent call first):
       [0] _slide_check_assets (res://scripts/probe_audit.gd:820)
       [1] _audit_slide_canvas (res://scripts/probe_audit.gd:386)
       [2] _init (res://scripts/probe_audit.gd:141)
WARNING: Loaded resource as image file, this will not work on export: 'res://assets/flats/sky_lagoon/main/flat_sky_lagoon_main_panorama_v5_tile_r1_c2.png'. Instead, import the image file as an Image resource and load it normally as a resource.
   at: load_from_file (core/io/image.cpp:2780)
   GDScript backtrace (most recent call first):
       [0] _slide_check_assets (res://scripts/probe_audit.gd:820)
       [1] _audit_slide_canvas (res://scripts/probe_audit.gd:386)
       [2] _init (res://scripts/probe_audit.gd:141)
WARNING: Loaded resource as image file, this will not work on export: 'res://assets/flats/sky_lagoon/main/flat_sky_lagoon_main_panorama_v5_tile_r1_c3.png'. Instead, import the image file as an Image resource and load it normally as a resource.
   at: load_from_file (core/io/image.cpp:2780)
   GDScript backtrace (most recent call first):
       [0] _slide_check_assets (res://scripts/probe_audit.gd:820)
       [1] _audit_slide_canvas (res://scripts/probe_audit.gd:386)
       [2] _init (res://scripts/probe_audit.gd:141)
AUDIT|Slide Canvas|four lossless center tiles pixel-reconstruct one native screen: OK
WARNING: Loaded resource as image file, this will not work on export: 'res://assets/sprites/sky_lagoon/sky_lagoon_slide_v3_compact.png'. Instead, import the image file as an Image resource and load it normally as a resource.
   at: load_from_file (core/io/image.cpp:2780)
   GDScript backtrace (most recent call first):
       [0] _slide_check_assets (res://scripts/probe_audit.gd:835)
       [1] _audit_slide_canvas (res://scripts/probe_audit.gd:386)
       [2] _init (res://scripts/probe_audit.gd:141)
WARNING: Loaded resource as image file, this will not work on export: 'res://assets/characters/friends/two_friends.png'. Instead, import the image file as an Image resource and load it normally as a resource.
   at: load_from_file (core/io/image.cpp:2780)
   GDScript backtrace (most recent call first):
       [0] _slide_check_assets (res://scripts/probe_audit.gd:835)
       [1] _audit_slide_canvas (res://scripts/probe_audit.gd:386)
       [2] _init (res://scripts/probe_audit.gd:141)
WARNING: Loaded resource as image file, this will not work on export: 'res://assets/props/gen2/clownfish_side.png'. Instead, import the image file as an Image resource and load it normally as a resource.
   at: load_from_file (core/io/image.cpp:2780)
   GDScript backtrace (most recent call first):
       [0] _slide_check_assets (res://scripts/probe_audit.gd:835)
       [1] _audit_slide_canvas (res://scripts/probe_audit.gd:386)
       [2] _init (res://scripts/probe_audit.gd:141)
WARNING: Loaded resource as image file, this will not work on export: 'res://assets/sprites/sky_lagoon/roshan_playground/roshan_slide_0.png'. Instead, import the image file as an Image resource and load it normally as a resource.
   at: load_from_file (core/io/image.cpp:2780)
   GDScript backtrace (most recent call first):
       [0] _slide_check_assets (res://scripts/probe_audit.gd:835)
       [1] _audit_slide_canvas (res://scripts/probe_audit.gd:386)
       [2] _init (res://scripts/probe_audit.gd:141)
WARNING: Loaded resource as image file, this will not work on export: 'res://assets/sprites/sky_lagoon/roshan_playground/roshan_slide_1.png'. Instead, import the image file as an Image resource and load it normally as a resource.
   at: load_from_file (core/io/image.cpp:2780)
   GDScript backtrace (most recent call first):
       [0] _slide_check_assets (res://scripts/probe_audit.gd:835)
       [1] _audit_slide_canvas (res://scripts/probe_audit.gd:386)
       [2] _init (res://scripts/probe_audit.gd:141)
WARNING: Loaded resource as image file, this will not work on export: 'res://assets/sprites/sky_lagoon/roshan_playground/roshan_slide_2_v2.png'. Instead, import the image file as an Image resource and load it normally as a resource.
   at: load_from_file (core/io/image.cpp:2780)
   GDScript backtrace (most recent call first):
       [0] _slide_check_assets (res://scripts/probe_audit.gd:835)
       [1] _audit_slide_canvas (res://scripts/probe_audit.gd:386)
       [2] _init (res://scripts/probe_audit.gd:141)
WARNING: Loaded resource as image file, this will not work on export: 'res://assets/sprites/sky_lagoon/roshan_playground/roshan_slide_3_v2.png'. Instead, import the image file as an Image resource and load it normally as a resource.
   at: load_from_file (core/io/image.cpp:2780)
   GDScript backtrace (most recent call first):
       [0] _slide_check_assets (res://scripts/probe_audit.gd:835)
       [1] _audit_slide_canvas (res://scripts/probe_audit.gd:386)
       [2] _init (res://scripts/probe_audit.gd:141)
AUDIT|Slide Canvas|slide, protected friends, fish, and four Roshan frames are immutable: OK
AUDIT|Slide Canvas|controller runtime census names only the approved reused art: OK
AUDIT|Slide Canvas|all reused art families retain repository provenance: OK
AUDIT|Slide Canvas|one Harper/Fiona fish route is present and initially unawarded: OK
AUDIT|Slide Canvas|real nondefault camera peek is live before fish entry: OK
AUDIT|Slide Canvas|neutral fixture starts from an exact nondefault chime context: OK
AUDIT|Slide Canvas|living-world layer is genuinely live before fish entry: OK
AUDIT|Slide Canvas|retired Critter Book corner stays absent before fish entry: OK
AUDIT|Slide Canvas|unmapped axis and d-pad fallback is genuinely live before Canvas entry: OK
Loading resource: res://assets/flats/sky_lagoon/main/flat_sky_lagoon_main_panorama_v5_tile_r0_c2.png remapped: res://assets/flats/sky_lagoon/main/flat_sky_lagoon_main_panorama_v5_tile_r0_c2.png
Loading resource: res://.godot/imported/flat_sky_lagoon_main_panorama_v5_tile_r0_c2.png-707b7c1249db60c277ba18a5a90d2606.s3tc.ctex remapped: res://.godot/imported/flat_sky_lagoon_main_panorama_v5_tile_r0_c2.png-707b7c1249db60c277ba18a5a90d2606.s3tc.ctex
Completed load for: 'res://assets/flats/sky_lagoon/main/flat_sky_lagoon_main_panorama_v5_tile_r0_c2.png' remapped 'res://assets/flats/sky_lagoon/main/flat_sky_lagoon_main_panorama_v5_tile_r0_c2.png' at thread -1
Loading resource: res://assets/flats/sky_lagoon/main/flat_sky_lagoon_main_panorama_v5_tile_r0_c3.png remapped: res://assets/flats/sky_lagoon/main/flat_sky_lagoon_main_panorama_v5_tile_r0_c3.png
Loading resource: res://.godot/imported/flat_sky_lagoon_main_panorama_v5_tile_r0_c3.png-f5a0de2cacbf855b5537bfa011fb414f.s3tc.ctex remapped: res://.godot/imported/flat_sky_lagoon_main_panorama_v5_tile_r0_c3.png-f5a0de2cacbf855b5537bfa011fb414f.s3tc.ctex
Completed load for: 'res://assets/flats/sky_lagoon/main/flat_sky_lagoon_main_panorama_v5_tile_r0_c3.png' remapped 'res://assets/flats/sky_lagoon/main/flat_sky_lagoon_main_panorama_v5_tile_r0_c3.png' at thread -1
Loading resource: res://assets/flats/sky_lagoon/main/flat_sky_lagoon_main_panorama_v5_tile_r1_c2.png remapped: res://assets/flats/sky_lagoon/main/flat_sky_lagoon_main_panorama_v5_tile_r1_c2.png
Loading resource: res://.godot/imported/flat_sky_lagoon_main_panorama_v5_tile_r1_c2.png-0c556d40124fed4dea38c25d4997f920.s3tc.ctex remapped: res://.godot/imported/flat_sky_lagoon_main_panorama_v5_tile_r1_c2.png-0c556d40124fed4dea38c25d4997f920.s3tc.ctex
Completed load for: 'res://assets/flats/sky_lagoon/main/flat_sky_lagoon_main_panorama_v5_tile_r1_c2.png' remapped 'res://assets/flats/sky_lagoon/main/flat_sky_lagoon_main_panorama_v5_tile_r1_c2.png' at thread -1
Loading resource: res://assets/flats/sky_lagoon/main/flat_sky_lagoon_main_panorama_v5_tile_r1_c3.png remapped: res://assets/flats/sky_lagoon/main/flat_sky_lagoon_main_panorama_v5_tile_r1_c3.png
Loading resource: res://.godot/imported/flat_sky_lagoon_main_panorama_v5_tile_r1_c3.png-f8ce0e5f490964960eec056604b88fb0.s3tc.ctex remapped: res://.godot/imported/flat_sky_lagoon_main_panorama_v5_tile_r1_c3.png-f8ce0e5f490964960eec056604b88fb0.s3tc.ctex
Completed load for: 'res://assets/flats/sky_lagoon/main/flat_sky_lagoon_main_panorama_v5_tile_r1_c3.png' remapped 'res://assets/flats/sky_lagoon/main/flat_sky_lagoon_main_panorama_v5_tile_r1_c3.png' at thread -1
Loading resource: res://assets/sprites/sky_lagoon/sky_lagoon_slide_v3_compact.png remapped: res://assets/sprites/sky_lagoon/sky_lagoon_slide_v3_compact.png
Loading resource: res://.godot/imported/sky_lagoon_slide_v3_compact.png-f6d8acb2ed44659ff9330d247dbe2f4a.ctex remapped: res://.godot/imported/sky_lagoon_slide_v3_compact.png-f6d8acb2ed44659ff9330d247dbe2f4a.ctex
Completed load for: 'res://assets/sprites/sky_lagoon/sky_lagoon_slide_v3_compact.png' remapped 'res://assets/sprites/sky_lagoon/sky_lagoon_slide_v3_compact.png' at thread -1
Loading resource: res://assets/characters/friends/two_friends.png remapped: res://assets/characters/friends/two_friends.png
Loading resource: res://.godot/imported/two_friends.png-927c5e0bbc031d63df1bd89267fce6b9.ctex remapped: res://.godot/imported/two_friends.png-927c5e0bbc031d63df1bd89267fce6b9.ctex
Completed load for: 'res://assets/characters/friends/two_friends.png' remapped 'res://assets/characters/friends/two_friends.png' at thread -1
Loading resource: res://assets/sprites/sky_lagoon/roshan_playground/roshan_slide_0.png remapped: res://assets/sprites/sky_lagoon/roshan_playground/roshan_slide_0.png
Loading resource: res://.godot/imported/roshan_slide_0.png-4c33d7c5db38379bfa19541935fed2d8.s3tc.ctex remapped: res://.godot/imported/roshan_slide_0.png-4c33d7c5db38379bfa19541935fed2d8.s3tc.ctex
Completed load for: 'res://assets/sprites/sky_lagoon/roshan_playground/roshan_slide_0.png' remapped 'res://assets/sprites/sky_lagoon/roshan_playground/roshan_slide_0.png' at thread -1
Loading resource: res://assets/sprites/sky_lagoon/roshan_playground/roshan_slide_1.png remapped: res://assets/sprites/sky_lagoon/roshan_playground/roshan_slide_1.png
Loading resource: res://.godot/imported/roshan_slide_1.png-24146d3e420933d8bc184c28f22a0303.s3tc.ctex remapped: res://.godot/imported/roshan_slide_1.png-24146d3e420933d8bc184c28f22a0303.s3tc.ctex
Completed load for: 'res://assets/sprites/sky_lagoon/roshan_playground/roshan_slide_1.png' remapped 'res://assets/sprites/sky_lagoon/roshan_playground/roshan_slide_1.png' at thread -1
Loading resource: res://assets/sprites/sky_lagoon/roshan_playground/roshan_slide_2_v2.png remapped: res://assets/sprites/sky_lagoon/roshan_playground/roshan_slide_2_v2.png
Loading resource: res://.godot/imported/roshan_slide_2_v2.png-303e5de067c2ffb2f0720056c82e9f01.s3tc.ctex remapped: res://.godot/imported/roshan_slide_2_v2.png-303e5de067c2ffb2f0720056c82e9f01.s3tc.ctex
Completed load for: 'res://assets/sprites/sky_lagoon/roshan_playground/roshan_slide_2_v2.png' remapped 'res://assets/sprites/sky_lagoon/roshan_playground/roshan_slide_2_v2.png' at thread -1
Loading resource: res://assets/sprites/sky_lagoon/roshan_playground/roshan_slide_3_v2.png remapped: res://assets/sprites/sky_lagoon/roshan_playground/roshan_slide_3_v2.png
Loading resource: res://.godot/imported/roshan_slide_3_v2.png-ae5e369b0dd7fe91d29fe93b21b63da1.s3tc.ctex remapped: res://.godot/imported/roshan_slide_3_v2.png-ae5e369b0dd7fe91d29fe93b21b63da1.s3tc.ctex
Completed load for: 'res://assets/sprites/sky_lagoon/roshan_playground/roshan_slide_3_v2.png' remapped 'res://assets/sprites/sky_lagoon/roshan_playground/roshan_slide_3_v2.png' at thread -1
Loading resource: res://assets/props/gen2/clownfish_side.png remapped: res://assets/props/gen2/clownfish_side.png
Loading resource: res://.godot/imported/clownfish_side.png-f9a2e58edffe49181b4e1c5a181a991b.s3tc.ctex remapped: res://.godot/imported/clownfish_side.png-f9a2e58edffe49181b4e1c5a181a991b.s3tc.ctex
Completed load for: 'res://assets/props/gen2/clownfish_side.png' remapped 'res://assets/props/gen2/clownfish_side.png' at thread -1
Loading resource: res://assets/audio/voices/filler_v1/harper_hint.ogg remapped: res://assets/audio/voices/filler_v1/harper_hint.ogg
Loading resource: res://.godot/imported/harper_hint.ogg-53c8be665cdf0e723955836ab28f477d.oggvorbisstr remapped: res://.godot/imported/harper_hint.ogg-53c8be665cdf0e723955836ab28f477d.oggvorbisstr
Completed load for: 'res://assets/audio/voices/filler_v1/harper_hint.ogg' remapped 'res://assets/audio/voices/filler_v1/harper_hint.ogg' at thread -1
Loading resource: res://assets/audio/music/fetch.ogg remapped: res://assets/audio/music/fetch.ogg
Loading resource: res://.godot/imported/fetch.ogg-345403401d879e2b8e66037e161aad9c.oggvorbisstr remapped: res://.godot/imported/fetch.ogg-345403401d879e2b8e66037e161aad9c.oggvorbisstr
Completed load for: 'res://assets/audio/music/fetch.ogg' remapped 'res://assets/audio/music/fetch.ogg' at thread -1
AUDIT|Slide Canvas|direct launch synchronously enters only fish Canvas: OK
AUDIT|Slide Canvas|fish entry and real terminal pad events retire every raw fallback: OK
AUDIT|Slide Canvas|entry owns one stable Canvas layer below pause and above HUD: OK
AUDIT|Slide Canvas|entry snapshots the exact nondefault lens and clears viewport ownership: OK
AUDIT|Slide Canvas|entry keeps the retired Critter corner absent with no extra persistent click target: OK
AUDIT|Slide Canvas|entry snapshots and removes the living-world layer from lower drawing: OK
AUDIT|Slide Canvas|stage tree contains only the exact backdrop, actors, fish, pips, and dual steer cues: OK
AUDIT|Slide Canvas|controller route and mercy semantics are exact: OK
AUDIT|Slide Canvas|post-Canvas census maps every touch, mouse, key, pad, and axis terminal exactly: OK
AUDIT|Slide Canvas|opening objective is exact voice plus persistent non-reader steer cues: OK
AUDIT|Slide Canvas|runtime binds exact native tiles through one common transform: OK
AUDIT|Slide Canvas|runtime binds protected friends, slide, Roshan, five fish and five pips: OK
AUDIT|Slide Canvas|live Canvas owns exactly eleven reused texture resources within 24 MiB: OK
AUDIT|Slide Canvas|opening black cover owns the exact 1280x720 viewport above fish Canvas: OK
AUDIT|Slide Canvas|controller exposes the exact completion-reward chime handoff seam: OK
AUDIT|Slide Canvas|live fish Canvas can hold unclaimed real raw RIGHT_X and A fallback: OK
AUDIT|Slide Canvas|entry OS-loss fixture begins before the real fade callback: OK
AUDIT|Slide Canvas|entry focus-out plus app-paused nests both reasons under black: OK
AUDIT|Slide Canvas|entry partial restore cannot override remaining focus loss: OK
AUDIT|Slide Canvas|entry full restore retains a guard while fade still owns input: OK
AUDIT|Slide Canvas|opening black cover swallows a complete touch neutrally: OK
AUDIT|Slide Canvas|first restored frame retires only context guard under black: OK
AUDIT|Slide Canvas|fade reveal restores input only at the real callback boundary: OK
AUDIT|Slide Canvas|opening restore holds ride progress through the fade callback: OK
AUDIT|Slide Canvas|first active boundary after callback is still source-free at the shell: OK
AUDIT|Slide Canvas|bounded first active tick retires the startup release guard: OK
AUDIT|Slide Canvas|startup becomes ready only after the fade callback boundary: OK
AUDIT|Slide Canvas|revealed cover remains full-viewport and input-transparent at 1280x720: OK
AUDIT|Slide Canvas|return poll vocabulary owns Enter, keypad Enter, X, and Y: OK
AUDIT|Slide Canvas|first live fish Canvas frame disables hidden 3D camera rendering: OK
bcdec: Decompression of a 512x512 DXT5 RGBA8 image with 0 mipmaps took 1 ms.
bcdec: Decompression of a 512x512 DXT5 RGBA8 image with 0 mipmaps took 1 ms.
AUDIT|Slide Canvas|1280x720 visible sprite texture coverage 1.471 screens; estimated painter coverage 3.471 screens includes exactly two ColorRects; native Mobile fill/FPS capture remains authoritative: OK
AUDIT|Slide Canvas|actual 1280x720 stage is opaque, readable, and fully contained: OK
AUDIT|Slide Canvas|1280x800 visible sprite texture coverage 1.424 screens; estimated Canvas painter coverage 3.424 screens: OK
AUDIT|Slide Canvas|same live stage reflows safely to 1280x800: OK
AUDIT|Slide Canvas|clear fade cover reflows to the exact 1280x800 viewport without rebuilding: OK
AUDIT|Slide Canvas|restored 1280x720 visible sprite texture coverage 1.471 screens; estimated Canvas painter coverage 3.471 screens: OK
AUDIT|Slide Canvas|1280x720 restore needs no rebuild and retains all semantics: OK
AUDIT|Slide Canvas|clear fade cover restores the exact 1280x720 viewport without rebuilding: OK
AUDIT|Slide Canvas|viewport resize remains gameplay-frozen while nested OS loss owns input: OK
AUDIT|Slide Canvas|full resize restore starts with the source-free controller guard: OK
AUDIT|Slide Canvas|first restored resize boundary is fully laid out at 1280x800 without advancing the course: OK
AUDIT|Slide Canvas|first post-resize neutral poll retains the independent latch: OK
AUDIT|Slide Canvas|second post-resize neutral poll retires the independent latch: OK
AUDIT|Slide Canvas|viewport resize remains gameplay-frozen while nested OS loss owns input: OK
AUDIT|Slide Canvas|full resize restore starts with the source-free controller guard: OK
AUDIT|Slide Canvas|first restored resize boundary is fully laid out at 1280x720 without advancing the course: OK
AUDIT|Slide Canvas|first post-resize neutral poll retains the independent latch: OK
AUDIT|Slide Canvas|second post-resize neutral poll retires the independent latch: OK
AUDIT|Slide Canvas|one rendered frame produces exactly one fish controller tick: OK
AUDIT|Slide Canvas|ranking clock and slide motion consume the same delta once: OK
AUDIT|Slide Canvas|real Viewport presses at each actual outward tip light only that cue: OK
AUDIT|Slide Canvas|tip steering moves the lane in its matching direction and releases neutrally: OK
AUDIT|Slide Canvas|device forget and controller cancel clear active cue pixels immediately: OK
AUDIT|Slide Canvas|real touch, mouse, key, pad, and axis own distinct sources: OK
AUDIT|Slide Canvas|wrong-device releases cannot retire any concrete owner: OK
AUDIT|Slide Canvas|pad disconnect retires only that device's concrete owners: OK
AUDIT|Slide Canvas|matching releases clear every controller and global owner: OK
AUDIT|Slide Canvas|fresh distinct input deliberately steers after census cleanup: OK
AUDIT|Slide Canvas|touch source is live before pause: OK
AUDIT|Slide Canvas|no Pause overlay control competes with global Back: OK
AUDIT|Slide Canvas|internal pause fixture raises the retained Menu sheet: OK
AUDIT|Slide Canvas|pause converts the exact held source to a neutral latch: OK
AUDIT|Slide Canvas|wrong paused release cannot clear another finger: OK
AUDIT|Slide Canvas|matching release clears its latch while the sheet remains open: OK
AUDIT|Slide Canvas|focused real Resume restores the same live stage neutrally: OK
AUDIT|Slide Canvas|fresh mouse gesture steers after real Resume: OK
AUDIT|Slide Canvas|no Pause overlay control competes with global Back: OK
AUDIT|Slide Canvas|internal pause fixture raises the retained Menu sheet: OK
AUDIT|Slide Canvas|pause sheet exposes the visible Sticker doorway: OK
AUDIT|Slide Canvas|higher Sticker sheet opens without closing or steering the slide: OK
AUDIT|Slide Canvas|held release clears neutrally through the higher overlay: OK
AUDIT|Slide Canvas|real Sticker Back returns to the untouched live slide: OK
AUDIT|Slide Canvas|no Pause overlay control competes with global Back: OK
AUDIT|Slide Canvas|internal pause fixture raises the retained Menu sheet: OK
AUDIT|Slide Canvas|context-order fixture reaches the real Sticker doorway: OK
AUDIT|Slide Canvas|Sticker context fixture is source-free with collection UI suppressed: OK
AUDIT|Slide Canvas|Sticker plus nested OS loss arms both reasons in either order: OK
AUDIT|Slide Canvas|nested OS loss leaves the resumed Sticker stage byte-frozen: OK
AUDIT|Slide Canvas|partial OS restore cannot unlock the Sticker-backed ride: OK
AUDIT|Slide Canvas|full OS restore initially retains its source-free guard: OK
AUDIT|Slide Canvas|overlay housekeeping retires the guard without one ride tick: OK
AUDIT|Slide Canvas|two trustworthy neutral polls reopen Sticker controls source-free: OK
AUDIT|Slide Canvas|real Sticker Back remains usable after either OS restore order: OK
AUDIT|Slide Canvas|fresh source works only after the restored overlay closes: OK
AUDIT|Slide Canvas|no Pause overlay control competes with global Back: OK
AUDIT|Slide Canvas|internal pause fixture raises the retained Menu sheet: OK
AUDIT|Slide Canvas|context-order fixture reaches the real Sticker doorway: OK
AUDIT|Slide Canvas|Sticker context fixture is source-free with collection UI suppressed: OK
AUDIT|Slide Canvas|Sticker plus nested OS loss arms both reasons in either order: OK
AUDIT|Slide Canvas|nested OS loss leaves the resumed Sticker stage byte-frozen: OK
AUDIT|Slide Canvas|partial OS restore cannot unlock the Sticker-backed ride: OK
AUDIT|Slide Canvas|full OS restore initially retains its source-free guard: OK
AUDIT|Slide Canvas|overlay housekeeping retires the guard without one ride tick: OK
AUDIT|Slide Canvas|two trustworthy neutral polls reopen Sticker controls source-free: OK
AUDIT|Slide Canvas|real Sticker Back remains usable after either OS restore order: OK
AUDIT|Slide Canvas|fresh source works only after the restored overlay closes: OK
AUDIT|Slide Canvas|no Pause overlay control competes with global Back: OK
AUDIT|Slide Canvas|internal pause fixture raises the retained Menu sheet: OK
AUDIT|Slide Canvas|polled restore fixture owns a real focused Sticker Back control: OK
AUDIT|Slide Canvas|no Pause overlay control competes with global Back: OK
AUDIT|Slide Canvas|internal pause fixture raises the retained Menu sheet: OK
AUDIT|Slide Canvas|claimed terminal axis and D-pad releases neutralize raw overlay state: OK
AUDIT|Slide Canvas|lost-context neutral polling cannot retire the axis latch or revive the cursor: OK
AUDIT|Slide Canvas|partial polling restore cannot close or save the Sticker overlay: OK
AUDIT|Slide Canvas|neutral full restore initially owns both controller and axis guards: OK
AUDIT|Slide Canvas|Sticker-owned first restore frame lays out opaque 1280x800 without ride motion: OK
AUDIT|Slide Canvas|first trustworthy post-guard neutral poll retains the axis latch: OK
AUDIT|Slide Canvas|second trustworthy post-guard neutral poll clears the axis latch: OK
AUDIT|Slide Canvas|second lost frame observes neutral axes and re-arms the latch: OK
AUDIT|Slide Canvas|second partial restore still cannot retire the axis latch: OK
AUDIT|Slide Canvas|held-high polling restore initially keeps both guards: OK
AUDIT|Slide Canvas|first source-free restore frame emits no held poll edge, cursor motion, or save: OK
AUDIT|Slide Canvas|delayed real A press is recorded but cannot activate focused Back during poll wait: OK
AUDIT|Slide Canvas|held restored axis, buttons, and D-pad remain quarantined until explicit neutral: OK
AUDIT|Slide Canvas|first real neutral drain sample keeps the two-frame latch armed: OK
AUDIT|Slide Canvas|fresh overlay shortcut waits through its real grace without ride motion: OK
AUDIT|Slide Canvas|fresh post-neutral D-pad is a real owned steering source: OK
AUDIT|Slide Canvas|neutral then fresh axis, B, and D-pad affect only their intended owners: OK
AUDIT|Slide Canvas|no Pause overlay control competes with global Back: OK
AUDIT|Slide Canvas|internal pause fixture raises the retained Menu sheet: OK
AUDIT|Slide Canvas|paused restore fixture focuses the dangerous real Leave control: OK
AUDIT|Slide Canvas|paused nested OS loss preserves stage and Leave focus in either order: OK
AUDIT|Slide Canvas|paused full restore retains controller and two-poll guards: OK
AUDIT|Slide Canvas|stale A, Enter, and Start cannot activate focused Leave before neutral: OK
AUDIT|Slide Canvas|first trustworthy paused neutral frame keeps the poll latch: OK
AUDIT|Slide Canvas|second trustworthy paused neutral frame releases only the poll latch: OK
AUDIT|Slide Canvas|fresh focused Resume works only after both paused neutral frames: OK
AUDIT|Slide Canvas|no Pause overlay control competes with global Back: OK
AUDIT|Slide Canvas|internal pause fixture raises the retained Menu sheet: OK
AUDIT|Slide Canvas|paused restore fixture focuses the dangerous real Leave control: OK
AUDIT|Slide Canvas|paused nested OS loss preserves stage and Leave focus in either order: OK
AUDIT|Slide Canvas|paused full restore retains controller and two-poll guards: OK
AUDIT|Slide Canvas|stale A, Enter, and Start cannot activate focused Leave before neutral: OK
AUDIT|Slide Canvas|first trustworthy paused neutral frame keeps the poll latch: OK
AUDIT|Slide Canvas|second trustworthy paused neutral frame releases only the poll latch: OK
AUDIT|Slide Canvas|fresh focused Resume works only after both paused neutral frames: OK
AUDIT|Slide Canvas|no Pause overlay control competes with global Back: OK
AUDIT|Slide Canvas|internal pause fixture raises the retained Menu sheet: OK
AUDIT|Slide Canvas|child Menu omits the parent-only Developer doorway: OK
AUDIT|Slide Canvas|focus-out then app-paused nests two loss reasons behind one guard: OK
AUDIT|Slide Canvas|lost-context traffic cannot pause, steer, advance, or enter a census: OK
AUDIT|Slide Canvas|partial app restore cannot override remaining focus loss: OK
AUDIT|Slide Canvas|full restore retains a source-free first-tick guard: OK
AUDIT|Slide Canvas|pre-tick restored traffic is swallowed without a source: OK
AUDIT|Slide Canvas|first restored frame clears only the controller guard and preserves motion: OK
AUDIT|Slide Canvas|first no-overlay neutral poll keeps the restored ride frozen: OK
AUDIT|Slide Canvas|second no-overlay neutral poll releases the ride to normal ticking: OK
AUDIT|Slide Canvas|fresh different source works after missing old releases: OK
AUDIT|Slide Canvas|reverse ordering remains lost until the app reason restores: OK
AUDIT|Slide Canvas|reverse full restore arms the same first-tick guard: OK
AUDIT|Slide Canvas|reverse first frame clears only the guard without stale input: OK
AUDIT|Slide Canvas|reverse first neutral poll remains clock- and source-free: OK
AUDIT|Slide Canvas|reverse second neutral poll clears the independent latch: OK
AUDIT|Slide Canvas|claimed, unclaimed, Pause, overlay, and OS traffic preserve living-world bytes: OK
AUDIT|Slide Canvas|neutral-exit fixture holds unclaimed raw RIGHT_X and A until teardown: OK
AUDIT|Slide Canvas|no Pause overlay control competes with global Back: OK
AUDIT|Slide Canvas|internal pause fixture raises the retained Menu sheet: OK
AUDIT|Slide Canvas|real pause sheet exposes a neutral visible BACK control: OK
Loading resource: res://assets/audio/voices/filler_v1/roshan_talk.ogg remapped: res://assets/audio/voices/filler_v1/roshan_talk.ogg
Loading resource: res://.godot/imported/roshan_talk.ogg-e1f4421496ec72637dc0f4ccd398592a.oggvorbisstr remapped: res://.godot/imported/roshan_talk.ogg-e1f4421496ec72637dc0f4ccd398592a.oggvorbisstr
Completed load for: 'res://assets/audio/voices/filler_v1/roshan_talk.ogg' remapped 'res://assets/audio/voices/filler_v1/roshan_talk.ogg' at thread -1
AUDIT|Slide Canvas|focused real BACK synchronously restores the exact Reef context: OK
AUDIT|Slide Canvas|neutral BACK changes no reward bytes and preserves held raw levels under guard: OK
AUDIT|Slide Canvas|neutral stage_close exact-restores pre-entry chime volume and pitch: OK
AUDIT|Slide Canvas|neutral Leave return guard freezes world through fade and nested context loss: OK
AUDIT|Slide Canvas|neutral Leave guard terminals retire Melody sources before any context loss: OK
AUDIT|Slide Canvas|neutral Leave neutral frame two remains Player-frozen until deferred retirement: OK
AUDIT|Slide Canvas|neutral Leave only a fresh next-frame gesture moves after quarantine: OK
AUDIT|Slide Canvas|fish Canvas teardown is synchronous, idempotent, and fully freed: OK
AUDIT|Slide Canvas|Hybrid touch and native mouse stick/action releases retire both entry censuses: OK
AUDIT|Slide Canvas|bounded return guard is clear before Classic first-win reentry: OK
AUDIT|Slide Canvas|gold-run unmapped pad fallback is live before exact fish entry: OK
Loading resource: res://assets/flats/sky_lagoon/main/flat_sky_lagoon_main_panorama_v5_tile_r0_c2.png remapped: res://assets/flats/sky_lagoon/main/flat_sky_lagoon_main_panorama_v5_tile_r0_c2.png
Loading resource: res://.godot/imported/flat_sky_lagoon_main_panorama_v5_tile_r0_c2.png-707b7c1249db60c277ba18a5a90d2606.s3tc.ctex remapped: res://.godot/imported/flat_sky_lagoon_main_panorama_v5_tile_r0_c2.png-707b7c1249db60c277ba18a5a90d2606.s3tc.ctex
Completed load for: 'res://assets/flats/sky_lagoon/main/flat_sky_lagoon_main_panorama_v5_tile_r0_c2.png' remapped 'res://assets/flats/sky_lagoon/main/flat_sky_lagoon_main_panorama_v5_tile_r0_c2.png' at thread -1
Loading resource: res://assets/flats/sky_lagoon/main/flat_sky_lagoon_main_panorama_v5_tile_r0_c3.png remapped: res://assets/flats/sky_lagoon/main/flat_sky_lagoon_main_panorama_v5_tile_r0_c3.png
Loading resource: res://.godot/imported/flat_sky_lagoon_main_panorama_v5_tile_r0_c3.png-f5a0de2cacbf855b5537bfa011fb414f.s3tc.ctex remapped: res://.godot/imported/flat_sky_lagoon_main_panorama_v5_tile_r0_c3.png-f5a0de2cacbf855b5537bfa011fb414f.s3tc.ctex
Completed load for: 'res://assets/flats/sky_lagoon/main/flat_sky_lagoon_main_panorama_v5_tile_r0_c3.png' remapped 'res://assets/flats/sky_lagoon/main/flat_sky_lagoon_main_panorama_v5_tile_r0_c3.png' at thread -1
Loading resource: res://assets/flats/sky_lagoon/main/flat_sky_lagoon_main_panorama_v5_tile_r1_c2.png remapped: res://assets/flats/sky_lagoon/main/flat_sky_lagoon_main_panorama_v5_tile_r1_c2.png
Loading resource: res://.godot/imported/flat_sky_lagoon_main_panorama_v5_tile_r1_c2.png-0c556d40124fed4dea38c25d4997f920.s3tc.ctex remapped: res://.godot/imported/flat_sky_lagoon_main_panorama_v5_tile_r1_c2.png-0c556d40124fed4dea38c25d4997f920.s3tc.ctex
Completed load for: 'res://assets/flats/sky_lagoon/main/flat_sky_lagoon_main_panorama_v5_tile_r1_c2.png' remapped 'res://assets/flats/sky_lagoon/main/flat_sky_lagoon_main_panorama_v5_tile_r1_c2.png' at thread -1
Loading resource: res://assets/flats/sky_lagoon/main/flat_sky_lagoon_main_panorama_v5_tile_r1_c3.png remapped: res://assets/flats/sky_lagoon/main/flat_sky_lagoon_main_panorama_v5_tile_r1_c3.png
Loading resource: res://.godot/imported/flat_sky_lagoon_main_panorama_v5_tile_r1_c3.png-f8ce0e5f490964960eec056604b88fb0.s3tc.ctex remapped: res://.godot/imported/flat_sky_lagoon_main_panorama_v5_tile_r1_c3.png-f8ce0e5f490964960eec056604b88fb0.s3tc.ctex
Completed load for: 'res://assets/flats/sky_lagoon/main/flat_sky_lagoon_main_panorama_v5_tile_r1_c3.png' remapped 'res://assets/flats/sky_lagoon/main/flat_sky_lagoon_main_panorama_v5_tile_r1_c3.png' at thread -1
Loading resource: res://assets/sprites/sky_lagoon/sky_lagoon_slide_v3_compact.png remapped: res://assets/sprites/sky_lagoon/sky_lagoon_slide_v3_compact.png
Loading resource: res://.godot/imported/sky_lagoon_slide_v3_compact.png-f6d8acb2ed44659ff9330d247dbe2f4a.ctex remapped: res://.godot/imported/sky_lagoon_slide_v3_compact.png-f6d8acb2ed44659ff9330d247dbe2f4a.ctex
Completed load for: 'res://assets/sprites/sky_lagoon/sky_lagoon_slide_v3_compact.png' remapped 'res://assets/sprites/sky_lagoon/sky_lagoon_slide_v3_compact.png' at thread -1
Loading resource: res://assets/characters/friends/two_friends.png remapped: res://assets/characters/friends/two_friends.png
Loading resource: res://.godot/imported/two_friends.png-927c5e0bbc031d63df1bd89267fce6b9.ctex remapped: res://.godot/imported/two_friends.png-927c5e0bbc031d63df1bd89267fce6b9.ctex
Completed load for: 'res://assets/characters/friends/two_friends.png' remapped 'res://assets/characters/friends/two_friends.png' at thread -1
Loading resource: res://assets/sprites/sky_lagoon/roshan_playground/roshan_slide_0.png remapped: res://assets/sprites/sky_lagoon/roshan_playground/roshan_slide_0.png
Loading resource: res://.godot/imported/roshan_slide_0.png-4c33d7c5db38379bfa19541935fed2d8.s3tc.ctex remapped: res://.godot/imported/roshan_slide_0.png-4c33d7c5db38379bfa19541935fed2d8.s3tc.ctex
Completed load for: 'res://assets/sprites/sky_lagoon/roshan_playground/roshan_slide_0.png' remapped 'res://assets/sprites/sky_lagoon/roshan_playground/roshan_slide_0.png' at thread -1
Loading resource: res://assets/sprites/sky_lagoon/roshan_playground/roshan_slide_1.png remapped: res://assets/sprites/sky_lagoon/roshan_playground/roshan_slide_1.png
Loading resource: res://.godot/imported/roshan_slide_1.png-24146d3e420933d8bc184c28f22a0303.s3tc.ctex remapped: res://.godot/imported/roshan_slide_1.png-24146d3e420933d8bc184c28f22a0303.s3tc.ctex
Completed load for: 'res://assets/sprites/sky_lagoon/roshan_playground/roshan_slide_1.png' remapped 'res://assets/sprites/sky_lagoon/roshan_playground/roshan_slide_1.png' at thread -1
Loading resource: res://assets/sprites/sky_lagoon/roshan_playground/roshan_slide_2_v2.png remapped: res://assets/sprites/sky_lagoon/roshan_playground/roshan_slide_2_v2.png
Loading resource: res://.godot/imported/roshan_slide_2_v2.png-303e5de067c2ffb2f0720056c82e9f01.s3tc.ctex remapped: res://.godot/imported/roshan_slide_2_v2.png-303e5de067c2ffb2f0720056c82e9f01.s3tc.ctex
Completed load for: 'res://assets/sprites/sky_lagoon/roshan_playground/roshan_slide_2_v2.png' remapped 'res://assets/sprites/sky_lagoon/roshan_playground/roshan_slide_2_v2.png' at thread -1
Loading resource: res://assets/sprites/sky_lagoon/roshan_playground/roshan_slide_3_v2.png remapped: res://assets/sprites/sky_lagoon/roshan_playground/roshan_slide_3_v2.png
Loading resource: res://.godot/imported/roshan_slide_3_v2.png-ae5e369b0dd7fe91d29fe93b21b63da1.s3tc.ctex remapped: res://.godot/imported/roshan_slide_3_v2.png-ae5e369b0dd7fe91d29fe93b21b63da1.s3tc.ctex
Completed load for: 'res://assets/sprites/sky_lagoon/roshan_playground/roshan_slide_3_v2.png' remapped 'res://assets/sprites/sky_lagoon/roshan_playground/roshan_slide_3_v2.png' at thread -1
Loading resource: res://assets/props/gen2/clownfish_side.png remapped: res://assets/props/gen2/clownfish_side.png
Loading resource: res://.godot/imported/clownfish_side.png-f9a2e58edffe49181b4e1c5a181a991b.s3tc.ctex remapped: res://.godot/imported/clownfish_side.png-f9a2e58edffe49181b4e1c5a181a991b.s3tc.ctex
Completed load for: 'res://assets/props/gen2/clownfish_side.png' remapped 'res://assets/props/gen2/clownfish_side.png' at thread -1
Loading resource: res://assets/audio/music/fetch.ogg remapped: res://assets/audio/music/fetch.ogg
Loading resource: res://.godot/imported/fetch.ogg-345403401d879e2b8e66037e161aad9c.oggvorbisstr remapped: res://.godot/imported/fetch.ogg-345403401d879e2b8e66037e161aad9c.oggvorbisstr
Completed load for: 'res://assets/audio/music/fetch.ogg' remapped 'res://assets/audio/music/fetch.ogg' at thread -1
AUDIT|Slide Canvas|direct re-entry enters the same exact fish Canvas route: OK
AUDIT|Slide Canvas|Classic entry hides the exact captured living-world layer: OK
AUDIT|Slide Canvas|gold entry terminal pad events stay Canvas-owned and raw-neutral: OK
AUDIT|Slide Canvas|gold run holds real unclaimed raw fallback until exact teardown: OK
AUDIT|Slide Canvas|fade reveal restores input only at the real callback boundary: OK
AUDIT|Slide Canvas|bounded first active tick retires the startup release guard: OK
AUDIT|Slide Canvas|Sticker freeze fixture begins with deliberate real steering: OK
AUDIT|Slide Canvas|no Pause overlay control competes with global Back: OK
AUDIT|Slide Canvas|internal pause fixture raises the retained Menu sheet: OK
AUDIT|Slide Canvas|freeze fixture uses the visible Pause Sticker doorway: OK
AUDIT|Slide Canvas|resumed higher Sticker sheet retains the exact live slide stage: OK
AUDIT|Slide Canvas|held source releases neutrally through the resumed Sticker sheet: OK
AUDIT|Slide Canvas|Sticker stays open beyond a full ride with time, catch, reward, save, and stage frozen: OK
AUDIT|Slide Canvas|real overlapping Sticker Back returns to the same frozen slide: OK
AUDIT|Slide Canvas|fresh source resumes the same ride after the overlapping Back: OK
AUDIT|Slide Canvas|fade reveal restores input only at the real callback boundary: OK
AUDIT|Slide Canvas|bounded first active tick retires the startup release guard: OK
AUDIT|Slide Canvas|near-finish held RIGHT_X and D-pad cannot outlast the remaining ride: OK
AUDIT|Slide Canvas|release requires one frozen and one retiring neutral poll before resuming: OK
Loading resource: res://assets/audio/voices/filler_v1/harper_win.ogg remapped: res://assets/audio/voices/filler_v1/harper_win.ogg
Loading resource: res://.godot/imported/harper_win.ogg-bc85040324b3d22591c5ec187a49684e.oggvorbisstr remapped: res://.godot/imported/harper_win.ogg-bc85040324b3d22591c5ec187a49684e.oggvorbisstr
Completed load for: 'res://assets/audio/voices/filler_v1/harper_win.ogg' remapped 'res://assets/audio/voices/filler_v1/harper_win.ogg' at thread -1
AUDIT|Slide Canvas|5-fish completion return guard freezes world through fade and nested context loss: OK
AUDIT|Slide Canvas|5-fish completion guard terminals retire Melody sources before any context loss: OK
AUDIT|Slide Canvas|5-fish completion neutral frame two remains Player-frozen until deferred retirement: OK
AUDIT|Slide Canvas|5-fish completion only a fresh next-frame gesture moves after quarantine: OK
AUDIT|Slide Canvas|post-overlay deliberate Classic steering collects five and wins gold: OK
AUDIT|Slide Canvas|first win persists medal and friend exactly once per write owner: OK
AUDIT|Slide Canvas|first-win teardown hands chime to the 0.90 fanfare instead of restoring entry tuning: OK
AUDIT|Slide Canvas|first win restores position, pose, environment, and music: OK
AUDIT|Slide Canvas|bounded return guard is clear before three-fish replay reentry: OK
AUDIT|Slide Canvas|already-won replay enters from deliberately nondefault chime tuning: OK
Loading resource: res://assets/flats/sky_lagoon/main/flat_sky_lagoon_main_panorama_v5_tile_r0_c2.png remapped: res://assets/flats/sky_lagoon/main/flat_sky_lagoon_main_panorama_v5_tile_r0_c2.png
Loading resource: res://.godot/imported/flat_sky_lagoon_main_panorama_v5_tile_r0_c2.png-707b7c1249db60c277ba18a5a90d2606.s3tc.ctex remapped: res://.godot/imported/flat_sky_lagoon_main_panorama_v5_tile_r0_c2.png-707b7c1249db60c277ba18a5a90d2606.s3tc.ctex
Completed load for: 'res://assets/flats/sky_lagoon/main/flat_sky_lagoon_main_panorama_v5_tile_r0_c2.png' remapped 'res://assets/flats/sky_lagoon/main/flat_sky_lagoon_main_panorama_v5_tile_r0_c2.png' at thread -1
Loading resource: res://assets/flats/sky_lagoon/main/flat_sky_lagoon_main_panorama_v5_tile_r0_c3.png remapped: res://assets/flats/sky_lagoon/main/flat_sky_lagoon_main_panorama_v5_tile_r0_c3.png
Loading resource: res://.godot/imported/flat_sky_lagoon_main_panorama_v5_tile_r0_c3.png-f5a0de2cacbf855b5537bfa011fb414f.s3tc.ctex remapped: res://.godot/imported/flat_sky_lagoon_main_panorama_v5_tile_r0_c3.png-f5a0de2cacbf855b5537bfa011fb414f.s3tc.ctex
Completed load for: 'res://assets/flats/sky_lagoon/main/flat_sky_lagoon_main_panorama_v5_tile_r0_c3.png' remapped 'res://assets/flats/sky_lagoon/main/flat_sky_lagoon_main_panorama_v5_tile_r0_c3.png' at thread -1
Loading resource: res://assets/flats/sky_lagoon/main/flat_sky_lagoon_main_panorama_v5_tile_r1_c2.png remapped: res://assets/flats/sky_lagoon/main/flat_sky_lagoon_main_panorama_v5_tile_r1_c2.png
Loading resource: res://.godot/imported/flat_sky_lagoon_main_panorama_v5_tile_r1_c2.png-0c556d40124fed4dea38c25d4997f920.s3tc.ctex remapped: res://.godot/imported/flat_sky_lagoon_main_panorama_v5_tile_r1_c2.png-0c556d40124fed4dea38c25d4997f920.s3tc.ctex
Completed load for: 'res://assets/flats/sky_lagoon/main/flat_sky_lagoon_main_panorama_v5_tile_r1_c2.png' remapped 'res://assets/flats/sky_lagoon/main/flat_sky_lagoon_main_panorama_v5_tile_r1_c2.png' at thread -1
Loading resource: res://assets/flats/sky_lagoon/main/flat_sky_lagoon_main_panorama_v5_tile_r1_c3.png remapped: res://assets/flats/sky_lagoon/main/flat_sky_lagoon_main_panorama_v5_tile_r1_c3.png
Loading resource: res://.godot/imported/flat_sky_lagoon_main_panorama_v5_tile_r1_c3.png-f8ce0e5f490964960eec056604b88fb0.s3tc.ctex remapped: res://.godot/imported/flat_sky_lagoon_main_panorama_v5_tile_r1_c3.png-f8ce0e5f490964960eec056604b88fb0.s3tc.ctex
Completed load for: 'res://assets/flats/sky_lagoon/main/flat_sky_lagoon_main_panorama_v5_tile_r1_c3.png' remapped 'res://assets/flats/sky_lagoon/main/flat_sky_lagoon_main_panorama_v5_tile_r1_c3.png' at thread -1
Loading resource: res://assets/sprites/sky_lagoon/sky_lagoon_slide_v3_compact.png remapped: res://assets/sprites/sky_lagoon/sky_lagoon_slide_v3_compact.png
Loading resource: res://.godot/imported/sky_lagoon_slide_v3_compact.png-f6d8acb2ed44659ff9330d247dbe2f4a.ctex remapped: res://.godot/imported/sky_lagoon_slide_v3_compact.png-f6d8acb2ed44659ff9330d247dbe2f4a.ctex
Completed load for: 'res://assets/sprites/sky_lagoon/sky_lagoon_slide_v3_compact.png' remapped 'res://assets/sprites/sky_lagoon/sky_lagoon_slide_v3_compact.png' at thread -1
Loading resource: res://assets/characters/friends/two_friends.png remapped: res://assets/characters/friends/two_friends.png
Loading resource: res://.godot/imported/two_friends.png-927c5e0bbc031d63df1bd89267fce6b9.ctex remapped: res://.godot/imported/two_friends.png-927c5e0bbc031d63df1bd89267fce6b9.ctex
Completed load for: 'res://assets/characters/friends/two_friends.png' remapped 'res://assets/characters/friends/two_friends.png' at thread -1
Loading resource: res://assets/sprites/sky_lagoon/roshan_playground/roshan_slide_0.png remapped: res://assets/sprites/sky_lagoon/roshan_playground/roshan_slide_0.png
Loading resource: res://.godot/imported/roshan_slide_0.png-4c33d7c5db38379bfa19541935fed2d8.s3tc.ctex remapped: res://.godot/imported/roshan_slide_0.png-4c33d7c5db38379bfa19541935fed2d8.s3tc.ctex
Completed load for: 'res://assets/sprites/sky_lagoon/roshan_playground/roshan_slide_0.png' remapped 'res://assets/sprites/sky_lagoon/roshan_playground/roshan_slide_0.png' at thread -1
Loading resource: res://assets/sprites/sky_lagoon/roshan_playground/roshan_slide_1.png remapped: res://assets/sprites/sky_lagoon/roshan_playground/roshan_slide_1.png
Loading resource: res://.godot/imported/roshan_slide_1.png-24146d3e420933d8bc184c28f22a0303.s3tc.ctex remapped: res://.godot/imported/roshan_slide_1.png-24146d3e420933d8bc184c28f22a0303.s3tc.ctex
Completed load for: 'res://assets/sprites/sky_lagoon/roshan_playground/roshan_slide_1.png' remapped 'res://assets/sprites/sky_lagoon/roshan_playground/roshan_slide_1.png' at thread -1
Loading resource: res://assets/sprites/sky_lagoon/roshan_playground/roshan_slide_2_v2.png remapped: res://assets/sprites/sky_lagoon/roshan_playground/roshan_slide_2_v2.png
Loading resource: res://.godot/imported/roshan_slide_2_v2.png-303e5de067c2ffb2f0720056c82e9f01.s3tc.ctex remapped: res://.godot/imported/roshan_slide_2_v2.png-303e5de067c2ffb2f0720056c82e9f01.s3tc.ctex
Completed load for: 'res://assets/sprites/sky_lagoon/roshan_playground/roshan_slide_2_v2.png' remapped 'res://assets/sprites/sky_lagoon/roshan_playground/roshan_slide_2_v2.png' at thread -1
Loading resource: res://assets/sprites/sky_lagoon/roshan_playground/roshan_slide_3_v2.png remapped: res://assets/sprites/sky_lagoon/roshan_playground/roshan_slide_3_v2.png
Loading resource: res://.godot/imported/roshan_slide_3_v2.png-ae5e369b0dd7fe91d29fe93b21b63da1.s3tc.ctex remapped: res://.godot/imported/roshan_slide_3_v2.png-ae5e369b0dd7fe91d29fe93b21b63da1.s3tc.ctex
Completed load for: 'res://assets/sprites/sky_lagoon/roshan_playground/roshan_slide_3_v2.png' remapped 'res://assets/sprites/sky_lagoon/roshan_playground/roshan_slide_3_v2.png' at thread -1
Loading resource: res://assets/props/gen2/clownfish_side.png remapped: res://assets/props/gen2/clownfish_side.png
Loading resource: res://.godot/imported/clownfish_side.png-f9a2e58edffe49181b4e1c5a181a991b.s3tc.ctex remapped: res://.godot/imported/clownfish_side.png-f9a2e58edffe49181b4e1c5a181a991b.s3tc.ctex
Completed load for: 'res://assets/props/gen2/clownfish_side.png' remapped 'res://assets/props/gen2/clownfish_side.png' at thread -1
Loading resource: res://assets/audio/music/fetch.ogg remapped: res://assets/audio/music/fetch.ogg
Loading resource: res://.godot/imported/fetch.ogg-345403401d879e2b8e66037e161aad9c.oggvorbisstr remapped: res://.godot/imported/fetch.ogg-345403401d879e2b8e66037e161aad9c.oggvorbisstr
Completed load for: 'res://assets/audio/music/fetch.ogg' remapped 'res://assets/audio/music/fetch.ogg' at thread -1
AUDIT|Slide Canvas|fade reveal restores input only at the real callback boundary: OK
AUDIT|Slide Canvas|bounded first active tick retires the startup release guard: OK
AUDIT|Slide Canvas|3-fish completion return guard freezes world through fade and nested context loss: OK
AUDIT|Slide Canvas|3-fish completion guard terminals retire Melody sources before any context loss: OK
AUDIT|Slide Canvas|3-fish completion neutral frame two remains Player-frozen until deferred retirement: OK
AUDIT|Slide Canvas|3-fish completion only a fresh next-frame gesture moves after quarantine: OK
AUDIT|Slide Canvas|deliberate three-fish replay earns silver without downgrading gold: OK
AUDIT|Slide Canvas|silver replay handoff survives synchronous stage_close and its next frame: OK
AUDIT|Slide Canvas|replay writes once, preserves exact save bytes, and restores context: OK
AUDIT|Slide Canvas|silver celebration volume and pitch remain live across following frames: OK
AUDIT|Slide Canvas|bounded return guard is clear before zero-fish mercy reentry: OK
AUDIT|Slide Canvas|zero-fish replay also enters from nondefault chime tuning: OK
Loading resource: res://assets/flats/sky_lagoon/main/flat_sky_lagoon_main_panorama_v5_tile_r0_c2.png remapped: res://assets/flats/sky_lagoon/main/flat_sky_lagoon_main_panorama_v5_tile_r0_c2.png
Loading resource: res://.godot/imported/flat_sky_lagoon_main_panorama_v5_tile_r0_c2.png-707b7c1249db60c277ba18a5a90d2606.s3tc.ctex remapped: res://.godot/imported/flat_sky_lagoon_main_panorama_v5_tile_r0_c2.png-707b7c1249db60c277ba18a5a90d2606.s3tc.ctex
Completed load for: 'res://assets/flats/sky_lagoon/main/flat_sky_lagoon_main_panorama_v5_tile_r0_c2.png' remapped 'res://assets/flats/sky_lagoon/main/flat_sky_lagoon_main_panorama_v5_tile_r0_c2.png' at thread -1
Loading resource: res://assets/flats/sky_lagoon/main/flat_sky_lagoon_main_panorama_v5_tile_r0_c3.png remapped: res://assets/flats/sky_lagoon/main/flat_sky_lagoon_main_panorama_v5_tile_r0_c3.png
Loading resource: res://.godot/imported/flat_sky_lagoon_main_panorama_v5_tile_r0_c3.png-f5a0de2cacbf855b5537bfa011fb414f.s3tc.ctex remapped: res://.godot/imported/flat_sky_lagoon_main_panorama_v5_tile_r0_c3.png-f5a0de2cacbf855b5537bfa011fb414f.s3tc.ctex
Completed load for: 'res://assets/flats/sky_lagoon/main/flat_sky_lagoon_main_panorama_v5_tile_r0_c3.png' remapped 'res://assets/flats/sky_lagoon/main/flat_sky_lagoon_main_panorama_v5_tile_r0_c3.png' at thread -1
Loading resource: res://assets/flats/sky_lagoon/main/flat_sky_lagoon_main_panorama_v5_tile_r1_c2.png remapped: res://assets/flats/sky_lagoon/main/flat_sky_lagoon_main_panorama_v5_tile_r1_c2.png
Loading resource: res://.godot/imported/flat_sky_lagoon_main_panorama_v5_tile_r1_c2.png-0c556d40124fed4dea38c25d4997f920.s3tc.ctex remapped: res://.godot/imported/flat_sky_lagoon_main_panorama_v5_tile_r1_c2.png-0c556d40124fed4dea38c25d4997f920.s3tc.ctex
Completed load for: 'res://assets/flats/sky_lagoon/main/flat_sky_lagoon_main_panorama_v5_tile_r1_c2.png' remapped 'res://assets/flats/sky_lagoon/main/flat_sky_lagoon_main_panorama_v5_tile_r1_c2.png' at thread -1
Loading resource: res://assets/flats/sky_lagoon/main/flat_sky_lagoon_main_panorama_v5_tile_r1_c3.png remapped: res://assets/flats/sky_lagoon/main/flat_sky_lagoon_main_panorama_v5_tile_r1_c3.png
Loading resource: res://.godot/imported/flat_sky_lagoon_main_panorama_v5_tile_r1_c3.png-f8ce0e5f490964960eec056604b88fb0.s3tc.ctex remapped: res://.godot/imported/flat_sky_lagoon_main_panorama_v5_tile_r1_c3.png-f8ce0e5f490964960eec056604b88fb0.s3tc.ctex
Completed load for: 'res://assets/flats/sky_lagoon/main/flat_sky_lagoon_main_panorama_v5_tile_r1_c3.png' remapped 'res://assets/flats/sky_lagoon/main/flat_sky_lagoon_main_panorama_v5_tile_r1_c3.png' at thread -1
Loading resource: res://assets/sprites/sky_lagoon/sky_lagoon_slide_v3_compact.png remapped: res://assets/sprites/sky_lagoon/sky_lagoon_slide_v3_compact.png
Loading resource: res://.godot/imported/sky_lagoon_slide_v3_compact.png-f6d8acb2ed44659ff9330d247dbe2f4a.ctex remapped: res://.godot/imported/sky_lagoon_slide_v3_compact.png-f6d8acb2ed44659ff9330d247dbe2f4a.ctex
Completed load for: 'res://assets/sprites/sky_lagoon/sky_lagoon_slide_v3_compact.png' remapped 'res://assets/sprites/sky_lagoon/sky_lagoon_slide_v3_compact.png' at thread -1
Loading resource: res://assets/characters/friends/two_friends.png remapped: res://assets/characters/friends/two_friends.png
Loading resource: res://.godot/imported/two_friends.png-927c5e0bbc031d63df1bd89267fce6b9.ctex remapped: res://.godot/imported/two_friends.png-927c5e0bbc031d63df1bd89267fce6b9.ctex
Completed load for: 'res://assets/characters/friends/two_friends.png' remapped 'res://assets/characters/friends/two_friends.png' at thread -1
Loading resource: res://assets/sprites/sky_lagoon/roshan_playground/roshan_slide_0.png remapped: res://assets/sprites/sky_lagoon/roshan_playground/roshan_slide_0.png
Loading resource: res://.godot/imported/roshan_slide_0.png-4c33d7c5db38379bfa19541935fed2d8.s3tc.ctex remapped: res://.godot/imported/roshan_slide_0.png-4c33d7c5db38379bfa19541935fed2d8.s3tc.ctex
Completed load for: 'res://assets/sprites/sky_lagoon/roshan_playground/roshan_slide_0.png' remapped 'res://assets/sprites/sky_lagoon/roshan_playground/roshan_slide_0.png' at thread -1
Loading resource: res://assets/sprites/sky_lagoon/roshan_playground/roshan_slide_1.png remapped: res://assets/sprites/sky_lagoon/roshan_playground/roshan_slide_1.png
Loading resource: res://.godot/imported/roshan_slide_1.png-24146d3e420933d8bc184c28f22a0303.s3tc.ctex remapped: res://.godot/imported/roshan_slide_1.png-24146d3e420933d8bc184c28f22a0303.s3tc.ctex
Completed load for: 'res://assets/sprites/sky_lagoon/roshan_playground/roshan_slide_1.png' remapped 'res://assets/sprites/sky_lagoon/roshan_playground/roshan_slide_1.png' at thread -1
Loading resource: res://assets/sprites/sky_lagoon/roshan_playground/roshan_slide_2_v2.png remapped: res://assets/sprites/sky_lagoon/roshan_playground/roshan_slide_2_v2.png
Loading resource: res://.godot/imported/roshan_slide_2_v2.png-303e5de067c2ffb2f0720056c82e9f01.s3tc.ctex remapped: res://.godot/imported/roshan_slide_2_v2.png-303e5de067c2ffb2f0720056c82e9f01.s3tc.ctex
Completed load for: 'res://assets/sprites/sky_lagoon/roshan_playground/roshan_slide_2_v2.png' remapped 'res://assets/sprites/sky_lagoon/roshan_playground/roshan_slide_2_v2.png' at thread -1
Loading resource: res://assets/sprites/sky_lagoon/roshan_playground/roshan_slide_3_v2.png remapped: res://assets/sprites/sky_lagoon/roshan_playground/roshan_slide_3_v2.png
Loading resource: res://.godot/imported/roshan_slide_3_v2.png-ae5e369b0dd7fe91d29fe93b21b63da1.s3tc.ctex remapped: res://.godot/imported/roshan_slide_3_v2.png-ae5e369b0dd7fe91d29fe93b21b63da1.s3tc.ctex
Completed load for: 'res://assets/sprites/sky_lagoon/roshan_playground/roshan_slide_3_v2.png' remapped 'res://assets/sprites/sky_lagoon/roshan_playground/roshan_slide_3_v2.png' at thread -1
Loading resource: res://assets/props/gen2/clownfish_side.png remapped: res://assets/props/gen2/clownfish_side.png
Loading resource: res://.godot/imported/clownfish_side.png-f9a2e58edffe49181b4e1c5a181a991b.s3tc.ctex remapped: res://.godot/imported/clownfish_side.png-f9a2e58edffe49181b4e1c5a181a991b.s3tc.ctex
Completed load for: 'res://assets/props/gen2/clownfish_side.png' remapped 'res://assets/props/gen2/clownfish_side.png' at thread -1
Loading resource: res://assets/audio/music/fetch.ogg remapped: res://assets/audio/music/fetch.ogg
Loading resource: res://.godot/imported/fetch.ogg-345403401d879e2b8e66037e161aad9c.oggvorbisstr remapped: res://.godot/imported/fetch.ogg-345403401d879e2b8e66037e161aad9c.oggvorbisstr
Completed load for: 'res://assets/audio/music/fetch.ogg' remapped 'res://assets/audio/music/fetch.ogg' at thread -1
AUDIT|Slide Canvas|fade reveal restores input only at the real callback boundary: OK
AUDIT|Slide Canvas|bounded first active tick retires the startup release guard: OK
AUDIT|Slide Canvas|0-fish completion return guard freezes world through fade and nested context loss: OK
AUDIT|Slide Canvas|0-fish completion guard terminals retire Melody sources before any context loss: OK
AUDIT|Slide Canvas|0-fish completion neutral frame two remains Player-frozen until deferred retirement: OK
AUDIT|Slide Canvas|0-fish completion only a fresh next-frame gesture moves after quarantine: OK
AUDIT|Slide Canvas|deliberate zero-fish mercy ride completes successfully for bronze: OK
AUDIT|Slide Canvas|bronze replay handoff survives synchronous stage_close and its next frame: OK
AUDIT|Slide Canvas|zero-fish replay has no fail/timer path and preserves save/context: OK
AUDIT|Slide Canvas|slide medal thresholds remain exact at zero, three, and five fish: OK
AUDIT|Slide Canvas|bounded return guard is clear before Penguin and race regressions: OK
Loading resource: res://assets/terrain/up_snow_col.jpg remapped: res://assets/terrain/up_snow_col.jpg
Loading resource: res://.godot/imported/up_snow_col.jpg-108c3c6101cd1b988db439a231e4369f.ctex remapped: res://.godot/imported/up_snow_col.jpg-108c3c6101cd1b988db439a231e4369f.ctex
Completed load for: 'res://assets/terrain/up_snow_col.jpg' remapped 'res://assets/terrain/up_snow_col.jpg' at thread -1
Loading resource: res://assets/audio/music/fetch.ogg remapped: res://assets/audio/music/fetch.ogg
Loading resource: res://.godot/imported/fetch.ogg-345403401d879e2b8e66037e161aad9c.oggvorbisstr remapped: res://.godot/imported/fetch.ogg-345403401d879e2b8e66037e161aad9c.oggvorbisstr
Completed load for: 'res://assets/audio/music/fetch.ogg' remapped 'res://assets/audio/music/fetch.ogg' at thread -1
AUDIT|Slide Canvas|Penguin chase remains the non-Canvas shared slide course: OK
AUDIT|Slide Canvas|Penguin chase retains ordinary raw axis and d-pad bookkeeping: OK
AUDIT|Slide Canvas|Penguin cleanup restores its captured world context: OK
Loading resource: res://assets/terrain/up_dirt_col.jpg remapped: res://assets/terrain/up_dirt_col.jpg
Loading resource: res://.godot/imported/up_dirt_col.jpg-321171324d34d12c4c723cf716eeb448.ctex remapped: res://.godot/imported/up_dirt_col.jpg-321171324d34d12c4c723cf716eeb448.ctex
