...
----------------------------------------------------------------------
Ran 3 tests in 0.130s

OK
........s...............................
----------------------------------------------------------------------
Ran 40 tests in 26.330s

OK (skipped=1)
...
----------------------------------------------------------------------
Ran 3 tests in 0.138s

OK
.............................................................................
----------------------------------------------------------------------
Ran 77 tests in 49.969s

OK
.....
----------------------------------------------------------------------
Ran 5 tests in 0.100s

OK
.........................................
----------------------------------------------------------------------
Ran 41 tests in 0.324s

OK
...........
----------------------------------------------------------------------
Ran 11 tests in 7.083s

OK
........
----------------------------------------------------------------------
Ran 8 tests in 1.951s

OK
.........................
----------------------------------------------------------------------
Ran 25 tests in 0.566s

OK
...............................................................................................
----------------------------------------------------------------------
Ran 95 tests in 326.415s

OK
..
----------------------------------------------------------------------
Ran 2 tests in 0.003s

OK
................................................................
----------------------------------------------------------------------
Ran 64 tests in 7.135s

OK
