Godot Engine v4.7.2.stable.official.ed1daf0bf - https://godotengine.org
Vulkan 1.4.325 - Forward Mobile - Using Device #0: NVIDIA - NVIDIA GeForce RTX 3060 Ti

DOLLS_RUNTIME|OK|configured approved classic skin resolved
DOLLS_RUNTIME|OK|Dolls friend exists
DOLLS_RUNTIME|OK|capture guard 00_ready
DOLLS_RUNTIME|OK|capture 00_ready
DOLLS_RUNTIME|CAPTURE|{"catcher_x":0.5,"caught":0,"caveat":"empty live surface after shipping _start_game","fallers":[{"base_x":0.17,"phase":0.0,"speed":0.205,"sway":0.018,"texture":0,"x":0.183099942058031,"y":0.0694561483333333}],"input_live_t":0.0,"label":"00_ready","main_game":"dolls","missed":0,"origin":"natural_game_entry","path":"C:\\Users\\Peter\\Documents\\mermaid-roshan-reef\\.worktrees\\minigame-art-dev-reconcile-20260905\\tmp\\dolls-runtime-followup\\run01\\captures/dolls_00_ready.png","paused":false,"process_frames":15,"renderer":"mobile","safe_landings":[],"selected_skin_path":"res://assets/characters/roshan_25d/roshan_base.png","selected_skin_sha256":"69827625a8a795f1303c90a465454dd8529f10d5401c78911d00b90be8d1e1ab","settled":[],"sha256":"9e9d56053e25812575e00fbe6549d20af2db6c770771855dfdb19e872284943f","skin_id":"classic","surface_can_process":true,"surface_elapsed":1.05750966666667,"surface_processing":true,"ticks_msec":15775,"time_scale":1.0,"viewport":[1280,720]}
DOLLS_RUNTIME|OK|configured multiple-faller state is shipping-valid
DOLLS_RUNTIME|OK|capture guard 01_multiple_fallers
DOLLS_RUNTIME|OK|capture 01_multiple_fallers
DOLLS_RUNTIME|CAPTURE|{"catcher_x":0.5,"caught":2,"caveat":"caught=2 enables the shipping two-faller limit; positions selected for visual coverage","fallers":[{"base_x":0.28,"phase":0.0,"speed":0.115,"sway":0.0,"texture":2,"x":0.28,"y":0.321647676666667},{"base_x":0.71,"phase":0.0,"speed":0.115,"sway":0.0,"texture":0,"x":0.71,"y":0.531647676666667}],"input_live_t":0.0,"label":"01_multiple_fallers","main_game":"dolls","missed":0,"origin":"configured_state_shortcut","path":"C:\\Users\\Peter\\Documents\\mermaid-roshan-reef\\.worktrees\\minigame-art-dev-reconcile-20260905\\tmp\\dolls-runtime-followup\\run01\\captures/dolls_01_multiple_fallers.png","paused":false,"process_frames":19,"renderer":"mobile","safe_landings":[],"selected_skin_path":"res://assets/characters/roshan_25d/roshan_base.png","selected_skin_sha256":"69827625a8a795f1303c90a465454dd8529f10d5401c78911d00b90be8d1e1ab","settled":[0,1],"sha256":"72694be0e9f21cf61113f780b652661027b5cbdbcd8cfb53b782ab35acd86259","skin_id":"classic","surface_can_process":true,"surface_elapsed":0.188240666666667,"surface_processing":true,"ticks_msec":16679,"time_scale":1.0,"viewport":[1280,720]}
DOLLS_RUNTIME|OK|held drag reached target through live callback
DOLLS_RUNTIME|OK|capture guard 02_held_drag
DOLLS_RUNTIME|OK|capture 02_held_drag
DOLLS_RUNTIME|CAPTURE|{"catcher_x":0.720000028610229,"caught":0,"caveat":"five interpolated ScreenDrag callbacks; finger is still held at capture","fallers":[{"base_x":0.72,"phase":0.0,"speed":0.115,"sway":0.0,"texture":1,"x":0.72,"y":0.685072045}],"input_live_t":1.6,"label":"02_held_drag","main_game":"dolls","missed":0,"origin":"live_viewport_touch_held_plus_configured_faller","path":"C:\\Users\\Peter\\Documents\\mermaid-roshan-reef\\.worktrees\\minigame-art-dev-reconcile-20260905\\tmp\\dolls-runtime-followup\\run01\\captures/dolls_02_held_drag.png","paused":false,"process_frames":30,"renderer":"mobile","safe_landings":[],"selected_skin_path":"res://assets/characters/roshan_25d/roshan_base.png","selected_skin_sha256":"69827625a8a795f1303c90a465454dd8529f10d5401c78911d00b90be8d1e1ab","settled":[],"sha256":"0e3a63c93ea198629433dc5357e9a573e17d682860b865101514ed070abcf60a","skin_id":"classic","surface_can_process":true,"surface_elapsed":1.087583,"surface_processing":true,"ticks_msec":18679,"time_scale":1.0,"viewport":[1280,720]}
DOLLS_RUNTIME|OK|live input produced one shipping catch
DOLLS_RUNTIME|OK|capture guard 03_caught
DOLLS_RUNTIME|OK|capture 03_caught
DOLLS_RUNTIME|CAPTURE|{"catcher_x":0.519999980926514,"caught":1,"caveat":"configured near-contact faller; catch, settled state and feedback are shipping-owned","fallers":[],"input_live_t":1.45,"label":"03_caught","main_game":"dolls","missed":0,"origin":"live_viewport_touch_and_shipping_process","path":"C:\\Users\\Peter\\Documents\\mermaid-roshan-reef\\.worktrees\\minigame-art-dev-reconcile-20260905\\tmp\\dolls-runtime-followup\\run01\\captures/dolls_03_caught.png","paused":false,"process_frames":38,"renderer":"mobile","safe_landings":[],"selected_skin_path":"res://assets/characters/roshan_25d/roshan_base.png","selected_skin_sha256":"69827625a8a795f1303c90a465454dd8529f10d5401c78911d00b90be8d1e1ab","settled":[0],"sha256":"8165352f3bf4fb1890aa130e2f5a69504d9c84ec1cd0104e8cc14b3a30a7f8d1","skin_id":"classic","surface_can_process":true,"surface_elapsed":0.55,"surface_processing":true,"ticks_msec":20227,"time_scale":1.0,"viewport":[1280,720]}
DOLLS_RUNTIME|OK|zero input produced one shipping safe miss
DOLLS_RUNTIME|OK|capture guard 04_safe_miss
DOLLS_RUNTIME|OK|capture 04_safe_miss
DOLLS_RUNTIME|CAPTURE|{"catcher_x":0.5,"caught":0,"caveat":"no input; shipping _miss creates the safety-mat landing","fallers":[],"input_live_t":0.0,"label":"04_safe_miss","main_game":"dolls","missed":1,"origin":"configured_near_floor_then_shipping_process","path":"C:\\Users\\Peter\\Documents\\mermaid-roshan-reef\\.worktrees\\minigame-art-dev-reconcile-20260905\\tmp\\dolls-runtime-followup\\run01\\captures/dolls_04_safe_miss.png","paused":false,"process_frames":45,"renderer":"mobile","safe_landings":[{"texture":2,"time":0.890739333333333,"x":0.22}],"selected_skin_path":"res://assets/characters/roshan_25d/roshan_base.png","selected_skin_sha256":"69827625a8a795f1303c90a465454dd8529f10d5401c78911d00b90be8d1e1ab","settled":[],"sha256":"9f964986fb1d82c688977c9ac5a5869d2416f179218d1c0b4ec1c99596f12065","skin_id":"classic","surface_can_process":true,"surface_elapsed":0.393680666666666,"surface_processing":true,"ticks_msec":21382,"time_scale":1.0,"viewport":[1280,720]}
DOLLS_RUNTIME|OK|configured three-settled visual state is internally complete
DOLLS_RUNTIME|OK|capture guard 05_three_settled_completion
DOLLS_RUNTIME|OK|capture 05_three_settled_completion
DOLLS_RUNTIME|CAPTURE|{"catcher_x":0.5,"caught":3,"caveat":"shipping completion normally tears down before a stable still; no payoff/teardown claim","fallers":[],"input_live_t":0.0,"label":"05_three_settled_completion","main_game":"dolls_capture_completion_configured","missed":0,"origin":"configured_post_catch_visual_shortcut","path":"C:\\Users\\Peter\\Documents\\mermaid-roshan-reef\\.worktrees\\minigame-art-dev-reconcile-20260905\\tmp\\dolls-runtime-followup\\run01\\captures/dolls_05_three_settled_completion.png","paused":false,"process_frames":49,"renderer":"mobile","safe_landings":[],"selected_skin_path":"res://assets/characters/roshan_25d/roshan_base.png","selected_skin_sha256":"69827625a8a795f1303c90a465454dd8529f10d5401c78911d00b90be8d1e1ab","settled":[0,1,2],"sha256":"e385821f7ce8b12546fac0588bfb45d8360b20b45c6e288d7798197407e5c1a9","skin_id":"classic","surface_can_process":true,"surface_elapsed":0.0,"surface_processing":false,"ticks_msec":22018,"time_scale":1.0,"viewport":[1280,720]}
DOLLS_RUNTIME|OK|manifest opened
DOLLS_RUNTIME|RESULT|PASS|captures=6|elapsed_ms=12731
