bash.exe: warning: could not find /tmp, please create!
...
----------------------------------------------------------------------
Ran 3 tests in 0.105s

OK
GODOTBASELINE|ALL OK|4.7.2-stable|official.ed1daf0bf
........s...............................
----------------------------------------------------------------------
Ran 40 tests in 34.817s

OK (skipped=1)
TYPOGRAPHY_AUDIT status=OPEN
FONT assets=0 bindings=0 coverage=UNRESOLVED device=MISSING
GLYPHS observed=133 unclassified=0 critical=124 critical_unresolved=124
LABEL3D current=37 baseline=45 files=11 delta=-8
LABEL3D_FILE  7 scripts/arena/sky_lagoon.gd
LABEL3D_FILE  2 scripts/collection_system.gd
LABEL3D_FILE  1 scripts/combat_arena.gd
LABEL3D_FILE 11 scripts/companion.gd
LABEL3D_FILE  1 scripts/dungeon_puzzle_room.gd
LABEL3D_FILE  2 scripts/galaxy.gd
LABEL3D_FILE  4 scripts/games/shop.gd
LABEL3D_FILE  4 scripts/kart.gd
LABEL3D_FILE  3 scripts/main.gd
LABEL3D_FILE  1 scripts/reef_districts.gd
LABEL3D_FILE  1 scripts/stuffie_battle.gd
OPEN font authority, coverage, and/or device evidence remains unresolved
...
----------------------------------------------------------------------
Ran 3 tests in 0.155s

OK
ROSHAN2D| stress: 8 falsification cases ALL OK
ROSHAN2D| RESULT: ALL OK - active project is 2D Roshan only
GAME2D| stress: 14 falsification/control assertions ALL OK
...........................................................................
----------------------------------------------------------------------
Ran 75 tests in 47.219s

OK
GAME2D| stress: 14 falsification/control assertions ALL OK
.....
----------------------------------------------------------------------
Ran 5 tests in 0.093s

OK
naive 256px grid :      0 px of Roshan clipped,      0 px ghost
shipped windows  :      0 px of Roshan clipped,      0 px ghost
                   (0.00% -> 0.00% of her art lost)
playground poses :     12 whole, single-silhouette 512px frames
OK: every Roshan frame renders whole
PROBE_PARITY|stress missing loop: OK
PROBE_PARITY|stress duplicate probe: OK
PROBE_PARITY|stress local/remote mismatch: OK
PROBE_PARITY|stress missing probe file: OK
PROBE_PARITY|stress missing separate invocation: OK
PROBE_PARITY|stress missing parity gate: OK
PROBE_PARITY|stress missing local music verifier: OK
PROBE_PARITY|stress missing pinned music verifier: OK
PROBE_PARITY|result: ALL OK
.........................................
----------------------------------------------------------------------
DOCAUTH|STRESS|6/6
Ran 41 tests in 0.261s

OK
DOCAUTH|STRESS|6/6
...........
----------------------------------------------------------------------
Ran 11 tests in 10.290s

OK
AUDITDEV|BASE|ce0331738970205a5aead4d3e0258eb7873a1642
AUDITDEV|FAIL|no changed audit-impact record covers tools/archive_day2_nursery_contact.py
AUDITDEV|FAIL|no changed audit-impact record covers tools/probe_day2_nursery_contact.gd
AUDITDEV|RESULT|2 ISSUE(S)
AUDIT DEVELOPMENT COVERAGE FAIL
