DOCAUTH|INVENTORY=586|LEDGER=586|ACTIVE=56|RECORDS=58
DOCAUTH|RESULT|ALL OK
AUDITDEV|BASE|285355eb9e09a29aa4ac53d36874e31419d4674e
AUDITDEV|RESULT|ALL OK
GAME2D| DEBT| model_files=0| model_scan_coverage_files=0| active_export_model_files=0| model_import_sidecars=0| active_untracked_model_import_sidecars=0| model_archive_files=0| production_3d_files=52| probe_3d_files=61| scene_3d_files=1| configuration_3d_files=1| archive_now_model_files=0
GAME2D| STATUS| UNSATISFIED
GAME2D| RESULT| NO_REGRESSION - exact shrinking baseline; migration debt remains UNSATISFIED
=== probe_alpha_milestone_save ===
Godot Engine v4.7.2.stable.official.ed1daf0bf - https://godotengine.org

ALPHA_SAVE|berry accepted 0: OK
ALPHA_SAVE|disk milestone chapter2_strawberry_mask: OK
ALPHA_SAVE|restart milestone chapter2_strawberry_mask: OK
ALPHA_SAVE|unknown keys retained: OK
ALPHA_SAVE|repeated berry cannot advance: OK
ALPHA_SAVE|berry accepted 1: OK
ALPHA_SAVE|disk milestone chapter2_strawberry_mask: OK
ALPHA_SAVE|restart milestone chapter2_strawberry_mask: OK
ALPHA_SAVE|unknown keys retained: OK
ALPHA_SAVE|repeated berry cannot advance: OK
ALPHA_SAVE|berry accepted 2: OK
ALPHA_SAVE|disk milestone chapter2_strawberry_mask: OK
ALPHA_SAVE|restart milestone chapter2_strawberry_mask: OK
ALPHA_SAVE|unknown keys retained: OK
ALPHA_SAVE|repeated berry cannot advance: OK
ALPHA_SAVE|berry accepted 3: OK
ALPHA_SAVE|disk milestone chapter2_strawberry_mask: OK
ALPHA_SAVE|restart milestone chapter2_strawberry_mask: OK
ALPHA_SAVE|unknown keys retained: OK
ALPHA_SAVE|repeated berry cannot advance: OK
ALPHA_SAVE|berry accepted 4: OK
ALPHA_SAVE|disk milestone chapter2_strawberry_mask: OK
ALPHA_SAVE|restart milestone chapter2_strawberry_mask: OK
ALPHA_SAVE|unknown keys retained: OK
ALPHA_SAVE|repeated berry cannot advance: OK
ALPHA_SAVE|phase accepted 6/0: OK
ALPHA_SAVE|disk milestone chapter2_job_phase_masks: OK
ALPHA_SAVE|restart milestone chapter2_job_phase_masks: OK
ALPHA_SAVE|unknown keys retained: OK
ALPHA_SAVE|disk milestone chapter2_cake_piece_mask: OK
ALPHA_SAVE|restart milestone chapter2_cake_piece_mask: OK
ALPHA_SAVE|unknown keys retained: OK
ALPHA_SAVE|phase accepted 6/1: OK
ALPHA_SAVE|disk milestone chapter2_job_phase_masks: OK
ALPHA_SAVE|restart milestone chapter2_job_phase_masks: OK
ALPHA_SAVE|unknown keys retained: OK
ALPHA_SAVE|disk milestone chapter2_cake_piece_mask: OK
ALPHA_SAVE|restart milestone chapter2_cake_piece_mask: OK
ALPHA_SAVE|unknown keys retained: OK
ALPHA_SAVE|phase accepted 6/2: OK
ALPHA_SAVE|disk milestone chapter2_job_phase_masks: OK
ALPHA_SAVE|restart milestone chapter2_job_phase_masks: OK
ALPHA_SAVE|unknown keys retained: OK
ALPHA_SAVE|disk milestone chapter2_cake_piece_mask: OK
ALPHA_SAVE|restart milestone chapter2_cake_piece_mask: OK
ALPHA_SAVE|unknown keys retained: OK
ALPHA_SAVE|party contribution accepted 6: OK
ALPHA_SAVE|disk milestone chapter2_party_piece_mask: OK
ALPHA_SAVE|restart milestone chapter2_party_piece_mask: OK
ALPHA_SAVE|unknown keys retained: OK
ALPHA_SAVE|phase accepted 0/0: OK
ALPHA_SAVE|disk milestone chapter2_job_phase_masks: OK
ALPHA_SAVE|restart milestone chapter2_job_phase_masks: OK
ALPHA_SAVE|unknown keys retained: OK
ALPHA_SAVE|disk milestone chapter2_cake_piece_mask: OK
ALPHA_SAVE|restart milestone chapter2_cake_piece_mask: OK
ALPHA_SAVE|unknown keys retained: OK
ALPHA_SAVE|phase accepted 0/1: OK
ALPHA_SAVE|disk milestone chapter2_job_phase_masks: OK
ALPHA_SAVE|restart milestone chapter2_job_phase_masks: OK
ALPHA_SAVE|unknown keys retained: OK
ALPHA_SAVE|disk milestone chapter2_cake_piece_mask: OK
ALPHA_SAVE|restart milestone chapter2_cake_piece_mask: OK
ALPHA_SAVE|unknown keys retained: OK
ALPHA_SAVE|phase accepted 0/2: OK
ALPHA_SAVE|disk milestone chapter2_job_phase_masks: OK
ALPHA_SAVE|restart milestone chapter2_job_phase_masks: OK
ALPHA_SAVE|unknown keys retained: OK
ALPHA_SAVE|disk milestone chapter2_cake_piece_mask: OK
ALPHA_SAVE|restart milestone chapter2_cake_piece_mask: OK
ALPHA_SAVE|unknown keys retained: OK
ALPHA_SAVE|phase accepted 0/3: OK
ALPHA_SAVE|disk milestone chapter2_job_phase_masks: OK
ALPHA_SAVE|restart milestone chapter2_job_phase_masks: OK
ALPHA_SAVE|unknown keys retained: OK
ALPHA_SAVE|disk milestone chapter2_cake_piece_mask: OK
ALPHA_SAVE|restart milestone chapter2_cake_piece_mask: OK
ALPHA_SAVE|unknown keys retained: OK
ALPHA_SAVE|phase accepted 0/4: OK
ALPHA_SAVE|disk milestone chapter2_job_phase_masks: OK
ALPHA_SAVE|restart milestone chapter2_job_phase_masks: OK
ALPHA_SAVE|unknown keys retained: OK
ALPHA_SAVE|disk milestone chapter2_cake_piece_mask: OK
ALPHA_SAVE|restart milestone chapter2_cake_piece_mask: OK
ALPHA_SAVE|unknown keys retained: OK
ALPHA_SAVE|party contribution accepted 0: OK
ALPHA_SAVE|disk milestone chapter2_party_piece_mask: OK
ALPHA_SAVE|restart milestone chapter2_party_piece_mask: OK
ALPHA_SAVE|unknown keys retained: OK
ALPHA_SAVE|phase accepted 3/0: OK
ALPHA_SAVE|disk milestone chapter2_job_phase_masks: OK
ALPHA_SAVE|restart milestone chapter2_job_phase_masks: OK
ALPHA_SAVE|unknown keys retained: OK
ALPHA_SAVE|disk milestone chapter2_cake_piece_mask: OK
ALPHA_SAVE|restart milestone chapter2_cake_piece_mask: OK
ALPHA_SAVE|unknown keys retained: OK
ALPHA_SAVE|phase accepted 3/1: OK
ALPHA_SAVE|disk milestone chapter2_job_phase_masks: OK
ALPHA_SAVE|restart milestone chapter2_job_phase_masks: OK
ALPHA_SAVE|unknown keys retained: OK
ALPHA_SAVE|disk milestone chapter2_cake_piece_mask: OK
ALPHA_SAVE|restart milestone chapter2_cake_piece_mask: OK
ALPHA_SAVE|unknown keys retained: OK
ALPHA_SAVE|phase accepted 3/2: OK
ALPHA_SAVE|disk milestone chapter2_job_phase_masks: OK
ALPHA_SAVE|restart milestone chapter2_job_phase_masks: OK
ALPHA_SAVE|unknown keys retained: OK
ALPHA_SAVE|disk milestone chapter2_cake_piece_mask: OK
ALPHA_SAVE|restart milestone chapter2_cake_piece_mask: OK
ALPHA_SAVE|unknown keys retained: OK
ALPHA_SAVE|phase accepted 3/3: OK
ALPHA_SAVE|disk milestone chapter2_job_phase_masks: OK
ALPHA_SAVE|restart milestone chapter2_job_phase_masks: OK
ALPHA_SAVE|unknown keys retained: OK
ALPHA_SAVE|disk milestone chapter2_cake_piece_mask: OK
ALPHA_SAVE|restart milestone chapter2_cake_piece_mask: OK
ALPHA_SAVE|unknown keys retained: OK
ALPHA_SAVE|party contribution accepted 3: OK
ALPHA_SAVE|disk milestone chapter2_party_piece_mask: OK
ALPHA_SAVE|restart milestone chapter2_party_piece_mask: OK
ALPHA_SAVE|unknown keys retained: OK
ALPHA_SAVE|phase accepted 10/0: OK
ALPHA_SAVE|disk milestone chapter2_job_phase_masks: OK
ALPHA_SAVE|restart milestone chapter2_job_phase_masks: OK
ALPHA_SAVE|unknown keys retained: OK
ALPHA_SAVE|disk milestone chapter2_cake_piece_mask: OK
ALPHA_SAVE|restart milestone chapter2_cake_piece_mask: OK
ALPHA_SAVE|unknown keys retained: OK
ALPHA_SAVE|phase accepted 10/1: OK
ALPHA_SAVE|disk milestone chapter2_job_phase_masks: OK
ALPHA_SAVE|restart milestone chapter2_job_phase_masks: OK
ALPHA_SAVE|unknown keys retained: OK
ALPHA_SAVE|disk milestone chapter2_cake_piece_mask: OK
ALPHA_SAVE|restart milestone chapter2_cake_piece_mask: OK
ALPHA_SAVE|unknown keys retained: OK
ALPHA_SAVE|phase accepted 10/2: OK
ALPHA_SAVE|disk milestone chapter2_job_phase_masks: OK
ALPHA_SAVE|restart milestone chapter2_job_phase_masks: OK
ALPHA_SAVE|unknown keys retained: OK
ALPHA_SAVE|disk milestone chapter2_cake_piece_mask: OK
ALPHA_SAVE|restart milestone chapter2_cake_piece_mask: OK
ALPHA_SAVE|unknown keys retained: OK
ALPHA_SAVE|party contribution accepted 10: OK
ALPHA_SAVE|disk milestone chapter2_party_piece_mask: OK
ALPHA_SAVE|restart milestone chapter2_party_piece_mask: OK
ALPHA_SAVE|unknown keys retained: OK
ALPHA_SAVE|phase accepted 2/0: OK
ALPHA_SAVE|disk milestone chapter2_job_phase_masks: OK
ALPHA_SAVE|restart milestone chapter2_job_phase_masks: OK
ALPHA_SAVE|unknown keys retained: OK
ALPHA_SAVE|disk milestone chapter2_cake_piece_mask: OK
ALPHA_SAVE|restart milestone chapter2_cake_piece_mask: OK
ALPHA_SAVE|unknown keys retained: OK
ALPHA_SAVE|phase accepted 2/1: OK
ALPHA_SAVE|disk milestone chapter2_job_phase_masks: OK
ALPHA_SAVE|restart milestone chapter2_job_phase_masks: OK
ALPHA_SAVE|unknown keys retained: OK
ALPHA_SAVE|disk milestone chapter2_cake_piece_mask: OK
ALPHA_SAVE|restart milestone chapter2_cake_piece_mask: OK
ALPHA_SAVE|unknown keys retained: OK
ALPHA_SAVE|phase accepted 2/2: OK
ALPHA_SAVE|disk milestone chapter2_job_phase_masks: OK
ALPHA_SAVE|restart milestone chapter2_job_phase_masks: OK
ALPHA_SAVE|unknown keys retained: OK
ALPHA_SAVE|disk milestone chapter2_cake_piece_mask: OK
ALPHA_SAVE|restart milestone chapter2_cake_piece_mask: OK
ALPHA_SAVE|unknown keys retained: OK
ALPHA_SAVE|plot contribution accepted 2: OK
ALPHA_SAVE|disk milestone chapter2_party_piece_mask: OK
ALPHA_SAVE|restart milestone chapter2_party_piece_mask: OK
ALPHA_SAVE|unknown keys retained: OK
ALPHA_SAVE|phase accepted 13/0: OK
ALPHA_SAVE|disk milestone chapter2_job_phase_masks: OK
ALPHA_SAVE|restart milestone chapter2_job_phase_masks: OK
ALPHA_SAVE|unknown keys retained: OK
ALPHA_SAVE|disk milestone chapter2_cake_piece_mask: OK
ALPHA_SAVE|restart milestone chapter2_cake_piece_mask: OK
ALPHA_SAVE|unknown keys retained: OK
ALPHA_SAVE|phase accepted 13/1: OK
ALPHA_SAVE|disk milestone chapter2_job_phase_masks: OK
ALPHA_SAVE|restart milestone chapter2_job_phase_masks: OK
ALPHA_SAVE|unknown keys retained: OK
ALPHA_SAVE|disk milestone chapter2_cake_piece_mask: OK
ALPHA_SAVE|restart milestone chapter2_cake_piece_mask: OK
ALPHA_SAVE|unknown keys retained: OK
ALPHA_SAVE|phase accepted 13/2: OK
ALPHA_SAVE|disk milestone chapter2_job_phase_masks: OK
ALPHA_SAVE|restart milestone chapter2_job_phase_masks: OK
ALPHA_SAVE|unknown keys retained: OK
ALPHA_SAVE|disk milestone chapter2_cake_piece_mask: OK
ALPHA_SAVE|restart milestone chapter2_cake_piece_mask: OK
ALPHA_SAVE|unknown keys retained: OK
ALPHA_SAVE|phase accepted 13/3: OK
ALPHA_SAVE|disk milestone chapter2_job_phase_masks: OK
ALPHA_SAVE|restart milestone chapter2_job_phase_masks: OK
ALPHA_SAVE|unknown keys retained: OK
ALPHA_SAVE|disk milestone chapter2_cake_piece_mask: OK
ALPHA_SAVE|restart milestone chapter2_cake_piece_mask: OK
ALPHA_SAVE|unknown keys retained: OK
ALPHA_SAVE|party contribution accepted 13: OK
ALPHA_SAVE|disk milestone chapter2_party_piece_mask: OK
ALPHA_SAVE|restart milestone chapter2_party_piece_mask: OK
ALPHA_SAVE|unknown keys retained: OK
ALPHA_SAVE|phase accepted 11/0: OK
ALPHA_SAVE|disk milestone chapter2_job_phase_masks: OK
ALPHA_SAVE|restart milestone chapter2_job_phase_masks: OK
ALPHA_SAVE|unknown keys retained: OK
ALPHA_SAVE|disk milestone chapter2_cake_piece_mask: OK
ALPHA_SAVE|restart milestone chapter2_cake_piece_mask: OK
ALPHA_SAVE|unknown keys retained: OK
ALPHA_SAVE|phase accepted 11/1: OK
ALPHA_SAVE|disk milestone chapter2_job_phase_masks: OK
ALPHA_SAVE|restart milestone chapter2_job_phase_masks: OK
ALPHA_SAVE|unknown keys retained: OK
ALPHA_SAVE|disk milestone chapter2_cake_piece_mask: OK
ALPHA_SAVE|restart milestone chapter2_cake_piece_mask: OK
ALPHA_SAVE|unknown keys retained: OK
ALPHA_SAVE|phase accepted 11/2: OK
ALPHA_SAVE|disk milestone chapter2_job_phase_masks: OK
ALPHA_SAVE|restart milestone chapter2_job_phase_masks: OK
ALPHA_SAVE|unknown keys retained: OK
ALPHA_SAVE|disk milestone chapter2_cake_piece_mask: OK
ALPHA_SAVE|restart milestone chapter2_cake_piece_mask: OK
ALPHA_SAVE|unknown keys retained: OK
ALPHA_SAVE|phase accepted 11/3: OK
ALPHA_SAVE|disk milestone chapter2_job_phase_masks: OK
ALPHA_SAVE|restart milestone chapter2_job_phase_masks: OK
ALPHA_SAVE|unknown keys retained: OK
ALPHA_SAVE|disk milestone chapter2_cake_piece_mask: OK
ALPHA_SAVE|restart milestone chapter2_cake_piece_mask: OK
ALPHA_SAVE|unknown keys retained: OK
ALPHA_SAVE|party contribution accepted 11: OK
ALPHA_SAVE|disk milestone chapter2_party_piece_mask: OK
ALPHA_SAVE|restart milestone chapter2_party_piece_mask: OK
ALPHA_SAVE|unknown keys retained: OK
ALPHA_SAVE|phase accepted 1/0: OK
ALPHA_SAVE|disk milestone chapter2_job_phase_masks: OK
ALPHA_SAVE|restart milestone chapter2_job_phase_masks: OK
ALPHA_SAVE|unknown keys retained: OK
ALPHA_SAVE|disk milestone chapter2_cake_piece_mask: OK
ALPHA_SAVE|restart milestone chapter2_cake_piece_mask: OK
ALPHA_SAVE|unknown keys retained: OK
ALPHA_SAVE|phase accepted 1/1: OK
ALPHA_SAVE|disk milestone chapter2_job_phase_masks: OK
ALPHA_SAVE|restart milestone chapter2_job_phase_masks: OK
ALPHA_SAVE|unknown keys retained: OK
ALPHA_SAVE|disk milestone chapter2_cake_piece_mask: OK
ALPHA_SAVE|restart milestone chapter2_cake_piece_mask: OK
ALPHA_SAVE|unknown keys retained: OK
ALPHA_SAVE|phase accepted 1/2: OK
ALPHA_SAVE|disk milestone chapter2_job_phase_masks: OK
ALPHA_SAVE|restart milestone chapter2_job_phase_masks: OK
ALPHA_SAVE|unknown keys retained: OK
ALPHA_SAVE|disk milestone chapter2_cake_piece_mask: OK
ALPHA_SAVE|restart milestone chapter2_cake_piece_mask: OK
ALPHA_SAVE|unknown keys retained: OK
ALPHA_SAVE|plot contribution accepted 1: OK
ALPHA_SAVE|disk milestone chapter2_party_piece_mask: OK
ALPHA_SAVE|restart milestone chapter2_party_piece_mask: OK
ALPHA_SAVE|unknown keys retained: OK
ALPHA_SAVE|art material accepted brushes: OK
ALPHA_SAVE|disk milestone day_one_art_collected_materials: OK
ALPHA_SAVE|restart milestone day_one_art_collected_materials: OK
ALPHA_SAVE|unknown keys retained: OK
ALPHA_SAVE|art material accepted pink_paint: OK
ALPHA_SAVE|disk milestone day_one_art_collected_materials: OK
ALPHA_SAVE|restart milestone day_one_art_collected_materials: OK
ALPHA_SAVE|unknown keys retained: OK
ALPHA_SAVE|art material accepted blue_paint: OK
ALPHA_SAVE|disk milestone day_one_art_collected_materials: OK
ALPHA_SAVE|restart milestone day_one_art_collected_materials: OK
ALPHA_SAVE|unknown keys retained: OK
ALPHA_SAVE|art material accepted paint_cups: OK
ALPHA_SAVE|disk milestone day_one_art_collected_materials: OK
ALPHA_SAVE|restart milestone day_one_art_collected_materials: OK
ALPHA_SAVE|unknown keys retained: OK
ALPHA_SAVE|art grime accepted left_counter: OK
ALPHA_SAVE|disk milestone day_one_art_cleaned_grime: OK
ALPHA_SAVE|restart milestone day_one_art_cleaned_grime: OK
ALPHA_SAVE|unknown keys retained: OK
ALPHA_SAVE|art grime accepted desk_counter: OK
ALPHA_SAVE|disk milestone day_one_art_cleaned_grime: OK
ALPHA_SAVE|restart milestone day_one_art_cleaned_grime: OK
ALPHA_SAVE|unknown keys retained: OK
ALPHA_SAVE|art grime accepted right_counter: OK
ALPHA_SAVE|disk milestone day_one_art_cleaned_grime: OK
ALPHA_SAVE|restart milestone day_one_art_cleaned_grime: OK
ALPHA_SAVE|unknown keys retained: OK
ALPHA_SAVE|disk milestone day_one_pool_skimmer_mask: OK
ALPHA_SAVE|restart milestone day_one_pool_skimmer_mask: OK
ALPHA_SAVE|unknown keys retained: OK
ALPHA_SAVE|disk milestone day_one_pool_skimmer_mask: OK
ALPHA_SAVE|restart milestone day_one_pool_skimmer_mask: OK
ALPHA_SAVE|unknown keys retained: OK
ALPHA_SAVE|disk milestone day_one_pool_skimmer_mask: OK
ALPHA_SAVE|restart milestone day_one_pool_skimmer_mask: OK
ALPHA_SAVE|unknown keys retained: OK
ALPHA_SAVE|disk milestone day_one_pool_skimmer_mask: OK
ALPHA_SAVE|restart milestone day_one_pool_skimmer_mask: OK
ALPHA_SAVE|unknown keys retained: OK
ALPHA_SAVE|disk milestone day_one_pool_skimmer_mask: OK
ALPHA_SAVE|restart milestone day_one_pool_skimmer_mask: OK
ALPHA_SAVE|unknown keys retained: OK
ALPHA_SAVE|disk milestone day_one_pool_skimmer_mask: OK
ALPHA_SAVE|restart milestone day_one_pool_skimmer_mask: OK
ALPHA_SAVE|unknown keys retained: OK
ALPHA_SAVE|continuous unearned pool updates do not rewrite the disk save: OK
ALPHA_SAVE|disk milestone day_one_pool_waterfall_mask: OK
ALPHA_SAVE|restart milestone day_one_pool_waterfall_mask: OK
ALPHA_SAVE|unknown keys retained: OK
ALPHA_SAVE|disk milestone day_one_pool_waterfall_mask: OK
ALPHA_SAVE|restart milestone day_one_pool_waterfall_mask: OK
ALPHA_SAVE|unknown keys retained: OK
ALPHA_SAVE|disk milestone day_one_pool_waterfall_mask: OK
ALPHA_SAVE|restart milestone day_one_pool_waterfall_mask: OK
ALPHA_SAVE|unknown keys retained: OK
ALPHA_SAVE|disk milestone day_one_pool_seahorse_tugs: OK
ALPHA_SAVE|restart milestone day_one_pool_seahorse_tugs: OK
ALPHA_SAVE|unknown keys retained: OK
ALPHA_SAVE|disk milestone day_one_pool_seahorse_tugs: OK
ALPHA_SAVE|restart milestone day_one_pool_seahorse_tugs: OK
ALPHA_SAVE|unknown keys retained: OK
ALPHA_SAVE|disk milestone day_one_pool_seahorse_tugs: OK
ALPHA_SAVE|restart milestone day_one_pool_seahorse_tugs: OK
ALPHA_SAVE|unknown keys retained: OK
ALPHA_SAVE|disk milestone day_one_pool_seahorse_tugs: OK
ALPHA_SAVE|restart milestone day_one_pool_seahorse_tugs: OK
ALPHA_SAVE|unknown keys retained: OK
ALPHA_SAVE|disk milestone day_one_pool_seahorse_tugs: OK
ALPHA_SAVE|restart milestone day_one_pool_seahorse_tugs: OK
ALPHA_SAVE|unknown keys retained: OK
ALPHA_SAVE|disk milestone day_one_pool_seahorse_tugs: OK
ALPHA_SAVE|restart milestone day_one_pool_seahorse_tugs: OK
ALPHA_SAVE|unknown keys retained: OK
ALPHA_SAVE|disk milestone day_one_pool_seahorse_tugs: OK
ALPHA_SAVE|restart milestone day_one_pool_seahorse_tugs: OK
ALPHA_SAVE|unknown keys retained: OK
ALPHA_SAVE|disk milestone day_one_pool_seahorse_tugs: OK
ALPHA_SAVE|restart milestone day_one_pool_seahorse_tugs: OK
ALPHA_SAVE|unknown keys retained: OK
ALPHA_SAVE|RESULT: ALL OK
PROBE probe_alpha_milestone_save process exit: 0
=== probe_day_one_pool_cleanup ===
Godot Engine v4.7.2.stable.official.ed1daf0bf - https://godotengine.org

DAY_ONE_POOL|seahorse stem stays in mouth through restored/slow/rapid/stopped tugs (208.75, 241.25): OK
DAY_ONE_POOL|socket animation preserves partial progress without completing: OK
DAY_ONE_POOL|seahorse stem stays in mouth through restored/slow/rapid/stopped tugs (400.0, 160.0): OK
DAY_ONE_POOL|socket animation preserves partial progress without completing: OK
DAY_ONE_POOL|seahorse stem stays in mouth through restored/slow/rapid/stopped tugs (120.0, 360.0): OK
DAY_ONE_POOL|socket animation preserves partial progress without completing: OK
DAY_ONE_POOL|off-target seahorse taps never earn rescue (208.75, 241.25): OK
DAY_ONE_POOL|held/secondary seahorse presses preserve the first owner (208.75, 241.25): OK
DAY_ONE_POOL|canceled press earns nothing and releases its owner (208.75, 241.25): OK
DAY_ONE_POOL|eight deliberate seahorse taps start one rescue (208.75, 241.25): OK
DAY_ONE_POOL|off-target seahorse taps never earn rescue (400.0, 160.0): OK
DAY_ONE_POOL|held/secondary seahorse presses preserve the first owner (400.0, 160.0): OK
DAY_ONE_POOL|canceled press earns nothing and releases its owner (400.0, 160.0): OK
DAY_ONE_POOL|eight deliberate seahorse taps start one rescue (400.0, 160.0): OK
DAY_ONE_POOL|off-target seahorse taps never earn rescue (120.0, 360.0): OK
DAY_ONE_POOL|held/secondary seahorse presses preserve the first owner (120.0, 360.0): OK
DAY_ONE_POOL|canceled press earns nothing and releases its owner (120.0, 360.0): OK
DAY_ONE_POOL|eight deliberate seahorse taps start one rescue (120.0, 360.0): OK
DAY_ONE_POOL|contact action accepts one deliberate job: OK
DAY_ONE_POOL|a second job cannot steal the active approach: OK
DAY_ONE_POOL|travel and waiting never award before hand contact: OK
DAY_ONE_POOL|arrival and local work complete exactly once: OK
DAY_ONE_POOL|focus interruption cancels unearned local work: OK
DAY_ONE_POOL|seahorse tap requests work without instant credit: OK
DAY_ONE_POOL|seahorse earns one tug after real contact: OK
DAY_ONE_POOL|waterfall tap waits for contact and rejects a second job: OK
DAY_ONE_POOL|canceled waterfall work earns no progress: OK
DAY_ONE_POOL|waterfall earns one local scrub after arrival: OK
DAY_ONE_POOL|quick waterfall swipe waits for contact without remote credit: OK
DAY_ONE_POOL|released quick stroke completes locally and frees its owner: OK
DAY_ONE_POOL|waterfall accepts the next gesture after a quick stroke: OK
DAY_ONE_POOL|trash 0 sampled region contains the complete measured subject: OK
DAY_ONE_POOL|trash 0 live texture has transparent sampled edges without neighbor pixels: OK
DAY_ONE_POOL|trash 1 sampled region contains the complete measured subject: OK
DAY_ONE_POOL|trash 1 live texture has transparent sampled edges without neighbor pixels: OK
DAY_ONE_POOL|both wrapper and can live textures were checked: OK
DAY_ONE_POOL|three bespoke ordered activities: OK
DAY_ONE_POOL|dirty arrival starts skimmer only: OK
DAY_ONE_POOL|dirty arrival hides pristine rainbow and flow: OK
DAY_ONE_POOL|canvas no-fail contract: OK
DAY_ONE_POOL|pool has exact pickup and lane cue wiring: OK
DAY_ONE_POOL|pool has monotonic seahorse milestones and finale cues: OK
DAY_ONE_POOL|pool activity has no generic voice fallback: OK
DAY_ONE_POOL|one visible Roshan owns the held skimmer: OK
DAY_ONE_POOL|far touch cannot collect remotely: OK
DAY_ONE_POOL|Roshan travels at bounded speed before collection: OK
DAY_ONE_POOL|second finger cannot steal cleaning target: OK
DAY_ONE_POOL|canceled touch cannot finish later: OK
DAY_ONE_POOL|scoop keeps hand attached before awarding progress: OK
DAY_ONE_POOL|scoop keeps hand attached before awarding progress: OK
DAY_ONE_POOL|scoop keeps hand attached before awarding progress: OK
DAY_ONE_POOL|scoop keeps hand attached before awarding progress: OK
DAY_ONE_POOL|scoop keeps hand attached before awarding progress: OK
DAY_ONE_POOL|scoop keeps hand attached before awarding progress: OK
DAY_ONE_POOL|scoop keeps hand attached before awarding progress: OK
DAY_ONE_POOL|scoop keeps hand attached before awarding progress: OK
DAY_ONE_POOL|scoop keeps hand attached before awarding progress: OK
DAY_ONE_POOL|scoop keeps hand attached before awarding progress: OK
DAY_ONE_POOL|scoop keeps hand attached before awarding progress: OK
DAY_ONE_POOL|scoop keeps hand attached before awarding progress: OK
DAY_ONE_POOL|scoop keeps hand attached before awarding progress: OK
DAY_ONE_POOL|scoop keeps hand attached before awarding progress: OK
DAY_ONE_POOL|scoop keeps hand attached before awarding progress: OK
DAY_ONE_POOL|scoop keeps hand attached before awarding progress: OK
DAY_ONE_POOL|scoop keeps hand attached before awarding progress: OK
DAY_ONE_POOL|scoop keeps hand attached before awarding progress: OK
DAY_ONE_POOL|scoop keeps hand attached before awarding progress: OK
DAY_ONE_POOL|scoop keeps hand attached before awarding progress: OK
DAY_ONE_POOL|scoop keeps hand attached before awarding progress: OK
DAY_ONE_POOL|scoop keeps hand attached before awarding progress: OK
DAY_ONE_POOL|scoop keeps hand attached before awarding progress: OK
DAY_ONE_POOL|scoop keeps hand attached before awarding progress: OK
DAY_ONE_POOL|scoop keeps hand attached before awarding progress: OK
DAY_ONE_POOL|quick tap travels then visibly scoops exactly one item: OK
DAY_ONE_POOL|stop restores room actor at the action location: OK
DAY_ONE_POOL|re-entry and focus cancellation retain only completed work: OK
DAY_ONE_POOL|drag retarget cancels old work and slow frames never teleport: OK
DAY_ONE_POOL|cleaner retains selected fairy cutout and hand socket: OK
DAY_ONE_POOL|cleaner retains selected huluu cutout and hand socket: OK
DAY_ONE_POOL|restored complete mask never creates a second Roshan: OK
DAY_ONE_POOL|exact pool bunny cast keeps one land and one swimmer: OK
DAY_ONE_POOL|swimmer remains inside central water with a simple 2D loop: OK
DAY_ONE_POOL|runtime asset pool_skimmer.png: OK
DAY_ONE_POOL|runtime asset floating_trash_atlas.png: OK
DAY_ONE_POOL|runtime asset cleanup_basket.png: OK
DAY_ONE_POOL|runtime asset waterfall_clogged_original_match.png: OK
DAY_ONE_POOL|runtime asset waterfall_scrubber.png: OK
DAY_ONE_POOL|runtime asset seahorse_sick_clear_mouth.png: OK
DAY_ONE_POOL|runtime asset seahorse_mouth_trash.png: OK
DAY_ONE_POOL|runtime asset rumi_pool_idle_swim_atlas.png: OK
DAY_ONE_POOL|runtime asset rumi_eight_pose_runtime.png: OK
DAY_ONE_POOL|runtime asset dust_bunny_swimming.png: OK
DAY_ONE_POOL|restored complete pool activities emit once: OK
DAY_ONE_POOL|re-entered complete pool activities stay one-shot: OK
DAY_ONE_POOL|passive demo never advances: OK
DAY_ONE_POOL|skimmer activity accepts six real collections: OK
DAY_ONE_POOL|skimmer completion persists and unlocks waterfall: OK
DAY_ONE_POOL|dirty waterfall is registered to live V4 fixture: OK
DAY_ONE_POOL|clean stripe feedback sits above dirty waterfall lanes: OK
DAY_ONE_POOL|static clean card under scrub lanes but flow remains stopped: OK
DAY_ONE_POOL|waterfall activity clears three independent lanes: OK
DAY_ONE_POOL|waterfall completion persists and unlocks seahorse: OK
DAY_ONE_POOL|sick seahorse uses exact live V4 fixture bounds: OK
DAY_ONE_POOL|rainbow animation still waits for rescue finale: OK
DAY_ONE_POOL|one seahorse tap advances monotonically: OK
DAY_ONE_POOL|partial tug saves without premature finale: OK
DAY_ONE_POOL|remaining rapid taps start causal extraction: OK
DAY_ONE_POOL|seahorse extraction completes legacy step four: OK
DAY_ONE_POOL|finale creates approved Rumi reveal: OK
DAY_ONE_POOL|ambient swimmer yields the finale focal point: OK
DAY_ONE_POOL|Rumi performs authored wave after rising: OK
DAY_ONE_POOL|Rumi settles into authored idle: OK
DAY_ONE_POOL|teardown frees cleanup: OK
DAY_ONE_POOL|teardown restores clean fixtures: OK
DAY_ONE_POOL|RESULT: PASS checks_failed=0
PROBE probe_day_one_pool_cleanup process exit: 0
=== probe_day_one_integration ===
Godot Engine v4.7.2.stable.official.ed1daf0bf - https://godotengine.org

DAY_ONE_INTEGRATION|director uses ReefMain state owner: OK
DAY_ONE_INTEGRATION|Day One starts with jobs and opera locked: OK
DAY_ONE_INTEGRATION|only physical bathroom route starts unlocked: OK
DAY_ONE_INTEGRATION|completion advances the physical castle route: OK
DAY_ONE_INTEGRATION|Day Two cannot bypass the real boss defeat: OK
DAY_ONE_INTEGRATION|remaining physical rooms arm the real boss boundary: OK
DAY_ONE_INTEGRATION|the recorded boss defeat starts Chapter 2 before Day Two: OK
DAY_ONE_INTEGRATION|Day Two policy releases rooms, jobs, and opera: OK
DAY_ONE_INTEGRATION|save normalization cannot skip the room order: OK
DAY_ONE_INTEGRATION|exact origin Day-Two terminal backfills the boss defeat: OK
DAY_ONE_INTEGRATION|Day-Two migration preserves independent Chapter 3 door state: OK
DAY_ONE_INTEGRATION|inactive or unlocked legacy data alone cannot invent a defeat: OK
DAY_ONE_INTEGRATION|wiring source is readable: res://scripts/main.gd: OK
DAY_ONE_INTEGRATION|wired main.gd -> DayOneDirector.new(self): OK
DAY_ONE_INTEGRATION|wired main.gd -> func day_one_try_enter_castle_room: OK
DAY_ONE_INTEGRATION|wired main.gd -> func day_one_activate_castle_room: OK
DAY_ONE_INTEGRATION|wired main.gd -> _day_one_begin_arrival(): OK
DAY_ONE_INTEGRATION|wired main.gd -> _day_one_discover_dirty_castle(): OK
DAY_ONE_INTEGRATION|wired main.gd -> _start_game(dust_boss_fr): OK
DAY_ONE_INTEGRATION|wiring source is readable: res://scripts/save_state.gd: OK
DAY_ONE_INTEGRATION|wired save_state.gd -> m._day_one_ref().restore_state(m.save_data): OK
DAY_ONE_INTEGRATION|wired save_state.gd -> m._day_one_ref().serialize_state(): OK
DAY_ONE_INTEGRATION|wired save_state.gd -> DayOneDirector.normalise_save_patch(raw): OK
DAY_ONE_INTEGRATION|wiring source is readable: res://scripts/arena/castle_rooms_25d.gd: OK
DAY_ONE_INTEGRATION|wired castle_rooms_25d.gd -> m.day_one_try_enter_castle_room(start_room): OK
DAY_ONE_INTEGRATION|wired castle_rooms_25d.gd -> m.day_one_try_enter_castle_room(room_id): OK
DAY_ONE_INTEGRATION|wired castle_rooms_25d.gd -> m.day_one_activate_castle_room(m.castle_room_id): OK
DAY_ONE_INTEGRATION|wired castle_rooms_25d.gd -> m._day_one_attach_castle_dressing(): OK
DAY_ONE_INTEGRATION|wired castle_rooms_25d.gd -> m._day_one_clear_castle_dressing(): OK
DAY_ONE_INTEGRATION|wiring source is readable: res://scripts/castle_career_routes.gd: OK
DAY_ONE_INTEGRATION|wired castle_career_routes.gd -> m.day_one_jobs_locked(): OK
DAY_ONE_INTEGRATION|wiring source is readable: res://scripts/games/dust_boss.gd: OK
DAY_ONE_INTEGRATION|wired dust_boss.gd -> m.day_one_complete_boss_and_begin_day_two(): OK
DAY_ONE_INTEGRATION|wired dust_boss.gd -> m._end_game(true, fr: OK
DAY_ONE_INTEGRATION|RESULT: PASS failures=0
PROBE probe_day_one_integration process exit: 0
=== probe_passive ===
Godot Engine v4.7.2.stable.official.ed1daf0bf - https://godotengine.org

PASSIVE|boot OK
PASSIVE|Chapter Two snapshot mutation contract: OK all 26 fields detected
PASSIVE|Day One snapshot contract: OK serialized fields covered
PASSIVE|Critter Book: OK not collected
PASSIVE|Evie and Lamb-a' [seek]: OK active and unrewarded at 60s
PASSIVE|Harper and Fiona [slide]: OK active and unrewarded at 60s
PASSIVE|Faron [dolls]: OK active and unrewarded at 60s
PASSIVE|Daddy Mermaid [melody]: OK active and unrewarded at 60s
PASSIVE|Wacky and Chuck [fetch]: OK active and unrewarded at 60s
PASSIVE|Pearl Shop agency: OK idle/held safe; fresh press buys once
PASSIVE|Penguin Slide agency: OK passive restarts; exits are neutral
PASSIVE|Fairy agency: OK terminal bloom waits for a fresh verb
PASSIVE|Toy Castle agency: OK Huluu stuns, only Roshan's tap pops
PASSIVE|Stuffie patient care: OK present, unchanged, and optional after 181s
PASSIVE|Water FX: OK ambient channels proc nothing
PASSIVE|result: ALL OK
PROBE probe_passive process exit: 0
=== probe_load ===
Godot Engine v4.7.2.stable.official.ed1daf0bf - https://godotengine.org

save debounce cap (>4.0s forced flush): OK
loaded trophies: 0/5  finale_done: false
crafted fish data restored: 1
released tank friend data restored: turtle
Critter Book restored: coral_clownfish
castle logo restored: purple puppy
legacy resting companion recovered intact on first launch
sparse Opera mask restored intact on first launch
legacy Butterfly World access grandfathered on first launch
legacy companion save rewrote only the retired resting flag
legacy resting companion recovered intact on second launch
sparse Opera mask restored intact on second launch
legacy Butterfly World access grandfathered on second launch
Day One Continue lands in a live bathroom (60/60 world frames, no rebuilds)
Day One empty-world watchdog converges once (no per-frame rebuild)
PROBE probe_load process exit: 0
=== probe_save_recovery ===
Godot Engine v4.7.2.stable.official.ed1daf0bf - https://godotengine.org

SAVE_RECOVERY|OK: primary created
SAVE_RECOVERY|OK: backup created on first write
SAVE_RECOVERY|OK: schema version added
SAVE_RECOVERY|OK: unknown dictionary preserved
SAVE_RECOVERY|OK: Classic touch preference serialized
SAVE_RECOVERY|OK: unknown array preserved
SAVE_RECOVERY|OK: dungeon checkpoint serialized
SAVE_RECOVERY|OK: raw sparse Opera mask serialized
SAVE_RECOVERY|OK: Opera progress counts only live bits
SAVE_RECOVERY|OK: new primary installed
SAVE_RECOVERY|OK: backup retains last known-good primary
SAVE_RECOVERY|OK: Hybrid touch preference serialized
SAVE_RECOVERY|OK: touch rollback preference survives in backup
SAVE_RECOVERY|OK: unknown key survives another write
SAVE_RECOVERY|OK: dungeon completion serialized and clamped
SAVE_RECOVERY|OK: retired Opera bits survive a rewrite
SAVE_RECOVERY|OK: complete Opera progress is thirteen live careers
SAVE_RECOVERY|OK: Opera backup retains prior sparse mask semantics
SAVE_RECOVERY|OK: fresh reader reloads dungeon completion
SAVE_RECOVERY|OK: fresh reader reloads effective Opera completion
SAVE_RECOVERY|OK: fresh reader reloads touch preference
SAVE_RECOVERY|OK: old save receives additive Teacher learning defaults
SAVE_RECOVERY|OK: old save receives empty Teacher lesson checkpoint
SAVE_RECOVERY|OK: Teacher learning progress survives JSON disk round-trip
SAVE_RECOVERY|OK: Teacher lesson checkpoint survives JSON disk round-trip
SAVE_RECOVERY|OK: Teacher save normalization preserves unrelated keys
SAVE_RECOVERY|OK: invalid Teacher checkpoint heals without losing unrelated keys
SAVE_RECOVERY|OK: invalid Teacher checkpoint heals without losing unrelated keys
SAVE_RECOVERY|OK: invalid Teacher checkpoint heals without losing unrelated keys
SAVE_RECOVERY|OK: invalid Teacher checkpoint heals without losing unrelated keys
SAVE_RECOVERY|OK: truncated primary found a clean recovery copy
SAVE_RECOVERY|OK: backup selected after truncation
SAVE_RECOVERY|OK: backup progress recovered
SAVE_RECOVERY|OK: backup dungeon checkpoint recovered
SAVE_RECOVERY|OK: primary repaired from backup
SAVE_RECOVERY|OK: repaired primary is readable
SAVE_RECOVERY|OK: wrong known type falls back to clean backup
SAVE_RECOVERY|OK: incomplete primary falls back to complete backup
SAVE_RECOVERY|OK: noncritical damage keeps newer primary
SAVE_RECOVERY|OK: noncritical repair preserves newer progress
SAVE_RECOVERY|OK: invalid touch preference repairs to Hybrid
SAVE_RECOVERY|OK: future schema recognized
WARNING: SaveState: writes disabled — the save on disk uses a newer schema than this build; the newer save is preserved and progress stays in memory
   at: push_warning (core/variant/variant_utility.cpp:1033)
   GDScript backtrace (most recent call first):
       [0] write_save (res://scripts/save_state.gd:236)
       [1] _init (res://scripts/probe_save_recovery.gd:176)
SAVE_RECOVERY|OK: write against a future primary reports failure
SAVE_RECOVERY|OK: fresh writer leaves future schema byte-for-byte untouched
SAVE_RECOVERY|OK: future backup outranks older clean temp
SAVE_RECOVERY|OK: baseline write succeeds
SAVE_RECOVERY|OK: stale future temp does not disable writes
SAVE_RECOVERY|OK: write landed despite stale future temp
SAVE_RECOVERY|OK: stale future temp does not hijack load selection
SAVE_RECOVERY|OK: core-quartet fixture written
SAVE_RECOVERY|OK: save missing a newly-added key is still clean
SAVE_RECOVERY|OK: missing key restored with its default
SAVE_RECOVERY|OK: pre-Critter-Book save defaults critters without demotion
SAVE_RECOVERY|OK: pre-touch-mode save defaults to Hybrid
SAVE_RECOVERY|OK: no demotion: newest progress kept
SAVE_RECOVERY|OK: pre-Geologist save defaults geology checkpoint to empty
SAVE_RECOVERY|OK: Geologist checkpoint fixture written
SAVE_RECOVERY|OK: valid Geologist checkpoint survives JSON disk round-trip
SAVE_RECOVERY|OK: checkpoint and save preserve unrelated keys
SAVE_RECOVERY|OK: invalid Geologist checkpoint schema heals to empty
SAVE_RECOVERY|OK: invalid checkpoint healing retains unrelated key
SAVE_RECOVERY|OK: invalid Geologist checkpoint schema heals to empty
SAVE_RECOVERY|OK: invalid checkpoint healing retains unrelated key
SAVE_RECOVERY|OK: invalid Geologist checkpoint schema heals to empty
SAVE_RECOVERY|OK: invalid checkpoint healing retains unrelated key
SAVE_RECOVERY|OK: invalid Geologist checkpoint schema heals to empty
SAVE_RECOVERY|OK: invalid checkpoint healing retains unrelated key
SAVE_RECOVERY|OK: invalid Geologist checkpoint schema heals to empty
SAVE_RECOVERY|OK: invalid checkpoint healing retains unrelated key
SAVE_RECOVERY|OK: invalid Geologist checkpoint schema heals to empty
SAVE_RECOVERY|OK: invalid checkpoint healing retains unrelated key
SAVE_RECOVERY|OK: invalid Geologist checkpoint schema heals to empty
SAVE_RECOVERY|OK: invalid checkpoint healing retains unrelated key
SAVE_RECOVERY|OK: invalid Geologist checkpoint schema heals to empty
SAVE_RECOVERY|OK: invalid checkpoint healing retains unrelated key
SAVE_RECOVERY|OK: archive fixture baseline write succeeds
SAVE_RECOVERY|OK: New Game installs a fresh save
SAVE_RECOVERY|OK: before-New-Game archive preserves unknown fields
SAVE_RECOVERY|OK: before-New-Game archive keeps the prior generation
SAVE_RECOVERY|OK: fresh New Game backup is newer than the archive
WARNING: SaveState: no clean before-New-Game archive is available to restore
   at: push_warning (core/variant/variant_utility.cpp:1033)
   GDScript backtrace (most recent call first):
       [0] restore_new_game_archive (res://scripts/save_state.gd:380)
       [1] _init (res://scripts/probe_save_recovery.gd:315)
SAVE_RECOVERY|OK: corrupt before-New-Game archive is refused
SAVE_RECOVERY|OK: clean before-New-Game archive restores transactionally
SAVE_RECOVERY|OK: archive restore keeps progress and unknown fields
SAVE_RECOVERY|OK: archive restore generation outranks the fresh backup
SAVE_RECOVERY|RESULT: ALL OK
PROBE probe_save_recovery process exit: 0
