Godot Engine v4.7.2.stable.official.ed1daf0bf - https://godotengine.org

COMBAT|ice arena starts with eight surrounding imps: OK
COMBAT|ice battle cannot win passively: OK
COMBAT|frozen imps melt into popcorn: OK
COMBAT|ice completion saves: OK
COMBAT|pepper boss arena builds: OK
COMBAT|pepper uses shared no-death encounter: OK
COMBAT|pepper warning is visible on Canvas: OK
COMBAT|pepper cannot win without input: OK
COMBAT|stationary play receives a harmless shield bump: OK
COMBAT|shell-tap spam cannot skip avoidance: OK
COMBAT|adaptive movement earns a counter opening: OK
COMBAT|pepper saves an earned round before interruption: OK
COMBAT|pepper re-entry restores earned rounds and assistance: OK
COMBAT|adaptive movement earns a counter opening: OK
COMBAT|adaptive movement earns a counter opening: OK
COMBAT|adaptive movement earns a counter opening: OK
COMBAT|adaptive movement earns a counter opening: OK
COMBAT|adaptive movement earns a counter opening: OK
COMBAT|adaptive movement earns a counter opening: OK
COMBAT|pepper fire tames boss after earned openings: OK
COMBAT|final accepted Pepper round is checkpointed before victory delay: OK
COMBAT|final Pepper checkpoint resumes the normal victory boundary: OK
COMBAT|fire completion saves and returns: OK
COMBAT|resumed Pepper victory grants its reward exactly once: OK
COMBAT|finished Pepper callback is guarded against a second reward: OK
COMBAT|normal Pepper finish clears its replay checkpoint: OK
COMBAT|Pepper replay starts from round zero after completed reward: OK
COMBAT|adaptive movement earns a counter opening: OK
COMBAT|dual shell rejects fire before ice: OK
COMBAT|dual ice opens the flashing head: OK
COMBAT|dual fire lands only after the earned ice opening: OK
COMBAT|dual progress uses a separate checkpoint key: OK
COMBAT|malformed Pepper checkpoint defaults safely: OK
COMBAT|Pepper checkpoint selection is isolated by room and kind: OK
COMBAT|result: ALL OK
