=== probe_alpha_milestone_save ===
Godot Engine v4.7.2.stable.official.ed1daf0bf - https://godotengine.org

ALPHA_SAVE|berry accepted 0: OK
ALPHA_SAVE|disk milestone chapter2_strawberry_mask: OK
ALPHA_SAVE|restart milestone chapter2_strawberry_mask: OK
ALPHA_SAVE|unknown keys retained: OK
ALPHA_SAVE|repeated berry cannot advance: OK
ALPHA_SAVE|berry accepted 1: OK
ALPHA_SAVE|disk milestone chapter2_strawberry_mask: OK
ALPHA_SAVE|restart milestone chapter2_strawberry_mask: OK
ALPHA_SAVE|unknown keys retained: OK
ALPHA_SAVE|repeated berry cannot advance: OK
ALPHA_SAVE|berry accepted 2: OK
ALPHA_SAVE|disk milestone chapter2_strawberry_mask: OK
ALPHA_SAVE|restart milestone chapter2_strawberry_mask: OK
ALPHA_SAVE|unknown keys retained: OK
ALPHA_SAVE|repeated berry cannot advance: OK
ALPHA_SAVE|berry accepted 3: OK
ALPHA_SAVE|disk milestone chapter2_strawberry_mask: OK
ALPHA_SAVE|restart milestone chapter2_strawberry_mask: OK
ALPHA_SAVE|unknown keys retained: OK
ALPHA_SAVE|repeated berry cannot advance: OK
ALPHA_SAVE|berry accepted 4: OK
ALPHA_SAVE|disk milestone chapter2_strawberry_mask: OK
ALPHA_SAVE|restart milestone chapter2_strawberry_mask: OK
ALPHA_SAVE|unknown keys retained: OK
ALPHA_SAVE|repeated berry cannot advance: OK
ALPHA_SAVE|phase accepted 6/0: OK
ALPHA_SAVE|disk milestone chapter2_job_phase_masks: OK
ALPHA_SAVE|restart milestone chapter2_job_phase_masks: OK
ALPHA_SAVE|unknown keys retained: OK
ALPHA_SAVE|disk milestone chapter2_cake_piece_mask: OK
ALPHA_SAVE|restart milestone chapter2_cake_piece_mask: OK
ALPHA_SAVE|unknown keys retained: OK
ALPHA_SAVE|phase accepted 6/1: OK
ALPHA_SAVE|disk milestone chapter2_job_phase_masks: OK
ALPHA_SAVE|restart milestone chapter2_job_phase_masks: OK
ALPHA_SAVE|unknown keys retained: OK
ALPHA_SAVE|disk milestone chapter2_cake_piece_mask: OK
ALPHA_SAVE|restart milestone chapter2_cake_piece_mask: OK
ALPHA_SAVE|unknown keys retained: OK
ALPHA_SAVE|phase accepted 6/2: OK
ALPHA_SAVE|disk milestone chapter2_job_phase_masks: OK
ALPHA_SAVE|restart milestone chapter2_job_phase_masks: OK
ALPHA_SAVE|unknown keys retained: OK
ALPHA_SAVE|disk milestone chapter2_cake_piece_mask: OK
ALPHA_SAVE|restart milestone chapter2_cake_piece_mask: OK
ALPHA_SAVE|unknown keys retained: OK
ALPHA_SAVE|party contribution accepted 6: OK
ALPHA_SAVE|disk milestone chapter2_party_piece_mask: OK
ALPHA_SAVE|restart milestone chapter2_party_piece_mask: OK
ALPHA_SAVE|unknown keys retained: OK
ALPHA_SAVE|phase accepted 0/0: OK
ALPHA_SAVE|disk milestone chapter2_job_phase_masks: OK
ALPHA_SAVE|restart milestone chapter2_job_phase_masks: OK
ALPHA_SAVE|unknown keys retained: OK
ALPHA_SAVE|disk milestone chapter2_cake_piece_mask: OK
ALPHA_SAVE|restart milestone chapter2_cake_piece_mask: OK
ALPHA_SAVE|unknown keys retained: OK
ALPHA_SAVE|phase accepted 0/1: OK
ALPHA_SAVE|disk milestone chapter2_job_phase_masks: OK
ALPHA_SAVE|restart milestone chapter2_job_phase_masks: OK
ALPHA_SAVE|unknown keys retained: OK
ALPHA_SAVE|disk milestone chapter2_cake_piece_mask: OK
ALPHA_SAVE|restart milestone chapter2_cake_piece_mask: OK
ALPHA_SAVE|unknown keys retained: OK
ALPHA_SAVE|phase accepted 0/2: OK
ALPHA_SAVE|disk milestone chapter2_job_phase_masks: OK
ALPHA_SAVE|restart milestone chapter2_job_phase_masks: OK
ALPHA_SAVE|unknown keys retained: OK
ALPHA_SAVE|disk milestone chapter2_cake_piece_mask: OK
ALPHA_SAVE|restart milestone chapter2_cake_piece_mask: OK
ALPHA_SAVE|unknown keys retained: OK
ALPHA_SAVE|phase accepted 0/3: OK
ALPHA_SAVE|disk milestone chapter2_job_phase_masks: OK
ALPHA_SAVE|restart milestone chapter2_job_phase_masks: OK
ALPHA_SAVE|unknown keys retained: OK
ALPHA_SAVE|disk milestone chapter2_cake_piece_mask: OK
ALPHA_SAVE|restart milestone chapter2_cake_piece_mask: OK
ALPHA_SAVE|unknown keys retained: OK
ALPHA_SAVE|phase accepted 0/4: OK
ALPHA_SAVE|disk milestone chapter2_job_phase_masks: OK
ALPHA_SAVE|restart milestone chapter2_job_phase_masks: OK
ALPHA_SAVE|unknown keys retained: OK
ALPHA_SAVE|disk milestone chapter2_cake_piece_mask: OK
ALPHA_SAVE|restart milestone chapter2_cake_piece_mask: OK
ALPHA_SAVE|unknown keys retained: OK
ALPHA_SAVE|party contribution accepted 0: OK
ALPHA_SAVE|disk milestone chapter2_party_piece_mask: OK
ALPHA_SAVE|restart milestone chapter2_party_piece_mask: OK
ALPHA_SAVE|unknown keys retained: OK
ALPHA_SAVE|phase accepted 3/0: OK
ALPHA_SAVE|disk milestone chapter2_job_phase_masks: OK
ALPHA_SAVE|restart milestone chapter2_job_phase_masks: OK
ALPHA_SAVE|unknown keys retained: OK
ALPHA_SAVE|disk milestone chapter2_cake_piece_mask: OK
ALPHA_SAVE|restart milestone chapter2_cake_piece_mask: OK
ALPHA_SAVE|unknown keys retained: OK
ALPHA_SAVE|phase accepted 3/1: OK
ALPHA_SAVE|disk milestone chapter2_job_phase_masks: OK
ALPHA_SAVE|restart milestone chapter2_job_phase_masks: OK
ALPHA_SAVE|unknown keys retained: OK
ALPHA_SAVE|disk milestone chapter2_cake_piece_mask: OK
ALPHA_SAVE|restart milestone chapter2_cake_piece_mask: OK
ALPHA_SAVE|unknown keys retained: OK
ALPHA_SAVE|phase accepted 3/2: OK
ALPHA_SAVE|disk milestone chapter2_job_phase_masks: OK
ALPHA_SAVE|restart milestone chapter2_job_phase_masks: OK
ALPHA_SAVE|unknown keys retained: OK
ALPHA_SAVE|disk milestone chapter2_cake_piece_mask: OK
ALPHA_SAVE|restart milestone chapter2_cake_piece_mask: OK
ALPHA_SAVE|unknown keys retained: OK
ALPHA_SAVE|phase accepted 3/3: OK
ALPHA_SAVE|disk milestone chapter2_job_phase_masks: OK
ALPHA_SAVE|restart milestone chapter2_job_phase_masks: OK
ALPHA_SAVE|unknown keys retained: OK
ALPHA_SAVE|disk milestone chapter2_cake_piece_mask: OK
ALPHA_SAVE|restart milestone chapter2_cake_piece_mask: OK
ALPHA_SAVE|unknown keys retained: OK
ALPHA_SAVE|party contribution accepted 3: OK
ALPHA_SAVE|disk milestone chapter2_party_piece_mask: OK
ALPHA_SAVE|restart milestone chapter2_party_piece_mask: OK
ALPHA_SAVE|unknown keys retained: OK
ALPHA_SAVE|phase accepted 10/0: OK
ALPHA_SAVE|disk milestone chapter2_job_phase_masks: OK
ALPHA_SAVE|restart milestone chapter2_job_phase_masks: OK
ALPHA_SAVE|unknown keys retained: OK
ALPHA_SAVE|disk milestone chapter2_cake_piece_mask: OK
ALPHA_SAVE|restart milestone chapter2_cake_piece_mask: OK
ALPHA_SAVE|unknown keys retained: OK
ALPHA_SAVE|phase accepted 10/1: OK
ALPHA_SAVE|disk milestone chapter2_job_phase_masks: OK
ALPHA_SAVE|restart milestone chapter2_job_phase_masks: OK
ALPHA_SAVE|unknown keys retained: OK
ALPHA_SAVE|disk milestone chapter2_cake_piece_mask: OK
ALPHA_SAVE|restart milestone chapter2_cake_piece_mask: OK
ALPHA_SAVE|unknown keys retained: OK
ALPHA_SAVE|phase accepted 10/2: OK
ALPHA_SAVE|disk milestone chapter2_job_phase_masks: OK
ALPHA_SAVE|restart milestone chapter2_job_phase_masks: OK
ALPHA_SAVE|unknown keys retained: OK
ALPHA_SAVE|disk milestone chapter2_cake_piece_mask: OK
ALPHA_SAVE|restart milestone chapter2_cake_piece_mask: OK
ALPHA_SAVE|unknown keys retained: OK
ALPHA_SAVE|party contribution accepted 10: OK
ALPHA_SAVE|disk milestone chapter2_party_piece_mask: OK
ALPHA_SAVE|restart milestone chapter2_party_piece_mask: OK
ALPHA_SAVE|unknown keys retained: OK
ALPHA_SAVE|phase accepted 2/0: OK
ALPHA_SAVE|disk milestone chapter2_job_phase_masks: OK
ALPHA_SAVE|restart milestone chapter2_job_phase_masks: OK
ALPHA_SAVE|unknown keys retained: OK
ALPHA_SAVE|disk milestone chapter2_cake_piece_mask: OK
ALPHA_SAVE|restart milestone chapter2_cake_piece_mask: OK
ALPHA_SAVE|unknown keys retained: OK
ALPHA_SAVE|phase accepted 2/1: OK
ALPHA_SAVE|disk milestone chapter2_job_phase_masks: OK
ALPHA_SAVE|restart milestone chapter2_job_phase_masks: OK
ALPHA_SAVE|unknown keys retained: OK
ALPHA_SAVE|disk milestone chapter2_cake_piece_mask: OK
ALPHA_SAVE|restart milestone chapter2_cake_piece_mask: OK
ALPHA_SAVE|unknown keys retained: OK
ALPHA_SAVE|phase accepted 2/2: OK
ALPHA_SAVE|disk milestone chapter2_job_phase_masks: OK
ALPHA_SAVE|restart milestone chapter2_job_phase_masks: OK
ALPHA_SAVE|unknown keys retained: OK
ALPHA_SAVE|disk milestone chapter2_cake_piece_mask: OK
ALPHA_SAVE|restart milestone chapter2_cake_piece_mask: OK
ALPHA_SAVE|unknown keys retained: OK
ALPHA_SAVE|plot contribution accepted 2: OK
ALPHA_SAVE|disk milestone chapter2_party_piece_mask: OK
ALPHA_SAVE|restart milestone chapter2_party_piece_mask: OK
ALPHA_SAVE|unknown keys retained: OK
ALPHA_SAVE|phase accepted 13/0: OK
ALPHA_SAVE|disk milestone chapter2_job_phase_masks: OK
ALPHA_SAVE|restart milestone chapter2_job_phase_masks: OK
ALPHA_SAVE|unknown keys retained: OK
ALPHA_SAVE|disk milestone chapter2_cake_piece_mask: OK
ALPHA_SAVE|restart milestone chapter2_cake_piece_mask: OK
ALPHA_SAVE|unknown keys retained: OK
ALPHA_SAVE|phase accepted 13/1: OK
ALPHA_SAVE|disk milestone chapter2_job_phase_masks: OK
ALPHA_SAVE|restart milestone chapter2_job_phase_masks: OK
ALPHA_SAVE|unknown keys retained: OK
ALPHA_SAVE|disk milestone chapter2_cake_piece_mask: OK
ALPHA_SAVE|restart milestone chapter2_cake_piece_mask: OK
ALPHA_SAVE|unknown keys retained: OK
ALPHA_SAVE|phase accepted 13/2: OK
ALPHA_SAVE|disk milestone chapter2_job_phase_masks: OK
ALPHA_SAVE|restart milestone chapter2_job_phase_masks: OK
ALPHA_SAVE|unknown keys retained: OK
ALPHA_SAVE|disk milestone chapter2_cake_piece_mask: OK
ALPHA_SAVE|restart milestone chapter2_cake_piece_mask: OK
ALPHA_SAVE|unknown keys retained: OK
ALPHA_SAVE|phase accepted 13/3: OK
ALPHA_SAVE|disk milestone chapter2_job_phase_masks: OK
ALPHA_SAVE|restart milestone chapter2_job_phase_masks: OK
ALPHA_SAVE|unknown keys retained: OK
ALPHA_SAVE|disk milestone chapter2_cake_piece_mask: OK
ALPHA_SAVE|restart milestone chapter2_cake_piece_mask: OK
ALPHA_SAVE|unknown keys retained: OK
ALPHA_SAVE|party contribution accepted 13: OK
ALPHA_SAVE|disk milestone chapter2_party_piece_mask: OK
ALPHA_SAVE|restart milestone chapter2_party_piece_mask: OK
ALPHA_SAVE|unknown keys retained: OK
ALPHA_SAVE|phase accepted 11/0: OK
ALPHA_SAVE|disk milestone chapter2_job_phase_masks: OK
ALPHA_SAVE|restart milestone chapter2_job_phase_masks: OK
ALPHA_SAVE|unknown keys retained: OK
ALPHA_SAVE|disk milestone chapter2_cake_piece_mask: OK
ALPHA_SAVE|restart milestone chapter2_cake_piece_mask: OK
ALPHA_SAVE|unknown keys retained: OK
ALPHA_SAVE|phase accepted 11/1: OK
ALPHA_SAVE|disk milestone chapter2_job_phase_masks: OK
ALPHA_SAVE|restart milestone chapter2_job_phase_masks: OK
ALPHA_SAVE|unknown keys retained: OK
ALPHA_SAVE|disk milestone chapter2_cake_piece_mask: OK
ALPHA_SAVE|restart milestone chapter2_cake_piece_mask: OK
ALPHA_SAVE|unknown keys retained: OK
ALPHA_SAVE|phase accepted 11/2: OK
ALPHA_SAVE|disk milestone chapter2_job_phase_masks: OK
ALPHA_SAVE|restart milestone chapter2_job_phase_masks: OK
ALPHA_SAVE|unknown keys retained: OK
ALPHA_SAVE|disk milestone chapter2_cake_piece_mask: OK
ALPHA_SAVE|restart milestone chapter2_cake_piece_mask: OK
ALPHA_SAVE|unknown keys retained: OK
ALPHA_SAVE|phase accepted 11/3: OK
ALPHA_SAVE|disk milestone chapter2_job_phase_masks: OK
ALPHA_SAVE|restart milestone chapter2_job_phase_masks: OK
ALPHA_SAVE|unknown keys retained: OK
ALPHA_SAVE|disk milestone chapter2_cake_piece_mask: OK
ALPHA_SAVE|restart milestone chapter2_cake_piece_mask: OK
ALPHA_SAVE|unknown keys retained: OK
ALPHA_SAVE|party contribution accepted 11: OK
ALPHA_SAVE|disk milestone chapter2_party_piece_mask: OK
ALPHA_SAVE|restart milestone chapter2_party_piece_mask: OK
ALPHA_SAVE|unknown keys retained: OK
ALPHA_SAVE|phase accepted 1/0: OK
ALPHA_SAVE|disk milestone chapter2_job_phase_masks: OK
ALPHA_SAVE|restart milestone chapter2_job_phase_masks: OK
ALPHA_SAVE|unknown keys retained: OK
ALPHA_SAVE|disk milestone chapter2_cake_piece_mask: OK
ALPHA_SAVE|restart milestone chapter2_cake_piece_mask: OK
ALPHA_SAVE|unknown keys retained: OK
ALPHA_SAVE|phase accepted 1/1: OK
ALPHA_SAVE|disk milestone chapter2_job_phase_masks: OK
ALPHA_SAVE|restart milestone chapter2_job_phase_masks: OK
ALPHA_SAVE|unknown keys retained: OK
ALPHA_SAVE|disk milestone chapter2_cake_piece_mask: OK
ALPHA_SAVE|restart milestone chapter2_cake_piece_mask: OK
ALPHA_SAVE|unknown keys retained: OK
ALPHA_SAVE|phase accepted 1/2: OK
ALPHA_SAVE|disk milestone chapter2_job_phase_masks: OK
ALPHA_SAVE|restart milestone chapter2_job_phase_masks: OK
ALPHA_SAVE|unknown keys retained: OK
ALPHA_SAVE|disk milestone chapter2_cake_piece_mask: OK
ALPHA_SAVE|restart milestone chapter2_cake_piece_mask: OK
ALPHA_SAVE|unknown keys retained: OK
ALPHA_SAVE|plot contribution accepted 1: OK
ALPHA_SAVE|disk milestone chapter2_party_piece_mask: OK
ALPHA_SAVE|restart milestone chapter2_party_piece_mask: OK
ALPHA_SAVE|unknown keys retained: OK
ALPHA_SAVE|art material accepted brushes: OK
ALPHA_SAVE|disk milestone day_one_art_collected_materials: OK
ALPHA_SAVE|restart milestone day_one_art_collected_materials: OK
ALPHA_SAVE|unknown keys retained: OK
ALPHA_SAVE|art material accepted pink_paint: OK
ALPHA_SAVE|disk milestone day_one_art_collected_materials: OK
ALPHA_SAVE|restart milestone day_one_art_collected_materials: OK
ALPHA_SAVE|unknown keys retained: OK
ALPHA_SAVE|art material accepted blue_paint: OK
ALPHA_SAVE|disk milestone day_one_art_collected_materials: OK
ALPHA_SAVE|restart milestone day_one_art_collected_materials: OK
ALPHA_SAVE|unknown keys retained: OK
ALPHA_SAVE|art material accepted paint_cups: OK
ALPHA_SAVE|disk milestone day_one_art_collected_materials: OK
ALPHA_SAVE|restart milestone day_one_art_collected_materials: OK
ALPHA_SAVE|unknown keys retained: OK
ALPHA_SAVE|art grime accepted left_counter: OK
ALPHA_SAVE|disk milestone day_one_art_cleaned_grime: OK
ALPHA_SAVE|restart milestone day_one_art_cleaned_grime: OK
ALPHA_SAVE|unknown keys retained: OK
ALPHA_SAVE|art grime accepted desk_counter: OK
ALPHA_SAVE|disk milestone day_one_art_cleaned_grime: OK
ALPHA_SAVE|restart milestone day_one_art_cleaned_grime: OK
ALPHA_SAVE|unknown keys retained: OK
ALPHA_SAVE|art grime accepted right_counter: OK
ALPHA_SAVE|disk milestone day_one_art_cleaned_grime: OK
ALPHA_SAVE|restart milestone day_one_art_cleaned_grime: OK
ALPHA_SAVE|unknown keys retained: OK
ALPHA_SAVE|disk milestone day_one_pool_skimmer_mask: OK
ALPHA_SAVE|restart milestone day_one_pool_skimmer_mask: OK
ALPHA_SAVE|unknown keys retained: OK
ALPHA_SAVE|disk milestone day_one_pool_skimmer_mask: OK
ALPHA_SAVE|restart milestone day_one_pool_skimmer_mask: OK
ALPHA_SAVE|unknown keys retained: OK
ALPHA_SAVE|disk milestone day_one_pool_skimmer_mask: OK
ALPHA_SAVE|restart milestone day_one_pool_skimmer_mask: OK
ALPHA_SAVE|unknown keys retained: OK
ALPHA_SAVE|disk milestone day_one_pool_skimmer_mask: OK
ALPHA_SAVE|restart milestone day_one_pool_skimmer_mask: OK
ALPHA_SAVE|unknown keys retained: OK
ALPHA_SAVE|disk milestone day_one_pool_skimmer_mask: OK
ALPHA_SAVE|restart milestone day_one_pool_skimmer_mask: OK
ALPHA_SAVE|unknown keys retained: OK
ALPHA_SAVE|disk milestone day_one_pool_skimmer_mask: OK
ALPHA_SAVE|restart milestone day_one_pool_skimmer_mask: OK
ALPHA_SAVE|unknown keys retained: OK
ALPHA_SAVE|continuous unearned pool updates do not rewrite the disk save: OK
ALPHA_SAVE|disk milestone day_one_pool_waterfall_mask: OK
ALPHA_SAVE|restart milestone day_one_pool_waterfall_mask: OK
ALPHA_SAVE|unknown keys retained: OK
ALPHA_SAVE|disk milestone day_one_pool_waterfall_mask: OK
ALPHA_SAVE|restart milestone day_one_pool_waterfall_mask: OK
ALPHA_SAVE|unknown keys retained: OK
ALPHA_SAVE|disk milestone day_one_pool_waterfall_mask: OK
ALPHA_SAVE|restart milestone day_one_pool_waterfall_mask: OK
ALPHA_SAVE|unknown keys retained: OK
ALPHA_SAVE|disk milestone day_one_pool_seahorse_tugs: OK
ALPHA_SAVE|restart milestone day_one_pool_seahorse_tugs: OK
ALPHA_SAVE|unknown keys retained: OK
ALPHA_SAVE|disk milestone day_one_pool_seahorse_tugs: OK
ALPHA_SAVE|restart milestone day_one_pool_seahorse_tugs: OK
ALPHA_SAVE|unknown keys retained: OK
ALPHA_SAVE|disk milestone day_one_pool_seahorse_tugs: OK
ALPHA_SAVE|restart milestone day_one_pool_seahorse_tugs: OK
ALPHA_SAVE|unknown keys retained: OK
ALPHA_SAVE|disk milestone day_one_pool_seahorse_tugs: OK
ALPHA_SAVE|restart milestone day_one_pool_seahorse_tugs: OK
ALPHA_SAVE|unknown keys retained: OK
ALPHA_SAVE|disk milestone day_one_pool_seahorse_tugs: OK
ALPHA_SAVE|restart milestone day_one_pool_seahorse_tugs: OK
ALPHA_SAVE|unknown keys retained: OK
ALPHA_SAVE|disk milestone day_one_pool_seahorse_tugs: OK
ALPHA_SAVE|restart milestone day_one_pool_seahorse_tugs: OK
ALPHA_SAVE|unknown keys retained: OK
ALPHA_SAVE|disk milestone day_one_pool_seahorse_tugs: OK
ALPHA_SAVE|restart milestone day_one_pool_seahorse_tugs: OK
ALPHA_SAVE|unknown keys retained: OK
ALPHA_SAVE|disk milestone day_one_pool_seahorse_tugs: OK
ALPHA_SAVE|restart milestone day_one_pool_seahorse_tugs: OK
ALPHA_SAVE|unknown keys retained: OK
ALPHA_SAVE|RESULT: ALL OK
PROBE probe_alpha_milestone_save process exit: 0
