Godot Engine v4.7.2.stable.official.ed1daf0bf - https://godotengine.org

CHAPTER2|boss defeat is blocked before the boss trigger: OK
CHAPTER2|the four clean rooms arm the boss door: OK
CHAPTER2|boss defeat starts Chapter 2: OK
CHAPTER2|Detective telemetry names the accepted unlit candle asset: OK
CHAPTER2|there is no standalone tutorial prelude: OK
CHAPTER2|chapter starts at Farmer, not Detective: OK
CHAPTER2|foyer cards resolve to truthful Castle launch owners: OK
CHAPTER2|foyer rejects a non-Opera career from hardcoded opera_hall: OK
CHAPTER2|plot-only Ballerina and Detective keep their room owners: OK
CHAPTER2|Farmer hands the same five visible strawberries to the kitchen: OK
CHAPTER2|Chef visibly builds one persistent cake through five distinct states: OK
CHAPTER2|Candy Maker keeps the frosted cake and stages five glazed berries: OK
CHAPTER2|Candy placement reveals the selected runtime cake without a candle: OK
CHAPTER2|Chef and Candy Maker phase data names the actual resulting art: OK
CHAPTER2|the Chapter 2 party roster is exactly eight stable Opera bits: OK
CHAPTER2|Chef cannot precede Farmer: OK
CHAPTER2|stale phase callbacks cannot award the wrong act: OK
CHAPTER2|Farmer phase callback fills exactly five strawberries: OK
CHAPTER2|ordered party act 6 completes: OK
CHAPTER2|Chef phase callback records the bottom cake piece: OK
CHAPTER2|ordered party act 0 completes: OK
CHAPTER2|ordered party act 3 completes: OK
CHAPTER2|ordered party act 10 completes: OK
CHAPTER2|Farmer ingredient and Chef cake milestones persist: OK
CHAPTER2|Painter unlocks the second four story careers: OK
CHAPTER2|Ballerina remains a plot-owned room action: OK
CHAPTER2|Ballerina completes after Painter: OK
CHAPTER2|Pop Star sound check follows Ballerina: OK
CHAPTER2|Astronaut parks the rocket before the final candle search: OK
CHAPTER2|all eight Chapter 2 careers teach a nonempty truthful skill: OK
CHAPTER2|export-safe caption matches generated speech chapter2_chef_stack: OK
CHAPTER2|export-safe caption matches generated speech chapter2_detective_unlit_rainbow_candle_reveal: OK
CHAPTER2|export-safe caption matches generated speech chapter2_ballerina_stuffies_mirror: OK
CHAPTER2|export-safe caption matches generated speech chapter2_candymaker_coat_strawberries: OK
CHAPTER2|export-safe caption matches generated speech chapter2_candymaker_sort_strawberries: OK
CHAPTER2|export-safe caption matches generated speech chapter2_candymaker_glaze_strawberries: OK
CHAPTER2|export-safe caption matches generated speech chapter2_candymaker_place_candied_strawberries: OK
CHAPTER2|export-safe caption matches generated speech chapter2_farmer_gather_strawberries: OK
CHAPTER2|export-safe caption matches generated speech chapter2_farmer_fill_basket: OK
CHAPTER2|export-safe caption matches generated speech chapter2_farmer_deliver_to_kitchen: OK
CHAPTER2|export-safe caption matches generated speech chapter2_painter_paint_banner: OK
CHAPTER2|export-safe caption matches generated speech chapter2_painter_hang_banner: OK
CHAPTER2|export-safe caption matches generated speech chapter2_astronaut_ready_park: OK
CHAPTER2|export-safe caption matches generated speech chapter2_route_farmer: OK
CHAPTER2|export-safe caption matches generated speech chapter2_route_chef: OK
CHAPTER2|export-safe caption matches generated speech chapter2_route_candy_maker: OK
CHAPTER2|export-safe caption matches generated speech chapter2_route_painter: OK
CHAPTER2|export-safe caption matches generated speech chapter2_route_ballerina: OK
CHAPTER2|export-safe caption matches generated speech chapter2_route_popstar: OK
CHAPTER2|export-safe caption matches generated speech chapter2_route_astronaut: OK
CHAPTER2|export-safe caption matches generated speech chapter2_route_detective: OK
CHAPTER2|export-safe caption matches generated speech chapter2_party_ready: OK
CHAPTER2|export-safe caption matches generated speech chapter2_ember_clue: OK
CHAPTER2|exact phase audio farmer/GATHER STRAWBERRIES: OK
CHAPTER2|exact phase audio farmer/FILL BASKET: OK
CHAPTER2|exact phase audio farmer/DELIVER TO KITCHEN: OK
CHAPTER2|exact door guidance farmer: OK
CHAPTER2|exact phase audio chef/MIX: OK
CHAPTER2|exact phase audio chef/STIR: OK
CHAPTER2|exact phase audio chef/BAKE: OK
CHAPTER2|exact phase audio chef/STACK: OK
CHAPTER2|exact phase audio chef/FROST: OK
CHAPTER2|exact door guidance chef: OK
CHAPTER2|exact phase audio candymaker/COAT STRAWBERRIES: OK
CHAPTER2|exact phase audio candymaker/SORT STRAWBERRIES: OK
CHAPTER2|exact phase audio candymaker/GLAZE STRAWBERRIES: OK
CHAPTER2|exact phase audio candymaker/PLACE ON CAKE: OK
CHAPTER2|exact door guidance candymaker: OK
CHAPTER2|exact phase audio painter/PAINT: OK
CHAPTER2|exact phase audio painter/STAMP: OK
CHAPTER2|exact phase audio painter/HANG: OK
CHAPTER2|exact door guidance painter: OK
CHAPTER2|exact phase audio ballerina/STUFFIES MIRROR: OK
CHAPTER2|exact phase audio ballerina/STUFFIES TWIRL: OK
CHAPTER2|exact phase audio ballerina/STUFFIES BOW: OK
CHAPTER2|exact door guidance ballerina: OK
CHAPTER2|exact phase audio popstar/SOUND CHECK: OK
CHAPTER2|exact phase audio popstar/STAGE RUMI: OK
CHAPTER2|exact phase audio popstar/RHYTHM: OK
CHAPTER2|exact phase audio popstar/ENCORE: OK
CHAPTER2|exact door guidance popstar: OK
CHAPTER2|exact phase audio astronaut/BUILD ROCKET: OK
CHAPTER2|exact phase audio astronaut/PATCH: OK
CHAPTER2|exact phase audio astronaut/VALVE: OK
CHAPTER2|exact phase audio astronaut/READY PARK: OK
CHAPTER2|exact door guidance astronaut: OK
CHAPTER2|exact phase audio detective/LENS: OK
CHAPTER2|exact phase audio detective/STORYBOOK BOARD: OK
CHAPTER2|exact phase audio detective/UNLIT RAINBOW CANDLE: OK
CHAPTER2|exact door guidance detective: OK
CHAPTER2|all 29 required Day Two phases covered: OK
CHAPTER2|Detective waits until every earlier preparation is ready: OK
CHAPTER2|Detective finds the last missing candle unlit: OK
CHAPTER2|party event phase stays at candle-found until ignition: OK
CHAPTER2|party cannot start in unrelated rooms: OK
CHAPTER2|party ignition starts only after all eight milestones: OK
CHAPTER2|Main Hall offers the lawn route without advancing the story on a timer: OK
CHAPTER2|leaving Main Hall cancels party beat timing without progress: OK
CHAPTER2|the safe ember scout beat precedes the King take: OK
CHAPTER2|King theft rejects missing protection and Main Hall callers: OK
CHAPTER2|Ember King takes the lit candle for his birthday: OK
CHAPTER2|Main Hall does not reintroduce the departed Prince placeholder: OK
CHAPTER2|Ember take removes only the candle and leaves the cake: OK
CHAPTER2|save healing rejects skipped milestones and early crash: OK
CHAPTER2|save normalization retains all eight milestones: OK
CHAPTER2|new milestone fields have strict boolean validation: OK
CHAPTER2|new masks are fixed, typed, and heal future bits: OK
CHAPTER2|save healing stores the same contiguous cake rendered after load: OK
CHAPTER2|phase healing preserves the current job and prunes later jobs: OK
CHAPTER2|Ember protection uses valid shared boss rules: OK
CHAPTER2|Ember round 0 offers a counter after safe dodges: OK
CHAPTER2|held and off-target input cannot protect a round: OK
CHAPTER2|one visible fresh counter saves exactly one protection round: OK
CHAPTER2|Ember re-entry preserves completed rounds: OK
CHAPTER2|Ember round 1 offers a counter after safe dodges: OK
CHAPTER2|held and off-target input cannot protect a round: OK
CHAPTER2|one visible fresh counter saves exactly one protection round: OK
CHAPTER2|Ember re-entry preserves completed rounds: OK
CHAPTER2|Ember round 2 offers a counter after safe dodges: OK
CHAPTER2|held and off-target input cannot protect a round: OK
CHAPTER2|one visible fresh counter saves exactly one protection round: OK
CHAPTER2|Ember re-entry preserves completed rounds: OK
CHAPTER2|protecting friends does not itself steal the candle or finish the story: OK
CHAPTER2|Ember checkpoint rejects malformed types: OK
CHAPTER2|Ember cannot pre-win before party preparation: OK
CHAPTER2|RESULT: PASS checks_failed=0
