DOCAUTH|INVENTORY=586|LEDGER=586|ACTIVE=56|RECORDS=58
DOCAUTH|RESULT|ALL OK
AUDITDEV|BASE|08acb0ce529660e79de6784aa4124352798bc4cd
AUDITDEV|RESULT|ALL OK
GAME2D| DEBT| model_files=0| model_scan_coverage_files=0| active_export_model_files=0| model_import_sidecars=0| active_untracked_model_import_sidecars=0| model_archive_files=0| production_3d_files=52| probe_3d_files=61| scene_3d_files=1| configuration_3d_files=1| archive_now_model_files=0
GAME2D| STATUS| UNSATISFIED
GAME2D| RESULT| NO_REGRESSION - exact shrinking baseline; migration debt remains UNSATISFIED
=== probe_day_one_pool_cleanup ===
Godot Engine v4.7.2.stable.official.ed1daf0bf - https://godotengine.org

DAY_ONE_POOL|seahorse stem stays in mouth through restored/slow/rapid/stopped tugs (208.75, 241.25): OK
DAY_ONE_POOL|socket animation preserves partial progress without completing: OK
DAY_ONE_POOL|seahorse stem stays in mouth through restored/slow/rapid/stopped tugs (400.0, 160.0): OK
DAY_ONE_POOL|socket animation preserves partial progress without completing: OK
DAY_ONE_POOL|seahorse stem stays in mouth through restored/slow/rapid/stopped tugs (120.0, 360.0): OK
DAY_ONE_POOL|socket animation preserves partial progress without completing: OK
DAY_ONE_POOL|off-target seahorse taps never earn rescue (208.75, 241.25): OK
DAY_ONE_POOL|held/secondary seahorse presses preserve the first owner (208.75, 241.25): OK
DAY_ONE_POOL|canceled press earns nothing and releases its owner (208.75, 241.25): OK
DAY_ONE_POOL|eight deliberate seahorse taps start one rescue (208.75, 241.25): OK
DAY_ONE_POOL|off-target seahorse taps never earn rescue (400.0, 160.0): OK
DAY_ONE_POOL|held/secondary seahorse presses preserve the first owner (400.0, 160.0): OK
DAY_ONE_POOL|canceled press earns nothing and releases its owner (400.0, 160.0): OK
DAY_ONE_POOL|eight deliberate seahorse taps start one rescue (400.0, 160.0): OK
DAY_ONE_POOL|off-target seahorse taps never earn rescue (120.0, 360.0): OK
DAY_ONE_POOL|held/secondary seahorse presses preserve the first owner (120.0, 360.0): OK
DAY_ONE_POOL|canceled press earns nothing and releases its owner (120.0, 360.0): OK
DAY_ONE_POOL|eight deliberate seahorse taps start one rescue (120.0, 360.0): OK
DAY_ONE_POOL|contact action accepts one deliberate job: OK
DAY_ONE_POOL|a second job cannot steal the active approach: OK
DAY_ONE_POOL|travel and waiting never award before hand contact: OK
DAY_ONE_POOL|arrival and local work complete exactly once: OK
DAY_ONE_POOL|focus interruption cancels unearned local work: OK
DAY_ONE_POOL|seahorse tap requests work without instant credit: OK
DAY_ONE_POOL|seahorse earns one tug after real contact: OK
DAY_ONE_POOL|waterfall tap waits for contact and rejects a second job: OK
DAY_ONE_POOL|canceled waterfall work earns no progress: OK
DAY_ONE_POOL|waterfall earns one local scrub after arrival: OK
DAY_ONE_POOL|quick waterfall swipe waits for contact without remote credit: OK
DAY_ONE_POOL|released quick stroke completes locally and frees its owner: OK
DAY_ONE_POOL|waterfall accepts the next gesture after a quick stroke: OK
DAY_ONE_POOL|trash 0 sampled region contains the complete measured subject: OK
DAY_ONE_POOL|trash 0 live texture has transparent sampled edges without neighbor pixels: OK
DAY_ONE_POOL|trash 1 sampled region contains the complete measured subject: OK
DAY_ONE_POOL|trash 1 live texture has transparent sampled edges without neighbor pixels: OK
DAY_ONE_POOL|both wrapper and can live textures were checked: OK
DAY_ONE_POOL|three bespoke ordered activities: OK
DAY_ONE_POOL|dirty arrival starts skimmer only: OK
DAY_ONE_POOL|dirty arrival hides pristine rainbow and flow: OK
DAY_ONE_POOL|canvas no-fail contract: OK
DAY_ONE_POOL|pool has exact pickup and lane cue wiring: OK
DAY_ONE_POOL|pool has monotonic seahorse milestones and finale cues: OK
DAY_ONE_POOL|pool activity has no generic voice fallback: OK
DAY_ONE_POOL|one visible Roshan owns the held skimmer: OK
DAY_ONE_POOL|far touch cannot collect remotely: OK
DAY_ONE_POOL|Roshan travels at bounded speed before collection: OK
DAY_ONE_POOL|second finger cannot steal cleaning target: OK
DAY_ONE_POOL|canceled touch cannot finish later: OK
DAY_ONE_POOL|scoop keeps hand attached before awarding progress: OK
DAY_ONE_POOL|scoop keeps hand attached before awarding progress: OK
DAY_ONE_POOL|scoop keeps hand attached before awarding progress: OK
DAY_ONE_POOL|scoop keeps hand attached before awarding progress: OK
DAY_ONE_POOL|scoop keeps hand attached before awarding progress: OK
DAY_ONE_POOL|scoop keeps hand attached before awarding progress: OK
DAY_ONE_POOL|scoop keeps hand attached before awarding progress: OK
DAY_ONE_POOL|scoop keeps hand attached before awarding progress: OK
DAY_ONE_POOL|scoop keeps hand attached before awarding progress: OK
DAY_ONE_POOL|scoop keeps hand attached before awarding progress: OK
DAY_ONE_POOL|scoop keeps hand attached before awarding progress: OK
DAY_ONE_POOL|scoop keeps hand attached before awarding progress: OK
DAY_ONE_POOL|scoop keeps hand attached before awarding progress: OK
DAY_ONE_POOL|scoop keeps hand attached before awarding progress: OK
DAY_ONE_POOL|scoop keeps hand attached before awarding progress: OK
DAY_ONE_POOL|scoop keeps hand attached before awarding progress: OK
DAY_ONE_POOL|scoop keeps hand attached before awarding progress: OK
DAY_ONE_POOL|scoop keeps hand attached before awarding progress: OK
DAY_ONE_POOL|scoop keeps hand attached before awarding progress: OK
DAY_ONE_POOL|scoop keeps hand attached before awarding progress: OK
DAY_ONE_POOL|scoop keeps hand attached before awarding progress: OK
DAY_ONE_POOL|scoop keeps hand attached before awarding progress: OK
DAY_ONE_POOL|scoop keeps hand attached before awarding progress: OK
DAY_ONE_POOL|scoop keeps hand attached before awarding progress: OK
DAY_ONE_POOL|scoop keeps hand attached before awarding progress: OK
DAY_ONE_POOL|quick tap travels then visibly scoops exactly one item: OK
DAY_ONE_POOL|stop restores room actor at the action location: OK
DAY_ONE_POOL|re-entry and focus cancellation retain only completed work: OK
DAY_ONE_POOL|drag retarget cancels old work and slow frames never teleport: OK
DAY_ONE_POOL|cleaner retains selected fairy cutout and hand socket: OK
DAY_ONE_POOL|cleaner retains selected huluu cutout and hand socket: OK
DAY_ONE_POOL|restored complete mask never creates a second Roshan: OK
DAY_ONE_POOL|exact pool bunny cast keeps one land and one swimmer: OK
DAY_ONE_POOL|swimmer remains inside central water with a simple 2D loop: OK
DAY_ONE_POOL|runtime asset pool_skimmer.png: OK
DAY_ONE_POOL|runtime asset floating_trash_atlas.png: OK
DAY_ONE_POOL|runtime asset cleanup_basket.png: OK
DAY_ONE_POOL|runtime asset waterfall_clogged_original_match.png: OK
DAY_ONE_POOL|runtime asset waterfall_scrubber.png: OK
DAY_ONE_POOL|runtime asset seahorse_sick_clear_mouth.png: OK
DAY_ONE_POOL|runtime asset seahorse_mouth_trash.png: OK
DAY_ONE_POOL|runtime asset rumi_pool_idle_swim_atlas.png: OK
DAY_ONE_POOL|runtime asset rumi_eight_pose_runtime.png: OK
DAY_ONE_POOL|runtime asset dust_bunny_swimming.png: OK
DAY_ONE_POOL|restored complete pool activities emit once: OK
DAY_ONE_POOL|re-entered complete pool activities stay one-shot: OK
DAY_ONE_POOL|passive demo never advances: OK
DAY_ONE_POOL|skimmer activity accepts six real collections: OK
DAY_ONE_POOL|skimmer completion persists and unlocks waterfall: OK
DAY_ONE_POOL|dirty waterfall is registered to live V4 fixture: OK
DAY_ONE_POOL|clean stripe feedback sits above dirty waterfall lanes: OK
DAY_ONE_POOL|static clean card under scrub lanes but flow remains stopped: OK
DAY_ONE_POOL|waterfall activity clears three independent lanes: OK
DAY_ONE_POOL|waterfall completion persists and unlocks seahorse: OK
DAY_ONE_POOL|sick seahorse uses exact live V4 fixture bounds: OK
DAY_ONE_POOL|rainbow animation still waits for rescue finale: OK
DAY_ONE_POOL|one seahorse tap advances monotonically: OK
DAY_ONE_POOL|partial tug saves without premature finale: OK
DAY_ONE_POOL|remaining rapid taps start causal extraction: OK
DAY_ONE_POOL|seahorse extraction completes legacy step four: OK
DAY_ONE_POOL|finale creates approved Rumi reveal: OK
DAY_ONE_POOL|ambient swimmer yields the finale focal point: OK
DAY_ONE_POOL|Rumi performs authored wave after rising: OK
DAY_ONE_POOL|Rumi settles into authored idle: OK
DAY_ONE_POOL|teardown frees cleanup: OK
DAY_ONE_POOL|teardown restores clean fixtures: OK
DAY_ONE_POOL|RESULT: PASS checks_failed=0
PROBE probe_day_one_pool_cleanup process exit: 0
=== probe_day_one_art_attack_state ===
Godot Engine v4.7.2.stable.official.ed1daf0bf - https://godotengine.org

DAY_ONE_ART_ATTACK_STATE|child-friendly aqua attack default: OK
DAY_ONE_ART_ATTACK_STATE|art begins empty and gated: OK
DAY_ONE_ART_ATTACK_STATE|one pickup and one scrub cannot unlock the desk: OK
DAY_ONE_ART_ATTACK_STATE|all seven cleanup actions unlock the desk: OK
DAY_ONE_ART_ATTACK_STATE|customization is desk-gated: OK
DAY_ONE_ART_ATTACK_STATE|art completion uses the existing room order: OK
DAY_ONE_ART_ATTACK_STATE|serialized art state is JSON-safe: OK
DAY_ONE_ART_ATTACK_STATE|malformed attack values use safe defaults: OK
DAY_ONE_ART_ATTACK_STATE|partial unknown art collections remain safely gated: OK
DAY_ONE_ART_ATTACK_STATE|studio builds seven large Canvas cleanup targets at castle scale: OK
DAY_ONE_ART_ATTACK_STATE|art neighbours brushes/pink_paint have separate generous targets: OK
DAY_ONE_ART_ATTACK_STATE|gap between brushes/pink_paint does not collect a neighbour: OK
DAY_ONE_ART_ATTACK_STATE|art neighbours pink_paint/blue_paint have separate generous targets: OK
DAY_ONE_ART_ATTACK_STATE|gap between pink_paint/blue_paint does not collect a neighbour: OK
DAY_ONE_ART_ATTACK_STATE|art neighbours blue_paint/paint_cups have separate generous targets: OK
DAY_ONE_ART_ATTACK_STATE|gap between blue_paint/paint_cups does not collect a neighbour: OK
DAY_ONE_ART_ATTACK_STATE|hand points above visible brushes in its touch region: OK
DAY_ONE_ART_ATTACK_STATE|one visible brushes tap collects only that supply: OK
DAY_ONE_ART_ATTACK_STATE|art tap brushes never opens logo: OK
DAY_ONE_ART_ATTACK_STATE|hand points above visible pink_paint in its touch region: OK
DAY_ONE_ART_ATTACK_STATE|one visible pink_paint tap collects only that supply: OK
DAY_ONE_ART_ATTACK_STATE|art tap pink_paint never opens logo: OK
DAY_ONE_ART_ATTACK_STATE|hand points above visible blue_paint in its touch region: OK
DAY_ONE_ART_ATTACK_STATE|one visible blue_paint tap collects only that supply: OK
DAY_ONE_ART_ATTACK_STATE|art tap blue_paint never opens logo: OK
DAY_ONE_ART_ATTACK_STATE|hand points above visible paint_cups in its touch region: OK
DAY_ONE_ART_ATTACK_STATE|one visible paint_cups tap collects only that supply: OK
DAY_ONE_ART_ATTACK_STATE|art tap paint_cups never opens logo: OK
DAY_ONE_ART_ATTACK_STATE|hand points above visible left_counter: OK
DAY_ONE_ART_ATTACK_STATE|visible left_counter touch cleans its own spot: OK
DAY_ONE_ART_ATTACK_STATE|art tap left_counter never opens logo: OK
DAY_ONE_ART_ATTACK_STATE|hand points above visible desk_counter: OK
DAY_ONE_ART_ATTACK_STATE|visible desk_counter touch cleans its own spot: OK
DAY_ONE_ART_ATTACK_STATE|art tap desk_counter never opens logo: OK
DAY_ONE_ART_ATTACK_STATE|hand points above visible right_counter: OK
DAY_ONE_ART_ATTACK_STATE|visible right_counter touch cleans its own spot: OK
DAY_ONE_ART_ATTACK_STATE|art tap right_counter never opens logo: OK
DAY_ONE_ART_ATTACK_STATE|seven art taps finish cleanup without logo hijack: OK
DAY_ONE_ART_ATTACK_STATE|customizer opens with child guidance and picture confirmation: OK
DAY_ONE_ART_ATTACK_STATE|dim tap before a choice does not confirm: OK
DAY_ONE_ART_ATTACK_STATE|color choice is visible before confirmation: OK
DAY_ONE_ART_ATTACK_STATE|dim tap after one choice confirms: OK
DAY_ONE_ART_ATTACK_STATE|Grand Puff feedback uses saved color and splash effect: OK
DAY_ONE_ART_ATTACK_STATE|Grand Puff feedback tears down with encounter: OK
DAY_ONE_ART_ATTACK_STATE|RESULT: PASS failures=0
PROBE probe_day_one_art_attack_state process exit: 0
