Godot Engine v4.7.2.stable.official.ed1daf0bf - https://godotengine.org

GRASS|missing_all_or_none|PASS
GRASS|build|PASS
GRASS|eighteen|PASS
GRASS|root_0_0|PASS
GRASS|root_1_0|PASS
GRASS|root_2_0|PASS
GRASS|root_3_0|PASS
GRASS|root_4_0|PASS
GRASS|root_5_0|PASS
GRASS|root_6_0|PASS
GRASS|root_7_0|PASS
GRASS|root_8_0|PASS
GRASS|root_9_0|PASS
GRASS|root_10_0|PASS
GRASS|root_11_0|PASS
GRASS|root_12_0|PASS
GRASS|root_13_0|PASS
GRASS|root_14_0|PASS
GRASS|root_15_0|PASS
GRASS|root_16_0|PASS
GRASS|root_17_0|PASS
GRASS|root_0_1|PASS
GRASS|root_1_1|PASS
GRASS|root_2_1|PASS
GRASS|root_3_1|PASS
GRASS|root_4_1|PASS
GRASS|root_5_1|PASS
GRASS|root_6_1|PASS
GRASS|root_7_1|PASS
GRASS|root_8_1|PASS
GRASS|root_9_1|PASS
GRASS|root_10_1|PASS
GRASS|root_11_1|PASS
GRASS|root_12_1|PASS
GRASS|root_13_1|PASS
GRASS|root_14_1|PASS
GRASS|root_15_1|PASS
GRASS|root_16_1|PASS
GRASS|root_17_1|PASS
GRASS|root_0_2|PASS
GRASS|root_1_2|PASS
GRASS|root_2_2|PASS
GRASS|root_3_2|PASS
GRASS|root_4_2|PASS
GRASS|root_5_2|PASS
GRASS|root_6_2|PASS
GRASS|root_7_2|PASS
GRASS|root_8_2|PASS
GRASS|root_9_2|PASS
GRASS|root_10_2|PASS
GRASS|root_11_2|PASS
GRASS|root_12_2|PASS
GRASS|root_13_2|PASS
GRASS|root_14_2|PASS
GRASS|root_15_2|PASS
GRASS|root_16_2|PASS
GRASS|root_17_2|PASS
GRASS|root_0_3|PASS
GRASS|root_1_3|PASS
GRASS|root_2_3|PASS
GRASS|root_3_3|PASS
GRASS|root_4_3|PASS
GRASS|root_5_3|PASS
GRASS|root_6_3|PASS
GRASS|root_7_3|PASS
GRASS|root_8_3|PASS
GRASS|root_9_3|PASS
GRASS|root_10_3|PASS
GRASS|root_11_3|PASS
GRASS|root_12_3|PASS
GRASS|root_13_3|PASS
GRASS|root_14_3|PASS
GRASS|root_15_3|PASS
GRASS|root_16_3|PASS
GRASS|root_17_3|PASS
GRASS|root_0_4|PASS
GRASS|root_1_4|PASS
GRASS|root_2_4|PASS
GRASS|root_3_4|PASS
GRASS|root_4_4|PASS
GRASS|root_5_4|PASS
GRASS|root_6_4|PASS
GRASS|root_7_4|PASS
GRASS|root_8_4|PASS
GRASS|root_9_4|PASS
GRASS|root_10_4|PASS
GRASS|root_11_4|PASS
GRASS|root_12_4|PASS
GRASS|root_13_4|PASS
GRASS|root_14_4|PASS
GRASS|root_15_4|PASS
GRASS|root_16_4|PASS
GRASS|root_17_4|PASS
GRASS|root_0_5|PASS
GRASS|root_1_5|PASS
GRASS|root_2_5|PASS
GRASS|root_3_5|PASS
GRASS|root_4_5|PASS
GRASS|root_5_5|PASS
GRASS|root_6_5|PASS
GRASS|root_7_5|PASS
GRASS|root_8_5|PASS
GRASS|root_9_5|PASS
GRASS|root_10_5|PASS
GRASS|root_11_5|PASS
GRASS|root_12_5|PASS
GRASS|root_13_5|PASS
GRASS|root_14_5|PASS
GRASS|root_15_5|PASS
GRASS|root_16_5|PASS
GRASS|root_17_5|PASS
GRASS|root_0_6|PASS
GRASS|root_1_6|PASS
GRASS|root_2_6|PASS
GRASS|root_3_6|PASS
GRASS|root_4_6|PASS
GRASS|root_5_6|PASS
GRASS|root_6_6|PASS
GRASS|root_7_6|PASS
GRASS|root_8_6|PASS
GRASS|root_9_6|PASS
GRASS|root_10_6|PASS
GRASS|root_11_6|PASS
GRASS|root_12_6|PASS
GRASS|root_13_6|PASS
GRASS|root_14_6|PASS
GRASS|root_15_6|PASS
GRASS|root_16_6|PASS
GRASS|root_17_6|PASS
GRASS|root_0_7|PASS
GRASS|root_1_7|PASS
GRASS|root_2_7|PASS
GRASS|root_3_7|PASS
GRASS|root_4_7|PASS
GRASS|root_5_7|PASS
GRASS|root_6_7|PASS
GRASS|root_7_7|PASS
GRASS|root_8_7|PASS
GRASS|root_9_7|PASS
GRASS|root_10_7|PASS
GRASS|root_11_7|PASS
GRASS|root_12_7|PASS
GRASS|root_13_7|PASS
GRASS|root_14_7|PASS
GRASS|root_15_7|PASS
GRASS|root_16_7|PASS
GRASS|root_17_7|PASS
GRASS|root_0_8|PASS
GRASS|root_1_8|PASS
GRASS|root_2_8|PASS
GRASS|root_3_8|PASS
GRASS|root_4_8|PASS
GRASS|root_5_8|PASS
GRASS|root_6_8|PASS
GRASS|root_7_8|PASS
GRASS|root_8_8|PASS
GRASS|root_9_8|PASS
GRASS|root_10_8|PASS
GRASS|root_11_8|PASS
GRASS|root_12_8|PASS
GRASS|root_13_8|PASS
GRASS|root_14_8|PASS
GRASS|root_15_8|PASS
GRASS|root_16_8|PASS
GRASS|root_17_8|PASS
GRASS|root_0_9|PASS
GRASS|root_1_9|PASS
GRASS|root_2_9|PASS
GRASS|root_3_9|PASS
GRASS|root_4_9|PASS
GRASS|root_5_9|PASS
GRASS|root_6_9|PASS
GRASS|root_7_9|PASS
GRASS|root_8_9|PASS
GRASS|root_9_9|PASS
GRASS|root_10_9|PASS
GRASS|root_11_9|PASS
GRASS|root_12_9|PASS
GRASS|root_13_9|PASS
GRASS|root_14_9|PASS
GRASS|root_15_9|PASS
GRASS|root_16_9|PASS
GRASS|root_17_9|PASS
GRASS|root_0_10|PASS
GRASS|root_1_10|PASS
GRASS|root_2_10|PASS
GRASS|root_3_10|PASS
GRASS|root_4_10|PASS
GRASS|root_5_10|PASS
GRASS|root_6_10|PASS
GRASS|root_7_10|PASS
GRASS|root_8_10|PASS
GRASS|root_9_10|PASS
GRASS|root_10_10|PASS
GRASS|root_11_10|PASS
GRASS|root_12_10|PASS
GRASS|root_13_10|PASS
GRASS|root_14_10|PASS
GRASS|root_15_10|PASS
GRASS|root_16_10|PASS
GRASS|root_17_10|PASS
GRASS|root_0_11|PASS
GRASS|root_1_11|PASS
GRASS|root_2_11|PASS
GRASS|root_3_11|PASS
GRASS|root_4_11|PASS
GRASS|root_5_11|PASS
GRASS|root_6_11|PASS
GRASS|root_7_11|PASS
GRASS|root_8_11|PASS
GRASS|root_9_11|PASS
GRASS|root_10_11|PASS
GRASS|root_11_11|PASS
GRASS|root_12_11|PASS
GRASS|root_13_11|PASS
GRASS|root_14_11|PASS
GRASS|root_15_11|PASS
GRASS|root_16_11|PASS
GRASS|root_17_11|PASS
GRASS|root_0_12|PASS
GRASS|root_1_12|PASS
GRASS|root_2_12|PASS
GRASS|root_3_12|PASS
GRASS|root_4_12|PASS
GRASS|root_5_12|PASS
GRASS|root_6_12|PASS
GRASS|root_7_12|PASS
GRASS|root_8_12|PASS
GRASS|root_9_12|PASS
GRASS|root_10_12|PASS
GRASS|root_11_12|PASS
GRASS|root_12_12|PASS
GRASS|root_13_12|PASS
GRASS|root_14_12|PASS
GRASS|root_15_12|PASS
GRASS|root_16_12|PASS
GRASS|root_17_12|PASS
GRASS|root_0_13|PASS
GRASS|root_1_13|PASS
GRASS|root_2_13|PASS
GRASS|root_3_13|PASS
GRASS|root_4_13|PASS
GRASS|root_5_13|PASS
GRASS|root_6_13|PASS
GRASS|root_7_13|PASS
GRASS|root_8_13|PASS
GRASS|root_9_13|PASS
GRASS|root_10_13|PASS
GRASS|root_11_13|PASS
GRASS|root_12_13|PASS
GRASS|root_13_13|PASS
GRASS|root_14_13|PASS
GRASS|root_15_13|PASS
GRASS|root_16_13|PASS
GRASS|root_17_13|PASS
GRASS|root_0_14|PASS
GRASS|root_1_14|PASS
GRASS|root_2_14|PASS
GRASS|root_3_14|PASS
GRASS|root_4_14|PASS
GRASS|root_5_14|PASS
GRASS|root_6_14|PASS
GRASS|root_7_14|PASS
GRASS|root_8_14|PASS
GRASS|root_9_14|PASS
GRASS|root_10_14|PASS
GRASS|root_11_14|PASS
GRASS|root_12_14|PASS
GRASS|root_13_14|PASS
GRASS|root_14_14|PASS
GRASS|root_15_14|PASS
GRASS|root_16_14|PASS
GRASS|root_17_14|PASS
GRASS|root_0_15|PASS
GRASS|root_1_15|PASS
GRASS|root_2_15|PASS
GRASS|root_3_15|PASS
GRASS|root_4_15|PASS
GRASS|root_5_15|PASS
GRASS|root_6_15|PASS
GRASS|root_7_15|PASS
GRASS|root_8_15|PASS
GRASS|root_9_15|PASS
GRASS|root_10_15|PASS
GRASS|root_11_15|PASS
GRASS|root_12_15|PASS
GRASS|root_13_15|PASS
GRASS|root_14_15|PASS
GRASS|root_15_15|PASS
GRASS|root_16_15|PASS
GRASS|root_17_15|PASS
GRASS|root_0_16|PASS
GRASS|root_1_16|PASS
GRASS|root_2_16|PASS
GRASS|root_3_16|PASS
GRASS|root_4_16|PASS
GRASS|root_5_16|PASS
GRASS|root_6_16|PASS
GRASS|root_7_16|PASS
GRASS|root_8_16|PASS
GRASS|root_9_16|PASS
GRASS|root_10_16|PASS
GRASS|root_11_16|PASS
GRASS|root_12_16|PASS
GRASS|root_13_16|PASS
GRASS|root_14_16|PASS
GRASS|root_15_16|PASS
GRASS|root_16_16|PASS
GRASS|root_17_16|PASS
GRASS|root_0_17|PASS
GRASS|root_1_17|PASS
GRASS|root_2_17|PASS
GRASS|root_3_17|PASS
GRASS|root_4_17|PASS
GRASS|root_5_17|PASS
GRASS|root_6_17|PASS
GRASS|root_7_17|PASS
GRASS|root_8_17|PASS
GRASS|root_9_17|PASS
GRASS|root_10_17|PASS
GRASS|root_11_17|PASS
GRASS|root_12_17|PASS
GRASS|root_13_17|PASS
GRASS|root_14_17|PASS
GRASS|root_15_17|PASS
GRASS|root_16_17|PASS
GRASS|root_17_17|PASS
GRASS|root_0_18|PASS
GRASS|root_1_18|PASS
GRASS|root_2_18|PASS
GRASS|root_3_18|PASS
GRASS|root_4_18|PASS
GRASS|root_5_18|PASS
GRASS|root_6_18|PASS
GRASS|root_7_18|PASS
GRASS|root_8_18|PASS
GRASS|root_9_18|PASS
GRASS|root_10_18|PASS
GRASS|root_11_18|PASS
GRASS|root_12_18|PASS
GRASS|root_13_18|PASS
GRASS|root_14_18|PASS
GRASS|root_15_18|PASS
GRASS|root_16_18|PASS
GRASS|root_17_18|PASS
GRASS|root_0_19|PASS
GRASS|root_1_19|PASS
GRASS|root_2_19|PASS
GRASS|root_3_19|PASS
GRASS|root_4_19|PASS
GRASS|root_5_19|PASS
GRASS|root_6_19|PASS
GRASS|root_7_19|PASS
GRASS|root_8_19|PASS
GRASS|root_9_19|PASS
GRASS|root_10_19|PASS
GRASS|root_11_19|PASS
GRASS|root_12_19|PASS
GRASS|root_13_19|PASS
GRASS|root_14_19|PASS
GRASS|root_15_19|PASS
GRASS|root_16_19|PASS
GRASS|root_17_19|PASS
GRASS|root_0_20|PASS
GRASS|root_1_20|PASS
GRASS|root_2_20|PASS
GRASS|root_3_20|PASS
GRASS|root_4_20|PASS
GRASS|root_5_20|PASS
GRASS|root_6_20|PASS
GRASS|root_7_20|PASS
GRASS|root_8_20|PASS
GRASS|root_9_20|PASS
GRASS|root_10_20|PASS
GRASS|root_11_20|PASS
GRASS|root_12_20|PASS
GRASS|root_13_20|PASS
GRASS|root_14_20|PASS
GRASS|root_15_20|PASS
GRASS|root_16_20|PASS
GRASS|root_17_20|PASS
GRASS|root_0_21|PASS
GRASS|root_1_21|PASS
GRASS|root_2_21|PASS
GRASS|root_3_21|PASS
GRASS|root_4_21|PASS
GRASS|root_5_21|PASS
GRASS|root_6_21|PASS
GRASS|root_7_21|PASS
GRASS|root_8_21|PASS
GRASS|root_9_21|PASS
GRASS|root_10_21|PASS
GRASS|root_11_21|PASS
GRASS|root_12_21|PASS
GRASS|root_13_21|PASS
GRASS|root_14_21|PASS
GRASS|root_15_21|PASS
GRASS|root_16_21|PASS
GRASS|root_17_21|PASS
GRASS|root_0_22|PASS
GRASS|root_1_22|PASS
GRASS|root_2_22|PASS
GRASS|root_3_22|PASS
GRASS|root_4_22|PASS
GRASS|root_5_22|PASS
GRASS|root_6_22|PASS
GRASS|root_7_22|PASS
GRASS|root_8_22|PASS
GRASS|root_9_22|PASS
GRASS|root_10_22|PASS
GRASS|root_11_22|PASS
GRASS|root_12_22|PASS
GRASS|root_13_22|PASS
GRASS|root_14_22|PASS
GRASS|root_15_22|PASS
GRASS|root_16_22|PASS
GRASS|root_17_22|PASS
GRASS|root_0_23|PASS
GRASS|root_1_23|PASS
GRASS|root_2_23|PASS
GRASS|root_3_23|PASS
GRASS|root_4_23|PASS
GRASS|root_5_23|PASS
GRASS|root_6_23|PASS
GRASS|root_7_23|PASS
GRASS|root_8_23|PASS
GRASS|root_9_23|PASS
GRASS|root_10_23|PASS
GRASS|root_11_23|PASS
GRASS|root_12_23|PASS
GRASS|root_13_23|PASS
GRASS|root_14_23|PASS
GRASS|root_15_23|PASS
GRASS|root_16_23|PASS
GRASS|root_17_23|PASS
GRASS|root_0_24|PASS
GRASS|root_1_24|PASS
GRASS|root_2_24|PASS
GRASS|root_3_24|PASS
GRASS|root_4_24|PASS
GRASS|root_5_24|PASS
GRASS|root_6_24|PASS
GRASS|root_7_24|PASS
GRASS|root_8_24|PASS
GRASS|root_9_24|PASS
GRASS|root_10_24|PASS
GRASS|root_11_24|PASS
GRASS|root_12_24|PASS
GRASS|root_13_24|PASS
GRASS|root_14_24|PASS
GRASS|root_15_24|PASS
GRASS|root_16_24|PASS
GRASS|root_17_24|PASS
GRASS|root_0_25|PASS
GRASS|root_1_25|PASS
GRASS|root_2_25|PASS
GRASS|root_3_25|PASS
GRASS|root_4_25|PASS
GRASS|root_5_25|PASS
GRASS|root_6_25|PASS
GRASS|root_7_25|PASS
GRASS|root_8_25|PASS
GRASS|root_9_25|PASS
GRASS|root_10_25|PASS
GRASS|root_11_25|PASS
GRASS|root_12_25|PASS
GRASS|root_13_25|PASS
GRASS|root_14_25|PASS
GRASS|root_15_25|PASS
GRASS|root_16_25|PASS
GRASS|root_17_25|PASS
GRASS|root_0_26|PASS
GRASS|root_1_26|PASS
GRASS|root_2_26|PASS
GRASS|root_3_26|PASS
GRASS|root_4_26|PASS
GRASS|root_5_26|PASS
GRASS|root_6_26|PASS
GRASS|root_7_26|PASS
GRASS|root_8_26|PASS
GRASS|root_9_26|PASS
GRASS|root_10_26|PASS
GRASS|root_11_26|PASS
GRASS|root_12_26|PASS
GRASS|root_13_26|PASS
GRASS|root_14_26|PASS
GRASS|root_15_26|PASS
GRASS|root_16_26|PASS
GRASS|root_17_26|PASS
GRASS|root_0_27|PASS
GRASS|root_1_27|PASS
GRASS|root_2_27|PASS
GRASS|root_3_27|PASS
GRASS|root_4_27|PASS
GRASS|root_5_27|PASS
GRASS|root_6_27|PASS
GRASS|root_7_27|PASS
GRASS|root_8_27|PASS
GRASS|root_9_27|PASS
GRASS|root_10_27|PASS
GRASS|root_11_27|PASS
GRASS|root_12_27|PASS
GRASS|root_13_27|PASS
GRASS|root_14_27|PASS
GRASS|root_15_27|PASS
GRASS|root_16_27|PASS
GRASS|root_17_27|PASS
GRASS|root_0_28|PASS
GRASS|root_1_28|PASS
GRASS|root_2_28|PASS
GRASS|root_3_28|PASS
GRASS|root_4_28|PASS
GRASS|root_5_28|PASS
GRASS|root_6_28|PASS
GRASS|root_7_28|PASS
GRASS|root_8_28|PASS
GRASS|root_9_28|PASS
GRASS|root_10_28|PASS
GRASS|root_11_28|PASS
GRASS|root_12_28|PASS
GRASS|root_13_28|PASS
GRASS|root_14_28|PASS
GRASS|root_15_28|PASS
GRASS|root_16_28|PASS
GRASS|root_17_28|PASS
GRASS|root_0_29|PASS
GRASS|root_1_29|PASS
GRASS|root_2_29|PASS
GRASS|root_3_29|PASS
GRASS|root_4_29|PASS
GRASS|root_5_29|PASS
GRASS|root_6_29|PASS
GRASS|root_7_29|PASS
GRASS|root_8_29|PASS
GRASS|root_9_29|PASS
GRASS|root_10_29|PASS
GRASS|root_11_29|PASS
GRASS|root_12_29|PASS
GRASS|root_13_29|PASS
GRASS|root_14_29|PASS
GRASS|root_15_29|PASS
GRASS|root_16_29|PASS
GRASS|root_17_29|PASS
GRASS|root_0_30|PASS
GRASS|root_1_30|PASS
GRASS|root_2_30|PASS
GRASS|root_3_30|PASS
GRASS|root_4_30|PASS
GRASS|root_5_30|PASS
GRASS|root_6_30|PASS
GRASS|root_7_30|PASS
GRASS|root_8_30|PASS
GRASS|root_9_30|PASS
GRASS|root_10_30|PASS
GRASS|root_11_30|PASS
GRASS|root_12_30|PASS
GRASS|root_13_30|PASS
GRASS|root_14_30|PASS
GRASS|root_15_30|PASS
GRASS|root_16_30|PASS
GRASS|root_17_30|PASS
GRASS|root_0_31|PASS
GRASS|root_1_31|PASS
GRASS|root_2_31|PASS
GRASS|root_3_31|PASS
GRASS|root_4_31|PASS
GRASS|root_5_31|PASS
GRASS|root_6_31|PASS
GRASS|root_7_31|PASS
GRASS|root_8_31|PASS
GRASS|root_9_31|PASS
GRASS|root_10_31|PASS
GRASS|root_11_31|PASS
GRASS|root_12_31|PASS
GRASS|root_13_31|PASS
GRASS|root_14_31|PASS
GRASS|root_15_31|PASS
GRASS|root_16_31|PASS
GRASS|root_17_31|PASS
GRASS|root_0_32|PASS
GRASS|root_1_32|PASS
GRASS|root_2_32|PASS
GRASS|root_3_32|PASS
GRASS|root_4_32|PASS
GRASS|root_5_32|PASS
GRASS|root_6_32|PASS
GRASS|root_7_32|PASS
GRASS|root_8_32|PASS
GRASS|root_9_32|PASS
GRASS|root_10_32|PASS
GRASS|root_11_32|PASS
GRASS|root_12_32|PASS
GRASS|root_13_32|PASS
GRASS|root_14_32|PASS
GRASS|root_15_32|PASS
GRASS|root_16_32|PASS
GRASS|root_17_32|PASS
GRASS|root_0_33|PASS
GRASS|root_1_33|PASS
GRASS|root_2_33|PASS
GRASS|root_3_33|PASS
GRASS|root_4_33|PASS
GRASS|root_5_33|PASS
GRASS|root_6_33|PASS
GRASS|root_7_33|PASS
GRASS|root_8_33|PASS
GRASS|root_9_33|PASS
GRASS|root_10_33|PASS
GRASS|root_11_33|PASS
GRASS|root_12_33|PASS
GRASS|root_13_33|PASS
GRASS|root_14_33|PASS
GRASS|root_15_33|PASS
GRASS|root_16_33|PASS
GRASS|root_17_33|PASS
GRASS|root_0_34|PASS
GRASS|root_1_34|PASS
GRASS|root_2_34|PASS
GRASS|root_3_34|PASS
GRASS|root_4_34|PASS
GRASS|root_5_34|PASS
GRASS|root_6_34|PASS
GRASS|root_7_34|PASS
GRASS|root_8_34|PASS
GRASS|root_9_34|PASS
GRASS|root_10_34|PASS
GRASS|root_11_34|PASS
GRASS|root_12_34|PASS
GRASS|root_13_34|PASS
GRASS|root_14_34|PASS
GRASS|root_15_34|PASS
GRASS|root_16_34|PASS
GRASS|root_17_34|PASS
GRASS|root_0_35|PASS
GRASS|root_1_35|PASS
GRASS|root_2_35|PASS
GRASS|root_3_35|PASS
GRASS|root_4_35|PASS
GRASS|root_5_35|PASS
GRASS|root_6_35|PASS
GRASS|root_7_35|PASS
GRASS|root_8_35|PASS
GRASS|root_9_35|PASS
GRASS|root_10_35|PASS
GRASS|root_11_35|PASS
GRASS|root_12_35|PASS
GRASS|root_13_35|PASS
GRASS|root_14_35|PASS
GRASS|root_15_35|PASS
GRASS|root_16_35|PASS
GRASS|root_17_35|PASS
GRASS|root_0_36|PASS
GRASS|root_1_36|PASS
GRASS|root_2_36|PASS
GRASS|root_3_36|PASS
GRASS|root_4_36|PASS
GRASS|root_5_36|PASS
GRASS|root_6_36|PASS
GRASS|root_7_36|PASS
GRASS|root_8_36|PASS
GRASS|root_9_36|PASS
GRASS|root_10_36|PASS
GRASS|root_11_36|PASS
GRASS|root_12_36|PASS
GRASS|root_13_36|PASS
GRASS|root_14_36|PASS
GRASS|root_15_36|PASS
GRASS|root_16_36|PASS
GRASS|root_17_36|PASS
GRASS|root_0_37|PASS
GRASS|root_1_37|PASS
GRASS|root_2_37|PASS
GRASS|root_3_37|PASS
GRASS|root_4_37|PASS
GRASS|root_5_37|PASS
GRASS|root_6_37|PASS
GRASS|root_7_37|PASS
GRASS|root_8_37|PASS
GRASS|root_9_37|PASS
GRASS|root_10_37|PASS
GRASS|root_11_37|PASS
GRASS|root_12_37|PASS
GRASS|root_13_37|PASS
GRASS|root_14_37|PASS
GRASS|root_15_37|PASS
GRASS|root_16_37|PASS
GRASS|root_17_37|PASS
GRASS|root_0_38|PASS
GRASS|root_1_38|PASS
GRASS|root_2_38|PASS
GRASS|root_3_38|PASS
GRASS|root_4_38|PASS
GRASS|root_5_38|PASS
GRASS|root_6_38|PASS
GRASS|root_7_38|PASS
GRASS|root_8_38|PASS
GRASS|root_9_38|PASS
GRASS|root_10_38|PASS
GRASS|root_11_38|PASS
GRASS|root_12_38|PASS
GRASS|root_13_38|PASS
GRASS|root_14_38|PASS
GRASS|root_15_38|PASS
GRASS|root_16_38|PASS
GRASS|root_17_38|PASS
GRASS|root_0_39|PASS
GRASS|root_1_39|PASS
GRASS|root_2_39|PASS
GRASS|root_3_39|PASS
GRASS|root_4_39|PASS
GRASS|root_5_39|PASS
GRASS|root_6_39|PASS
GRASS|root_7_39|PASS
GRASS|root_8_39|PASS
GRASS|root_9_39|PASS
GRASS|root_10_39|PASS
GRASS|root_11_39|PASS
GRASS|root_12_39|PASS
GRASS|root_13_39|PASS
GRASS|root_14_39|PASS
GRASS|root_15_39|PASS
GRASS|root_16_39|PASS
GRASS|root_17_39|PASS
GRASS|root_0_40|PASS
GRASS|root_1_40|PASS
GRASS|root_2_40|PASS
GRASS|root_3_40|PASS
GRASS|root_4_40|PASS
GRASS|root_5_40|PASS
GRASS|root_6_40|PASS
GRASS|root_7_40|PASS
GRASS|root_8_40|PASS
GRASS|root_9_40|PASS
GRASS|root_10_40|PASS
GRASS|root_11_40|PASS
GRASS|root_12_40|PASS
GRASS|root_13_40|PASS
GRASS|root_14_40|PASS
GRASS|root_15_40|PASS
GRASS|root_16_40|PASS
GRASS|root_17_40|PASS
GRASS|root_0_41|PASS
GRASS|root_1_41|PASS
GRASS|root_2_41|PASS
GRASS|root_3_41|PASS
GRASS|root_4_41|PASS
GRASS|root_5_41|PASS
GRASS|root_6_41|PASS
GRASS|root_7_41|PASS
GRASS|root_8_41|PASS
GRASS|root_9_41|PASS
GRASS|root_10_41|PASS
GRASS|root_11_41|PASS
GRASS|root_12_41|PASS
GRASS|root_13_41|PASS
GRASS|root_14_41|PASS
GRASS|root_15_41|PASS
GRASS|root_16_41|PASS
GRASS|root_17_41|PASS
GRASS|root_0_42|PASS
GRASS|root_1_42|PASS
GRASS|root_2_42|PASS
GRASS|root_3_42|PASS
GRASS|root_4_42|PASS
GRASS|root_5_42|PASS
GRASS|root_6_42|PASS
GRASS|root_7_42|PASS
GRASS|root_8_42|PASS
GRASS|root_9_42|PASS
GRASS|root_10_42|PASS
GRASS|root_11_42|PASS
GRASS|root_12_42|PASS
GRASS|root_13_42|PASS
GRASS|root_14_42|PASS
GRASS|root_15_42|PASS
GRASS|root_16_42|PASS
GRASS|root_17_42|PASS
GRASS|root_0_43|PASS
GRASS|root_1_43|PASS
GRASS|root_2_43|PASS
GRASS|root_3_43|PASS
GRASS|root_4_43|PASS
GRASS|root_5_43|PASS
GRASS|root_6_43|PASS
GRASS|root_7_43|PASS
GRASS|root_8_43|PASS
GRASS|root_9_43|PASS
GRASS|root_10_43|PASS
GRASS|root_11_43|PASS
GRASS|root_12_43|PASS
GRASS|root_13_43|PASS
GRASS|root_14_43|PASS
GRASS|root_15_43|PASS
GRASS|root_16_43|PASS
GRASS|root_17_43|PASS
GRASS|root_0_44|PASS
GRASS|root_1_44|PASS
GRASS|root_2_44|PASS
GRASS|root_3_44|PASS
GRASS|root_4_44|PASS
GRASS|root_5_44|PASS
GRASS|root_6_44|PASS
GRASS|root_7_44|PASS
GRASS|root_8_44|PASS
GRASS|root_9_44|PASS
GRASS|root_10_44|PASS
GRASS|root_11_44|PASS
GRASS|root_12_44|PASS
GRASS|root_13_44|PASS
GRASS|root_14_44|PASS
GRASS|root_15_44|PASS
GRASS|root_16_44|PASS
GRASS|root_17_44|PASS
GRASS|root_0_45|PASS
GRASS|root_1_45|PASS
GRASS|root_2_45|PASS
GRASS|root_3_45|PASS
GRASS|root_4_45|PASS
GRASS|root_5_45|PASS
GRASS|root_6_45|PASS
GRASS|root_7_45|PASS
GRASS|root_8_45|PASS
GRASS|root_9_45|PASS
GRASS|root_10_45|PASS
GRASS|root_11_45|PASS
GRASS|root_12_45|PASS
GRASS|root_13_45|PASS
GRASS|root_14_45|PASS
GRASS|root_15_45|PASS
GRASS|root_16_45|PASS
GRASS|root_17_45|PASS
GRASS|root_0_46|PASS
GRASS|root_1_46|PASS
GRASS|root_2_46|PASS
GRASS|root_3_46|PASS
GRASS|root_4_46|PASS
GRASS|root_5_46|PASS
GRASS|root_6_46|PASS
GRASS|root_7_46|PASS
GRASS|root_8_46|PASS
GRASS|root_9_46|PASS
GRASS|root_10_46|PASS
GRASS|root_11_46|PASS
GRASS|root_12_46|PASS
GRASS|root_13_46|PASS
GRASS|root_14_46|PASS
GRASS|root_15_46|PASS
GRASS|root_16_46|PASS
GRASS|root_17_46|PASS
GRASS|root_0_47|PASS
GRASS|root_1_47|PASS
GRASS|root_2_47|PASS
GRASS|root_3_47|PASS
GRASS|root_4_47|PASS
GRASS|root_5_47|PASS
GRASS|root_6_47|PASS
GRASS|root_7_47|PASS
GRASS|root_8_47|PASS
GRASS|root_9_47|PASS
GRASS|root_10_47|PASS
GRASS|root_11_47|PASS
GRASS|root_12_47|PASS
GRASS|root_13_47|PASS
GRASS|root_14_47|PASS
GRASS|root_15_47|PASS
GRASS|root_16_47|PASS
GRASS|root_17_47|PASS
GRASS|root_0_48|PASS
GRASS|root_1_48|PASS
GRASS|root_2_48|PASS
GRASS|root_3_48|PASS
GRASS|root_4_48|PASS
GRASS|root_5_48|PASS
GRASS|root_6_48|PASS
GRASS|root_7_48|PASS
GRASS|root_8_48|PASS
GRASS|root_9_48|PASS
GRASS|root_10_48|PASS
GRASS|root_11_48|PASS
GRASS|root_12_48|PASS
GRASS|root_13_48|PASS
GRASS|root_14_48|PASS
GRASS|root_15_48|PASS
GRASS|root_16_48|PASS
GRASS|root_17_48|PASS
GRASS|root_0_49|PASS
GRASS|root_1_49|PASS
GRASS|root_2_49|PASS
GRASS|root_3_49|PASS
GRASS|root_4_49|PASS
GRASS|root_5_49|PASS
GRASS|root_6_49|PASS
GRASS|root_7_49|PASS
GRASS|root_8_49|PASS
GRASS|root_9_49|PASS
GRASS|root_10_49|PASS
GRASS|root_11_49|PASS
GRASS|root_12_49|PASS
GRASS|root_13_49|PASS
GRASS|root_14_49|PASS
GRASS|root_15_49|PASS
GRASS|root_16_49|PASS
GRASS|root_17_49|PASS
GRASS|root_0_50|PASS
GRASS|root_1_50|PASS
GRASS|root_2_50|PASS
GRASS|root_3_50|PASS
GRASS|root_4_50|PASS
GRASS|root_5_50|PASS
GRASS|root_6_50|PASS
GRASS|root_7_50|PASS
GRASS|root_8_50|PASS
GRASS|root_9_50|PASS
GRASS|root_10_50|PASS
GRASS|root_11_50|PASS
GRASS|root_12_50|PASS
GRASS|root_13_50|PASS
GRASS|root_14_50|PASS
GRASS|root_15_50|PASS
GRASS|root_16_50|PASS
GRASS|root_17_50|PASS
GRASS|root_0_51|PASS
GRASS|root_1_51|PASS
GRASS|root_2_51|PASS
GRASS|root_3_51|PASS
GRASS|root_4_51|PASS
GRASS|root_5_51|PASS
GRASS|root_6_51|PASS
GRASS|root_7_51|PASS
GRASS|root_8_51|PASS
GRASS|root_9_51|PASS
GRASS|root_10_51|PASS
GRASS|root_11_51|PASS
GRASS|root_12_51|PASS
GRASS|root_13_51|PASS
GRASS|root_14_51|PASS
GRASS|root_15_51|PASS
GRASS|root_16_51|PASS
GRASS|root_17_51|PASS
GRASS|root_0_52|PASS
GRASS|root_1_52|PASS
GRASS|root_2_52|PASS
GRASS|root_3_52|PASS
GRASS|root_4_52|PASS
GRASS|root_5_52|PASS
GRASS|root_6_52|PASS
GRASS|root_7_52|PASS
GRASS|root_8_52|PASS
GRASS|root_9_52|PASS
GRASS|root_10_52|PASS
GRASS|root_11_52|PASS
GRASS|root_12_52|PASS
GRASS|root_13_52|PASS
GRASS|root_14_52|PASS
GRASS|root_15_52|PASS
GRASS|root_16_52|PASS
GRASS|root_17_52|PASS
GRASS|root_0_53|PASS
GRASS|root_1_53|PASS
GRASS|root_2_53|PASS
GRASS|root_3_53|PASS
GRASS|root_4_53|PASS
GRASS|root_5_53|PASS
GRASS|root_6_53|PASS
GRASS|root_7_53|PASS
GRASS|root_8_53|PASS
GRASS|root_9_53|PASS
GRASS|root_10_53|PASS
GRASS|root_11_53|PASS
GRASS|root_12_53|PASS
GRASS|root_13_53|PASS
GRASS|root_14_53|PASS
GRASS|root_15_53|PASS
GRASS|root_16_53|PASS
GRASS|root_17_53|PASS
GRASS|root_0_54|PASS
GRASS|root_1_54|PASS
GRASS|root_2_54|PASS
GRASS|root_3_54|PASS
GRASS|root_4_54|PASS
GRASS|root_5_54|PASS
GRASS|root_6_54|PASS
GRASS|root_7_54|PASS
GRASS|root_8_54|PASS
GRASS|root_9_54|PASS
GRASS|root_10_54|PASS
GRASS|root_11_54|PASS
GRASS|root_12_54|PASS
GRASS|root_13_54|PASS
GRASS|root_14_54|PASS
GRASS|root_15_54|PASS
GRASS|root_16_54|PASS
GRASS|root_17_54|PASS
GRASS|root_0_55|PASS
GRASS|root_1_55|PASS
GRASS|root_2_55|PASS
GRASS|root_3_55|PASS
GRASS|root_4_55|PASS
GRASS|root_5_55|PASS
GRASS|root_6_55|PASS
GRASS|root_7_55|PASS
GRASS|root_8_55|PASS
GRASS|root_9_55|PASS
GRASS|root_10_55|PASS
GRASS|root_11_55|PASS
GRASS|root_12_55|PASS
GRASS|root_13_55|PASS
GRASS|root_14_55|PASS
GRASS|root_15_55|PASS
GRASS|root_16_55|PASS
GRASS|root_17_55|PASS
GRASS|root_0_56|PASS
GRASS|root_1_56|PASS
GRASS|root_2_56|PASS
GRASS|root_3_56|PASS
GRASS|root_4_56|PASS
GRASS|root_5_56|PASS
GRASS|root_6_56|PASS
GRASS|root_7_56|PASS
GRASS|root_8_56|PASS
GRASS|root_9_56|PASS
GRASS|root_10_56|PASS
GRASS|root_11_56|PASS
GRASS|root_12_56|PASS
GRASS|root_13_56|PASS
GRASS|root_14_56|PASS
GRASS|root_15_56|PASS
GRASS|root_16_56|PASS
GRASS|root_17_56|PASS
GRASS|root_0_57|PASS
GRASS|root_1_57|PASS
GRASS|root_2_57|PASS
GRASS|root_3_57|PASS
GRASS|root_4_57|PASS
GRASS|root_5_57|PASS
GRASS|root_6_57|PASS
GRASS|root_7_57|PASS
GRASS|root_8_57|PASS
GRASS|root_9_57|PASS
GRASS|root_10_57|PASS
GRASS|root_11_57|PASS
GRASS|root_12_57|PASS
GRASS|root_13_57|PASS
GRASS|root_14_57|PASS
GRASS|root_15_57|PASS
GRASS|root_16_57|PASS
GRASS|root_17_57|PASS
GRASS|root_0_58|PASS
GRASS|root_1_58|PASS
GRASS|root_2_58|PASS
GRASS|root_3_58|PASS
GRASS|root_4_58|PASS
GRASS|root_5_58|PASS
GRASS|root_6_58|PASS
GRASS|root_7_58|PASS
GRASS|root_8_58|PASS
GRASS|root_9_58|PASS
GRASS|root_10_58|PASS
GRASS|root_11_58|PASS
GRASS|root_12_58|PASS
GRASS|root_13_58|PASS
GRASS|root_14_58|PASS
GRASS|root_15_58|PASS
GRASS|root_16_58|PASS
GRASS|root_17_58|PASS
GRASS|root_0_59|PASS
GRASS|root_1_59|PASS
GRASS|root_2_59|PASS
GRASS|root_3_59|PASS
GRASS|root_4_59|PASS
GRASS|root_5_59|PASS
GRASS|root_6_59|PASS
GRASS|root_7_59|PASS
GRASS|root_8_59|PASS
GRASS|root_9_59|PASS
GRASS|root_10_59|PASS
GRASS|root_11_59|PASS
GRASS|root_12_59|PASS
GRASS|root_13_59|PASS
GRASS|root_14_59|PASS
GRASS|root_15_59|PASS
GRASS|root_16_59|PASS
GRASS|root_17_59|PASS
GRASS|all_four_0|PASS
GRASS|all_four_1|PASS
GRASS|all_four_2|PASS
GRASS|all_four_3|PASS
GRASS|all_four_4|PASS
GRASS|all_four_5|PASS
GRASS|all_four_6|PASS
GRASS|all_four_7|PASS
GRASS|all_four_8|PASS
GRASS|all_four_9|PASS
GRASS|all_four_10|PASS
GRASS|all_four_11|PASS
GRASS|all_four_12|PASS
GRASS|all_four_13|PASS
GRASS|all_four_14|PASS
GRASS|all_four_15|PASS
GRASS|all_four_16|PASS
GRASS|all_four_17|PASS
GRASS|pause_freezes|PASS
GRASS|static_lagoon_environment_motion_enabled|PASS
GRASS|static_lagoon_plants_motion_enabled|PASS
GRASS|rebuild_without_duplicates|PASS
GRASS|rollback_removes_all|PASS
