Godot Engine v4.7.2.stable.official.ed1daf0bf - https://godotengine.org
Vulkan 1.4.325 - Forward Mobile - Using Device #0: NVIDIA - NVIDIA GeForce RTX 3060 Ti

LIVINGCARD|canvas_living_card_contract|OK|cards=5 bad=
LIVINGCARD|quiet_loop_budget_per_screen|OK|p1=0,p2=1,p3=2
LIVINGCARD|real_rear_base_foreground_parallax|OK|deltas=(368.64, 0.0, -122.88)
LIVINGCARD|living_stage_page_1|OK
LIVINGCARD|living_stage_page_2|OK
LIVINGCARD|living_stage_page_3|OK
LIVINGCARD|idle_event_is_bounded_canvas_state|OK
LIVINGCARD|input_clears_idle_event_without_rebuild|OK
LIVINGCARD|speedy_transparent_coverage|OK|1024:1.5%/0;3072:1.5%/0;5120:5.7%/0
LIVINGCARD|canvas_node_inventory|OK|{"ambient":6,"backdrops":12,"contacts":5,"spatial":0,"sprites":114}
LIVINGCARD|capture_has_no_start_menu_canvas_screen_1_day|OK
LIVINGCARD|capture_has_live_stage_canvas_screen_1_day|OK
LIVINGCARD|capture_canvas_screen_1_day|OK
LIVINGCARD|whole_scene_runtime_cards_present|OK
LIVINGCARD|cloud_imported_grid_WholeScene_arrival_high_left|OK
LIVINGCARD|cloud_imported_grid_WholeScene_arrival_high_right|OK
LIVINGCARD|cloud_imported_grid_WholeScene_arrival_small_center|OK
LIVINGCARD|cloud_imported_grid_WholeScene_arrival_small_right|OK
LIVINGCARD|cloud_imported_grid_WholeScene_arrival_mid_right|OK
LIVINGCARD|cloud_imported_grid_WholeScene_meadow_high_left|OK
LIVINGCARD|cloud_imported_grid_WholeScene_meadow_high_right|OK
LIVINGCARD|cloud_imported_grid_WholeScene_meadow_small_left|OK
LIVINGCARD|cloud_imported_grid_WholeScene_meadow_mid_right|OK
LIVINGCARD|cloud_imported_grid_WholeScene_meadow_small_center|OK
LIVINGCARD|cloud_imported_grid_WholeScene_meadow_small_far|OK
LIVINGCARD|cloud_imported_grid_WholeScene_castle_high|OK
LIVINGCARD|twelve_imported_shaped_clouds|OK
LIVINGCARD|whole_scene_berry_palette_SkyLagoonHuckleberry_0|OK
LIVINGCARD|whole_scene_berry_palette_SkyLagoonHuckleberry_1|OK
LIVINGCARD|whole_scene_leaf_palette_SkyLagoonBellflower_0|OK
LIVINGCARD|whole_scene_leaf_palette_SkyLagoonBellflower_1|OK
LIVINGCARD|capture_has_no_start_menu_canvas_screen_2_day|OK
LIVINGCARD|capture_has_live_stage_canvas_screen_2_day|OK
LIVINGCARD|capture_canvas_screen_2_day|OK
LIVINGCARD|capture_has_no_start_menu_canvas_screen_3_day|OK
LIVINGCARD|capture_has_live_stage_canvas_screen_3_day|OK
LIVINGCARD|capture_canvas_screen_3_day|OK
LIVINGCARD|conifer_uses_six_fixed_base_cels|OK
LIVINGCARD|conifer_all_six_frames_and_fixed_base|OK
LIVINGCARD|ambient_pause_freezes|OK
LIVINGCARD|ambient_static_freezes_and_tree_rests|OK
LIVINGCARD|two_painted_water_clips|OK
LIVINGCARD|capture_water_shimmer_0|OK
LIVINGCARD|capture_water_shimmer_1|OK
LIVINGCARD|capture_water_shimmer_2|OK
LIVINGCARD|water_visible_pool_accepts_tap|OK
LIVINGCARD|capture_water_ripple_day|OK
LIVINGCARD|water_path_rejects|OK
LIVINGCARD|bridge_near_rail_in_front_of_actor|OK
LIVINGCARD|bridge_patch_loaded|OK
LIVINGCARD|bridge_contact_requires_route_crossing|OK
LIVINGCARD|bridge_contact_samples_motion_cel|OK
LIVINGCARD|capture_bridge_contact_day|OK
LIVINGCARD|fragment_runtime_rest_WholeScene_castle_left_verge|OK
LIVINGCARD|fragment_runtime_rest_WholeScene_castle_right_verge|OK
LIVINGCARD|two_fragment_owners|OK
LIVINGCARD|canvas_screen_3_day_rest|OK
LIVINGCARD|canvas_screen_3_day_historical_fragment_pose1|OK
LIVINGCARD|fragment_restored_WholeScene_castle_left_verge|OK
LIVINGCARD|fragment_restored_WholeScene_castle_right_verge|OK
LIVINGCARD|canvas_screen_3_day_restored1|OK
LIVINGCARD|canvas_screen_3_day_historical_fragment_pose2|OK
LIVINGCARD|fragment_restored_WholeScene_castle_left_verge|OK
LIVINGCARD|fragment_restored_WholeScene_castle_right_verge|OK
LIVINGCARD|canvas_screen_3_day_restored2|OK
LIVINGCARD|canvas_screen_3_day_historical_fragment_pose3|OK
LIVINGCARD|fragment_restored_WholeScene_castle_left_verge|OK
LIVINGCARD|fragment_restored_WholeScene_castle_right_verge|OK
LIVINGCARD|canvas_screen_3_day_restored3|OK
LIVINGCARD|lifecycle_teardown_is_synchronous|OK
LIVINGCARD|cold_build_determinism|OK
LIVINGCARD|night_canvas_congruence|OK
LIVINGCARD|capture_has_no_start_menu_canvas_screen_3_night|OK
LIVINGCARD|capture_has_live_stage_canvas_screen_3_night|OK
LIVINGCARD|capture_canvas_screen_3_night|OK
LIVINGCARD|night_prop_grade_SkyLagoonCastleFourTower|OK
LIVINGCARD|night_prop_grade_SkyLagoonSlide|OK
LIVINGCARD|night_prop_grade_SkyLagoonPromenadeSwingFrame|OK
LIVINGCARD|night_prop_grade_SkyLagoonSeesaw|OK
LIVINGCARD|night_bridge_has_one_tint_per_surface|OK
LIVINGCARD|fragment_runtime_rest_WholeScene_castle_left_verge|OK
LIVINGCARD|fragment_runtime_rest_WholeScene_castle_right_verge|OK
LIVINGCARD|two_fragment_owners|OK
LIVINGCARD|canvas_screen_3_night_rest|OK
LIVINGCARD|canvas_screen_3_night_historical_fragment_pose1|OK
LIVINGCARD|fragment_restored_WholeScene_castle_left_verge|OK
LIVINGCARD|fragment_restored_WholeScene_castle_right_verge|OK
LIVINGCARD|canvas_screen_3_night_restored1|OK
LIVINGCARD|canvas_screen_3_night_historical_fragment_pose2|OK
LIVINGCARD|fragment_restored_WholeScene_castle_left_verge|OK
LIVINGCARD|fragment_restored_WholeScene_castle_right_verge|OK
LIVINGCARD|canvas_screen_3_night_restored2|OK
LIVINGCARD|canvas_screen_3_night_historical_fragment_pose3|OK
LIVINGCARD|fragment_restored_WholeScene_castle_left_verge|OK
LIVINGCARD|fragment_restored_WholeScene_castle_right_verge|OK
LIVINGCARD|canvas_screen_3_night_restored3|OK
LIVINGCARD|ALL|OK
