Godot Engine v4.7.2.stable.official.ed1daf0bf - https://godotengine.org

WHOLESCENE|opt_in_only|PASS
WHOLESCENE|complete_build|PASS
WHOLESCENE|rosette_six_cels_foreground|PASS
WHOLESCENE|meadow_eight_cels_one_boundary_card|PASS
WHOLESCENE|arrival_tuft_four_complete_cels|PASS
WHOLESCENE|twelve_clouds_shape_cycle_independent_of_48s_drift|PASS
WHOLESCENE|complete_owner_remains_animated_arrival_whole_tree|PASS
WHOLESCENE|complete_owner_remains_animated_arrival_lawn|PASS
WHOLESCENE|complete_owner_remains_animated_arrival_front_edge|PASS
WHOLESCENE|complete_owner_remains_animated_meadow_upper_left|PASS
WHOLESCENE|complete_owner_remains_animated_meadow_upper_right|PASS
WHOLESCENE|complete_owner_remains_animated_meadow_lower_lawn|PASS
WHOLESCENE|legacy_fragments_rest_only_castle_left_verge|PASS
WHOLESCENE|legacy_fragments_rest_only_castle_right_verge|PASS
WHOLESCENE|complete_owner_remains_animated_arrival_bank_left|PASS
WHOLESCENE|complete_owner_remains_animated_arrival_bank_right|PASS
WHOLESCENE|complete_owner_remains_animated_meadow_hedge_left|PASS
WHOLESCENE|complete_owner_remains_animated_meadow_hedge_right|PASS
WHOLESCENE|complete_owner_remains_animated_castle_approach_bank|PASS
WHOLESCENE|complete_owner_remains_animated_castle_far_bank|PASS
WHOLESCENE|complete_owner_remains_animated_arrival_high_left|PASS
WHOLESCENE|complete_owner_remains_animated_arrival_high_right|PASS
WHOLESCENE|complete_owner_remains_animated_arrival_small_center|PASS
WHOLESCENE|complete_owner_remains_animated_arrival_small_right|PASS
WHOLESCENE|complete_owner_remains_animated_arrival_mid_right|PASS
WHOLESCENE|complete_owner_remains_animated_meadow_high_left|PASS
WHOLESCENE|complete_owner_remains_animated_meadow_high_right|PASS
WHOLESCENE|complete_owner_remains_animated_meadow_small_left|PASS
WHOLESCENE|complete_owner_remains_animated_meadow_mid_right|PASS
WHOLESCENE|complete_owner_remains_animated_meadow_small_center|PASS
WHOLESCENE|complete_owner_remains_animated_meadow_small_far|PASS
WHOLESCENE|complete_owner_remains_animated_castle_high|PASS
WHOLESCENE|complete_owner_remains_animated_castle_foreground_rosette|PASS
WHOLESCENE|complete_owner_remains_animated_meadow_boundary_berry_fan|PASS
WHOLESCENE|2400_ticks_enabled_frames_and_static_fragment_rests|PASS
WHOLESCENE|pause_freezes_clock|PASS
WHOLESCENE|tuft_plant_toggle_rest|PASS
WHOLESCENE|rosette_plant_toggle_rest|PASS
WHOLESCENE|meadow_plant_toggle_rest|PASS
WHOLESCENE|static_returns_all_cards_to_rest|PASS
WHOLESCENE|rollback_restores_original_texture_objects|PASS
WHOLESCENE|thirteen_fault_cases_including_bad_motion_flags_no_partial_scene_mutation|PASS
WHOLESCENE|40_rebuilds_no_orphan_cards_or_save_mutation|PASS
WHOLESCENE|surviving_cloud_and_grass_update_after_sibling_free|PASS
WHOLESCENE|freed_parent_teardown|PASS
