Godot Engine v4.7.2.stable.official.ed1daf0bf - https://godotengine.org

CHAPTER2_FARMER_RESUME|real Farmer scene builds five independent pickup buttons: OK
CHAPTER2_FARMER_RESUME|Farmer buttons use the approved single-berry resource: OK
CHAPTER2_FARMER_RESUME|resume 1/5 derives scene progress from saved mask: OK
CHAPTER2_FARMER_RESUME|resume 1/5 leaves only the next pickup enabled: OK
CHAPTER2_FARMER_RESUME|resume 1/5 reaches exactly five through remaining real button presses: OK
CHAPTER2_FARMER_RESUME|resume 1/5 ignores duplicate press without double credit: OK
CHAPTER2_FARMER_RESUME|resume 2/5 derives scene progress from saved mask: OK
CHAPTER2_FARMER_RESUME|resume 2/5 leaves only the next pickup enabled: OK
CHAPTER2_FARMER_RESUME|resume 2/5 reaches exactly five through remaining real button presses: OK
CHAPTER2_FARMER_RESUME|resume 2/5 ignores duplicate press without double credit: OK
CHAPTER2_FARMER_RESUME|resume 3/5 derives scene progress from saved mask: OK
CHAPTER2_FARMER_RESUME|resume 3/5 leaves only the next pickup enabled: OK
CHAPTER2_FARMER_RESUME|resume 3/5 reaches exactly five through remaining real button presses: OK
CHAPTER2_FARMER_RESUME|resume 3/5 ignores duplicate press without double credit: OK
CHAPTER2_FARMER_RESUME|resume 4/5 derives scene progress from saved mask: OK
CHAPTER2_FARMER_RESUME|resume 4/5 leaves only the next pickup enabled: OK
CHAPTER2_FARMER_RESUME|resume 4/5 reaches exactly five through remaining real button presses: OK
CHAPTER2_FARMER_RESUME|resume 4/5 ignores duplicate press without double credit: OK
CHAPTER2_FARMER_RESUME|chef owns a valid production-shaped phase callback: OK
CHAPTER2_FARMER_RESUME|chef persists its final cake mask before closing: OK
CHAPTER2_FARMER_RESUME|chef refreshes the committed cake picture before closing: OK
CHAPTER2_FARMER_RESUME|chef starts a plot-owned result hold before closing: OK
CHAPTER2_FARMER_RESUME|chef keeps the completed cake visible during the result hold: OK
CHAPTER2_FARMER_RESUME|chef closes only after the committed cake has held on screen: OK
CHAPTER2_FARMER_RESUME|candymaker owns a valid production-shaped phase callback: OK
CHAPTER2_FARMER_RESUME|Candy Maker binds the approved single-strawberry art: OK
CHAPTER2_FARMER_RESUME|Candy Maker renders four distinct input-causal berry actions: OK
CHAPTER2_FARMER_RESUME|candymaker persists its final cake mask before closing: OK
CHAPTER2_FARMER_RESUME|candymaker refreshes the committed cake picture before closing: OK
CHAPTER2_FARMER_RESUME|candymaker starts a plot-owned result hold before closing: OK
CHAPTER2_FARMER_RESUME|candymaker keeps the completed cake visible during the result hold: OK
CHAPTER2_FARMER_RESUME|candymaker closes only after the committed cake has held on screen: OK
CHAPTER2_FARMER_RESUME|Main Hall summary suppresses legacy corn, bag, crown and clue cards: OK
CHAPTER2_FARMER_RESUME|Main Hall keeps one persistent cake authority and five berry tokens: OK
CHAPTER2_FARMER_RESUME|RESULT: PASS failures=0
