WARNING: Opera phase has no authored room object: farmer/GATHER STRAWBERRIES
   at: push_warning (core/variant/variant_utility.cpp:1033)
   GDScript backtrace (most recent call first):
       [0] _assign_stations (res://scripts/opera_career_world_2d.gd:1914)
       [1] _build_world (res://scripts/opera_career_world_2d.gd:1193)
       [2] setup (res://scripts/opera_career_world_2d.gd:771)
       [3] _init (res://scripts/probe_chapter2_farmer_resume.gd:43)
WARNING: Opera phase has no authored room object: farmer/FILL BASKET
   at: push_warning (core/variant/variant_utility.cpp:1033)
   GDScript backtrace (most recent call first):
       [0] _assign_stations (res://scripts/opera_career_world_2d.gd:1914)
       [1] _build_world (res://scripts/opera_career_world_2d.gd:1193)
       [2] setup (res://scripts/opera_career_world_2d.gd:771)
       [3] _init (res://scripts/probe_chapter2_farmer_resume.gd:43)
WARNING: Opera phase has no authored room object: farmer/DELIVER TO KITCHEN
   at: push_warning (core/variant/variant_utility.cpp:1033)
   GDScript backtrace (most recent call first):
       [0] _assign_stations (res://scripts/opera_career_world_2d.gd:1914)
       [1] _build_world (res://scripts/opera_career_world_2d.gd:1193)
       [2] setup (res://scripts/opera_career_world_2d.gd:771)
       [3] _init (res://scripts/probe_chapter2_farmer_resume.gd:43)
WARNING: Opera phase has no authored room object: chef/STACK
   at: push_warning (core/variant/variant_utility.cpp:1033)
   GDScript backtrace (most recent call first):
       [0] _assign_stations (res://scripts/opera_career_world_2d.gd:1914)
       [1] _build_world (res://scripts/opera_career_world_2d.gd:1193)
       [2] setup (res://scripts/opera_career_world_2d.gd:771)
       [3] _run_final_cake_hold_case (res://scripts/probe_chapter2_farmer_resume.gd:147)
       [4] _init (res://scripts/probe_chapter2_farmer_resume.gd:65)
