...
----------------------------------------------------------------------
Ran 3 tests in 0.066s

OK
........s...............................
----------------------------------------------------------------------
Ran 40 tests in 33.383s

OK (skipped=1)
...
----------------------------------------------------------------------
Ran 3 tests in 0.156s

OK
...........................................................................
----------------------------------------------------------------------
Ran 75 tests in 304.453s

OK
.....
----------------------------------------------------------------------
Ran 5 tests in 0.115s

OK
.........................................
----------------------------------------------------------------------
Ran 41 tests in 0.463s

OK
...........
----------------------------------------------------------------------
Ran 11 tests in 11.239s

OK
........
----------------------------------------------------------------------
Ran 8 tests in 2.122s

OK
.........................
----------------------------------------------------------------------
Ran 25 tests in 0.649s

OK
...............................................................................................
----------------------------------------------------------------------
Ran 95 tests in 448.889s

OK
..
----------------------------------------------------------------------
Ran 2 tests in 0.005s

OK
................................................................
----------------------------------------------------------------------
Ran 64 tests in 7.764s

OK
